Archive member included because of file (symbol)

/usr/local/lpcxpresso_7.8.0_426/lpcxpresso/tools/bin/../lib/gcc/arm-none-eabi/4.9.3/../../../../arm-none-eabi/lib/libcr_c.a(memcpy.o)
                              ./src/Anybus.o (memcpy)
/usr/local/lpcxpresso_7.8.0_426/lpcxpresso/tools/bin/../lib/gcc/arm-none-eabi/4.9.3/../../../../arm-none-eabi/lib/libcr_c.a(memset.o)
                              ./src/Anybus.o (memset)
/usr/local/lpcxpresso_7.8.0_426/lpcxpresso/tools/bin/../lib/gcc/arm-none-eabi/4.9.3/../../../../arm-none-eabi/lib/libcr_c.a(alloc.o)
                              ./src/az4186_files.o (malloc)
/usr/local/lpcxpresso_7.8.0_426/lpcxpresso/tools/bin/../lib/gcc/arm-none-eabi/4.9.3/../../../../arm-none-eabi/lib/libcr_c.a(ctype.o)
                              ./src/az4186_eeprom_24c04.o (toupper)
/usr/local/lpcxpresso_7.8.0_426/lpcxpresso/tools/bin/../lib/gcc/arm-none-eabi/4.9.3/../../../../arm-none-eabi/lib/libcr_c.a(fabs.o)
                              ./src/popup.o (fabs)
/usr/local/lpcxpresso_7.8.0_426/lpcxpresso/tools/bin/../lib/gcc/arm-none-eabi/4.9.3/../../../../arm-none-eabi/lib/libcr_c.a(fpprintf.o)
                              ./src/Anybus.o (sprintf)
/usr/local/lpcxpresso_7.8.0_426/lpcxpresso/tools/bin/../lib/gcc/arm-none-eabi/4.9.3/../../../../arm-none-eabi/lib/libcr_c.a(memcmp.o)
                              ./src/az4186_program_codes.o (memcmp)
/usr/local/lpcxpresso_7.8.0_426/lpcxpresso/tools/bin/../lib/gcc/arm-none-eabi/4.9.3/../../../../arm-none-eabi/lib/libcr_c.a(printf.o)
                              /usr/local/lpcxpresso_7.8.0_426/lpcxpresso/tools/bin/../lib/gcc/arm-none-eabi/4.9.3/../../../../arm-none-eabi/lib/libcr_c.a(fpprintf.o) (__vfprintf)
/usr/local/lpcxpresso_7.8.0_426/lpcxpresso/tools/bin/../lib/gcc/arm-none-eabi/4.9.3/../../../../arm-none-eabi/lib/libcr_c.a(scanf.o)
                              ./src/params.o (sscanf)
/usr/local/lpcxpresso_7.8.0_426/lpcxpresso/tools/bin/../lib/gcc/arm-none-eabi/4.9.3/../../../../arm-none-eabi/lib/libcr_c.a(stdio.o)
                              /usr/local/lpcxpresso_7.8.0_426/lpcxpresso/tools/bin/../lib/gcc/arm-none-eabi/4.9.3/../../../../arm-none-eabi/lib/libcr_c.a(fpprintf.o) (__Ciob)
/usr/local/lpcxpresso_7.8.0_426/lpcxpresso/tools/bin/../lib/gcc/arm-none-eabi/4.9.3/../../../../arm-none-eabi/lib/libcr_c.a(stdlib.o)
                              ./src/az4186_emc.o (rand)
/usr/local/lpcxpresso_7.8.0_426/lpcxpresso/tools/bin/../lib/gcc/arm-none-eabi/4.9.3/../../../../arm-none-eabi/lib/libcr_c.a(strcat.o)
                              ./src/Anybus.o (strcat)
/usr/local/lpcxpresso_7.8.0_426/lpcxpresso/tools/bin/../lib/gcc/arm-none-eabi/4.9.3/../../../../arm-none-eabi/lib/libcr_c.a(strchr.o)
                              ./src/Anybus.o (strchr)
/usr/local/lpcxpresso_7.8.0_426/lpcxpresso/tools/bin/../lib/gcc/arm-none-eabi/4.9.3/../../../../arm-none-eabi/lib/libcr_c.a(strcmp.o)
                              ./src/az4186_eeprom_24c04.o (strcmp)
/usr/local/lpcxpresso_7.8.0_426/lpcxpresso/tools/bin/../lib/gcc/arm-none-eabi/4.9.3/../../../../arm-none-eabi/lib/libcr_c.a(strcpy.o)
                              ./src/Anybus.o (strcpy)
/usr/local/lpcxpresso_7.8.0_426/lpcxpresso/tools/bin/../lib/gcc/arm-none-eabi/4.9.3/../../../../arm-none-eabi/lib/libcr_c.a(strlen.o)
                              ./src/Anybus.o (strlen)
/usr/local/lpcxpresso_7.8.0_426/lpcxpresso/tools/bin/../lib/gcc/arm-none-eabi/4.9.3/../../../../arm-none-eabi/lib/libcr_c.a(strncat.o)
                              ./src/Anybus.o (strncat)
/usr/local/lpcxpresso_7.8.0_426/lpcxpresso/tools/bin/../lib/gcc/arm-none-eabi/4.9.3/../../../../arm-none-eabi/lib/libcr_c.a(strncmp.o)
                              ./src/Anybus.o (strncmp)
/usr/local/lpcxpresso_7.8.0_426/lpcxpresso/tools/bin/../lib/gcc/arm-none-eabi/4.9.3/../../../../arm-none-eabi/lib/libcr_c.a(strncpy.o)
                              ./src/Anybus.o (strncpy)
/usr/local/lpcxpresso_7.8.0_426/lpcxpresso/tools/bin/../lib/gcc/arm-none-eabi/4.9.3/../../../../arm-none-eabi/lib/libcr_c.a(strstr.o)
                              ./src/Anybus.o (strstr)
/usr/local/lpcxpresso_7.8.0_426/lpcxpresso/tools/bin/../lib/gcc/arm-none-eabi/4.9.3/../../../../arm-none-eabi/lib/libcr_c.a(ungetc.o)
                              /usr/local/lpcxpresso_7.8.0_426/lpcxpresso/tools/bin/../lib/gcc/arm-none-eabi/4.9.3/../../../../arm-none-eabi/lib/libcr_c.a(scanf.o) (ungetc)
/usr/local/lpcxpresso_7.8.0_426/lpcxpresso/tools/bin/../lib/gcc/arm-none-eabi/4.9.3/../../../../arm-none-eabi/lib/libcr_c.a(__fillbuf.o)
                              /usr/local/lpcxpresso_7.8.0_426/lpcxpresso/tools/bin/../lib/gcc/arm-none-eabi/4.9.3/../../../../arm-none-eabi/lib/libcr_c.a(scanf.o) (__filbuf)
/usr/local/lpcxpresso_7.8.0_426/lpcxpresso/tools/bin/../lib/gcc/arm-none-eabi/4.9.3/../../../../arm-none-eabi/lib/libcr_c.a(__init_alloc.o)
[...]
Memory Configuration

Name             Origin             Length             Attributes
MFlash512        0x00000000         0x0007e000         xr
Ram64            0x40000000         0x00010000         xrw
RAM_ETH_16       0x7fe00000         0x00004000         xrw
RAM_USB_16       0x7fd00000         0x00004000         xrw
RAM_RTC_2        0xe0084000         0x00000800         xrw
AZ4186_NVRAM     0x81000000         0x00008000         rw
*default*        0x00000000         0xffffffff

Linker script and memory map

LOAD ./src/Anybus.o
LOAD ./src/I2C_Master.o
LOAD ./src/az4186_can.o
LOAD ./src/az4186_dac.o
LOAD ./src/az4186_eeprom_24c04.o
LOAD ./src/az4186_emc.o
LOAD ./src/az4186_files.o
LOAD ./src/az4186_initHw.o
LOAD ./src/az4186_program_codes.o
LOAD ./src/az4186_temperature_compensation.o
LOAD ./src/az4186_window_temperature_compensation.o
LOAD ./src/codelist.o
LOAD ./src/crp.o
LOAD ./src/diskio.o
LOAD ./src/dma.o
LOAD ./src/fat_time.o
LOAD ./src/file_list.o
LOAD ./src/gui.o
LOAD ./src/i2c.o
LOAD ./src/inverse_v1.o
LOAD ./src/lcd.o
LOAD ./src/main.o
LOAD ./src/mci.o
LOAD ./src/params.o
LOAD ./src/popup.o
LOAD ./src/rtcDS3231_newer.o
LOAD ./src/spi.o
LOAD ./src/spidbg.o
LOAD ./src/spiglb.o
LOAD ./src/spimis.o
LOAD ./src/spiutils.o
LOAD ./src/spiwin2.o
LOAD ./src/target.o
LOAD ./src/vdip.o
LOAD ./src/xxtea.o
LOAD ./ff9/src/option/ccsbcs.o
LOAD ./ff9/src/option/syscall.o
LOAD ./ff9/src/ff.o
LOAD ./CANopen_stack/LPC2388/CO_driver.o
LOAD ./CANopen_stack/LPC2388/co_od.o
LOAD ./CANopen_stack/CANopen.o
LOAD ./CANopen_stack/CO_Emergency.o
LOAD ./CANopen_stack/CO_HBconsumer.o
LOAD ./CANopen_stack/CO_NMT_Heartbeat.o
LOAD ./CANopen_stack/CO_PDO.o
LOAD ./CANopen_stack/CO_SDO.o
LOAD ./CANopen_stack/CO_SDOmaster.o
LOAD ./CANopen_stack/CO_SYNC.o
START GROUP
LOAD /usr/local/lpcxpresso_7.8.0_426/lpcxpresso/tools/bin/../lib/gcc/arm-none-eabi/4.9.3/../../../../arm-none-eabi/lib/libcr_semihost.a
LOAD /usr/local/lpcxpresso_7.8.0_426/lpcxpresso/tools/bin/../lib/gcc/arm-none-eabi/4.9.3/../../../../arm-none-eabi/lib/libcr_c.a
LOAD /usr/local/lpcxpresso_7.8.0_426/lpcxpresso/tools/bin/../lib/gcc/arm-none-eabi/4.9.3/libcr_eabihelpers.a
END GROUP
                0x0007e000                __top_MFlash512 = 0x7e000
                0x40010000                __top_Ram64 = 0x40010000
                0x7fe04000                __top_RAM_ETH_16 = 0x7fe04000
                0x7fd04000                __top_RAM_USB_16 = 0x7fd04000
                0xe0084800                __top_RAM_RTC_2 = 0xe0084800
                0x00000c00                _Minimum_Stack_Size = 0xc00
                0x00002000                _Minimum_Heap_Size = 0x2000
                0x00000000                PROVIDE (_start, 0x0)

user_fw_version
                0x00008000       0x29
 user_fw_version
                0x00008000       0x29 ./src/main.o
                0x00008000                ucFirmwareVersion

MAIN_ENTRY_POINT
                0x00008100       0x60
 *(.MAIN_ENTRY_POINT)
 *(.text.main)
 MAIN_ENTRY_POINT
                0x00008100       0x60 ./src/main.o
                0x00008100                main

.text           0x00008160    0x48d6c
 *(.text*)
 .text          0x00008160        0x0 ./src/Anybus.o
 .text.ucInitDataProducer_productList
                0x00008160       0x24 ./src/Anybus.o
                0x00008160                ucInitDataProducer_productList
 .text.vUpdateAnybusLogString
                0x00008184      0x124 ./src/Anybus.o
 .text.ucDataProducer_productList
                0x000082a8      0x274 ./src/Anybus.o
                0x000082a8                ucDataProducer_productList
 .text.ucInitDataConsumer_productList
                0x0000851c       0x40 ./src/Anybus.o
                0x0000851c                ucInitDataConsumer_productList
 .text.us_swap_bytes
                0x0000855c       0x14 ./src/Anybus.o
                0x0000855c                us_swap_bytes
 .text.vUartAnybus_Init
                0x00008570       0x20 ./src/Anybus.o
                0x00008570                vUartAnybus_Init
 .text.uiUartAnybus_getRxByte
                0x00008590       0x3c ./src/Anybus.o
                0x00008590                uiUartAnybus_getRxByte
 .text.ucUartAnybus_PostTxCommand
                0x000085cc       0x28 ./src/Anybus.o
                0x000085cc                ucUartAnybus_PostTxCommand
 .text.vUartAnybus_RefreshStatus
                0x000085f4       0x6c ./src/Anybus.o
                0x000085f4                vUartAnybus_RefreshStatus
 .text.vUartAnybus_Handle
                0x00008660      0x128 ./src/Anybus.o
                0x00008660                vUartAnybus_Handle
 .text.uiModbus_Crc
                0x00008788       0x44 ./src/Anybus.o
                0x00008788                uiModbus_Crc
 .text.puc_assign_us_swapped_bytes
                0x000087cc       0x14 ./src/Anybus.o
                0x000087cc                puc_assign_us_swapped_bytes
 .text.ucAnybus_TxMessageBusy
                0x000087e0       0x1c ./src/Anybus.o
                0x000087e0                ucAnybus_TxMessageBusy
 .text.ucAnybus_TxMessageOk
                0x000087fc       0x1c ./src/Anybus.o
                0x000087fc                ucAnybus_TxMessageOk
 .text.vAnybusTxRx_Init
                0x00008818       0x24 ./src/Anybus.o
                0x00008818                vAnybusTxRx_Init
 .text.ucPostAnybusMessage_updateParameter
                0x0000883c       0xdc ./src/Anybus.o
                0x0000883c                ucPostAnybusMessage_updateParameter
 .text.ucPostAnybusMessage_generalParameterWrite
                0x00008918       0x38 ./src/Anybus.o
                0x00008918                ucPostAnybusMessage_generalParameterWrite
 .text.ucPostAnybusMessage_generalParameterRead
                0x00008950       0x38 ./src/Anybus.o
                0x00008950                ucPostAnybusMessage_generalParameterRead
 .text.ucCreateApplicationParameter
                0x00008988      0x1c0 ./src/Anybus.o
                0x00008988                ucCreateApplicationParameter
 .text.ucAnybus_FileWrite
                0x00008b48       0xa0 ./src/Anybus.o
                0x00008b48                ucAnybus_FileWrite
 .text.ucAnybus_FileRead
                0x00008be8       0x7c ./src/Anybus.o
                0x00008be8                ucAnybus_FileRead
 .text.ucAnybus_FileClose
                0x00008c64       0x6c ./src/Anybus.o
                0x00008c64                ucAnybus_FileClose
 .text.ucAnybus_FileOpen
                0x00008cd0       0x98 ./src/Anybus.o
                0x00008cd0                ucAnybus_FileOpen
 .text.ucAnybus_FileDelete
                0x00008d68       0x84 ./src/Anybus.o
                0x00008d68                ucAnybus_FileDelete
 .text.vReinitTimers_AnybusTxRx
                0x00008dec       0x30 ./src/Anybus.o
                0x00008dec                vReinitTimers_AnybusTxRx
 .text.pucAnybus_GetReadRegMsgBody
                0x00008e1c        0xc ./src/Anybus.o
                0x00008e1c                pucAnybus_GetReadRegMsgBody
 .text.vAnybusTxRx_Handle
                0x00008e28      0x834 ./src/Anybus.o
                0x00008e28                vAnybusTxRx_Handle
 .text.uiCanIAcceptRemoteControl
                0x0000965c       0x94 ./src/Anybus.o
                0x0000965c                uiCanIAcceptRemoteControl
 .text.pcGetAnybusMacAddress
                0x000096f0        0xc ./src/Anybus.o
                0x000096f0                pcGetAnybusMacAddress
 .text.pcSkipBlank
                0x000096fc       0x30 ./src/Anybus.o
                0x000096fc                pcSkipBlank
 .text.pcFindBlank
                0x0000972c       0x30 ./src/Anybus.o
                0x0000972c                pcFindBlank
 .text.pcFindChar
                0x0000975c       0x28 ./src/Anybus.o
                0x0000975c                pcFindChar
 .text.ucDataConsumer_productList
                0x00009784      0x500 ./src/Anybus.o
                0x00009784                ucDataConsumer_productList
 .text.ucInitDataProducer_productArchive
                0x00009c84       0x4c ./src/Anybus.o
                0x00009c84                ucInitDataProducer_productArchive
 .text.ucDataProducer_productArchive
                0x00009cd0      0x30c ./src/Anybus.o
                0x00009cd0                ucDataProducer_productArchive
 .text.vUpdateAnybusStartString
                0x00009fdc       0xb0 ./src/Anybus.o
                0x00009fdc                vUpdateAnybusStartString
 .text.vUpdateAnybusProductionString
                0x0000a08c       0xb0 ./src/Anybus.o
                0x0000a08c                vUpdateAnybusProductionString
 .text.vUpdateAnybusEndProductionString
                0x0000a13c       0xb0 ./src/Anybus.o
                0x0000a13c                vUpdateAnybusEndProductionString
 .text.vAnybusSprintProductionString
                0x0000a1ec       0x94 ./src/Anybus.o
                0x0000a1ec                vAnybusSprintProductionString
 .text.vLog_production_log
                0x0000a280       0x98 ./src/Anybus.o
                0x0000a280                vLog_production_log
 .text.vLogStartProduzione
                0x0000a318       0xc4 ./src/Anybus.o
                0x0000a318                vLogStartProduzione
 .text.vLogStopProduzione
                0x0000a3dc       0xa0 ./src/Anybus.o
                0x0000a3dc                vLogStopProduzione
 .text.vLogEndProduzione
                0x0000a47c       0x80 ./src/Anybus.o
                0x0000a47c                vLogEndProduzione
 .text.vLogAlarm
                0x0000a4fc       0xc4 ./src/Anybus.o
                0x0000a4fc                vLogAlarm
 .text.ucRemoteCommandRunning
                0x0000a5c0       0x10 ./src/Anybus.o
                0x0000a5c0                ucRemoteCommandRunning
 .text.ucRemoteCommandAsking
                0x0000a5d0       0x10 ./src/Anybus.o
                0x0000a5d0                ucRemoteCommandAsking
 .text.vRemoteCommandsFlagsInit
                0x0000a5e0       0x24 ./src/Anybus.o
                0x0000a5e0                vRemoteCommandsFlagsInit
 .text.vRemoteCommandAskingSet
                0x0000a604       0x3c ./src/Anybus.o
                0x0000a604                vRemoteCommandAskingSet
 .text.vRemoteCommandAskingReply
                0x0000a640       0x44 ./src/Anybus.o
                0x0000a640                vRemoteCommandAskingReply
 .text.vInitStructSuspendAnybusOp
                0x0000a684       0x20 ./src/Anybus.o
                0x0000a684                vInitStructSuspendAnybusOp
 .text.vHMA_init
                0x0000a6a4       0xa4 ./src/Anybus.o
                0x0000a6a4                vHMA_init
 .text.uiHasBeenAckRequestSuspendAnybusOp
                0x0000a748       0x34 ./src/Anybus.o
                0x0000a748                uiHasBeenAckRequestSuspendAnybusOp
 .text.uiHasBeenRequestSuspendAnybusOp
                0x0000a77c       0x18 ./src/Anybus.o
                0x0000a77c                uiHasBeenRequestSuspendAnybusOp
 .text.uiRequestSuspendAnybusOp
                0x0000a794       0x24 ./src/Anybus.o
                0x0000a794                uiRequestSuspendAnybusOp
 .text.uiSignalSuspendAnybusOp
                0x0000a7b8       0x20 ./src/Anybus.o
                0x0000a7b8                uiSignalSuspendAnybusOp
 .text.vHMA_handle
                0x0000a7d8     0x1410 ./src/Anybus.o
                0x0000a7d8                vHMA_handle
 .text          0x0000bbe8        0x0 ./src/I2C_Master.o
 .text.ucWaitI2Cbus
                0x0000bbe8       0xf4 ./src/I2C_Master.o
                0x0000bbe8                ucWaitI2Cbus
 .text.vSignalI2Cbus
                0x0000bcdc        0x4 ./src/I2C_Master.o
                0x0000bcdc                vSignalI2Cbus
 .text.SendByteMax519
                0x0000bce0       0x94 ./src/I2C_Master.o
                0x0000bce0                SendByteMax519
 .text.ucSendCommandPosTaglioMax519_Interrupt
                0x0000bd74       0xa0 ./src/I2C_Master.o
                0x0000bd74                ucSendCommandPosTaglioMax519_Interrupt
 .text.ucSendCommandPosTaglioMax519_Main
                0x0000be14       0x84 ./src/I2C_Master.o
                0x0000be14                ucSendCommandPosTaglioMax519_Main
 .text.vInitI2c
                0x0000be98       0x24 ./src/I2C_Master.o
                0x0000be98                vInitI2c
 .text          0x0000bebc        0x0 ./src/az4186_can.o
 .text.IRQ_Handler_canopen_timer0
                0x0000bebc       0x68 ./src/az4186_can.o
 .text.ui_init_canbus.part.0
                0x0000bf24      0x1b4 ./src/az4186_can.o
 .text.ui_init_canbus
                0x0000c0d8       0x18 ./src/az4186_can.o
                0x0000c0d8                ui_init_canbus
 .text.CAN_set_acceptance_filter_lookup
                0x0000c0f0       0xac ./src/az4186_can.o
                0x0000c0f0                CAN_set_acceptance_filter_lookup
 .text.CAN_set_acceptance_filter
                0x0000c19c       0x90 ./src/az4186_can.o
                0x0000c19c                CAN_set_acceptance_filter
 .text.dw_can1_send_message
                0x0000c22c       0xc4 ./src/az4186_can.o
                0x0000c22c                dw_can1_send_message
 .text.dw_can2_send_message
                0x0000c2f0       0xcc ./src/az4186_can.o
                0x0000c2f0                dw_can2_send_message
 .text.ui_can_test
                0x0000c3bc      0x150 ./src/az4186_can.o
                0x0000c3bc                ui_can_test
 .text.CAN1callback
                0x0000c50c       0x2c ./src/az4186_can.o
                0x0000c50c                CAN1callback
 .text.CAN_ISR_Rx1
                0x0000c538       0xc8 ./src/az4186_can.o
                0x0000c538                CAN_ISR_Rx1
 .text.CAN2callback
                0x0000c600       0x2c ./src/az4186_can.o
                0x0000c600                CAN2callback
 .text.CAN_ISR_Rx2
                0x0000c62c       0xc8 ./src/az4186_can.o
                0x0000c62c                CAN_ISR_Rx2
 .text.CAN_irq_handler
                0x0000c6f4       0xac ./src/az4186_can.o
                0x0000c6f4                CAN_irq_handler
 .text.ui_write_canopen_parameter
                0x0000c7a0       0x88 ./src/az4186_can.o
                0x0000c7a0                ui_write_canopen_parameter
 .text.ui_check_end_of_parameter_write
                0x0000c828       0x90 ./src/az4186_can.o
                0x0000c828                ui_check_end_of_parameter_write
 .text.ui_set_canopen_analog_input_refresh_period_ms
                0x0000c8b8       0x34 ./src/az4186_can.o
                0x0000c8b8                ui_set_canopen_analog_input_refresh_period_ms
 .text.ui_set_canopen_analog_input_type
                0x0000c8ec       0x30 ./src/az4186_can.o
                0x0000c8ec                ui_set_canopen_analog_input_type
 .text.ui_set_canopen_analog_input_type_2
                0x0000c91c       0x34 ./src/az4186_can.o
                0x0000c91c                ui_set_canopen_analog_input_type_2
 .text.v_request_data
                0x0000c950       0x48 ./src/az4186_can.o
                0x0000c950                v_request_data
 .text.v_canopen_nodes_operational
                0x0000c998       0x88 ./src/az4186_can.o
                0x0000c998                v_canopen_nodes_operational
 .text.v_canopen_init_timer0
                0x0000ca20       0x7c ./src/az4186_can.o
                0x0000ca20                v_canopen_init_timer0
 .text.ul_timer_difference_init
                0x0000ca9c       0x18 ./src/az4186_can.o
                0x0000ca9c                ul_timer_difference_init
 .text.ul_timer_difference_update_ms
                0x0000cab4       0x24 ./src/az4186_can.o
                0x0000cab4                ul_timer_difference_update_ms
 .text.ui_get_canopen_temperature
                0x0000cad8       0x7c ./src/az4186_can.o
                0x0000cad8                ui_get_canopen_temperature
 .text.ui_get_canopen_temperature_cold_junction
                0x0000cb54       0x54 ./src/az4186_can.o
                0x0000cb54                ui_get_canopen_temperature_cold_junction
 .text.ul_get_canbus_living_counter
                0x0000cba8       0x10 ./src/az4186_can.o
                0x0000cba8                ul_get_canbus_living_counter
 .text.v_update_screen
                0x0000cbb8      0x264 ./src/az4186_can.o
                0x0000cbb8                v_update_screen
 .text.v_init_canopen_init_seq
                0x0000ce1c       0x20 ./src/az4186_can.o
                0x0000ce1c                v_init_canopen_init_seq
 .text.v_handle_canopen_init_seq
                0x0000ce3c      0x130 ./src/az4186_can.o
                0x0000ce3c                v_handle_canopen_init_seq
 .text.canopen_init
                0x0000cf6c       0x3c ./src/az4186_can.o
                0x0000cf6c                canopen_init
 .text.CO_ODF_1010
                0x0000cfa8        0x8 ./src/az4186_can.o
                0x0000cfa8                CO_ODF_1010
 .text.CO_ODF_1011
                0x0000cfb0        0x8 ./src/az4186_can.o
                0x0000cfb0                CO_ODF_1011
 .text.ODF_testDomain
                0x0000cfb8        0x8 ./src/az4186_can.o
                0x0000cfb8                ODF_testDomain
 .text.ui_canopen_init
                0x0000cfc0       0x1c ./src/az4186_can.o
                0x0000cfc0                ui_canopen_init
 .text.ui_canopen_process
                0x0000cfdc       0x34 ./src/az4186_can.o
                0x0000cfdc                ui_canopen_process
 .text.v_process_canopen_rpdo
                0x0000d010       0x1c ./src/az4186_can.o
                0x0000d010                v_process_canopen_rpdo
 .text.v_process_canopen_tpdo
                0x0000d02c       0x1c ./src/az4186_can.o
                0x0000d02c                v_process_canopen_tpdo
 .text.ui_canopen_test
                0x0000d048       0x94 ./src/az4186_can.o
                0x0000d048                ui_canopen_test
 .text          0x0000d0dc        0x0 ./src/az4186_dac.o
 .text.vUpdateDacPortValue
                0x0000d0dc       0x38 ./src/az4186_dac.o
                0x0000d0dc                vUpdateDacPortValue
 .text.v_dac_set_output_value
                0x0000d114       0x18 ./src/az4186_dac.o
                0x0000d114                v_dac_set_output_value
 .text.vTestDac
                0x0000d12c       0x28 ./src/az4186_dac.o
                0x0000d12c                vTestDac
 .text.ui_read_dac_selected_portata
                0x0000d154       0x10 ./src/az4186_dac.o
                0x0000d154                ui_read_dac_selected_portata
 .text.v_dac_init
                0x0000d164       0x2c ./src/az4186_dac.o
                0x0000d164                v_dac_init
 .text          0x0000d190        0x0 ./src/az4186_eeprom_24c04.o
 .text.ui_num_element_in_eeprom_queue
                0x0000d190       0x20 ./src/az4186_eeprom_24c04.o
                0x0000d190                ui_num_element_in_eeprom_queue
 .text.ui_is_full_eeprom_queue
                0x0000d1b0       0x1c ./src/az4186_eeprom_24c04.o
                0x0000d1b0                ui_is_full_eeprom_queue
 .text.ui_is_empty_eeprom_queue
                0x0000d1cc       0x18 ./src/az4186_eeprom_24c04.o
                0x0000d1cc                ui_is_empty_eeprom_queue
 .text.ui_save_eeprom
                0x0000d1e4       0x88 ./src/az4186_eeprom_24c04.o
                0x0000d1e4                ui_save_eeprom
 .text.v_eeprom_set_address
                0x0000d26c       0x78 ./src/az4186_eeprom_24c04.o
                0x0000d26c                v_eeprom_set_address
 .text.v_eeprom_read_bytes
                0x0000d2e4       0x5c ./src/az4186_eeprom_24c04.o
                0x0000d2e4                v_eeprom_read_bytes
 .text.v_eeprom_write_bytes
                0x0000d340       0xd4 ./src/az4186_eeprom_24c04.o
                0x0000d340                v_eeprom_write_bytes
 .text.ui_eeprom_verify_signature
                0x0000d414       0x4c ./src/az4186_eeprom_24c04.o
                0x0000d414                ui_eeprom_verify_signature
 .text.v_eeprom_write_signature
                0x0000d460       0x44 ./src/az4186_eeprom_24c04.o
                0x0000d460                v_eeprom_write_signature
 .text.v_init_eeprom
                0x0000d4a4       0x20 ./src/az4186_eeprom_24c04.o
                0x0000d4a4                v_init_eeprom
 .text.v_erase_eeprom_datum
                0x0000d4c4       0xf4 ./src/az4186_eeprom_24c04.o
                0x0000d4c4                v_erase_eeprom_datum
 .text.v_save_eeprom_datum
                0x0000d5b8       0xf8 ./src/az4186_eeprom_24c04.o
                0x0000d5b8                v_save_eeprom_datum
 .text.ui_read_eeprom_datum
                0x0000d6b0      0x110 ./src/az4186_eeprom_24c04.o
                0x0000d6b0                ui_read_eeprom_datum
 .text.ui_update_eeprom_datum
                0x0000d7c0       0x84 ./src/az4186_eeprom_24c04.o
                0x0000d7c0                ui_update_eeprom_datum
 .text.ui_load_from_eeprom_datum
                0x0000d844       0xb8 ./src/az4186_eeprom_24c04.o
                0x0000d844                ui_load_from_eeprom_datum
 .text.ui_load_from_eeprom_all_data
                0x0000d8fc       0x38 ./src/az4186_eeprom_24c04.o
                0x0000d8fc                ui_load_from_eeprom_all_data
 .text.ui_save_to_eeprom_all_data
                0x0000d934       0x44 ./src/az4186_eeprom_24c04.o
                0x0000d934                ui_save_to_eeprom_all_data
 .text.v_format_eeprom
                0x0000d978       0x58 ./src/az4186_eeprom_24c04.o
                0x0000d978                v_format_eeprom
 .text.ui_save_encrypted_param
                0x0000d9d0      0x1f8 ./src/az4186_eeprom_24c04.o
                0x0000d9d0                ui_save_encrypted_param
 .text.v_handle_eeprom
                0x0000dbc8       0x98 ./src/az4186_eeprom_24c04.o
                0x0000dbc8                v_handle_eeprom
 .text          0x0000dc60        0x0 ./src/az4186_emc.o
 .text.ui_enable_external_ram
                0x0000dc60       0x3c ./src/az4186_emc.o
                0x0000dc60                ui_enable_external_ram
 .text.vEMC_az4186_fpga_init
                0x0000dc9c       0xdc ./src/az4186_emc.o
                0x0000dc9c                vEMC_az4186_fpga_init
 .text.ui_ext_ram_destructive_rw_test
                0x0000dd78      0x330 ./src/az4186_emc.o
                0x0000dd78                ui_ext_ram_destructive_rw_test
 .text.ui_ext_ram_retention_test
                0x0000e0a8      0x128 ./src/az4186_emc.o
                0x0000e0a8                ui_ext_ram_retention_test
 .text          0x0000e1d0        0x0 ./src/az4186_files.o
 .text.ui_write_single_object_file
                0x0000e1d0       0x6c ./src/az4186_files.o
 .text.ui_explore_dir.part.0
                0x0000e23c       0x5c ./src/az4186_files.o
 .text.ui_read_single_object_file
                0x0000e298       0x6c ./src/az4186_files.o
                0x0000e298                ui_read_single_object_file
 .text.fileSystem_uiEqualJollyFileName
                0x0000e304      0x120 ./src/az4186_files.o
                0x0000e304                fileSystem_uiEqualJollyFileName
 .text.ui_file_copy
                0x0000e424       0x7c ./src/az4186_files.o
                0x0000e424                ui_file_copy
 .text.ui_f_copy
                0x0000e4a0       0x7c ./src/az4186_files.o
                0x0000e4a0                ui_f_copy
 .text.ui_explore_dir
                0x0000e51c       0x60 ./src/az4186_files.o
                0x0000e51c                ui_explore_dir
 .text.v_find_info_backup
                0x0000e57c       0x58 ./src/az4186_files.o
                0x0000e57c                v_find_info_backup
 .text.ui_restore_file
                0x0000e5d4       0xb8 ./src/az4186_files.o
                0x0000e5d4                ui_restore_file
 .text.ui_backup_file
                0x0000e68c      0x298 ./src/az4186_files.o
                0x0000e68c                ui_backup_file
 .text.ui_write_lcd_calibration_file
                0x0000e924       0x34 ./src/az4186_files.o
                0x0000e924                ui_write_lcd_calibration_file
 .text.ui_read_lcd_calibration_file
                0x0000e958       0x18 ./src/az4186_files.o
                0x0000e958                ui_read_lcd_calibration_file
 .text.ui_write_macparams_file
                0x0000e970       0x34 ./src/az4186_files.o
                0x0000e970                ui_write_macparams_file
 .text.ui_read_macparams_file
                0x0000e9a4       0x18 ./src/az4186_files.o
                0x0000e9a4                ui_read_macparams_file
 .text.pRead_private_parameter
                0x0000e9bc       0x68 ./src/az4186_files.o
                0x0000e9bc                pRead_private_parameter
 .text.pWrite_private_parameter
                0x0000ea24       0x88 ./src/az4186_files.o
                0x0000ea24                pWrite_private_parameter
 .text.pRead_custom_string20
                0x0000eaac       0x98 ./src/az4186_files.o
                0x0000eaac                pRead_custom_string20
 .text.pWrite_custom_string20
                0x0000eb44       0x8c ./src/az4186_files.o
                0x0000eb44                pWrite_custom_string20
 .text.pRead_custom_string40
                0x0000ebd0       0x90 ./src/az4186_files.o
                0x0000ebd0                pRead_custom_string40
 .text.pWrite_custom_string40
                0x0000ec60       0x8c ./src/az4186_files.o
                0x0000ec60                pWrite_custom_string40
 .text.ui_test_backup_restore
                0x0000ecec      0x128 ./src/az4186_files.o
                0x0000ecec                ui_test_backup_restore
 .text          0x0000ee14        0x0 ./src/az4186_initHw.o
 .text.disableIRQ
                0x0000ee14       0x3c ./src/az4186_initHw.o
                0x0000ee14                disableIRQ
 .text.restoreIRQ
                0x0000ee50       0x34 ./src/az4186_initHw.o
                0x0000ee50                restoreIRQ
 .text.enableIRQ
                0x0000ee84       0x34 ./src/az4186_initHw.o
                0x0000ee84                enableIRQ
 .text.vInitDataAndBssSections
                0x0000eeb8       0x4c ./src/az4186_initHw.o
                0x0000eeb8                vInitDataAndBssSections
 .text.v_wait_microseconds
                0x0000ef04       0x20 ./src/az4186_initHw.o
                0x0000ef04                v_wait_microseconds
 .text.vAZ4186_InitHwStuff
                0x0000ef24       0x7c ./src/az4186_initHw.o
                0x0000ef24                vAZ4186_InitHwStuff
 .text.v_reset_az4186
                0x0000efa0       0x48 ./src/az4186_initHw.o
                0x0000efa0                v_reset_az4186
 .text          0x0000efe8        0x0 ./src/az4186_program_codes.o
 .text.ui_check_version_of_product_codes_file
                0x0000efe8      0x2b0 ./src/az4186_program_codes.o
                0x0000efe8                ui_check_version_of_product_codes_file
 .text.ui_register_product_codes
                0x0000f298       0x58 ./src/az4186_program_codes.o
                0x0000f298                ui_register_product_codes
 .text.ui_product_file_read_body
                0x0000f2f0       0x6c ./src/az4186_program_codes.o
                0x0000f2f0                ui_product_file_read_body
 .text.ui_product_file_write_body
                0x0000f35c       0x6c ./src/az4186_program_codes.o
                0x0000f35c                ui_product_file_write_body
 .text.move_prg_pointer_retcode
                0x0000f3c8       0x98 ./src/az4186_program_codes.o
                0x0000f3c8                move_prg_pointer_retcode
 .text.ucCmpCodiciProgrammaJolly
                0x0000f460       0x48 ./src/az4186_program_codes.o
                0x0000f460                ucCmpCodiciProgrammaJolly
 .text.ucSearchCodiceProgramma
                0x0000f4a8      0x178 ./src/az4186_program_codes.o
                0x0000f4a8                ucSearchCodiceProgramma
 .text.uiGetActPrg
                0x0000f620       0x10 ./src/az4186_program_codes.o
                0x0000f620                uiGetActPrg
 .text.uiGetRunningPrg
                0x0000f630       0x10 ./src/az4186_program_codes.o
                0x0000f630                uiGetRunningPrg
 .text.uiSetActPrg
                0x0000f640       0x50 ./src/az4186_program_codes.o
                0x0000f640                uiSetActPrg
 .text.uiSetRunningPrg
                0x0000f690       0x44 ./src/az4186_program_codes.o
                0x0000f690                uiSetRunningPrg
 .text.ucSaveRunningPrg
                0x0000f6d4       0x5c ./src/az4186_program_codes.o
                0x0000f6d4                ucSaveRunningPrg
 .text.ucSaveActPrg
                0x0000f730       0x70 ./src/az4186_program_codes.o
                0x0000f730                ucSaveActPrg
 .text.v_add_default_product_code
                0x0000f7a0      0x110 ./src/az4186_program_codes.o
                0x0000f7a0                v_add_default_product_code
 .text.vInitProgramList
                0x0000f8b0       0x60 ./src/az4186_program_codes.o
                0x0000f8b0                vInitProgramList
 .text.InsertPrg
                0x0000f910       0x78 ./src/az4186_program_codes.o
                0x0000f910                InsertPrg
 .text.DeleteProgramma
                0x0000f988      0x12c ./src/az4186_program_codes.o
                0x0000f988                DeleteProgramma
 .text.v_empty_product_codes_list
                0x0000fab4       0x20 ./src/az4186_program_codes.o
                0x0000fab4                v_empty_product_codes_list
 .text.test_product_codes
                0x0000fad4      0x140 ./src/az4186_program_codes.o
                0x0000fad4                test_product_codes
 .text          0x0000fc14        0x0 ./src/az4186_temperature_compensation.o
 .text.ui_alarm_reading_temperature
                0x0000fc14       0x10 ./src/az4186_temperature_compensation.o
                0x0000fc14                ui_alarm_reading_temperature
 .text.ui_temperature_compensation_warmup_finished
                0x0000fc24       0x1c ./src/az4186_temperature_compensation.o
                0x0000fc24                ui_temperature_compensation_warmup_finished
 .text.ui_update_first_temperature_filter
                0x0000fc40      0x160 ./src/az4186_temperature_compensation.o
                0x0000fc40                ui_update_first_temperature_filter
 .text.v_initialize_temperature_compensation
                0x0000fda0       0x20 ./src/az4186_temperature_compensation.o
                0x0000fda0                v_initialize_temperature_compensation
 .text.v_handle_temperature_compensation
                0x0000fdc0      0x194 ./src/az4186_temperature_compensation.o
                0x0000fdc0                v_handle_temperature_compensation
 .text.v_set_alfa_factor
                0x0000ff54       0x80 ./src/az4186_temperature_compensation.o
                0x0000ff54                v_set_alfa_factor
 .text.ui_temperature_compensation_valid
                0x0000ffd4       0x10 ./src/az4186_temperature_compensation.o
                0x0000ffd4                ui_temperature_compensation_valid
 .text.i_ro_compensate_temperature
                0x0000ffe4       0xc8 ./src/az4186_temperature_compensation.o
                0x0000ffe4                i_ro_compensate_temperature
 .text.i_get_last_temperature_compensation_permille_used
                0x000100ac       0x10 ./src/az4186_temperature_compensation.o
                0x000100ac                i_get_last_temperature_compensation_permille_used
 .text.ui_get_averaged_compensation_temperature_celsius
                0x000100bc       0x9c ./src/az4186_temperature_compensation.o
                0x000100bc                ui_get_averaged_compensation_temperature_celsius
 .text.f_get_temperature_from_normalized_one
                0x00010158       0x34 ./src/az4186_temperature_compensation.o
                0x00010158                f_get_temperature_from_normalized_one
 .text.f_get_alfa_factor
                0x0001018c       0x10 ./src/az4186_temperature_compensation.o
                0x0001018c                f_get_alfa_factor
 .text.v_get_temperature_compensation_stats
                0x0001019c       0x4c ./src/az4186_temperature_compensation.o
                0x0001019c                v_get_temperature_compensation_stats
 .text.ui_get_temperature_compensated_resistance
                0x000101e8       0x64 ./src/az4186_temperature_compensation.o
                0x000101e8                ui_get_temperature_compensated_resistance
 .text          0x0001024c        0x0 ./src/az4186_window_temperature_compensation.o
 .text.ui_is_valid_temp_calibration_point_on_act_prg.part.0
                0x0001024c       0x58 ./src/az4186_window_temperature_compensation.o
 .text.ui_is_valid_temp_calibration_point_on_act_prg
                0x000102a4       0x10 ./src/az4186_window_temperature_compensation.o
                0x000102a4                ui_is_valid_temp_calibration_point_on_act_prg
 .text.ucHW_temperature_compensation_params
                0x000102b4      0x780 ./src/az4186_window_temperature_compensation.o
                0x000102b4                ucHW_temperature_compensation_params
 .text          0x00010a34        0x0 ./src/codelist.o
 .text.uiLimitCommRpm
                0x00010a34      0x38c ./src/codelist.o
                0x00010a34                uiLimitCommRpm
 .text.vStringLangCopy
                0x00010dc0       0xb4 ./src/codelist.o
                0x00010dc0                vStringLangCopy
 .text.pucStringLang
                0x00010e74       0x90 ./src/codelist.o
                0x00010e74                pucStringLang
 .text.vString40LangCopy
                0x00010f04       0xac ./src/codelist.o
                0x00010f04                vString40LangCopy
 .text.ucHW_listaCodici
                0x00010fb0      0x45c ./src/codelist.o
                0x00010fb0                ucHW_listaCodici
 .text          0x0001140c        0x0 ./src/crp.o
 .text          0x0001140c        0x0 ./src/diskio.o
 .text.wait_ready
                0x0001140c       0x48 ./src/diskio.o
 .text.v_generate_diag_alarm
                0x00011454       0x34 ./src/diskio.o
 .text.uiSD_Initialize
                0x00011488       0xac ./src/diskio.o
                0x00011488                uiSD_Initialize
 .text.disk_initialize
                0x00011534       0xd4 ./src/diskio.o
                0x00011534                disk_initialize
 .text.disk_status
                0x00011608       0x1c ./src/diskio.o
                0x00011608                disk_status
 .text.disk_read
                0x00011624       0xe0 ./src/diskio.o
                0x00011624                disk_read
 .text.disk_write
                0x00011704      0x12c ./src/diskio.o
                0x00011704                disk_write
 .text.disk_ioctl
                0x00011830       0x88 ./src/diskio.o
                0x00011830                disk_ioctl
 .text.disk_timerproc
                0x000118b8       0x3c ./src/diskio.o
                0x000118b8                disk_timerproc
 .text.ucHasBeenFile_Modified
                0x000118f4       0x40 ./src/diskio.o
                0x000118f4                ucHasBeenFile_Modified
 .text.ucSignalFile_Modified
                0x00011934       0x54 ./src/diskio.o
                0x00011934                ucSignalFile_Modified
 .text          0x00011988        0x0 ./src/dma.o
 .text.DMAHandler
                0x00011988       0x68 ./src/dma.o
                0x00011988                DMAHandler
 .text.DMA_Init
                0x000119f0       0x70 ./src/dma.o
                0x000119f0                DMA_Init
 .text.DMA_Move
                0x00011a60      0x138 ./src/dma.o
                0x00011a60                DMA_Move
 .text          0x00011b98        0x0 ./src/fat_time.o
 .text.get_fattime
                0x00011b98       0x60 ./src/fat_time.o
                0x00011b98                get_fattime
 .text          0x00011bf8        0x0 ./src/file_list.o
 .text.ui_file_list_crc
                0x00011bf8       0x9c ./src/file_list.o
                0x00011bf8                ui_file_list_crc
 .text.ui_get_header_body_size_file_list
                0x00011c94       0xac ./src/file_list.o
                0x00011c94                ui_get_header_body_size_file_list
 .text.open_file_list
                0x00011d40      0x160 ./src/file_list.o
                0x00011d40                open_file_list
 .text.create_file_list
                0x00011ea0      0x144 ./src/file_list.o
                0x00011ea0                create_file_list
 .text.file_list_find_element
                0x00011fe4      0x1a0 ./src/file_list.o
                0x00011fe4                file_list_find_element
 .text.insert_file_list
                0x00012184      0x2b8 ./src/file_list.o
                0x00012184                insert_file_list
 .text.delete_file_list
                0x0001243c      0x23c ./src/file_list.o
                0x0001243c                delete_file_list
 .text.walk_file_list
                0x00012678      0x280 ./src/file_list.o
                0x00012678                walk_file_list
 .text.close_file_list
                0x000128f8       0x14 ./src/file_list.o
                0x000128f8                close_file_list
 .text.v_init_file_list_registry
                0x0001290c       0x24 ./src/file_list.o
                0x0001290c                v_init_file_list_registry
 .text.file_list_register
                0x00012930       0xa8 ./src/file_list.o
                0x00012930                file_list_register
 .text.insert_reg_file_list
                0x000129d8       0x6c ./src/file_list.o
                0x000129d8                insert_reg_file_list
 .text.delete_reg_file_list
                0x00012a44       0x4c ./src/file_list.o
                0x00012a44                delete_reg_file_list
 .text.v_close_reg_file_list
                0x00012a90       0x3c ./src/file_list.o
                0x00012a90                v_close_reg_file_list
 .text.ul_reg_file_cur_id
                0x00012acc       0x60 ./src/file_list.o
                0x00012acc                ul_reg_file_cur_id
 .text.walk_reg_file_list
                0x00012b2c      0x138 ./src/file_list.o
                0x00012b2c                walk_reg_file_list
 .text.v_test_file_list
                0x00012c64      0x1c0 ./src/file_list.o
                0x00012c64                v_test_file_list
 .text          0x00012e24        0x0 ./src/gui.o
 .text.ucNewKeyPressed
                0x00012e24       0x10 ./src/gui.o
                0x00012e24                ucNewKeyPressed
 .text.ucGetKeyPressed
                0x00012e34       0x18 ./src/gui.o
                0x00012e34                ucGetKeyPressed
 .text.uiPixelDistance
                0x00012e4c       0x10 ./src/gui.o
                0x00012e4c                uiPixelDistance
 .text.vInitTextOnDisplayQueue
                0x00012e5c       0x1c ./src/gui.o
                0x00012e5c                vInitTextOnDisplayQueue
 .text.vInitLcdTable
                0x00012e78       0x2c ./src/gui.o
                0x00012e78                vInitLcdTable
 .text.ucNextLcdId
                0x00012ea4       0x48 ./src/gui.o
                0x00012ea4                ucNextLcdId
 .text.ucFreeLcdId
                0x00012eec       0x44 ./src/gui.o
                0x00012eec                ucFreeLcdId
 .text.ucDeleteTextOnDisplayQueue
                0x00012f30       0x84 ./src/gui.o
                0x00012f30                ucDeleteTextOnDisplayQueue
 .text.ucResetTextOnDisplayQueue
                0x00012fb4       0x3c ./src/gui.o
                0x00012fb4                ucResetTextOnDisplayQueue
 .text.myexit   0x00012ff0        0x4 ./src/gui.o
                0x00012ff0                myexit
 .text.ucInsertTextOnDisplayQueue
                0x00012ff4      0x100 ./src/gui.o
                0x00012ff4                ucInsertTextOnDisplayQueue
 .text.vRemapTextOnQueue
                0x000130f4        0x4 ./src/gui.o
                0x000130f4                vRemapTextOnQueue
 .text.vCalcAreaTouchScreenTesto
                0x000130f8       0xe8 ./src/gui.o
                0x000130f8                vCalcAreaTouchScreenTesto
 .text.ucVerifyTouchOnTesto
                0x000131e0       0x78 ./src/gui.o
                0x000131e0                ucVerifyTouchOnTesto
 .text.ucTextOnDisplay
                0x00013258       0x64 ./src/gui.o
                0x00013258                ucTextOnDisplay
 .text.ucBitmap40x25OnDisplay
                0x000132bc       0x8c ./src/gui.o
                0x000132bc                ucBitmap40x25OnDisplay
 .text.vMapTesto
                0x00013348      0x5e4 ./src/gui.o
                0x00013348                vMapTesto
 .text.ucRenderTextOnVideo
                0x0001392c       0x74 ./src/gui.o
                0x0001392c                ucRenderTextOnVideo
 .text.vInitImmagine
                0x000139a0       0x1c ./src/gui.o
                0x000139a0                vInitImmagine
 .text.vForceRefreshImmagine
                0x000139bc       0x1c ./src/gui.o
                0x000139bc                vForceRefreshImmagine
 .text.ucClearScreen
                0x000139d8       0x28 ./src/gui.o
                0x000139d8                ucClearScreen
 .text.vCaricaImmagine
                0x00013a00       0x10 ./src/gui.o
                0x00013a00                vCaricaImmagine
 .text.ucImmagineCambiata
                0x00013a10       0x1c ./src/gui.o
                0x00013a10                ucImmagineCambiata
 .text.vResetTextSettings
                0x00013a2c       0x24 ./src/gui.o
                0x00013a2c                vResetTextSettings
 .text.vCloseLCD
                0x00013a50        0x4 ./src/gui.o
                0x00013a50                vCloseLCD
 .text.vInitKbd
                0x00013a54      0x10c ./src/gui.o
                0x00013a54                vInitKbd
 .text.vInitLcd
                0x00013b60       0xc8 ./src/gui.o
                0x00013b60                vInitLcd
 .text.vCtrlPressedButtons
                0x00013c28       0x5c ./src/gui.o
                0x00013c28                vCtrlPressedButtons
 .text.vSelectFont
                0x00013c84       0x10 ./src/gui.o
                0x00013c84                vSelectFont
 .text.vSelectTextColor
                0x00013c94       0x10 ./src/gui.o
                0x00013c94                vSelectTextColor
 .text.vSelectBackColor
                0x00013ca4       0x10 ./src/gui.o
                0x00013ca4                vSelectBackColor
 .text.ucPrintStaticText_MediumFont_Color
                0x00013cb4       0x58 ./src/gui.o
                0x00013cb4                ucPrintStaticText_MediumFont_Color
 .text.ucPrintSmallText_ColNames
                0x00013d0c       0x54 ./src/gui.o
                0x00013d0c                ucPrintSmallText_ColNames
 .text.ucPrintSmallText_ColNames_BackColor
                0x00013d60       0x54 ./src/gui.o
                0x00013d60                ucPrintSmallText_ColNames_BackColor
 .text.ucPrintTitleButton
                0x00013db4      0x160 ./src/gui.o
                0x00013db4                ucPrintTitleButton
 .text.ucPrintBitmapButton
                0x00013f14       0x98 ./src/gui.o
                0x00013f14                ucPrintBitmapButton
 .text.ucPrintStaticButton
                0x00013fac       0xec ./src/gui.o
                0x00013fac                ucPrintStaticButton
 .text.ucSearchFieldButtonPressed
                0x00014098       0x58 ./src/gui.o
                0x00014098                ucSearchFieldButtonPressed
 .text.ucPrintFieldButton
                0x000140f0       0xe8 ./src/gui.o
                0x000140f0                ucPrintFieldButton
 .text.ucPrintCursorText
                0x000141d8       0x8c ./src/gui.o
                0x000141d8                ucPrintCursorText
 .text.ucPrintTextTouch
                0x00014264       0x60 ./src/gui.o
                0x00014264                ucPrintTextTouch
 .text.vCalcCoeffsLcdCalibration
                0x000142c4      0x308 ./src/gui.o
                0x000142c4                vCalcCoeffsLcdCalibration
 .text.ucCalcCrcLcdCalibra
                0x000145cc       0x30 ./src/gui.o
                0x000145cc                ucCalcCrcLcdCalibra
 .text.vSaveCoeffsLcdCalibration
                0x000145fc       0x30 ./src/gui.o
                0x000145fc                vSaveCoeffsLcdCalibration
 .text.vLoadCoeffsLcdCalibration
                0x0001462c       0x60 ./src/gui.o
                0x0001462c                vLoadCoeffsLcdCalibration
 .text.vLinearizzaPosLcd
                0x0001468c      0x264 ./src/gui.o
                0x0001468c                vLinearizzaPosLcd
 .text.ucCtrlTouch
                0x000148f0       0xd0 ./src/gui.o
                0x000148f0                ucCtrlTouch
 .text.ucBackGroundCtrlLcd
                0x000149c0       0x18 ./src/gui.o
                0x000149c0                ucBackGroundCtrlLcd
 .text.vCalibraLcd
                0x000149d8      0x308 ./src/gui.o
                0x000149d8                vCalibraLcd
 .text.vEnableCalibraLcd
                0x00014ce0       0x10 ./src/gui.o
                0x00014ce0                vEnableCalibraLcd
 .text.vVisualizeSplashScreen
                0x00014cf0       0x2c ./src/gui.o
                0x00014cf0                vVisualizeSplashScreen
 .text.ucVisualizeSplashScreen
                0x00014d1c       0x90 ./src/gui.o
                0x00014d1c                ucVisualizeSplashScreen
 .text.vRefreshLcd
                0x00014dac      0x27c ./src/gui.o
                0x00014dac                vRefreshLcd
 .text          0x00015028        0x0 ./src/i2c.o
 .text.I2C0MasterHandler
                0x00015028      0x2d4 ./src/i2c.o
                0x00015028                I2C0MasterHandler
 .text.ui_get_i2c_alarm_subcode
                0x000152fc       0x10 ./src/i2c.o
                0x000152fc                ui_get_i2c_alarm_subcode
 .text.ui_clear_i2c_alarm_subcode
                0x0001530c       0x14 ./src/i2c.o
                0x0001530c                ui_clear_i2c_alarm_subcode
 .text.v_generate_alarm_i2c_bus
                0x00015320       0x40 ./src/i2c.o
                0x00015320                v_generate_alarm_i2c_bus
 .text.v_signal_accessing_eeprom_i2c
                0x00015360       0x10 ./src/i2c.o
                0x00015360                v_signal_accessing_eeprom_i2c
 .text.I2CStart
                0x00015370       0x70 ./src/i2c.o
                0x00015370                I2CStart
 .text.I2CStop  0x000153e0       0x60 ./src/i2c.o
                0x000153e0                I2CStop
 .text.I2CInit  0x00015440       0xb4 ./src/i2c.o
                0x00015440                I2CInit
 .text.I2CEngine
                0x000154f4       0xd0 ./src/i2c.o
                0x000154f4                I2CEngine
 .text.I2CStart_noWait
                0x000155c4       0x20 ./src/i2c.o
                0x000155c4                I2CStart_noWait
 .text.I2CEngine_Start
                0x000155e4       0x5c ./src/i2c.o
                0x000155e4                I2CEngine_Start
 .text.v_i2c_engine_reset
                0x00015640       0x44 ./src/i2c.o
                0x00015640                v_i2c_engine_reset
 .text.I2CEngine_isEnded
                0x00015684       0x18 ./src/i2c.o
                0x00015684                I2CEngine_isEnded
 .text.v_verify_unlock_i2c_bus
                0x0001569c        0x4 ./src/i2c.o
                0x0001569c                v_verify_unlock_i2c_bus
 .text          0x000156a0        0x0 ./src/inverse_v1.o
 .text.cofactor_ij_v1
                0x000156a0      0x190 ./src/inverse_v1.o
                0x000156a0                cofactor_ij_v1
 .text.cofactor_v1
                0x00015830       0x4c ./src/inverse_v1.o
                0x00015830                cofactor_v1
 .text.determinant_v1
                0x0001587c       0x44 ./src/inverse_v1.o
                0x0001587c                determinant_v1
 .text.transpose_v1
                0x000158c0       0x40 ./src/inverse_v1.o
                0x000158c0                transpose_v1
 .text.mul_v1   0x00015900       0x50 ./src/inverse_v1.o
                0x00015900                mul_v1
 .text.inverse_v1
                0x00015950       0x5c ./src/inverse_v1.o
                0x00015950                inverse_v1
 .text.vMultiplyMatrix4x4_Vector
                0x000159ac       0x60 ./src/inverse_v1.o
                0x000159ac                vMultiplyMatrix4x4_Vector
 .text.vSolve4x4System
                0x00015a0c       0x38 ./src/inverse_v1.o
                0x00015a0c                vSolve4x4System
 .text          0x00015a44        0x0 ./src/lcd.o
 .text.ucTouchScreenPressed
                0x00015a44       0x18 ./src/lcd.o
                0x00015a44                ucTouchScreenPressed
 .text.vLCD_Init
                0x00015a5c       0x48 ./src/lcd.o
                0x00015a5c                vLCD_Init
 .text.LCD_SpiAccess
                0x00015aa4       0x38 ./src/lcd.o
                0x00015aa4                LCD_SpiAccess
 .text.ucTouchedScreen
                0x00015adc      0x138 ./src/lcd.o
                0x00015adc                ucTouchedScreen
 .text.vResetIntLCD_spi
                0x00015c14       0x1c ./src/lcd.o
                0x00015c14                vResetIntLCD_spi
 .text.TFT_write
                0x00015c30        0xc ./src/lcd.o
                0x00015c30                TFT_write
 .text.TFT_read
                0x00015c3c        0xc ./src/lcd.o
                0x00015c3c                TFT_read
 .text.v_signal_timeout_wating_lcd_int
                0x00015c48       0x18 ./src/lcd.o
                0x00015c48                v_signal_timeout_wating_lcd_int
 .text.LCD_wait_FPGA_done
                0x00015c60       0x8c ./src/lcd.o
                0x00015c60                LCD_wait_FPGA_done
 .text.FPGA_done
                0x00015cec        0x4 ./src/lcd.o
                0x00015cec                FPGA_done
 .text.Beep     0x00015cf0        0x8 ./src/lcd.o
                0x00015cf0                Beep
 .text.LCD_Beep
                0x00015cf8        0x4 ./src/lcd.o
                0x00015cf8                LCD_Beep
 .text.Change_bank
                0x00015cfc       0x24 ./src/lcd.o
                0x00015cfc                Change_bank
 .text.LCD_toggle_bank
                0x00015d20       0x1c ./src/lcd.o
                0x00015d20                LCD_toggle_bank
 .text.Read_image_from_flash
                0x00015d3c      0x100 ./src/lcd.o
                0x00015d3c                Read_image_from_flash
 .text.LCD_LoadImageOnBackgroundBank
                0x00015e3c        0x4 ./src/lcd.o
                0x00015e3c                LCD_LoadImageOnBackgroundBank
 .text.vWriteBMPelement
                0x00015e40       0xd4 ./src/lcd.o
                0x00015e40                vWriteBMPelement
 .text.ucMapDisplayChar
                0x00015f14       0x18 ./src/lcd.o
                0x00015f14                ucMapDisplayChar
 .text.vWriteIconElement
                0x00015f2c      0x170 ./src/lcd.o
                0x00015f2c                vWriteIconElement
 .text.vWriteIconElement_N
                0x0001609c      0x198 ./src/lcd.o
                0x0001609c                vWriteIconElement_N
 .text.vInitListDisplayElements
                0x00016234       0x54 ./src/lcd.o
                0x00016234                vInitListDisplayElements
 .text.ucTroppoPienaListaLcd
                0x00016288       0x20 ./src/lcd.o
                0x00016288                ucTroppoPienaListaLcd
 .text.vResetIconsAndBitmap
                0x000162a8        0x4 ./src/lcd.o
                0x000162a8                vResetIconsAndBitmap
 .text.vCloseListDisplayElements
                0x000162ac       0xa0 ./src/lcd.o
                0x000162ac                vCloseListDisplayElements
 .text.invio_lista
                0x0001634c       0x60 ./src/lcd.o
                0x0001634c                invio_lista
 .text.vSelect8bitTouch
                0x000163ac        0x8 ./src/lcd.o
                0x000163ac                vSelect8bitTouch
 .text.applicazione_lista
                0x000163b4       0x14 ./src/lcd.o
                0x000163b4                applicazione_lista
 .text.lettura_versione_FW
                0x000163c8       0x30 ./src/lcd.o
                0x000163c8                lettura_versione_FW
 .text          0x000163f8        0x0 ./src/main.o
 .text.vInitializeTheDacValues
                0x000163f8       0x2c ./src/main.o
                0x000163f8                vInitializeTheDacValues
 .text.vWaitBootFpga
                0x00016424      0x14c ./src/main.o
                0x00016424                vWaitBootFpga
 .text.vPrintSmallTesto_Red
                0x00016570       0x44 ./src/main.o
                0x00016570                vPrintSmallTesto_Red
 .text.vRefreshScreen_Startup
                0x000165b4       0x28 ./src/main.o
                0x000165b4                vRefreshScreen_Startup
 .text.v_print_msg
                0x000165dc       0x18 ./src/main.o
                0x000165dc                v_print_msg
 .text          0x000165f4        0x0 ./src/mci.o
 .text.ulGetPclk.part.4
                0x000165f4       0x70 ./src/mci.o
 .text.MCI_TXEnable
                0x00016664       0x2c ./src/mci.o
                0x00016664                MCI_TXEnable
 .text.MCI_TXDisable
                0x00016690       0x2c ./src/mci.o
                0x00016690                MCI_TXDisable
 .text.MCI_RXEnable
                0x000166bc       0x2c ./src/mci.o
                0x000166bc                MCI_RXEnable
 .text.MCI_RXDisable
                0x000166e8       0x2c ./src/mci.o
                0x000166e8                MCI_RXDisable
 .text.MCI_CmdProcess
                0x00016714       0xd0 ./src/mci.o
                0x00016714                MCI_CmdProcess
 .text.MCI_DataErrorProcess
                0x000167e4       0xd0 ./src/mci.o
                0x000167e4                MCI_DataErrorProcess
 .text.MCI_DATA_END_InterruptService
                0x000168b4       0xa8 ./src/mci.o
                0x000168b4                MCI_DATA_END_InterruptService
 .text.MCI_FIFOInterruptService
                0x0001695c       0x18 ./src/mci.o
                0x0001695c                MCI_FIFOInterruptService
 .text.MCI_IRQHandler
                0x00016974       0xa4 ./src/mci.o
                0x00016974                MCI_IRQHandler
 .text.ulGetPclk
                0x00016a18       0x14 ./src/mci.o
                0x00016a18                ulGetPclk
 .text.MCI_Set_MCIClock
                0x00016a2c       0x78 ./src/mci.o
                0x00016a2c                MCI_Set_MCIClock
 .text.MCI_Init
                0x00016aa4      0x124 ./src/mci.o
                0x00016aa4                MCI_Init
 .text.MCI_SendCmd
                0x00016bc8       0xc0 ./src/mci.o
                0x00016bc8                MCI_SendCmd
 .text.MCI_GetCmdResp
                0x00016c88      0x11c ./src/mci.o
                0x00016c88                MCI_GetCmdResp
 .text.MCI_Go_Idle_State
                0x00016da4       0x24 ./src/mci.o
                0x00016da4                MCI_Go_Idle_State
 .text.MCI_Send_OP_Cond
                0x00016dc8       0x6c ./src/mci.o
                0x00016dc8                MCI_Send_OP_Cond
 .text.MCI_Send_ACMD
                0x00016e34       0x8c ./src/mci.o
                0x00016e34                MCI_Send_ACMD
 .text.MCI_Send_ACMD_OP_Cond
                0x00016ec0       0xc8 ./src/mci.o
                0x00016ec0                MCI_Send_ACMD_OP_Cond
 .text.ui_send_cmd8
                0x00016f88       0x58 ./src/mci.o
                0x00016f88                ui_send_cmd8
 .text.MCI_CardInit
                0x00016fe0       0x78 ./src/mci.o
                0x00016fe0                MCI_CardInit
 .text.MCI_Check_CID
                0x00017058       0x5c ./src/mci.o
                0x00017058                MCI_Check_CID
 .text.MCI_Set_Address
                0x000170b4       0x9c ./src/mci.o
                0x000170b4                MCI_Set_Address
 .text.vSaveCSD_reg
                0x00017150       0x24 ./src/mci.o
                0x00017150                vSaveCSD_reg
 .text.vCalcSD_capacity
                0x00017174      0x108 ./src/mci.o
                0x00017174                vCalcSD_capacity
 .text.MCI_Send_CSD
                0x0001727c       0xa0 ./src/mci.o
                0x0001727c                MCI_Send_CSD
 .text.MCI_Select_Card
                0x0001731c       0xa4 ./src/mci.o
                0x0001731c                MCI_Select_Card
 .text.MCI_Send_Status
                0x000173c0       0x90 ./src/mci.o
                0x000173c0                MCI_Send_Status
 .text.MCI_CheckStatus
                0x00017450       0x30 ./src/mci.o
                0x00017450                MCI_CheckStatus
 .text.MCI_Set_BlockLen
                0x00017480       0x88 ./src/mci.o
                0x00017480                MCI_Set_BlockLen
 .text.MCI_Send_ACMD_Bus_Width
                0x00017508       0x88 ./src/mci.o
                0x00017508                MCI_Send_ACMD_Bus_Width
 .text.SD_Set_BusWidth
                0x00017590       0x58 ./src/mci.o
                0x00017590                SD_Set_BusWidth
 .text.MCI_Send_Stop
                0x000175e8       0x7c ./src/mci.o
                0x000175e8                MCI_Send_Stop
 .text.MCI_Send_Write_Block
                0x00017664       0xa0 ./src/mci.o
                0x00017664                MCI_Send_Write_Block
 .text.MCI_Send_Write_Multiple_Block
                0x00017704       0xa0 ./src/mci.o
                0x00017704                MCI_Send_Write_Multiple_Block
 .text.MCI_Write_Multiple_Block
                0x000177a4      0x120 ./src/mci.o
                0x000177a4                MCI_Write_Multiple_Block
 .text.MCI_Send_Read_Block
                0x000178c4       0xa0 ./src/mci.o
                0x000178c4                MCI_Send_Read_Block
 .text.MCI_Write_Block
                0x00017964       0xbc ./src/mci.o
                0x00017964                MCI_Write_Block
 .text.MCI_Read_Block
                0x00017a20       0xb8 ./src/mci.o
                0x00017a20                MCI_Read_Block
 .text          0x00017ad8        0x0 ./src/params.o
 .text.vSetHRE_potentiometer.part.2
                0x00017ad8       0x90 ./src/params.o
 .text.v_reset_spindle_and_wheel_dac
                0x00017b68       0x5c ./src/params.o
                0x00017b68                v_reset_spindle_and_wheel_dac
 .text.uc_format_str_len_mult_16
                0x00017bc4       0xb8 ./src/params.o
                0x00017bc4                uc_format_str_len_mult_16
 .text.v_init_read_bytes_from_vdip
                0x00017c7c       0x20 ./src/params.o
                0x00017c7c                v_init_read_bytes_from_vdip
 .text.uc_read_a_byte_from_vdip
                0x00017c9c      0x14c ./src/params.o
                0x00017c9c                uc_read_a_byte_from_vdip
 .text.iSaveMachineParsOnFile_GetExitCode
                0x00017de8       0x10 ./src/params.o
                0x00017de8                iSaveMachineParsOnFile_GetExitCode
 .text.fSaveMachineParsOnFile_GetEstimatedDonePerc
                0x00017df8       0x10 ./src/params.o
                0x00017df8                fSaveMachineParsOnFile_GetEstimatedDonePerc
 .text.vInitMachineParsOnFile_Stati
                0x00017e08       0x2c ./src/params.o
                0x00017e08                vInitMachineParsOnFile_Stati
 .text.ui_send_vdip_string
                0x00017e34      0x2d8 ./src/params.o
                0x00017e34                ui_send_vdip_string
 .text.ucSaveMachineParsOnFile_Stati
                0x0001810c      0xc00 ./src/params.o
                0x0001810c                ucSaveMachineParsOnFile_Stati
 .text.ucLoadCodiciProdottoOnFile_Stati
                0x00018d0c      0x810 ./src/params.o
                0x00018d0c                ucLoadCodiciProdottoOnFile_Stati
 .text.ucLoadParMacOnFile_Stati
                0x0001951c      0x854 ./src/params.o
                0x0001951c                ucLoadParMacOnFile_Stati
 .text.ucLoadCustomLanguage_Stati
                0x00019d70      0x448 ./src/params.o
                0x00019d70                ucLoadCustomLanguage_Stati
 .text.vSetNumK_to_ask_password
                0x0001a1b8       0x58 ./src/params.o
                0x0001a1b8                vSetNumK_to_ask_password
 .text.vSetNumK_to_ask_password_super_user
                0x0001a210       0x80 ./src/params.o
                0x0001a210                vSetNumK_to_ask_password_super_user
 .text.ucVerifyPasswordCorrect
                0x0001a290       0x48 ./src/params.o
                0x0001a290                ucVerifyPasswordCorrect
 .text.ucVerifyPasswordSuperUserCorrect
                0x0001a2d8       0x24 ./src/params.o
                0x0001a2d8                ucVerifyPasswordSuperUserCorrect
 .text.ucCalcWireLengthMetersForJobList
                0x0001a2fc      0x1a4 ./src/params.o
                0x0001a2fc                ucCalcWireLengthMetersForJobList
 .text.vAddStandardButtons
                0x0001a4a0       0xa0 ./src/params.o
                0x0001a4a0                vAddStandardButtons
 .text.ucHW_LoadCodiciProdotto
                0x0001a540      0x414 ./src/params.o
                0x0001a540                ucHW_LoadCodiciProdotto
 .text.ucHW_ResetCodiciProdotto
                0x0001a954      0x320 ./src/params.o
                0x0001a954                ucHW_ResetCodiciProdotto
 .text.ucHW_LoadCustomLanguage
                0x0001ac74      0x3fc ./src/params.o
                0x0001ac74                ucHW_LoadCustomLanguage
 .text.ucHW_LoadParsMac
                0x0001b070      0x434 ./src/params.o
                0x0001b070                ucHW_LoadParsMac
 .text.ucHW_SaveParams
                0x0001b4a4      0x490 ./src/params.o
                0x0001b4a4                ucHW_SaveParams
 .text.ucHW_DataOra
                0x0001b934      0x384 ./src/params.o
                0x0001b934                ucHW_DataOra
 .text.vAddStandardButtonsOk
                0x0001bcb8       0xa0 ./src/params.o
                0x0001bcb8                vAddStandardButtonsOk
 .text.f_convert_perc_dist_to_float_0_100
                0x0001bd58       0x50 ./src/params.o
                0x0001bd58                f_convert_perc_dist_to_float_0_100
 .text.us_convert_float_0_100_to_perc_dist
                0x0001bda8       0x74 ./src/params.o
                0x0001bda8                us_convert_float_0_100_to_perc_dist
 .text.v_convert_dist_values
                0x0001be1c      0x3e4 ./src/params.o
                0x0001be1c                v_convert_dist_values
 .text.ucHW_Distanziatore
                0x0001c200      0xb2c ./src/params.o
                0x0001c200                ucHW_Distanziatore
 .text.vInizializzaCodiceProdotto
                0x0001cd2c       0xe8 ./src/params.o
                0x0001cd2c                vInizializzaCodiceProdotto
 .text.vHRE_init
                0x0001ce14       0x20 ./src/params.o
                0x0001ce14                vHRE_init
 .text.vResetWindows
                0x0001ce34      0x140 ./src/params.o
                0x0001ce34                vResetWindows
 .text.vSetHRE_potentiometer
                0x0001cf74       0x80 ./src/params.o
                0x0001cf74                vSetHRE_potentiometer
 .text.vSelectHRE_potentiometer
                0x0001cff4       0xa4 ./src/params.o
                0x0001cff4                vSelectHRE_potentiometer
 .text.v_init_handling_encoder_grinding
                0x0001d098       0x48 ./src/params.o
 .text.ucHW_spindle_grinding
                0x0001d0e0      0x464 ./src/params.o
                0x0001d0e0                ucHW_spindle_grinding
 .text.ucGetSelectHRE_potentiometer
                0x0001d544       0x20 ./src/params.o
                0x0001d544                ucGetSelectHRE_potentiometer
 .text.iGetHRE_potentiometer
                0x0001d564       0x18 ./src/params.o
                0x0001d564                iGetHRE_potentiometer
 .text.vDisableHRE_potentiometer
                0x0001d57c       0x14 ./src/params.o
                0x0001d57c                vDisableHRE_potentiometer
 .text.vHandleHRE
                0x0001d590      0x28c ./src/params.o
                0x0001d590                vHandleHRE
 .text.iGetHRE_setting
                0x0001d81c       0x98 ./src/params.o
                0x0001d81c                iGetHRE_setting
 .text.vSaltaSuPaginaProduzione
                0x0001d8b4       0x18 ./src/params.o
                0x0001d8b4                vSaltaSuPaginaProduzione
 .text.ucIAmSpindleGrinding
                0x0001d8cc       0x1c ./src/params.o
                0x0001d8cc                ucIAmSpindleGrinding
 .text.ucIamInLogProduzione
                0x0001d8e8       0x1c ./src/params.o
                0x0001d8e8                ucIamInLogProduzione
 .text.ucIamInTaraturaStatica
                0x0001d904       0x30 ./src/params.o
                0x0001d904                ucIamInTaraturaStatica
 .text.ucIamInTaraturaDinamica
                0x0001d934       0x34 ./src/params.o
                0x0001d934                ucIamInTaraturaDinamica
 .text          0x0001d968        0x0 ./src/popup.o
 .text.f_calc_res_spezzone
                0x0001d968       0x44 ./src/popup.o
                0x0001d968                f_calc_res_spezzone
 .text.us_calc_portata_dinamica_per_resistenza
                0x0001d9ac       0x58 ./src/popup.o
                0x0001d9ac                us_calc_portata_dinamica_per_resistenza
 .text.f_calc_res_spec_filo
                0x0001da04       0x9c ./src/popup.o
                0x0001da04                f_calc_res_spec_filo
 .text.ucHW_MainMenu
                0x0001daa0      0x274 ./src/popup.o
                0x0001daa0                ucHW_MainMenu
 .text.ucHW_YesNo
                0x0001dd14      0x284 ./src/popup.o
                0x0001dd14                ucHW_YesNo
 .text.ValidatePrg
                0x0001df98      0x240 ./src/popup.o
                0x0001df98                ValidatePrg
 .text.ucNeedToClosePopupWindow
                0x0001e1d8       0x44 ./src/popup.o
                0x0001e1d8                ucNeedToClosePopupWindow
 .text.ucHandlePopupWindow
                0x0001e21c     0x129c ./src/popup.o
                0x0001e21c                ucHandlePopupWindow
 .text.ucEnableStartLavorazione
                0x0001f4b8       0x10 ./src/popup.o
                0x0001f4b8                ucEnableStartLavorazione
 .text.ucIsDisabledStartLavorazione
                0x0001f4c8       0x18 ./src/popup.o
                0x0001f4c8                ucIsDisabledStartLavorazione
 .text          0x0001f4e0        0x0 ./src/rtcDS3231_newer.o
 .text.i2c_Master_Xmit.part.0
                0x0001f4e0       0x40 ./src/rtcDS3231_newer.o
 .text.i2c_Master_Rcv.part.1
                0x0001f520       0x58 ./src/rtcDS3231_newer.o
 .text.i2c_Master_Xmit
                0x0001f578        0xc ./src/rtcDS3231_newer.o
                0x0001f578                i2c_Master_Xmit
 .text.i2c_Master_Rcv
                0x0001f584        0xc ./src/rtcDS3231_newer.o
                0x0001f584                i2c_Master_Rcv
 .text.vReadStatusTempRTC_DS3231
                0x0001f590       0xf4 ./src/rtcDS3231_newer.o
                0x0001f590                vReadStatusTempRTC_DS3231
 .text.vResetOSF_RTC_DS3231
                0x0001f684       0x6c ./src/rtcDS3231_newer.o
                0x0001f684                vResetOSF_RTC_DS3231
 .text.vReadTimeBytesRTC_DS3231
                0x0001f6f0      0x11c ./src/rtcDS3231_newer.o
                0x0001f6f0                vReadTimeBytesRTC_DS3231
 .text.vWriteTimeBytesRTC_DS3231
                0x0001f80c      0x184 ./src/rtcDS3231_newer.o
                0x0001f80c                vWriteTimeBytesRTC_DS3231
 .text.vInit_RtcDS3231
                0x0001f990       0x10 ./src/rtcDS3231_newer.o
                0x0001f990                vInit_RtcDS3231
 .text          0x0001f9a0        0x0 ./src/spi.o
 .text.vUpdateValoriTaratura
                0x0001f9a0      0x4a4 ./src/spi.o
                0x0001f9a0                vUpdateValoriTaratura
 .text.fCalcCoeffCorr
                0x0001fe44       0x90 ./src/spi.o
                0x0001fe44                fCalcCoeffCorr
 .text.vCalcAnticipoPretaglio
                0x0001fed4      0x1e0 ./src/spi.o
                0x0001fed4                vCalcAnticipoPretaglio
 .text.menuOperation
                0x000200b4       0x14 ./src/spi.o
                0x000200b4                menuOperation
 .text.update_crc
                0x000200c8       0x34 ./src/spi.o
                0x000200c8                update_crc
 .text.ucCalcCrcMacParams
                0x000200fc       0xb0 ./src/spi.o
                0x000200fc                ucCalcCrcMacParams
 .text.vSaveMacParms
                0x000201ac       0x30 ./src/spi.o
                0x000201ac                vSaveMacParms
 .text.vCtrlSaveMacParms
                0x000201dc       0x20 ./src/spi.o
                0x000201dc                vCtrlSaveMacParms
 .text.ucFillStructDist
                0x000201fc      0x45c ./src/spi.o
                0x000201fc                ucFillStructDist
 .text.ucFillProgramStructDist
                0x00020658      0x14c ./src/spi.o
                0x00020658                ucFillProgramStructDist
 .text.upd7Seg  0x000207a4      0x590 ./src/spi.o
                0x000207a4                upd7Seg
 .text.updInp   0x00020d34      0x524 ./src/spi.o
                0x00020d34                updInp
 .text.vSetBitOutputsHi
                0x00021258       0x44 ./src/spi.o
                0x00021258                vSetBitOutputsHi
 .text.vResetBitOutputsHi
                0x0002129c       0x40 ./src/spi.o
                0x0002129c                vResetBitOutputsHi
 .text.vInitBandella
                0x000212dc       0x5c ./src/spi.o
                0x000212dc                vInitBandella
 .text.vCommandSwitchBandella
                0x00021338       0x14 ./src/spi.o
                0x00021338                vCommandSwitchBandella
 .text.vHandleBandella
                0x0002134c      0x150 ./src/spi.o
                0x0002134c                vHandleBandella
 .text.TxCommessa
                0x0002149c        0x4 ./src/spi.o
                0x0002149c                TxCommessa
 .text.vWaitStartupFpga
                0x000214a0       0x3c ./src/spi.o
                0x000214a0                vWaitStartupFpga
 .text.uiPrepareDescTempComp_ProductionLog
                0x000214dc       0xc4 ./src/spi.o
                0x000214dc                uiPrepareDescTempComp_ProductionLog
 .text.vPrepareDesc_ProductionLog
                0x000215a0      0x598 ./src/spi.o
                0x000215a0                vPrepareDesc_ProductionLog
 .text.vForceLcdRefresh
                0x00021b38       0x14 ./src/spi.o
                0x00021b38                vForceLcdRefresh
 .text.ucLcdRefreshTimeoutReset
                0x00021b4c       0x24 ./src/spi.o
                0x00021b4c                ucLcdRefreshTimeoutReset
 .text.ucLcdRefreshTimeoutExpired
                0x00021b70       0x84 ./src/spi.o
                0x00021b70                ucLcdRefreshTimeoutExpired
 .text.ucLcdRefreshTimeoutEnable
                0x00021bf4       0x3c ./src/spi.o
                0x00021bf4                ucLcdRefreshTimeoutEnable
 .text.uiLcdRefreshTimeout_GetAct
                0x00021c30       0x18 ./src/spi.o
                0x00021c30                uiLcdRefreshTimeout_GetAct
 .text.ucNeedToRefreshLcd
                0x00021c48       0x60 ./src/spi.o
                0x00021c48                ucNeedToRefreshLcd
 .text.ucResetTheButton
                0x00021ca8       0x38 ./src/spi.o
                0x00021ca8                ucResetTheButton
 .text.ucHasBeenPressedButton
                0x00021ce0       0x3c ./src/spi.o
                0x00021ce0                ucHasBeenPressedButton
 .text.ucHasBeenTouchedButton
                0x00021d1c       0x38 ./src/spi.o
                0x00021d1c                ucHasBeenTouchedButton
 .text.ucCreateTheButton
                0x00021d54       0x30 ./src/spi.o
                0x00021d54                ucCreateTheButton
 .text.ucHW_LogProduzione
                0x00021d84      0x3dc ./src/spi.o
                0x00021d84                ucHW_LogProduzione
 .text.ucIdxCharButtonPressed
                0x00022160       0x18 ./src/spi.o
                0x00022160                ucIdxCharButtonPressed
 .text.ucFieldButtonPressed
                0x00022178       0x18 ./src/spi.o
                0x00022178                ucFieldButtonPressed
 .text.vSetFieldButtonPressed
                0x00022190       0x18 ./src/spi.o
                0x00022190                vSetFieldButtonPressed
 .text.ucTheButtonIsPressed
                0x000221a8       0x34 ./src/spi.o
                0x000221a8                ucTheButtonIsPressed
 .text.us_is_button_pressed
                0x000221dc       0x1c ./src/spi.o
                0x000221dc                us_is_button_pressed
 .text.vClearButtonPressed
                0x000221f8       0x14 ./src/spi.o
                0x000221f8                vClearButtonPressed
 .text.vSignalButtonPressed
                0x0002220c       0x40 ./src/spi.o
                0x0002220c                vSignalButtonPressed
 .text.vHandleButtons
                0x0002224c       0xec ./src/spi.o
                0x0002224c                vHandleButtons
 .text.vRefreshLcdStrings
                0x00022338       0xe8 ./src/spi.o
                0x00022338                vRefreshLcdStrings
 .text.vSetTextRigaColonna
                0x00022420       0x24 ./src/spi.o
                0x00022420                vSetTextRigaColonna
 .text.vSetCursorOn
                0x00022444       0x1c ./src/spi.o
                0x00022444                vSetCursorOn
 .text.vPrintDirectString
                0x00022460       0x50 ./src/spi.o
                0x00022460                vPrintDirectString
 .text.vPrintDirectChar
                0x000224b0       0x3c ./src/spi.o
                0x000224b0                vPrintDirectChar
 .text.startEdit
                0x000224ec       0xac ./src/spi.o
                0x000224ec                startEdit
 .text.updLcd   0x00022598      0x138 ./src/spi.o
                0x00022598                updLcd
 .text.updOut   0x000226d0      0x12c ./src/spi.o
                0x000226d0                updOut
 .text.vInitActPrg
                0x000227fc       0x64 ./src/spi.o
                0x000227fc                vInitActPrg
 .text.vHandleBackgroundNandFlash
                0x00022860        0x4 ./src/spi.o
                0x00022860                vHandleBackgroundNandFlash
 .text.vValidateTabFornitori
                0x00022864       0x60 ./src/spi.o
                0x00022864                vValidateTabFornitori
 .text.vSearchFirstComm
                0x000228c4       0x54 ./src/spi.o
                0x000228c4                vSearchFirstComm
 .text.mynatoi  0x00022918       0x58 ./src/spi.o
                0x00022918                mynatoi
 .text.AdjustVelPeriferica
                0x00022970      0x240 ./src/spi.o
                0x00022970                AdjustVelPeriferica
 .text.InsertTheProgram
                0x00022bb0      0x1f8 ./src/spi.o
                0x00022bb0                InsertTheProgram
 .text.vAggiornaPosizioneColtello
                0x00022da8      0x15c ./src/spi.o
                0x00022da8                vAggiornaPosizioneColtello
 .text.WriteOnDacByPot
                0x00022f04       0xc4 ./src/spi.o
                0x00022f04                WriteOnDacByPot
 .text.SetPotenziometri
                0x00022fc8      0x2c8 ./src/spi.o
                0x00022fc8                SetPotenziometri
 .text.vMacParmsAtDefaultValue
                0x00023290      0x1ec ./src/spi.o
                0x00023290                vMacParmsAtDefaultValue
 .text.vLoadMacParms
                0x0002347c       0x90 ./src/spi.o
                0x0002347c                vLoadMacParms
 .text.ValidateMacParms
                0x0002350c      0x324 ./src/spi.o
                0x0002350c                ValidateMacParms
 .text.init     0x00023830      0x6b8 ./src/spi.o
                0x00023830                init
 .text.spi_main
                0x00023ee8       0xcc ./src/spi.o
                0x00023ee8                spi_main
 .text          0x00023fb4        0x0 ./src/spidbg.o
 .text.ucHW_setupProduzione
                0x00023fb4     0x28f0 ./src/spidbg.o
                0x00023fb4                ucHW_setupProduzione
 .text.vGetValueParametro
                0x000268a4      0x114 ./src/spidbg.o
                0x000268a4                vGetValueParametro
 .text.vSetValueParametro
                0x000269b8       0xf8 ./src/spidbg.o
                0x000269b8                vSetValueParametro
 .text.vRefresh_IPM_values
                0x00026ab0      0x120 ./src/spidbg.o
                0x00026ab0                vRefresh_IPM_values
 .text.ucHW_ParametriMacchina
                0x00026bd0      0x9b0 ./src/spidbg.o
                0x00026bd0                ucHW_ParametriMacchina
 .text.ucHW_Fornitori
                0x00027580      0x3d4 ./src/spidbg.o
                0x00027580                ucHW_Fornitori
 .text.vPrintTesto
                0x00027954       0x44 ./src/spidbg.o
                0x00027954                vPrintTesto
 .text.vRefreshScreen
                0x00027998       0x28 ./src/spidbg.o
                0x00027998                vRefreshScreen
 .text.vPrintMessage
                0x000279c0       0x38 ./src/spidbg.o
                0x000279c0                vPrintMessage
 .text.vResetRamAndReboot
                0x000279f8       0xd8 ./src/spidbg.o
                0x000279f8                vResetRamAndReboot
 .text.ucHW_Utilities
                0x00027ad0      0x404 ./src/spidbg.o
                0x00027ad0                ucHW_Utilities
 .text.vHandleButtonsRegulation
                0x00027ed4      0x234 ./src/spidbg.o
                0x00027ed4                vHandleButtonsRegulation
 .text.ucHW_InAnalog
                0x00028108      0x2c8 ./src/spidbg.o
                0x00028108                ucHW_InAnalog
 .text.ucHW_OutAnalog
                0x000283d0      0x23c ./src/spidbg.o
                0x000283d0                ucHW_OutAnalog
 .text.ucHW_Indig
                0x0002860c      0x218 ./src/spidbg.o
                0x0002860c                ucHW_Indig
 .text.ucHW_Outdig
                0x00028824      0x47c ./src/spidbg.o
                0x00028824                ucHW_Outdig
 .text.ucHW_IngressiEncoder
                0x00028ca0      0x1e0 ./src/spidbg.o
                0x00028ca0                ucHW_IngressiEncoder
 .text.ucHW_Taratura_Portata
                0x00028e80      0x624 ./src/spidbg.o
                0x00028e80                ucHW_Taratura_Portata
 .text.ucHW_Taratura_Portata_1_4
                0x000294a4      0x24c ./src/spidbg.o
                0x000294a4                ucHW_Taratura_Portata_1_4
 .text.ucHW_Taratura_Misura_Dyn_Or_Stat
                0x000296f0      0x248 ./src/spidbg.o
                0x000296f0                ucHW_Taratura_Misura_Dyn_Or_Stat
 .text.ucHW_SelezionaTaratura
                0x00029938      0x2f8 ./src/spidbg.o
                0x00029938                ucHW_SelezionaTaratura
 .text.ucHW_Info
                0x00029c30      0x134 ./src/spidbg.o
                0x00029c30                ucHW_Info
 .text.v_preset_for_program_param_input
                0x00029d64       0xec ./src/spidbg.o
                0x00029d64                v_preset_for_program_param_input
 .text.ucHW_ViewCodiceProdotto
                0x00029e50      0x6ac ./src/spidbg.o
                0x00029e50                ucHW_ViewCodiceProdotto
 .text.ucHandleWindows
                0x0002a4fc      0x2ac ./src/spidbg.o
                0x0002a4fc                ucHandleWindows
 .text          0x0002a7a8        0x0 ./src/spiglb.o
 .text          0x0002a7a8        0x0 ./src/spimis.o
 .text.v_init_handle_wait_one_coil
                0x0002a7a8       0x20 ./src/spimis.o
                0x0002a7a8                v_init_handle_wait_one_coil
 .text.ui_handle_wait_one_coil_ok
                0x0002a7c8       0x1c ./src/spimis.o
                0x0002a7c8                ui_handle_wait_one_coil_ok
 .text.v_handle_wait_one_coil
                0x0002a7e4       0xa8 ./src/spimis.o
                0x0002a7e4                v_handle_wait_one_coil
 .text.timeout_init
                0x0002a88c       0x24 ./src/spimis.o
                0x0002a88c                timeout_init
 .text.uc_timeout_active
                0x0002a8b0       0x70 ./src/spimis.o
                0x0002a8b0                uc_timeout_active
 .text.mystrcpy
                0x0002a920       0x30 ./src/spimis.o
                0x0002a920                mystrcpy
 .text.vCommandSwitchBandella_Interrupt
                0x0002a950       0x14 ./src/spimis.o
                0x0002a950                vCommandSwitchBandella_Interrupt
 .text.vInitAD7327
                0x0002a964       0xdc ./src/spimis.o
                0x0002a964                vInitAD7327
 .text.vHaltReadCycleSensoreTaglio
                0x0002aa40       0x18 ./src/spimis.o
                0x0002aa40                vHaltReadCycleSensoreTaglio
 .text.vInitSensoreTaglio
                0x0002aa58       0x7c ./src/spimis.o
                0x0002aa58                vInitSensoreTaglio
 .text.vInitReadCycleSensoreTaglio
                0x0002aad4       0x38 ./src/spimis.o
                0x0002aad4                vInitReadCycleSensoreTaglio
 .text.vLockOperazioneLama
                0x0002ab0c       0x18 ./src/spimis.o
                0x0002ab0c                vLockOperazioneLama
 .text.vUnlockOperazioneLama
                0x0002ab24       0x14 ./src/spimis.o
                0x0002ab24                vUnlockOperazioneLama
 .text.vAttivaOperazioneLama
                0x0002ab38      0x100 ./src/spimis.o
                0x0002ab38                vAttivaOperazioneLama
 .text.ucIsAttivaOperazioneLama
                0x0002ac38       0x34 ./src/spimis.o
                0x0002ac38                ucIsAttivaOperazioneLama
 .text.ucRefreshAdchannels_Interrupt
                0x0002ac6c      0x1fc ./src/spimis.o
                0x0002ac6c                ucRefreshAdchannels_Interrupt
 .text.vReadAD7327
                0x0002ae68      0x12c ./src/spimis.o
                0x0002ae68                vReadAD7327
 .text.iReadCounter
                0x0002af94       0x54 ./src/spimis.o
                0x0002af94                iReadCounter
 .text.iAzzeraReadCounter_2
                0x0002afe8       0x28 ./src/spimis.o
                0x0002afe8                iAzzeraReadCounter_2
 .text.vInitPosizioneLamaTaglio
                0x0002b010       0x44 ./src/spimis.o
                0x0002b010                vInitPosizioneLamaTaglio
 .text.vSpeedTargetUrp_init
                0x0002b054       0x20 ./src/spimis.o
                0x0002b054                vSpeedTargetUrp_init
 .text.vSpeedTargetUrp_update
                0x0002b074       0x9c ./src/spimis.o
                0x0002b074                vSpeedTargetUrp_update
 .text.ulSpeedTargetUrp_get
                0x0002b110       0x10 ./src/spimis.o
                0x0002b110                ulSpeedTargetUrp_get
 .text.l_multiply_long_perc_dist
                0x0002b120       0x20 ./src/spimis.o
                0x0002b120                l_multiply_long_perc_dist
 .text.v_reset_stato_distanziatore
                0x0002b140       0x30 ./src/spimis.o
                0x0002b140                v_reset_stato_distanziatore
 .text.iReadCounter_2
                0x0002b170       0x80 ./src/spimis.o
                0x0002b170                iReadCounter_2
 .text.iInitReadCounter_2
                0x0002b1f0       0x2c ./src/spimis.o
                0x0002b1f0                iInitReadCounter_2
 .text.vHandleTaglioAsincrono_Distanziatore
                0x0002b21c      0x12c ./src/spimis.o
                0x0002b21c                vHandleTaglioAsincrono_Distanziatore
 .text.ui_separate_coil_during_cut
                0x0002b348       0x2c ./src/spimis.o
                0x0002b348                ui_separate_coil_during_cut
 .text.vHandleDistanziatore_Interrupt
                0x0002b374      0x4ec ./src/spimis.o
                0x0002b374                vHandleDistanziatore_Interrupt
 .text.vRefreshInputEdge
                0x0002b860       0x60 ./src/spimis.o
                0x0002b860                vRefreshInputEdge
 .text.v_reset_cutter_position
                0x0002b8c0       0x20 ./src/spimis.o
                0x0002b8c0                v_reset_cutter_position
 .text.IRQ_Handler_timer0
                0x0002b8e0     0x2048 ./src/spimis.o
                0x0002b8e0                IRQ_Handler_timer0
 .text.initTimer
                0x0002d928       0xd4 ./src/spimis.o
                0x0002d928                initTimer
 .text          0x0002d9fc        0x0 ./src/spiutils.o
 .text.mynatof  0x0002d9fc      0x148 ./src/spiutils.o
                0x0002d9fc                mynatof
 .text.SetDacValue
                0x0002db44       0xb0 ./src/spiutils.o
                0x0002db44                SetDacValue
 .text.DeleteCommessa
                0x0002dbf4       0xc4 ./src/spiutils.o
                0x0002dbf4                DeleteCommessa
 .text.SearchNextCommessa
                0x0002dcb8       0x24 ./src/spiutils.o
                0x0002dcb8                SearchNextCommessa
 .text.SearchPrevCommessa
                0x0002dcdc       0x24 ./src/spiutils.o
                0x0002dcdc                SearchPrevCommessa
 .text.vJumpToWindow
                0x0002dd00       0x40 ./src/spiutils.o
                0x0002dd00                vJumpToWindow
 .text.ucIsEmptyStackCaller
                0x0002dd40       0x18 ./src/spiutils.o
                0x0002dd40                ucIsEmptyStackCaller
 .text.vEmptyStackCaller
                0x0002dd58       0x20 ./src/spiutils.o
                0x0002dd58                vEmptyStackCaller
 .text.ucCallWindow
                0x0002dd78       0x58 ./src/spiutils.o
                0x0002dd78                ucCallWindow
 .text.ucReturnFromWindow
                0x0002ddd0       0x4c ./src/spiutils.o
                0x0002ddd0                ucReturnFromWindow
 .text.uiGetIdCurrentWindow
                0x0002de1c       0x14 ./src/spiutils.o
                0x0002de1c                uiGetIdCurrentWindow
 .text.uiGetStatusCurrentWindow
                0x0002de30       0x20 ./src/spiutils.o
                0x0002de30                uiGetStatusCurrentWindow
 .text.vSetStatusCurrentWindow
                0x0002de50       0x20 ./src/spiutils.o
                0x0002de50                vSetStatusCurrentWindow
 .text.ucSetWindowParam
                0x0002de70       0x2c ./src/spiutils.o
                0x0002de70                ucSetWindowParam
 .text.uiGetWindowParam
                0x0002de9c       0x28 ./src/spiutils.o
                0x0002de9c                uiGetWindowParam
 .text.uiGetActiveWindowParam
                0x0002dec4       0x2c ./src/spiutils.o
                0x0002dec4                uiGetActiveWindowParam
 .text.vSetActiveWindowParam
                0x0002def0       0x2c ./src/spiutils.o
                0x0002def0                vSetActiveWindowParam
 .text.vStrcpy_padBlank
                0x0002df1c       0x5c ./src/spiutils.o
                0x0002df1c                vStrcpy_padBlank
 .text.vStr_fillBlank
                0x0002df78       0x28 ./src/spiutils.o
                0x0002df78                vStr_fillBlank
 .text.vStrUpperCase
                0x0002dfa0       0x28 ./src/spiutils.o
                0x0002dfa0                vStrUpperCase
 .text.vStrcpy_trimBlank
                0x0002dfc8       0xc4 ./src/spiutils.o
                0x0002dfc8                vStrcpy_trimBlank
 .text.ucIsUmSensitive
                0x0002e08c       0x38 ./src/spiutils.o
                0x0002e08c                ucIsUmSensitive
 .text.ucT9_handle_button_pressed
                0x0002e0c4       0xa8 ./src/spiutils.o
                0x0002e0c4                ucT9_handle_button_pressed
 .text.ucPictureNumK_OnlyDigit_1_9_Ok
                0x0002e16c       0x3c ./src/spiutils.o
                0x0002e16c                ucPictureNumK_OnlyDigit_1_9_Ok
 .text.ucPictureNumK_DigitOk
                0x0002e1a8       0x60 ./src/spiutils.o
                0x0002e1a8                ucPictureNumK_DigitOk
 .text.ucPictureNumK_DecimalPointOk
                0x0002e208       0x64 ./src/spiutils.o
                0x0002e208                ucPictureNumK_DecimalPointOk
 .text.ucPictureNumK_IsNoModify
                0x0002e26c       0x30 ./src/spiutils.o
                0x0002e26c                ucPictureNumK_IsNoModify
 .text.uiCountEffectiveCharsInPasswordString
                0x0002e29c       0x2c ./src/spiutils.o
                0x0002e29c                uiCountEffectiveCharsInPasswordString
 .text.ucHW_Num_Keypad
                0x0002e2c8      0xbf4 ./src/spiutils.o
                0x0002e2c8                ucHW_Num_Keypad
 .text.ucIsValidHis
                0x0002eebc       0x58 ./src/spiutils.o
                0x0002eebc                ucIsValidHis
 .text.vValidateHis
                0x0002ef14       0x14 ./src/spiutils.o
                0x0002ef14                vValidateHis
 .text.vSetActiveNumberProductCode
                0x0002ef28       0x50 ./src/spiutils.o
                0x0002ef28                vSetActiveNumberProductCode
 .text.vInitializeHisFields
                0x0002ef78       0x78 ./src/spiutils.o
                0x0002ef78                vInitializeHisFields
 .text.vBuildHisCodeFromFields
                0x0002eff0       0x44 ./src/spiutils.o
                0x0002eff0                vBuildHisCodeFromFields
 .text.DatiInizioCommessa
                0x0002f034       0x10 ./src/spiutils.o
                0x0002f034                DatiInizioCommessa
 .text.vHandleEscFromMenu
                0x0002f044       0x1c ./src/spiutils.o
                0x0002f044                vHandleEscFromMenu
 .text.vDoTaglio
                0x0002f060       0x28 ./src/spiutils.o
                0x0002f060                vDoTaglio
 .text.ucHW_codiceProdotto
                0x0002f088     0x1198 ./src/spiutils.o
                0x0002f088                ucHW_codiceProdotto
 .text.ucIsLockedJob
                0x00030220       0x48 ./src/spiutils.o
                0x00030220                ucIsLockedJob
 .text.vInitInputEdge
                0x00030268       0x20 ./src/spiutils.o
                0x00030268                vInitInputEdge
 .text.ucDigitalInput_PositiveEdge
                0x00030288       0x1c ./src/spiutils.o
                0x00030288                ucDigitalInput_PositiveEdge
 .text.ucDigitalInput_AtHiLevel
                0x000302a4       0x18 ./src/spiutils.o
                0x000302a4                ucDigitalInput_AtHiLevel
 .text.ucDigitalInput_AtLowLevel
                0x000302bc       0x18 ./src/spiutils.o
                0x000302bc                ucDigitalInput_AtLowLevel
 .text.ucDigitalInput_NegativeEdge
                0x000302d4       0x1c ./src/spiutils.o
                0x000302d4                ucDigitalInput_NegativeEdge
 .text.vTrasferisciDaCommesseAlistaLavori
                0x000302f0      0x148 ./src/spiutils.o
                0x000302f0                vTrasferisciDaCommesseAlistaLavori
 .text.inpToOut
                0x00030438     0x1ebc ./src/spiutils.o
                0x00030438                inpToOut
 .text.vTrasferisciDaListaLavoriAcommesse
                0x000322f4      0x1dc ./src/spiutils.o
                0x000322f4                vTrasferisciDaListaLavoriAcommesse
 .text.ucHW_listaLavori
                0x000324d0      0x784 ./src/spiutils.o
                0x000324d0                ucHW_listaLavori
 .text.ui_init_fpga_can_handle_wheel_inversion
                0x00032c54       0x3c ./src/spiutils.o
                0x00032c54                ui_init_fpga_can_handle_wheel_inversion
 .text.ui_zeroOK_reset_rotation_wheel_inversion
                0x00032c90       0x44 ./src/spiutils.o
                0x00032c90                ui_zeroOK_reset_rotation_wheel_inversion
 .text.ui_zeroOK_set_rotation_wheel_inversion
                0x00032cd4       0x4c ./src/spiutils.o
                0x00032cd4                ui_zeroOK_set_rotation_wheel_inversion
 .text.v_test_rotation_wheel_inversion
                0x00032d20       0x34 ./src/spiutils.o
                0x00032d20                v_test_rotation_wheel_inversion
 .text.v_init_rotation_wheel_inversion
                0x00032d54       0x44 ./src/spiutils.o
                0x00032d54                v_init_rotation_wheel_inversion
 .text          0x00032d98        0x0 ./src/spiwin2.o
 .text.mystricmp
                0x00032d98       0x5c ./src/spiwin2.o
                0x00032d98                mystricmp
 .text.vVerifyInsertCodiceProdotto
                0x00032df4       0x88 ./src/spiwin2.o
                0x00032df4                vVerifyInsertCodiceProdotto
 .text.ucAlignJobsRunningAndSelected
                0x00032e7c       0xc4 ./src/spiwin2.o
                0x00032e7c                ucAlignJobsRunningAndSelected
 .text.uiGetNumValidationCodeList
                0x00032f40       0x10 ./src/spiwin2.o
                0x00032f40                uiGetNumValidationCodeList
 .text.vCodelistTouched
                0x00032f50       0x18 ./src/spiwin2.o
                0x00032f50                vCodelistTouched
 .text.vValidateCodeList
                0x00032f68       0x5c ./src/spiwin2.o
                0x00032f68                vValidateCodeList
 .text.ucIsValidCodeList
                0x00032fc4       0x44 ./src/spiwin2.o
                0x00032fc4                ucIsValidCodeList
 .text.vSetActiveProductCode
                0x00033008       0x98 ./src/spiwin2.o
                0x00033008                vSetActiveProductCode
 .text.vRefreshActiveProductCode
                0x000330a0       0x10 ./src/spiwin2.o