Archive member included because of file (symbol)

/usr/local/lpcxpresso_7.8.0_426/lpcxpresso/tools/bin/../lib/gcc/arm-none-eabi/4.9.3/../../../../arm-none-eabi/lib/libcr_semihost.a(_cr__main.o)
                              ./src/cr_startup_lpc23.o (__main)
/usr/local/lpcxpresso_7.8.0_426/lpcxpresso/tools/bin/../lib/gcc/arm-none-eabi/4.9.3/../../../../arm-none-eabi/lib/libcr_c.a(memcpy.o)
                              ./src/Anybus.o (memcpy)
/usr/local/lpcxpresso_7.8.0_426/lpcxpresso/tools/bin/../lib/gcc/arm-none-eabi/4.9.3/../../../../arm-none-eabi/lib/libcr_c.a(memset.o)
                              ./src/Anybus.o (memset)
/usr/local/lpcxpresso_7.8.0_426/lpcxpresso/tools/bin/../lib/gcc/arm-none-eabi/4.9.3/../../../../arm-none-eabi/lib/libcr_c.a(alloc.o)
                              ./src/az4186_files.o (malloc)
/usr/local/lpcxpresso_7.8.0_426/lpcxpresso/tools/bin/../lib/gcc/arm-none-eabi/4.9.3/../../../../arm-none-eabi/lib/libcr_c.a(ctype.o)
                              ./src/az4186_eeprom_24c04.o (toupper)
/usr/local/lpcxpresso_7.8.0_426/lpcxpresso/tools/bin/../lib/gcc/arm-none-eabi/4.9.3/../../../../arm-none-eabi/lib/libcr_c.a(fabs.o)
                              ./src/popup.o (fabs)
/usr/local/lpcxpresso_7.8.0_426/lpcxpresso/tools/bin/../lib/gcc/arm-none-eabi/4.9.3/../../../../arm-none-eabi/lib/libcr_c.a(fpprintf.o)
                              ./src/Anybus.o (sprintf)
/usr/local/lpcxpresso_7.8.0_426/lpcxpresso/tools/bin/../lib/gcc/arm-none-eabi/4.9.3/../../../../arm-none-eabi/lib/libcr_c.a(initio.o)
                              /usr/local/lpcxpresso_7.8.0_426/lpcxpresso/tools/bin/../lib/gcc/arm-none-eabi/4.9.3/../../../../arm-none-eabi/lib/libcr_semihost.a(_cr__main.o) (_initio)
/usr/local/lpcxpresso_7.8.0_426/lpcxpresso/tools/bin/../lib/gcc/arm-none-eabi/4.9.3/../../../../arm-none-eabi/lib/libcr_c.a(memcmp.o)
                              ./src/az4186_program_codes.o (memcmp)
/usr/local/lpcxpresso_7.8.0_426/lpcxpresso/tools/bin/../lib/gcc/arm-none-eabi/4.9.3/../../../../arm-none-eabi/lib/libcr_c.a(printf.o)
                              /usr/local/lpcxpresso_7.8.0_426/lpcxpresso/tools/bin/../lib/gcc/arm-none-eabi/4.9.3/../../../../arm-none-eabi/lib/libcr_c.a(fpprintf.o) (__vfprintf)
/usr/local/lpcxpresso_7.8.0_426/lpcxpresso/tools/bin/../lib/gcc/arm-none-eabi/4.9.3/../../../../arm-none-eabi/lib/libcr_c.a(scanf.o)
                              ./src/params.o (sscanf)
/usr/local/lpcxpresso_7.8.0_426/lpcxpresso/tools/bin/../lib/gcc/arm-none-eabi/4.9.3/../../../../arm-none-eabi/lib/libcr_c.a(setvbuf.o)
                              /usr/local/lpcxpresso_7.8.0_426/lpcxpresso/tools/bin/../lib/gcc/arm-none-eabi/4.9.3/../../../../arm-none-eabi/lib/libcr_c.a(initio.o) (setvbuf)
/usr/local/lpcxpresso_7.8.0_426/lpcxpresso/tools/bin/../lib/gcc/arm-none-eabi/4.9.3/../../../../arm-none-eabi/lib/libcr_c.a(stdio.o)
                              /usr/local/lpcxpresso_7.8.0_426/lpcxpresso/tools/bin/../lib/gcc/arm-none-eabi/4.9.3/../../../../arm-none-eabi/lib/libcr_c.a(fpprintf.o) (__Ciob)
/usr/local/lpcxpresso_7.8.0_426/lpcxpresso/tools/bin/../lib/gcc/arm-none-eabi/4.9.3/../../../../arm-none-eabi/lib/libcr_c.a(stdlib.o)
                              ./src/az4186_emc.o (rand)
/usr/local/lpcxpresso_7.8.0_426/lpcxpresso/tools/bin/../lib/gcc/arm-none-eabi/4.9.3/../../../../arm-none-eabi/lib/libcr_c.a(strcat.o)
                              ./src/Anybus.o (strcat)
/usr/local/lpcxpresso_7.8.0_426/lpcxpresso/tools/bin/../lib/gcc/arm-none-eabi/4.9.3/../../../../arm-none-eabi/lib/libcr_c.a(strchr.o)
                              ./src/Anybus.o (strchr)
/usr/local/lpcxpresso_7.8.0_426/lpcxpresso/tools/bin/../lib/gcc/arm-none-eabi/4.9.3/../../../../arm-none-eabi/lib/libcr_c.a(strcmp.o)
                              ./src/az4186_eeprom_24c04.o (strcmp)
/usr/local/lpcxpresso_7.8.0_426/lpcxpresso/tools/bin/../lib/gcc/arm-none-eabi/4.9.3/../../../../arm-none-eabi/lib/libcr_c.a(strcpy.o)
                              ./src/Anybus.o (strcpy)
/usr/local/lpcxpresso_7.8.0_426/lpcxpresso/tools/bin/../lib/gcc/arm-none-eabi/4.9.3/../../../../arm-none-eabi/lib/libcr_c.a(strlen.o)
                              ./src/Anybus.o (strlen)
/usr/local/lpcxpresso_7.8.0_426/lpcxpresso/tools/bin/../lib/gcc/arm-none-eabi/4.9.3/../../../../arm-none-eabi/lib/libcr_c.a(strncat.o)
                              ./src/Anybus.o (strncat)
/usr/local/lpcxpresso_7.8.0_426/lpcxpresso/tools/bin/../lib/gcc/arm-none-eabi/4.9.3/../../../../arm-none-eabi/lib/libcr_c.a(strncmp.o)
                              ./src/Anybus.o (strncmp)
/usr/local/lpcxpresso_7.8.0_426/lpcxpresso/tools/bin/../lib/gcc/arm-none-eabi/4.9.3/../../../../arm-none-eabi/lib/libcr_c.a(strncpy.o)
                              ./src/Anybus.o (strncpy)
/usr/local/lpcxpresso_7.8.0_426/lpcxpresso/tools/bin/../lib/gcc/arm-none-eabi/4.9.3/../../../../arm-none-eabi/lib/libcr_c.a(strstr.o)
                              ./src/Anybus.o (strstr)
[...]
Memory Configuration

Name             Origin             Length             Attributes
MFlash512        0x00000000         0x0007e000         xr
Ram64            0x40000000         0x00010000         xrw
RAM_ETH_16       0x7fe00000         0x00004000         xrw
RAM_USB_16       0x7fd00000         0x00004000         xrw
RAM_RTC_2        0xe0084000         0x00000800         xrw
*default*        0x00000000         0xffffffff

Linker script and memory map

LOAD ./src/Anybus.o
LOAD ./src/I2C_Master.o
LOAD ./src/az4186_can.o
LOAD ./src/az4186_dac.o
LOAD ./src/az4186_eeprom_24c04.o
LOAD ./src/az4186_emc.o
LOAD ./src/az4186_files.o
LOAD ./src/az4186_initHw.o
LOAD ./src/az4186_program_codes.o
LOAD ./src/az4186_temperature_compensation.o
LOAD ./src/az4186_window_temperature_compensation.o
LOAD ./src/codelist.o
LOAD ./src/cr_startup_lpc23.o
LOAD ./src/crp.o
LOAD ./src/diskio.o
LOAD ./src/dma.o
LOAD ./src/fat_time.o
LOAD ./src/file_list.o
LOAD ./src/gui.o
LOAD ./src/i2c.o
LOAD ./src/inverse_v1.o
LOAD ./src/lcd.o
LOAD ./src/main.o
LOAD ./src/mci.o
LOAD ./src/params.o
LOAD ./src/popup.o
LOAD ./src/rtcDS3231_newer.o
LOAD ./src/spi.o
LOAD ./src/spidbg.o
LOAD ./src/spiglb.o
LOAD ./src/spimis.o
LOAD ./src/spiutils.o
LOAD ./src/spiwin2.o
LOAD ./src/target.o
LOAD ./src/vdip.o
LOAD ./src/xxtea.o
LOAD ./ff9/src/option/ccsbcs.o
LOAD ./ff9/src/option/syscall.o
LOAD ./ff9/src/ff.o
LOAD ./CANopen_stack/LPC2388/CO_driver.o
LOAD ./CANopen_stack/LPC2388/co_od.o
LOAD ./CANopen_stack/CANopen.o
LOAD ./CANopen_stack/CO_Emergency.o
LOAD ./CANopen_stack/CO_HBconsumer.o
LOAD ./CANopen_stack/CO_NMT_Heartbeat.o
LOAD ./CANopen_stack/CO_PDO.o
LOAD ./CANopen_stack/CO_SDO.o
LOAD ./CANopen_stack/CO_SDOmaster.o
LOAD ./CANopen_stack/CO_SYNC.o
START GROUP
LOAD /usr/local/lpcxpresso_7.8.0_426/lpcxpresso/tools/bin/../lib/gcc/arm-none-eabi/4.9.3/../../../../arm-none-eabi/lib/libcr_semihost.a
LOAD /usr/local/lpcxpresso_7.8.0_426/lpcxpresso/tools/bin/../lib/gcc/arm-none-eabi/4.9.3/../../../../arm-none-eabi/lib/libcr_c.a
LOAD /usr/local/lpcxpresso_7.8.0_426/lpcxpresso/tools/bin/../lib/gcc/arm-none-eabi/4.9.3/libcr_eabihelpers.a
END GROUP
                0x0007e000                __top_MFlash512 = 0x7e000
                0x40010000                __top_Ram64 = 0x40010000
                0x7fe04000                __top_RAM_ETH_16 = 0x7fe04000
                0x7fd04000                __top_RAM_USB_16 = 0x7fd04000
                0xe0084800                __top_RAM_RTC_2 = 0xe0084800

user_fw_version
                0x00008000       0x29
 user_fw_version
                0x00008000       0x29 ./src/main.o
                0x00008000                ucFirmwareVersion

MAIN_ENTRY_POINT
                0x00008100       0x60
                0x00008100                . = ALIGN (0x4)
 *(.MAIN_ENTRY_POINT)
 *(.text.main)
 MAIN_ENTRY_POINT
                0x00008100       0x60 ./src/main.o
                0x00008100                main

.text           0x00008160    0x591a8
 FILL mask 0xff
                0x00008160                __vectors_start__ = ABSOLUTE (.)
 *(.isr_vector)
 .isr_vector    0x00008160      0x17c ./src/cr_startup_lpc23.o
                0x00008160                _boot
                0x000081b0                _mainCRTStartup
                0x000081b0                _start
                0x000081b0                start
                0x000082bc                reset
                0x000082bc                _reset
                0x000082dc                . = ALIGN (0x4)
                0x000082dc                __section_table_start = .
                0x000082dc                __data_section_table = .
                0x000082dc        0x4 LONG 0x61308 LOADADDR (.data)
                0x000082e0        0x4 LONG 0x40000000 ADDR (.data)
                0x000082e4        0x4 LONG 0xd18 SIZEOF (.data)
                0x000082e8        0x4 LONG 0x61308 LOADADDR (.data_RAM2)
                0x000082ec        0x4 LONG 0x7fe00000 ADDR (.data_RAM2)
                0x000082f0        0x4 LONG 0x0 SIZEOF (.data_RAM2)
                0x000082f4        0x4 LONG 0x61308 LOADADDR (.data_RAM3)
                0x000082f8        0x4 LONG 0x7fd00000 ADDR (.data_RAM3)
                0x000082fc        0x4 LONG 0x0 SIZEOF (.data_RAM3)
                0x00008300        0x4 LONG 0x61308 LOADADDR (.data_RAM4)
                0x00008304        0x4 LONG 0xe0084000 ADDR (.data_RAM4)
                0x00008308        0x4 LONG 0x0 SIZEOF (.data_RAM4)
                0x0000830c                __data_section_table_end = .
                0x0000830c                __bss_section_table = .
                0x0000830c        0x4 LONG 0x40002380 ADDR (.bss)
                0x00008310        0x4 LONG 0x7f60 SIZEOF (.bss)
                0x00008314        0x4 LONG 0x7fe00000 ADDR (.bss_RAM2)
                0x00008318        0x4 LONG 0x0 SIZEOF (.bss_RAM2)
                0x0000831c        0x4 LONG 0x7fd00000 ADDR (.bss_RAM3)
                0x00008320        0x4 LONG 0x0 SIZEOF (.bss_RAM3)
                0x00008324        0x4 LONG 0xe0084000 ADDR (.bss_RAM4)
                0x00008328        0x4 LONG 0x0 SIZEOF (.bss_RAM4)
                0x0000832c                __bss_section_table_end = .
                0x0000832c                __section_table_end = .
 *(.after_vectors*)
                0x000001fc                . = 0x1fc
 *fill*         0x0000832c       0x30 ff
                0x0000835c                PROVIDE (__CRP_WORD_START__, .)
 *(.crp)
 .crp           0x0000835c        0x4 ./src/crp.o
                0x0000835c                CRP_WORD
                0x00008360                PROVIDE (__CRP_WORD_END__, .)
                0x00000001                ASSERT (! ((__CRP_WORD_START__ == __CRP_WORD_END__)), Linker CRP Enabled, but no CRP_WORD provided within application)
 *(.text*)
 .text.ucInitDataProducer_productList
                0x00008360       0x28 ./src/Anybus.o
                0x00008360                ucInitDataProducer_productList
 .text.vUpdateAnybusLogString
                0x00008388      0x124 ./src/Anybus.o
 .text.ucDataProducer_productList
                0x000084ac      0x594 ./src/Anybus.o
                0x000084ac                ucDataProducer_productList
 .text.ucInitDataConsumer_productList
                0x00008a40       0x44 ./src/Anybus.o
                0x00008a40                ucInitDataConsumer_productList
 .text.vUartAnybus_Init
                0x00008a84       0x20 ./src/Anybus.o
                0x00008a84                vUartAnybus_Init
 .text.uiUartAnybus_getRxByte
                0x00008aa4       0x9c ./src/Anybus.o
                0x00008aa4                uiUartAnybus_getRxByte
 .text.ucUartAnybus_PostTxCommand
                0x00008b40       0x54 ./src/Anybus.o
                0x00008b40                ucUartAnybus_PostTxCommand
 .text.vUartAnybus_RefreshStatus
                0x00008b94       0x9c ./src/Anybus.o
                0x00008b94                vUartAnybus_RefreshStatus
 .text.vUartAnybus_Handle
                0x00008c30      0x274 ./src/Anybus.o
                0x00008c30                vUartAnybus_Handle
 .text.uiModbus_Crc
                0x00008ea4       0x44 ./src/Anybus.o
                0x00008ea4                uiModbus_Crc
 .text.ucAnybus_TxMessageBusy
                0x00008ee8       0x1c ./src/Anybus.o
                0x00008ee8                ucAnybus_TxMessageBusy
 .text.ucAnybus_TxMessageOk
                0x00008f04       0x1c ./src/Anybus.o
                0x00008f04                ucAnybus_TxMessageOk
 .text.vAnybusTxRx_Init
                0x00008f20       0x28 ./src/Anybus.o
                0x00008f20                vAnybusTxRx_Init
 .text.ucPostAnybusMessage_updateParameter
                0x00008f48      0x15c ./src/Anybus.o
                0x00008f48                ucPostAnybusMessage_updateParameter
 .text.ucPostAnybusMessage_generalParameterWrite
                0x000090a4       0x50 ./src/Anybus.o
                0x000090a4                ucPostAnybusMessage_generalParameterWrite
 .text.ucPostAnybusMessage_generalParameterRead
                0x000090f4       0x50 ./src/Anybus.o
                0x000090f4                ucPostAnybusMessage_generalParameterRead
 .text.ucCreateApplicationParameter
                0x00009144      0x290 ./src/Anybus.o
                0x00009144                ucCreateApplicationParameter
 .text.ucAnybus_FileWrite
                0x000093d4       0xb0 ./src/Anybus.o
                0x000093d4                ucAnybus_FileWrite
 .text.ucAnybus_FileRead
                0x00009484       0x90 ./src/Anybus.o
                0x00009484                ucAnybus_FileRead
 .text.ucAnybus_FileClose
                0x00009514       0x7c ./src/Anybus.o
                0x00009514                ucAnybus_FileClose
 .text.ucAnybus_FileOpen
                0x00009590       0xc0 ./src/Anybus.o
                0x00009590                ucAnybus_FileOpen
 .text.ucAnybus_FileDelete
                0x00009650       0x94 ./src/Anybus.o
                0x00009650                ucAnybus_FileDelete
 .text.vReinitTimers_AnybusTxRx
                0x000096e4       0x48 ./src/Anybus.o
                0x000096e4                vReinitTimers_AnybusTxRx
 .text.vAnybusTxRx_Handle
                0x0000972c      0xf54 ./src/Anybus.o
                0x0000972c                vAnybusTxRx_Handle
 .text.uiCanIAcceptRemoteControl
                0x0000a680       0xc4 ./src/Anybus.o
                0x0000a680                uiCanIAcceptRemoteControl
 .text.pcGetAnybusMacAddress
                0x0000a744        0xc ./src/Anybus.o
                0x0000a744                pcGetAnybusMacAddress
 .text.pcSkipBlank
                0x0000a750       0x30 ./src/Anybus.o
                0x0000a750                pcSkipBlank
 .text.pcFindBlank
                0x0000a780       0x30 ./src/Anybus.o
                0x0000a780                pcFindBlank
 .text.pcFindChar
                0x0000a7b0       0x28 ./src/Anybus.o
                0x0000a7b0                pcFindChar
 .text.ucDataConsumer_productList
                0x0000a7d8      0x72c ./src/Anybus.o
                0x0000a7d8                ucDataConsumer_productList
 .text.vUpdateAnybusStartString
                0x0000af04       0xb0 ./src/Anybus.o
                0x0000af04                vUpdateAnybusStartString
 .text.vUpdateAnybusProductionString
                0x0000afb4       0xb0 ./src/Anybus.o
                0x0000afb4                vUpdateAnybusProductionString
 .text.vUpdateAnybusEndProductionString
                0x0000b064       0xb0 ./src/Anybus.o
                0x0000b064                vUpdateAnybusEndProductionString
 .text.vAnybusSprintProductionString
                0x0000b114      0x10c ./src/Anybus.o
                0x0000b114                vAnybusSprintProductionString
 .text.vLog_production_log
                0x0000b220       0x98 ./src/Anybus.o
                0x0000b220                vLog_production_log
 .text.vLogStartProduzione
                0x0000b2b8       0xc4 ./src/Anybus.o
                0x0000b2b8                vLogStartProduzione
 .text.vLogStopProduzione
                0x0000b37c       0xa0 ./src/Anybus.o
                0x0000b37c                vLogStopProduzione
 .text.vLogEndProduzione
                0x0000b41c       0x80 ./src/Anybus.o
                0x0000b41c                vLogEndProduzione
 .text.vLogAlarm
                0x0000b49c       0xc4 ./src/Anybus.o
                0x0000b49c                vLogAlarm
 .text.ucRemoteCommandRunning
                0x0000b560       0x10 ./src/Anybus.o
                0x0000b560                ucRemoteCommandRunning
 .text.ucRemoteCommandAsking
                0x0000b570       0x10 ./src/Anybus.o
                0x0000b570                ucRemoteCommandAsking
 .text.vRemoteCommandsFlagsInit
                0x0000b580       0x24 ./src/Anybus.o
                0x0000b580                vRemoteCommandsFlagsInit
 .text.vRemoteCommandAskingSet
                0x0000b5a4       0x3c ./src/Anybus.o
                0x0000b5a4                vRemoteCommandAskingSet
 .text.vRemoteCommandAskingReply
                0x0000b5e0       0x44 ./src/Anybus.o
                0x0000b5e0                vRemoteCommandAskingReply
 .text.vInitStructSuspendAnybusOp
                0x0000b624       0x20 ./src/Anybus.o
                0x0000b624                vInitStructSuspendAnybusOp
 .text.vHMA_init
                0x0000b644       0xa4 ./src/Anybus.o
                0x0000b644                vHMA_init
 .text.uiHasBeenAckRequestSuspendAnybusOp
                0x0000b6e8       0x34 ./src/Anybus.o
                0x0000b6e8                uiHasBeenAckRequestSuspendAnybusOp
 .text.uiHasBeenRequestSuspendAnybusOp
                0x0000b71c       0x18 ./src/Anybus.o
                0x0000b71c                uiHasBeenRequestSuspendAnybusOp
 .text.uiRequestSuspendAnybusOp
                0x0000b734       0x24 ./src/Anybus.o
                0x0000b734                uiRequestSuspendAnybusOp
 .text.vHMA_handle
                0x0000b758     0x1bac ./src/Anybus.o
                0x0000b758                vHMA_handle
 .text.ucWaitI2Cbus
                0x0000d304       0xf4 ./src/I2C_Master.o
                0x0000d304                ucWaitI2Cbus
 .text.vSignalI2Cbus
                0x0000d3f8        0x4 ./src/I2C_Master.o
                0x0000d3f8                vSignalI2Cbus
 .text.SendByteMax519
                0x0000d3fc       0x94 ./src/I2C_Master.o
                0x0000d3fc                SendByteMax519
 .text.ucSendCommandPosTaglioMax519_Interrupt
                0x0000d490       0xa0 ./src/I2C_Master.o
                0x0000d490                ucSendCommandPosTaglioMax519_Interrupt
 .text.ucSendCommandPosTaglioMax519_Main
                0x0000d530       0x84 ./src/I2C_Master.o
                0x0000d530                ucSendCommandPosTaglioMax519_Main
 .text.vInitI2c
                0x0000d5b4       0x24 ./src/I2C_Master.o
                0x0000d5b4                vInitI2c
 .text.ui_init_canbus.part.0
                0x0000d5d8      0x1b4 ./src/az4186_can.o
 .text.ui_init_canbus
                0x0000d78c       0x18 ./src/az4186_can.o
                0x0000d78c                ui_init_canbus
 .text.CAN_set_acceptance_filter_lookup
                0x0000d7a4       0xac ./src/az4186_can.o
                0x0000d7a4                CAN_set_acceptance_filter_lookup
 .text.CAN_set_acceptance_filter
                0x0000d850       0x90 ./src/az4186_can.o
                0x0000d850                CAN_set_acceptance_filter
 .text.dw_can1_send_message
                0x0000d8e0      0x1e4 ./src/az4186_can.o
                0x0000d8e0                dw_can1_send_message
 .text.dw_can2_send_message
                0x0000dac4      0x1f0 ./src/az4186_can.o
                0x0000dac4                dw_can2_send_message
 .text.CAN1callback
                0x0000dcb4       0x44 ./src/az4186_can.o
                0x0000dcb4                CAN1callback
 .text.CAN_ISR_Rx1
                0x0000dcf8      0x16c ./src/az4186_can.o
                0x0000dcf8                CAN_ISR_Rx1
 .text.CAN2callback
                0x0000de64       0x44 ./src/az4186_can.o
                0x0000de64                CAN2callback
 .text.CAN_ISR_Rx2
                0x0000dea8      0x16c ./src/az4186_can.o
                0x0000dea8                CAN_ISR_Rx2
 .text.CAN_irq_handler
                0x0000e014       0xac ./src/az4186_can.o
                0x0000e014                CAN_irq_handler
 .text.ui_write_canopen_parameter
                0x0000e0c0       0xbc ./src/az4186_can.o
                0x0000e0c0                ui_write_canopen_parameter
 .text.ui_check_end_of_parameter_write
                0x0000e17c       0xb4 ./src/az4186_can.o
                0x0000e17c                ui_check_end_of_parameter_write
 .text.ui_set_canopen_analog_input_refresh_period_ms
                0x0000e230       0x7c ./src/az4186_can.o
                0x0000e230                ui_set_canopen_analog_input_refresh_period_ms
 .text.ui_set_canopen_analog_input_type
                0x0000e2ac       0x78 ./src/az4186_can.o
                0x0000e2ac                ui_set_canopen_analog_input_type
 .text.ui_set_canopen_analog_input_type_2
                0x0000e324       0x74 ./src/az4186_can.o
                0x0000e324                ui_set_canopen_analog_input_type_2
 .text.v_canopen_nodes_operational
                0x0000e398       0xe8 ./src/az4186_can.o
                0x0000e398                v_canopen_nodes_operational
 .text.ui_get_canopen_temperature
                0x0000e480       0x84 ./src/az4186_can.o
                0x0000e480                ui_get_canopen_temperature
 .text.ui_get_canopen_temperature_cold_junction
                0x0000e504       0x5c ./src/az4186_can.o
                0x0000e504                ui_get_canopen_temperature_cold_junction
 .text.ul_get_canbus_living_counter
                0x0000e560       0x10 ./src/az4186_can.o
                0x0000e560                ul_get_canbus_living_counter
 .text.v_init_canopen_init_seq
                0x0000e570       0x20 ./src/az4186_can.o
                0x0000e570                v_init_canopen_init_seq
 .text.v_handle_canopen_init_seq
                0x0000e590      0x148 ./src/az4186_can.o
                0x0000e590                v_handle_canopen_init_seq
 .text.canopen_init
                0x0000e6d8       0x3c ./src/az4186_can.o
                0x0000e6d8                canopen_init
 .text.CO_ODF_1010
                0x0000e714        0x8 ./src/az4186_can.o
                0x0000e714                CO_ODF_1010
 .text.CO_ODF_1011
                0x0000e71c        0x8 ./src/az4186_can.o
                0x0000e71c                CO_ODF_1011
 .text.ODF_testDomain
                0x0000e724        0x8 ./src/az4186_can.o
                0x0000e724                ODF_testDomain
 .text.ui_canopen_init
                0x0000e72c       0x1c ./src/az4186_can.o
                0x0000e72c                ui_canopen_init
 .text.ui_canopen_process
                0x0000e748       0x34 ./src/az4186_can.o
                0x0000e748                ui_canopen_process
 .text.v_process_canopen_rpdo
                0x0000e77c       0x1c ./src/az4186_can.o
                0x0000e77c                v_process_canopen_rpdo
 .text.v_process_canopen_tpdo
                0x0000e798       0x1c ./src/az4186_can.o
                0x0000e798                v_process_canopen_tpdo
 .text.vUpdateDacPortValue
                0x0000e7b4       0x38 ./src/az4186_dac.o
                0x0000e7b4                vUpdateDacPortValue
 .text.ui_read_dac_selected_portata
                0x0000e7ec       0x10 ./src/az4186_dac.o
                0x0000e7ec                ui_read_dac_selected_portata
 .text.v_dac_init
                0x0000e7fc       0x2c ./src/az4186_dac.o
                0x0000e7fc                v_dac_init
 .text.v_eeprom_set_address
                0x0000e828       0x78 ./src/az4186_eeprom_24c04.o
                0x0000e828                v_eeprom_set_address
 .text.v_eeprom_read_bytes
                0x0000e8a0       0x5c ./src/az4186_eeprom_24c04.o
                0x0000e8a0                v_eeprom_read_bytes
 .text.v_eeprom_write_bytes
                0x0000e8fc       0xd4 ./src/az4186_eeprom_24c04.o
                0x0000e8fc                v_eeprom_write_bytes
 .text.ui_eeprom_verify_signature
                0x0000e9d0       0x4c ./src/az4186_eeprom_24c04.o
                0x0000e9d0                ui_eeprom_verify_signature
 .text.v_eeprom_write_signature
                0x0000ea1c       0x44 ./src/az4186_eeprom_24c04.o
                0x0000ea1c                v_eeprom_write_signature
 .text.v_init_eeprom
                0x0000ea60       0x20 ./src/az4186_eeprom_24c04.o
                0x0000ea60                v_init_eeprom
 .text.v_erase_eeprom_datum
                0x0000ea80       0xfc ./src/az4186_eeprom_24c04.o
                0x0000ea80                v_erase_eeprom_datum
 .text.v_save_eeprom_datum
                0x0000eb7c      0x100 ./src/az4186_eeprom_24c04.o
                0x0000eb7c                v_save_eeprom_datum
 .text.ui_read_eeprom_datum
                0x0000ec7c      0x118 ./src/az4186_eeprom_24c04.o
                0x0000ec7c                ui_read_eeprom_datum
 .text.ui_update_eeprom_datum
                0x0000ed94       0x84 ./src/az4186_eeprom_24c04.o
                0x0000ed94                ui_update_eeprom_datum
 .text.ui_load_from_eeprom_datum
                0x0000ee18       0xe8 ./src/az4186_eeprom_24c04.o
                0x0000ee18                ui_load_from_eeprom_datum
 .text.ui_load_from_eeprom_all_data
                0x0000ef00       0x38 ./src/az4186_eeprom_24c04.o
                0x0000ef00                ui_load_from_eeprom_all_data
 .text.ui_save_to_eeprom_all_data
                0x0000ef38       0x60 ./src/az4186_eeprom_24c04.o
                0x0000ef38                ui_save_to_eeprom_all_data
 .text.v_format_eeprom
                0x0000ef98       0x58 ./src/az4186_eeprom_24c04.o
                0x0000ef98                v_format_eeprom
 .text.ui_save_encrypted_param
                0x0000eff0      0x1f0 ./src/az4186_eeprom_24c04.o
                0x0000eff0                ui_save_encrypted_param
 .text.v_handle_eeprom
                0x0000f1e0       0xcc ./src/az4186_eeprom_24c04.o
                0x0000f1e0                v_handle_eeprom
 .text.ui_enable_external_ram
                0x0000f2ac       0x3c ./src/az4186_emc.o
                0x0000f2ac                ui_enable_external_ram
 .text.vEMC_az4186_fpga_init
                0x0000f2e8       0xdc ./src/az4186_emc.o
                0x0000f2e8                vEMC_az4186_fpga_init
 .text.ui_write_single_object_file
                0x0000f3c4       0x6c ./src/az4186_files.o
 .text.ui_read_single_object_file
                0x0000f430       0x6c ./src/az4186_files.o
                0x0000f430                ui_read_single_object_file
 .text.ui_write_lcd_calibration_file
                0x0000f49c       0x34 ./src/az4186_files.o
                0x0000f49c                ui_write_lcd_calibration_file
 .text.ui_read_lcd_calibration_file
                0x0000f4d0       0x18 ./src/az4186_files.o
                0x0000f4d0                ui_read_lcd_calibration_file
 .text.ui_write_macparams_file
                0x0000f4e8       0x34 ./src/az4186_files.o
                0x0000f4e8                ui_write_macparams_file
 .text.ui_read_macparams_file
                0x0000f51c       0x18 ./src/az4186_files.o
                0x0000f51c                ui_read_macparams_file
 .text.pRead_private_parameter
                0x0000f534       0x68 ./src/az4186_files.o
                0x0000f534                pRead_private_parameter
 .text.pRead_custom_string20
                0x0000f59c       0x98 ./src/az4186_files.o
                0x0000f59c                pRead_custom_string20
 .text.pWrite_custom_string20
                0x0000f634       0x8c ./src/az4186_files.o
                0x0000f634                pWrite_custom_string20
 .text.pRead_custom_string40
                0x0000f6c0       0x90 ./src/az4186_files.o
                0x0000f6c0                pRead_custom_string40
 .text.pWrite_custom_string40
                0x0000f750       0x8c ./src/az4186_files.o
                0x0000f750                pWrite_custom_string40
 .text.disableIRQ
                0x0000f7dc       0x3c ./src/az4186_initHw.o
                0x0000f7dc                disableIRQ
 .text.enableIRQ
                0x0000f818       0x34 ./src/az4186_initHw.o
                0x0000f818                enableIRQ
 .text.vInitDataAndBssSections
                0x0000f84c       0x4c ./src/az4186_initHw.o
                0x0000f84c                vInitDataAndBssSections
 .text.v_wait_microseconds
                0x0000f898       0x20 ./src/az4186_initHw.o
                0x0000f898                v_wait_microseconds
 .text.vAZ4186_InitHwStuff
                0x0000f8b8       0x7c ./src/az4186_initHw.o
                0x0000f8b8                vAZ4186_InitHwStuff
 .text.v_reset_az4186
                0x0000f934       0x48 ./src/az4186_initHw.o
                0x0000f934                v_reset_az4186
 .text.ui_check_version_of_product_codes_file
                0x0000f97c      0x2bc ./src/az4186_program_codes.o
                0x0000f97c                ui_check_version_of_product_codes_file
 .text.ui_register_product_codes
                0x0000fc38       0x5c ./src/az4186_program_codes.o
                0x0000fc38                ui_register_product_codes
 .text.ui_product_file_read_body
                0x0000fc94       0x70 ./src/az4186_program_codes.o
                0x0000fc94                ui_product_file_read_body
 .text.ui_product_file_write_body
                0x0000fd04       0x70 ./src/az4186_program_codes.o
                0x0000fd04                ui_product_file_write_body
 .text.move_prg_pointer_retcode
                0x0000fd74       0x98 ./src/az4186_program_codes.o
                0x0000fd74                move_prg_pointer_retcode
 .text.ucCmpCodiciProgrammaJolly
                0x0000fe0c       0x48 ./src/az4186_program_codes.o
                0x0000fe0c                ucCmpCodiciProgrammaJolly
 .text.ucSearchCodiceProgramma
                0x0000fe54      0x2d4 ./src/az4186_program_codes.o
                0x0000fe54                ucSearchCodiceProgramma
 .text.uiGetActPrg
                0x00010128       0x28 ./src/az4186_program_codes.o
                0x00010128                uiGetActPrg
 .text.uiGetRunningPrg
                0x00010150       0x28 ./src/az4186_program_codes.o
                0x00010150                uiGetRunningPrg
 .text.uiSetActPrg
                0x00010178       0xcc ./src/az4186_program_codes.o
                0x00010178                uiSetActPrg
 .text.uiSetRunningPrg
                0x00010244       0xcc ./src/az4186_program_codes.o
                0x00010244                uiSetRunningPrg
 .text.ucSaveRunningPrg
                0x00010310       0xcc ./src/az4186_program_codes.o
                0x00010310                ucSaveRunningPrg
 .text.ucSaveActPrg
                0x000103dc       0xf0 ./src/az4186_program_codes.o
                0x000103dc                ucSaveActPrg
 .text.v_add_default_product_code
                0x000104cc      0x188 ./src/az4186_program_codes.o
                0x000104cc                v_add_default_product_code
 .text.vInitProgramList
                0x00010654       0x7c ./src/az4186_program_codes.o
                0x00010654                vInitProgramList
 .text.InsertPrg
                0x000106d0       0x7c ./src/az4186_program_codes.o
                0x000106d0                InsertPrg
 .text.DeleteProgramma
                0x0001074c      0x188 ./src/az4186_program_codes.o
                0x0001074c                DeleteProgramma
 .text.v_empty_product_codes_list
                0x000108d4       0x20 ./src/az4186_program_codes.o
                0x000108d4                v_empty_product_codes_list
 .text.ui_alarm_reading_temperature
                0x000108f4       0x28 ./src/az4186_temperature_compensation.o
                0x000108f4                ui_alarm_reading_temperature
 .text.ui_temperature_compensation_warmup_finished
                0x0001091c       0x48 ./src/az4186_temperature_compensation.o
                0x0001091c                ui_temperature_compensation_warmup_finished
 .text.ui_update_first_temperature_filter
                0x00010964      0x310 ./src/az4186_temperature_compensation.o
                0x00010964                ui_update_first_temperature_filter
 .text.v_initialize_temperature_compensation
                0x00010c74       0x20 ./src/az4186_temperature_compensation.o
                0x00010c74                v_initialize_temperature_compensation
 .text.v_handle_temperature_compensation
                0x00010c94      0x280 ./src/az4186_temperature_compensation.o
                0x00010c94                v_handle_temperature_compensation
 .text.v_set_alfa_factor
                0x00010f14       0xec ./src/az4186_temperature_compensation.o
                0x00010f14                v_set_alfa_factor
 .text.ui_temperature_compensation_valid
                0x00011000       0x28 ./src/az4186_temperature_compensation.o
                0x00011000                ui_temperature_compensation_valid
 .text.i_ro_compensate_temperature
                0x00011028      0x160 ./src/az4186_temperature_compensation.o
                0x00011028                i_ro_compensate_temperature
 .text.ui_get_averaged_compensation_temperature_celsius
                0x00011188       0xdc ./src/az4186_temperature_compensation.o
                0x00011188                ui_get_averaged_compensation_temperature_celsius
 .text.f_get_temperature_from_normalized_one
                0x00011264       0x34 ./src/az4186_temperature_compensation.o
                0x00011264                f_get_temperature_from_normalized_one
 .text.f_get_alfa_factor
                0x00011298       0x28 ./src/az4186_temperature_compensation.o
                0x00011298                f_get_alfa_factor
 .text.v_get_temperature_compensation_stats
                0x000112c0      0x124 ./src/az4186_temperature_compensation.o
                0x000112c0                v_get_temperature_compensation_stats
 .text.ui_get_temperature_compensated_resistance
                0x000113e4       0x80 ./src/az4186_temperature_compensation.o
                0x000113e4                ui_get_temperature_compensated_resistance
 .text.ui_is_valid_temp_calibration_point_on_act_prg.part.0
                0x00011464       0xa0 ./src/az4186_window_temperature_compensation.o
 .text.ucHW_temperature_compensation_params
                0x00011504      0xb70 ./src/az4186_window_temperature_compensation.o
                0x00011504                ucHW_temperature_compensation_params
 .text.uiLimitCommRpm
                0x00012074      0x554 ./src/codelist.o
                0x00012074                uiLimitCommRpm
 .text.vStringLangCopy
                0x000125c8       0xb4 ./src/codelist.o
                0x000125c8                vStringLangCopy
 .text.pucStringLang
                0x0001267c       0x90 ./src/codelist.o
                0x0001267c                pucStringLang
 .text.vString40LangCopy
                0x0001270c       0xac ./src/codelist.o
                0x0001270c                vString40LangCopy
 .text.ucHW_listaCodici
                0x000127b8      0x58c ./src/codelist.o
                0x000127b8                ucHW_listaCodici
 .text.wait_ready
                0x00012d44       0x48 ./src/diskio.o
 .text.v_generate_diag_alarm
                0x00012d8c       0x34 ./src/diskio.o
 .text.uiSD_Initialize
                0x00012dc0       0xac ./src/diskio.o
                0x00012dc0                uiSD_Initialize
 .text.disk_initialize
                0x00012e6c       0xd4 ./src/diskio.o
                0x00012e6c                disk_initialize
 .text.disk_status
                0x00012f40       0x1c ./src/diskio.o
                0x00012f40                disk_status
 .text.disk_read
                0x00012f5c       0xe0 ./src/diskio.o
                0x00012f5c                disk_read
 .text.disk_write
                0x0001303c      0x12c ./src/diskio.o
                0x0001303c                disk_write
 .text.disk_ioctl
                0x00013168       0xb4 ./src/diskio.o
                0x00013168                disk_ioctl
 .text.ucHasBeenFile_Modified
                0x0001321c       0x40 ./src/diskio.o
                0x0001321c                ucHasBeenFile_Modified
 .text.ucSignalFile_Modified
                0x0001325c       0x54 ./src/diskio.o
                0x0001325c                ucSignalFile_Modified
 .text.DMAHandler
                0x000132b0       0x68 ./src/dma.o
                0x000132b0                DMAHandler
 .text.DMA_Init
                0x00013318       0x70 ./src/dma.o
                0x00013318                DMA_Init
 .text.DMA_Move
                0x00013388      0x138 ./src/dma.o
                0x00013388                DMA_Move
 .text.get_fattime
                0x000134c0       0x60 ./src/fat_time.o
                0x000134c0                get_fattime
 .text.ui_file_list_crc
                0x00013520       0x9c ./src/file_list.o
                0x00013520                ui_file_list_crc
 .text.ui_get_header_body_size_file_list
                0x000135bc       0xac ./src/file_list.o
                0x000135bc                ui_get_header_body_size_file_list
 .text.open_file_list
                0x00013668      0x1c0 ./src/file_list.o
                0x00013668                open_file_list
 .text.create_file_list
                0x00013828      0x1a0 ./src/file_list.o
                0x00013828                create_file_list
 .text.file_list_find_element
                0x000139c8      0x38c ./src/file_list.o
                0x000139c8                file_list_find_element
 .text.insert_file_list
                0x00013d54      0x544 ./src/file_list.o
                0x00013d54                insert_file_list
 .text.delete_file_list
                0x00014298      0x480 ./src/file_list.o
                0x00014298                delete_file_list
 .text.walk_file_list
                0x00014718      0x624 ./src/file_list.o
                0x00014718                walk_file_list
 .text.close_file_list
                0x00014d3c       0x14 ./src/file_list.o
                0x00014d3c                close_file_list
 .text.v_init_file_list_registry
                0x00014d50       0x24 ./src/file_list.o
                0x00014d50                v_init_file_list_registry
 .text.file_list_register
                0x00014d74      0x13c ./src/file_list.o
                0x00014d74                file_list_register
 .text.insert_reg_file_list
                0x00014eb0       0xa8 ./src/file_list.o
                0x00014eb0                insert_reg_file_list
 .text.delete_reg_file_list
                0x00014f58       0x68 ./src/file_list.o
                0x00014f58                delete_reg_file_list
 .text.v_close_reg_file_list
                0x00014fc0       0x58 ./src/file_list.o
                0x00014fc0                v_close_reg_file_list
 .text.ul_reg_file_cur_id
                0x00015018       0xbc ./src/file_list.o
                0x00015018                ul_reg_file_cur_id
 .text.walk_reg_file_list
                0x000150d4      0x1dc ./src/file_list.o
                0x000150d4                walk_reg_file_list
 .text.ucNewKeyPressed
                0x000152b0       0x10 ./src/gui.o
                0x000152b0                ucNewKeyPressed
 .text.ucGetKeyPressed
                0x000152c0       0x18 ./src/gui.o
                0x000152c0                ucGetKeyPressed
 .text.vInitTextOnDisplayQueue
                0x000152d8       0x40 ./src/gui.o
                0x000152d8                vInitTextOnDisplayQueue
 .text.vInitLcdTable
                0x00015318       0x3c ./src/gui.o
                0x00015318                vInitLcdTable
 .text.ucNextLcdId
                0x00015354       0x68 ./src/gui.o
                0x00015354                ucNextLcdId
 .text.ucFreeLcdId
                0x000153bc       0x54 ./src/gui.o
                0x000153bc                ucFreeLcdId
 .text.ucDeleteTextOnDisplayQueue
                0x00015410      0x180 ./src/gui.o
                0x00015410                ucDeleteTextOnDisplayQueue
 .text.ucResetTextOnDisplayQueue
                0x00015590       0x68 ./src/gui.o
                0x00015590                ucResetTextOnDisplayQueue
 .text.ucInsertTextOnDisplayQueue
                0x000155f8      0x2cc ./src/gui.o
                0x000155f8                ucInsertTextOnDisplayQueue
 .text.vCalcAreaTouchScreenTesto
                0x000158c4      0x2d0 ./src/gui.o
                0x000158c4                vCalcAreaTouchScreenTesto
 .text.ucVerifyTouchOnTesto
                0x00015b94       0xe0 ./src/gui.o
                0x00015b94                ucVerifyTouchOnTesto
 .text.ucTextOnDisplay
                0x00015c74       0x94 ./src/gui.o
                0x00015c74                ucTextOnDisplay
 .text.ucBitmap40x25OnDisplay
                0x00015d08      0x13c ./src/gui.o
                0x00015d08                ucBitmap40x25OnDisplay
 .text.vMapTesto
                0x00015e44      0xa48 ./src/gui.o
                0x00015e44                vMapTesto
 .text.ucRenderTextOnVideo
                0x0001688c       0xb0 ./src/gui.o
                0x0001688c                ucRenderTextOnVideo
 .text.vInitImmagine
                0x0001693c       0x1c ./src/gui.o
                0x0001693c                vInitImmagine
 .text.vForceRefreshImmagine
                0x00016958       0x1c ./src/gui.o
                0x00016958                vForceRefreshImmagine
 .text.ucClearScreen
                0x00016974       0x28 ./src/gui.o
                0x00016974                ucClearScreen
 .text.ucImmagineCambiata
                0x0001699c       0x1c ./src/gui.o
                0x0001699c                ucImmagineCambiata
 .text.vResetTextSettings
                0x000169b8       0x24 ./src/gui.o
                0x000169b8                vResetTextSettings
 .text.vInitKbd
                0x000169dc      0x10c ./src/gui.o
                0x000169dc                vInitKbd
 .text.vInitLcd
                0x00016ae8       0xcc ./src/gui.o
                0x00016ae8                vInitLcd
 .text.vCtrlPressedButtons
                0x00016bb4       0xd0 ./src/gui.o
                0x00016bb4                vCtrlPressedButtons
 .text.ucPrintStaticText_MediumFont_Color
                0x00016c84       0xa0 ./src/gui.o
                0x00016c84                ucPrintStaticText_MediumFont_Color
 .text.ucPrintSmallText_ColNames
                0x00016d24       0x9c ./src/gui.o
                0x00016d24                ucPrintSmallText_ColNames
 .text.ucPrintSmallText_ColNames_BackColor
                0x00016dc0       0x9c ./src/gui.o
                0x00016dc0                ucPrintSmallText_ColNames_BackColor
 .text.ucPrintTitleButton
                0x00016e5c      0x1c4 ./src/gui.o
                0x00016e5c                ucPrintTitleButton
 .text.ucPrintBitmapButton
                0x00017020       0xe0 ./src/gui.o
                0x00017020                ucPrintBitmapButton
 .text.ucPrintStaticButton
                0x00017100      0x130 ./src/gui.o
                0x00017100                ucPrintStaticButton
 .text.ucSearchFieldButtonPressed
                0x00017230       0x58 ./src/gui.o
                0x00017230                ucSearchFieldButtonPressed
 .text.ucPrintFieldButton
                0x00017288      0x130 ./src/gui.o
                0x00017288                ucPrintFieldButton
 .text.ucPrintCursorText
                0x000173b8       0xd4 ./src/gui.o
                0x000173b8                ucPrintCursorText
 .text.ucPrintTextTouch
                0x0001748c       0xa8 ./src/gui.o
                0x0001748c                ucPrintTextTouch
 .text.vCalcCoeffsLcdCalibration
                0x00017534      0x308 ./src/gui.o
                0x00017534                vCalcCoeffsLcdCalibration
 .text.ucCalcCrcLcdCalibra
                0x0001783c       0x30 ./src/gui.o
                0x0001783c                ucCalcCrcLcdCalibra
 .text.vSaveCoeffsLcdCalibration
                0x0001786c       0x40 ./src/gui.o
                0x0001786c                vSaveCoeffsLcdCalibration
 .text.vLoadCoeffsLcdCalibration
                0x000178ac       0x78 ./src/gui.o
                0x000178ac                vLoadCoeffsLcdCalibration
 .text.vLinearizzaPosLcd
                0x00017924      0x414 ./src/gui.o
                0x00017924                vLinearizzaPosLcd
 .text.ucCtrlTouch
                0x00017d38      0x130 ./src/gui.o
                0x00017d38                ucCtrlTouch
 .text.vCalibraLcd
                0x00017e68      0x3cc ./src/gui.o
                0x00017e68                vCalibraLcd
 .text.vEnableCalibraLcd
                0x00018234       0x10 ./src/gui.o
                0x00018234                vEnableCalibraLcd
 .text.vVisualizeSplashScreen
                0x00018244       0x38 ./src/gui.o
                0x00018244                vVisualizeSplashScreen
 .text.ucVisualizeSplashScreen
                0x0001827c      0x108 ./src/gui.o
                0x0001827c                ucVisualizeSplashScreen
 .text.vRefreshLcd
                0x00018384      0x414 ./src/gui.o
                0x00018384                vRefreshLcd
 .text.I2C0MasterHandler
                0x00018798      0x2d4 ./src/i2c.o
                0x00018798                I2C0MasterHandler
 .text.ui_get_i2c_alarm_subcode
                0x00018a6c       0x10 ./src/i2c.o
                0x00018a6c                ui_get_i2c_alarm_subcode
 .text.ui_clear_i2c_alarm_subcode
                0x00018a7c       0x14 ./src/i2c.o
                0x00018a7c                ui_clear_i2c_alarm_subcode
 .text.v_generate_alarm_i2c_bus
                0x00018a90       0x40 ./src/i2c.o
                0x00018a90                v_generate_alarm_i2c_bus
 .text.v_signal_accessing_eeprom_i2c
                0x00018ad0       0x10 ./src/i2c.o
                0x00018ad0                v_signal_accessing_eeprom_i2c
 .text.I2CStart
                0x00018ae0       0x70 ./src/i2c.o
                0x00018ae0                I2CStart
 .text.I2CStop  0x00018b50       0x60 ./src/i2c.o
                0x00018b50                I2CStop
 .text.I2CInit  0x00018bb0       0xb4 ./src/i2c.o
                0x00018bb0                I2CInit
 .text.I2CEngine
                0x00018c64       0xd0 ./src/i2c.o
                0x00018c64                I2CEngine
 .text.I2CStart_noWait
                0x00018d34       0x20 ./src/i2c.o
                0x00018d34                I2CStart_noWait
 .text.I2CEngine_Start
                0x00018d54       0x5c ./src/i2c.o
                0x00018d54                I2CEngine_Start
 .text.v_i2c_engine_reset
                0x00018db0       0x44 ./src/i2c.o
                0x00018db0                v_i2c_engine_reset
 .text.I2CEngine_isEnded
                0x00018df4       0x18 ./src/i2c.o
                0x00018df4                I2CEngine_isEnded
 .text.v_verify_unlock_i2c_bus
                0x00018e0c        0x4 ./src/i2c.o
                0x00018e0c                v_verify_unlock_i2c_bus
 .text.cofactor_ij_v1
                0x00018e10      0x288 ./src/inverse_v1.o
                0x00018e10                cofactor_ij_v1
 .text.cofactor_v1
                0x00019098       0x68 ./src/inverse_v1.o
                0x00019098                cofactor_v1
 .text.determinant_v1
                0x00019100       0x80 ./src/inverse_v1.o
                0x00019100                determinant_v1
 .text.transpose_v1
                0x00019180      0x104 ./src/inverse_v1.o
                0x00019180                transpose_v1
 .text.mul_v1   0x00019284       0x88 ./src/inverse_v1.o
                0x00019284                mul_v1
 .text.inverse_v1
                0x0001930c       0x5c ./src/inverse_v1.o
                0x0001930c                inverse_v1
 .text.vMultiplyMatrix4x4_Vector
                0x00019368       0xb8 ./src/inverse_v1.o
                0x00019368                vMultiplyMatrix4x4_Vector
 .text.vSolve4x4System
                0x00019420       0x38 ./src/inverse_v1.o
                0x00019420                vSolve4x4System
 .text.ucTouchScreenPressed
                0x00019458       0x18 ./src/lcd.o
                0x00019458                ucTouchScreenPressed
 .text.vLCD_Init
                0x00019470       0x48 ./src/lcd.o
                0x00019470                vLCD_Init
 .text.LCD_SpiAccess
                0x000194b8       0x38 ./src/lcd.o
                0x000194b8                LCD_SpiAccess
 .text.ucTouchedScreen
                0x000194f0      0x138 ./src/lcd.o
                0x000194f0                ucTouchedScreen
 .text.TFT_write
                0x00019628        0xc ./src/lcd.o
                0x00019628                TFT_write
 .text.TFT_read
                0x00019634        0xc ./src/lcd.o
                0x00019634                TFT_read
 .text.v_signal_timeout_wating_lcd_int
                0x00019640       0x18 ./src/lcd.o
                0x00019640                v_signal_timeout_wating_lcd_int
 .text.LCD_wait_FPGA_done
                0x00019658       0x8c ./src/lcd.o
                0x00019658                LCD_wait_FPGA_done
 .text.Beep     0x000196e4        0x8 ./src/lcd.o
                0x000196e4                Beep
 .text.LCD_Beep
                0x000196ec        0x4 ./src/lcd.o
                0x000196ec                LCD_Beep
 .text.Change_bank
                0x000196f0       0x24 ./src/lcd.o
                0x000196f0                Change_bank
 .text.LCD_toggle_bank
                0x00019714       0x1c ./src/lcd.o
                0x00019714                LCD_toggle_bank
 .text.Read_image_from_flash
                0x00019730      0x100 ./src/lcd.o
                0x00019730                Read_image_from_flash
 .text.LCD_LoadImageOnBackgroundBank
                0x00019830        0x4 ./src/lcd.o
                0x00019830                LCD_LoadImageOnBackgroundBank
 .text.vWriteBMPelement
                0x00019834      0x224 ./src/lcd.o
                0x00019834                vWriteBMPelement
 .text.ucMapDisplayChar
                0x00019a58       0x18 ./src/lcd.o
                0x00019a58                ucMapDisplayChar
 .text.vWriteIconElement
                0x00019a70      0x370 ./src/lcd.o
                0x00019a70                vWriteIconElement
 .text.vWriteIconElement_N
                0x00019de0      0x398 ./src/lcd.o
                0x00019de0                vWriteIconElement_N
 .text.vInitListDisplayElements
                0x0001a178       0x84 ./src/lcd.o
                0x0001a178                vInitListDisplayElements
 .text.ucTroppoPienaListaLcd
                0x0001a1fc       0x38 ./src/lcd.o
                0x0001a1fc                ucTroppoPienaListaLcd
 .text.vResetIconsAndBitmap
                0x0001a234        0x4 ./src/lcd.o
                0x0001a234                vResetIconsAndBitmap
 .text.vCloseListDisplayElements
                0x0001a238       0xf4 ./src/lcd.o
                0x0001a238                vCloseListDisplayElements
 .text.invio_lista
                0x0001a32c       0x8c ./src/lcd.o
                0x0001a32c                invio_lista
 .text.vSelect8bitTouch
                0x0001a3b8        0x8 ./src/lcd.o
                0x0001a3b8                vSelect8bitTouch
 .text.applicazione_lista
                0x0001a3c0       0x14 ./src/lcd.o
                0x0001a3c0                applicazione_lista
 .text.lettura_versione_FW
                0x0001a3d4       0x30 ./src/lcd.o
                0x0001a3d4                lettura_versione_FW
 .text.vInitializeTheDacValues
                0x0001a404       0x2c ./src/main.o
                0x0001a404                vInitializeTheDacValues
 .text.vWaitBootFpga
                0x0001a430      0x24c ./src/main.o
                0x0001a430                vWaitBootFpga
 .text.ulGetPclk.part.4
                0x0001a67c       0x70 ./src/mci.o
 .text.MCI_TXEnable
                0x0001a6ec       0x2c ./src/mci.o
                0x0001a6ec                MCI_TXEnable
 .text.MCI_TXDisable
                0x0001a718       0x2c ./src/mci.o
                0x0001a718                MCI_TXDisable
 .text.MCI_RXEnable
                0x0001a744       0x2c ./src/mci.o
                0x0001a744                MCI_RXEnable
 .text.MCI_CmdProcess
                0x0001a770       0xd0 ./src/mci.o
                0x0001a770                MCI_CmdProcess
 .text.MCI_DataErrorProcess
                0x0001a840       0xd0 ./src/mci.o
                0x0001a840                MCI_DataErrorProcess
 .text.MCI_DATA_END_InterruptService
                0x0001a910       0xa8 ./src/mci.o
                0x0001a910                MCI_DATA_END_InterruptService
 .text.MCI_FIFOInterruptService
                0x0001a9b8       0x18 ./src/mci.o
                0x0001a9b8                MCI_FIFOInterruptService
 .text.MCI_IRQHandler
                0x0001a9d0       0xa4 ./src/mci.o
                0x0001a9d0                MCI_IRQHandler
 .text.ulGetPclk
                0x0001aa74       0x14 ./src/mci.o
                0x0001aa74                ulGetPclk
 .text.MCI_Set_MCIClock
                0x0001aa88       0x78 ./src/mci.o
                0x0001aa88                MCI_Set_MCIClock
 .text.MCI_Init
                0x0001ab00      0x124 ./src/mci.o
                0x0001ab00                MCI_Init
 .text.MCI_SendCmd
                0x0001ac24       0xc0 ./src/mci.o
                0x0001ac24                MCI_SendCmd
 .text.MCI_GetCmdResp
                0x0001ace4      0x11c ./src/mci.o
                0x0001ace4                MCI_GetCmdResp
 .text.MCI_Go_Idle_State
                0x0001ae00       0x24 ./src/mci.o
                0x0001ae00                MCI_Go_Idle_State
 .text.MCI_Send_ACMD
                0x0001ae24       0x8c ./src/mci.o
                0x0001ae24                MCI_Send_ACMD
 .text.MCI_Send_ACMD_OP_Cond
                0x0001aeb0       0xe4 ./src/mci.o
                0x0001aeb0                MCI_Send_ACMD_OP_Cond
 .text.ui_send_cmd8
                0x0001af94       0x58 ./src/mci.o
                0x0001af94                ui_send_cmd8
 .text.MCI_CardInit
                0x0001afec       0x94 ./src/mci.o
                0x0001afec                MCI_CardInit
 .text.MCI_Check_CID
                0x0001b080       0x5c ./src/mci.o
                0x0001b080                MCI_Check_CID
 .text.MCI_Set_Address
                0x0001b0dc       0x9c ./src/mci.o
                0x0001b0dc                MCI_Set_Address
 .text.vSaveCSD_reg
                0x0001b178       0x24 ./src/mci.o
                0x0001b178                vSaveCSD_reg
 .text.vCalcSD_capacity
                0x0001b19c      0x108 ./src/mci.o
                0x0001b19c                vCalcSD_capacity
 .text.MCI_Send_CSD
                0x0001b2a4       0xa0 ./src/mci.o
                0x0001b2a4                MCI_Send_CSD
 .text.MCI_Select_Card
                0x0001b344       0xa4 ./src/mci.o
                0x0001b344                MCI_Select_Card
 .text.MCI_Send_Status
                0x0001b3e8       0x90 ./src/mci.o
                0x0001b3e8                MCI_Send_Status
 .text.MCI_CheckStatus
                0x0001b478       0x30 ./src/mci.o
                0x0001b478                MCI_CheckStatus
 .text.MCI_Set_BlockLen
                0x0001b4a8       0x88 ./src/mci.o
                0x0001b4a8                MCI_Set_BlockLen
 .text.MCI_Send_ACMD_Bus_Width
                0x0001b530       0x88 ./src/mci.o
                0x0001b530                MCI_Send_ACMD_Bus_Width
 .text.SD_Set_BusWidth
                0x0001b5b8       0x58 ./src/mci.o
                0x0001b5b8                SD_Set_BusWidth
 .text.MCI_Send_Stop
                0x0001b610       0x7c ./src/mci.o
                0x0001b610                MCI_Send_Stop
 .text.MCI_Send_Write_Block
                0x0001b68c       0xb4 ./src/mci.o
                0x0001b68c                MCI_Send_Write_Block
 .text.MCI_Send_Write_Multiple_Block
                0x0001b740       0xb4 ./src/mci.o
                0x0001b740                MCI_Send_Write_Multiple_Block
 .text.MCI_Write_Multiple_Block
                0x0001b7f4      0x120 ./src/mci.o
                0x0001b7f4                MCI_Write_Multiple_Block
 .text.MCI_Send_Read_Block
                0x0001b914       0xb4 ./src/mci.o
                0x0001b914                MCI_Send_Read_Block
 .text.MCI_Write_Block
                0x0001b9c8       0xbc ./src/mci.o
                0x0001b9c8                MCI_Write_Block
 .text.MCI_Read_Block
                0x0001ba84       0xb8 ./src/mci.o
                0x0001ba84                MCI_Read_Block
 .text.vSetHRE_potentiometer.part.2
                0x0001bb3c       0xd8 ./src/params.o
 .text.v_reset_spindle_and_wheel_dac
                0x0001bc14      0x110 ./src/params.o
                0x0001bc14                v_reset_spindle_and_wheel_dac
 .text.v_init_read_bytes_from_vdip
                0x0001bd24       0x20 ./src/params.o
                0x0001bd24                v_init_read_bytes_from_vdip
 .text.uc_read_a_byte_from_vdip
                0x0001bd44      0x14c ./src/params.o
                0x0001bd44                uc_read_a_byte_from_vdip
 .text.vInitMachineParsOnFile_Stati
                0x0001be90       0x30 ./src/params.o
                0x0001be90                vInitMachineParsOnFile_Stati
 .text.ui_send_vdip_string
                0x0001bec0      0x4b8 ./src/params.o
                0x0001bec0                ui_send_vdip_string
 .text.ucSaveMachineParsOnFile_Stati
                0x0001c378     0x13f4 ./src/params.o
                0x0001c378                ucSaveMachineParsOnFile_Stati
 .text.ucLoadCodiciProdottoOnFile_Stati
                0x0001d76c      0xd08 ./src/params.o
                0x0001d76c                ucLoadCodiciProdottoOnFile_Stati
 .text.ucLoadParMacOnFile_Stati
                0x0001e474      0xe0c ./src/params.o
                0x0001e474                ucLoadParMacOnFile_Stati
 .text.ucLoadCustomLanguage_Stati
                0x0001f280      0x60c ./src/params.o
                0x0001f280                ucLoadCustomLanguage_Stati
 .text.vSetNumK_to_ask_password
                0x0001f88c       0x58 ./src/params.o
                0x0001f88c                vSetNumK_to_ask_password
 .text.vSetNumK_to_ask_password_super_user
                0x0001f8e4       0x80 ./src/params.o
                0x0001f8e4                vSetNumK_to_ask_password_super_user
 .text.ucVerifyPasswordCorrect
                0x0001f964       0x60 ./src/params.o
                0x0001f964                ucVerifyPasswordCorrect
 .text.ucCalcWireLengthMetersForJobList
                0x0001f9c4      0x2a0 ./src/params.o
                0x0001f9c4                ucCalcWireLengthMetersForJobList
 .text.vAddStandardButtons
                0x0001fc64       0xa0 ./src/params.o
                0x0001fc64                vAddStandardButtons
 .text.ucHW_LoadCodiciProdotto
                0x0001fd04      0x460 ./src/params.o
                0x0001fd04                ucHW_LoadCodiciProdotto
 .text.ucHW_ResetCodiciProdotto
                0x00020164      0x320 ./src/params.o
                0x00020164                ucHW_ResetCodiciProdotto
 .text.ucHW_LoadCustomLanguage
                0x00020484      0x430 ./src/params.o
                0x00020484                ucHW_LoadCustomLanguage
 .text.ucHW_LoadParsMac
                0x000208b4      0x47c ./src/params.o
                0x000208b4                ucHW_LoadParsMac
 .text.ucHW_SaveParams
                0x00020d30      0x510 ./src/params.o
                0x00020d30                ucHW_SaveParams
 .text.ucHW_DataOra
                0x00021240      0x3fc ./src/params.o
                0x00021240                ucHW_DataOra
 .text.vAddStandardButtonsOk
                0x0002163c       0xa0 ./src/params.o
                0x0002163c                vAddStandardButtonsOk
 .text.f_convert_perc_dist_to_float_0_100
                0x000216dc       0x50 ./src/params.o
                0x000216dc                f_convert_perc_dist_to_float_0_100
 .text.us_convert_float_0_100_to_perc_dist
                0x0002172c       0x74 ./src/params.o
                0x0002172c                us_convert_float_0_100_to_perc_dist
 .text.v_convert_dist_values
                0x000217a0      0x7b4 ./src/params.o
                0x000217a0                v_convert_dist_values
 .text.ucHW_Distanziatore
                0x00021f54      0xe98 ./src/params.o
                0x00021f54                ucHW_Distanziatore
 .text.vInizializzaCodiceProdotto
                0x00022dec      0x1d4 ./src/params.o
                0x00022dec                vInizializzaCodiceProdotto
 .text.vHRE_init
                0x00022fc0       0x20 ./src/params.o
                0x00022fc0                vHRE_init
 .text.vResetWindows
                0x00022fe0      0x158 ./src/params.o
                0x00022fe0                vResetWindows
 .text.vSetHRE_potentiometer
                0x00023138       0xe0 ./src/params.o
                0x00023138                vSetHRE_potentiometer
 .text.vSelectHRE_potentiometer
                0x00023218      0x134 ./src/params.o
                0x00023218                vSelectHRE_potentiometer
 .text.v_init_handling_encoder_grinding
                0x0002334c       0x48 ./src/params.o
 .text.ucHW_spindle_grinding
                0x00023394      0x594 ./src/params.o
                0x00023394                ucHW_spindle_grinding
 .text.ucGetSelectHRE_potentiometer
                0x00023928       0x20 ./src/params.o
                0x00023928                ucGetSelectHRE_potentiometer
 .text.iGetHRE_potentiometer
                0x00023948       0x34 ./src/params.o
                0x00023948                iGetHRE_potentiometer
 .text.vDisableHRE_potentiometer
                0x0002397c       0x14 ./src/params.o
                0x0002397c                vDisableHRE_potentiometer
 .text.vHandleHRE
                0x00023990      0x474 ./src/params.o
                0x00023990                vHandleHRE
 .text.iGetHRE_setting
                0x00023e04       0xf4 ./src/params.o
                0x00023e04                iGetHRE_setting
 .text.vSaltaSuPaginaProduzione
                0x00023ef8       0x18 ./src/params.o
                0x00023ef8                vSaltaSuPaginaProduzione
 .text.ucIAmSpindleGrinding
                0x00023f10       0x1c ./src/params.o
                0x00023f10                ucIAmSpindleGrinding
 .text.ucIamInLogProduzione
                0x00023f2c       0x1c ./src/params.o
                0x00023f2c                ucIamInLogProduzione
 .text.ucIamInTaraturaStatica
                0x00023f48       0x30 ./src/params.o
                0x00023f48                ucIamInTaraturaStatica
 .text.ucIamInTaraturaDinamica
                0x00023f78       0x34 ./src/params.o
                0x00023f78                ucIamInTaraturaDinamica
 .text.f_calc_res_spezzone
                0x00023fac       0x5c ./src/popup.o
                0x00023fac                f_calc_res_spezzone
 .text.us_calc_portata_dinamica_per_resistenza
                0x00024008       0x58 ./src/popup.o
                0x00024008                us_calc_portata_dinamica_per_resistenza
 .text.f_calc_res_spec_filo
                0x00024060       0xb8 ./src/popup.o
                0x00024060                f_calc_res_spec_filo
 .text.ucHW_MainMenu
                0x00024118      0x274 ./src/popup.o
                0x00024118                ucHW_MainMenu
 .text.ucHW_YesNo
                0x0002438c      0x284 ./src/popup.o
                0x0002438c                ucHW_YesNo
 .text.ValidatePrg
                0x00024610      0x494 ./src/popup.o
                0x00024610                ValidatePrg
 .text.ucNeedToClosePopupWindow
                0x00024aa4       0x44 ./src/popup.o
                0x00024aa4                ucNeedToClosePopupWindow
 .text.ucHandlePopupWindow
                0x00024ae8     0x1498 ./src/popup.o
                0x00024ae8                ucHandlePopupWindow
 .text.ucEnableStartLavorazione
                0x00025f80       0x10 ./src/popup.o
                0x00025f80                ucEnableStartLavorazione
 .text.ucIsDisabledStartLavorazione
                0x00025f90       0x18 ./src/popup.o
                0x00025f90                ucIsDisabledStartLavorazione
 .text.i2c_Master_Xmit.part.0
                0x00025fa8       0x40 ./src/rtcDS3231_newer.o
 .text.i2c_Master_Rcv.part.1
                0x00025fe8       0x58 ./src/rtcDS3231_newer.o
 .text.i2c_Master_Xmit
                0x00026040        0xc ./src/rtcDS3231_newer.o
                0x00026040                i2c_Master_Xmit
 .text.i2c_Master_Rcv
                0x0002604c        0xc ./src/rtcDS3231_newer.o
                0x0002604c                i2c_Master_Rcv
 .text.vReadStatusTempRTC_DS3231
                0x00026058      0x148 ./src/rtcDS3231_newer.o
                0x00026058                vReadStatusTempRTC_DS3231
 .text.vResetOSF_RTC_DS3231
                0x000261a0       0x6c ./src/rtcDS3231_newer.o
                0x000261a0                vResetOSF_RTC_DS3231
 .text.vReadTimeBytesRTC_DS3231
                0x0002620c      0x11c ./src/rtcDS3231_newer.o
                0x0002620c                vReadTimeBytesRTC_DS3231
 .text.vWriteTimeBytesRTC_DS3231
                0x00026328      0x184 ./src/rtcDS3231_newer.o
                0x00026328                vWriteTimeBytesRTC_DS3231
 .text.vInit_RtcDS3231
                0x000264ac       0x10 ./src/rtcDS3231_newer.o
                0x000264ac                vInit_RtcDS3231
 .text.vUpdateValoriTaratura
                0x000264bc      0x790 ./src/spi.o
                0x000264bc                vUpdateValoriTaratura
 .text.fCalcCoeffCorr
                0x00026c4c       0xe0 ./src/spi.o
                0x00026c4c                fCalcCoeffCorr
 .text.vCalcAnticipoPretaglio
                0x00026d2c      0x238 ./src/spi.o
                0x00026d2c                vCalcAnticipoPretaglio
 .text.menuOperation
                0x00026f64       0x14 ./src/spi.o
                0x00026f64                menuOperation
 .text.update_crc
                0x00026f78       0x34 ./src/spi.o
                0x00026f78                update_crc
 .text.ucCalcCrcMacParams
                0x00026fac       0xd0 ./src/spi.o
                0x00026fac                ucCalcCrcMacParams
 .text.vSaveMacParms
                0x0002707c       0x44 ./src/spi.o
                0x0002707c                vSaveMacParms
 .text.vCtrlSaveMacParms
                0x000270c0       0x20 ./src/spi.o
                0x000270c0                vCtrlSaveMacParms
 .text.ucFillStructDist
                0x000270e0      0x8a8 ./src/spi.o
                0x000270e0                ucFillStructDist
 .text.ucFillProgramStructDist
                0x00027988      0x2bc ./src/spi.o
                0x00027988                ucFillProgramStructDist
 .text.upd7Seg  0x00027c44      0x784 ./src/spi.o
                0x00027c44                upd7Seg
 .text.updInp   0x000283c8      0x644 ./src/spi.o
                0x000283c8                updInp
 .text.vSetBitOutputsHi
                0x00028a0c       0x44 ./src/spi.o
                0x00028a0c                vSetBitOutputsHi
 .text.vResetBitOutputsHi
                0x00028a50       0x40 ./src/spi.o
                0x00028a50                vResetBitOutputsHi
 .text.vInitBandella
                0x00028a90       0x70 ./src/spi.o
                0x00028a90                vInitBandella
 .text.vHandleBandella
                0x00028b00      0x23c ./src/spi.o
                0x00028b00                vHandleBandella
 .text.uiPrepareDescTempComp_ProductionLog
                0x00028d3c      0x138 ./src/spi.o
                0x00028d3c                uiPrepareDescTempComp_ProductionLog
 .text.vPrepareDesc_ProductionLog
                0x00028e74      0x66c ./src/spi.o
                0x00028e74                vPrepareDesc_ProductionLog
 .text.vForceLcdRefresh
                0x000294e0       0x14 ./src/spi.o
                0x000294e0                vForceLcdRefresh
 .text.ucLcdRefreshTimeoutReset
                0x000294f4       0x24 ./src/spi.o
                0x000294f4                ucLcdRefreshTimeoutReset
 .text.ucLcdRefreshTimeoutExpired
                0x00029518      0x118 ./src/spi.o
                0x00029518                ucLcdRefreshTimeoutExpired
 .text.ucLcdRefreshTimeoutEnable
                0x00029630       0x64 ./src/spi.o
                0x00029630                ucLcdRefreshTimeoutEnable
 .text.uiLcdRefreshTimeout_GetAct
                0x00029694       0x34 ./src/spi.o
                0x00029694                uiLcdRefreshTimeout_GetAct
 .text.ucNeedToRefreshLcd
                0x000296c8       0x60 ./src/spi.o
                0x000296c8                ucNeedToRefreshLcd
 .text.ucResetTheButton
                0x00029728       0x3c ./src/spi.o
                0x00029728                ucResetTheButton
 .text.ucHasBeenPressedButton
                0x00029764       0x38 ./src/spi.o
                0x00029764                ucHasBeenPressedButton
 .text.ucHasBeenTouchedButton
                0x0002979c       0x34 ./src/spi.o
                0x0002979c                ucHasBeenTouchedButton
 .text.ucCreateTheButton
                0x000297d0       0x2c ./src/spi.o
                0x000297d0                ucCreateTheButton
 .text.ucHW_LogProduzione
                0x000297fc      0x3f4 ./src/spi.o
                0x000297fc                ucHW_LogProduzione
 .text.ucIdxCharButtonPressed
                0x00029bf0       0x18 ./src/spi.o
                0x00029bf0                ucIdxCharButtonPressed
 .text.ucFieldButtonPressed
                0x00029c08       0x18 ./src/spi.o
                0x00029c08                ucFieldButtonPressed
 .text.vSetFieldButtonPressed
                0x00029c20       0x18 ./src/spi.o
                0x00029c20                vSetFieldButtonPressed
 .text.ucTheButtonIsPressed
                0x00029c38       0x30 ./src/spi.o
                0x00029c38                ucTheButtonIsPressed
 .text.us_is_button_pressed
                0x00029c68       0x1c ./src/spi.o
                0x00029c68                us_is_button_pressed
 .text.vClearButtonPressed
                0x00029c84       0x14 ./src/spi.o
                0x00029c84                vClearButtonPressed
 .text.vSignalButtonPressed
                0x00029c98       0x3c ./src/spi.o
                0x00029c98                vSignalButtonPressed
 .text.vHandleButtons
                0x00029cd4      0x1c8 ./src/spi.o
                0x00029cd4                vHandleButtons
 .text.vRefreshLcdStrings
                0x00029e9c      0x130 ./src/spi.o
                0x00029e9c                vRefreshLcdStrings
 .text.vSetTextRigaColonna
                0x00029fcc       0x24 ./src/spi.o
                0x00029fcc                vSetTextRigaColonna
 .text.vSetCursorOn
                0x00029ff0       0x1c ./src/spi.o
                0x00029ff0                vSetCursorOn
 .text.vPrintDirectString
                0x0002a00c       0x50 ./src/spi.o
                0x0002a00c                vPrintDirectString
 .text.vPrintDirectChar
                0x0002a05c       0x3c ./src/spi.o
                0x0002a05c                vPrintDirectChar
 .text.startEdit
                0x0002a098      0x12c ./src/spi.o
                0x0002a098                startEdit
 .text.updLcd   0x0002a1c4      0x1b8 ./src/spi.o
                0x0002a1c4                updLcd
 .text.updOut   0x0002a37c      0x140 ./src/spi.o
                0x0002a37c                updOut
 .text.vInitActPrg
                0x0002a4bc       0x94 ./src/spi.o
                0x0002a4bc                vInitActPrg
 .text.vValidateTabFornitori
                0x0002a550       0x98 ./src/spi.o
                0x0002a550                vValidateTabFornitori
 .text.vSearchFirstComm
                0x0002a5e8       0x74 ./src/spi.o
                0x0002a5e8                vSearchFirstComm
 .text.mynatoi  0x0002a65c       0x58 ./src/spi.o
                0x0002a65c                mynatoi
 .text.AdjustVelPeriferica
                0x0002a6b4      0x37c ./src/spi.o
                0x0002a6b4                AdjustVelPeriferica
 .text.InsertTheProgram
                0x0002aa30      0x400 ./src/spi.o
                0x0002aa30                InsertTheProgram
 .text.vAggiornaPosizioneColtello
                0x0002ae30      0x2ec ./src/spi.o
                0x0002ae30                vAggiornaPosizioneColtello
 .text.WriteOnDacByPot
                0x0002b11c      0x1e8 ./src/spi.o
                0x0002b11c                WriteOnDacByPot
 .text.SetPotenziometri
                0x0002b304      0x544 ./src/spi.o
                0x0002b304                SetPotenziometri
 .text.vMacParmsAtDefaultValue
                0x0002b848      0x368 ./src/spi.o
                0x0002b848                vMacParmsAtDefaultValue
 .text.vLoadMacParms
                0x0002bbb0       0xb8 ./src/spi.o
                0x0002bbb0                vLoadMacParms
 .text.ValidateMacParms
                0x0002bc68      0x5c8 ./src/spi.o
                0x0002bc68                ValidateMacParms
 .text.init     0x0002c230      0x82c ./src/spi.o
                0x0002c230                init
 .text.spi_main
                0x0002ca5c       0xc8 ./src/spi.o
                0x0002ca5c                spi_main
 .text.ucHW_setupProduzione
                0x0002cb24     0x397c ./src/spidbg.o
                0x0002cb24                ucHW_setupProduzione
 .text.vGetValueParametro
                0x000304a0      0x1d8 ./src/spidbg.o
                0x000304a0                vGetValueParametro
 .text.vSetValueParametro
                0x00030678      0x1bc ./src/spidbg.o
                0x00030678                vSetValueParametro
 .text.vRefresh_IPM_values
                0x00030834      0x264 ./src/spidbg.o
                0x00030834                vRefresh_IPM_values
 .text.ucHW_ParametriMacchina
                0x00030a98      0xd1c ./src/spidbg.o
                0x00030a98                ucHW_ParametriMacchina
 .text.ucHW_Fornitori
                0x000317b4      0x44c ./src/spidbg.o
                0x000317b4                ucHW_Fornitori
 .text.vPrintTesto
                0x00031c00       0x74 ./src/spidbg.o
                0x00031c00                vPrintTesto
 .text.vRefreshScreen
                0x00031c74       0x28 ./src/spidbg.o
                0x00031c74                vRefreshScreen
 .text.vResetRamAndReboot
                0x00031c9c       0xd8 ./src/spidbg.o
                0x00031c9c                vResetRamAndReboot
 .text.ucHW_Utilities
                0x00031d74      0x404 ./src/spidbg.o
                0x00031d74                ucHW_Utilities
 .text.vHandleButtonsRegulation
                0x00032178      0x390 ./src/spidbg.o
                0x00032178                vHandleButtonsRegulation
 .text.ucHW_InAnalog
                0x00032508      0x2c8 ./src/spidbg.o
                0x00032508                ucHW_InAnalog
 .text.ucHW_OutAnalog
                0x000327d0      0x258 ./src/spidbg.o
                0x000327d0                ucHW_OutAnalog
 .text.ucHW_Indig
                0x00032a28      0x218 ./src/spidbg.o
                0x00032a28                ucHW_Indig
 .text.ucHW_Outdig
                0x00032c40      0x528 ./src/spidbg.o
                0x00032c40                ucHW_Outdig
 .text.ucHW_IngressiEncoder
                0x00033168      0x1e0 ./src/spidbg.o
                0x00033168                ucHW_IngressiEncoder
 .text.ucHW_Taratura_Portata
                0x00033348      0x774 ./src/spidbg.o
                0x00033348                ucHW_Taratura_Portata
 .text.ucHW_Taratura_Portata_1_4
                0x00033abc      0x24c ./src/spidbg.o
                0x00033abc                ucHW_Taratura_Portata_1_4
 .text.ucHW_Taratura_Misura_Dyn_Or_Stat
                0x00033d08      0x248 ./src/spidbg.o
                0x00033d08                ucHW_Taratura_Misura_Dyn_Or_Stat
 .text.ucHW_SelezionaTaratura
                0x00033f50      0x2f8 ./src/spidbg.o
                0x00033f50                ucHW_SelezionaTaratura
 .text.ucHW_Info
                0x00034248      0x134 ./src/spidbg.o
                0x00034248                ucHW_Info
 .text.v_preset_for_program_param_input
                0x0003437c      0x1e8 ./src/spidbg.o
                0x0003437c                v_preset_for_program_param_input
 .text.ucHW_ViewCodiceProdotto
                0x00034564      0x7b0 ./src/spidbg.o
                0x00034564                ucHW_ViewCodiceProdotto
 .text.ucHandleWindows
                0x00034d14      0x34c ./src/spidbg.o
                0x00034d14                ucHandleWindows
 .text.v_init_handle_wait_one_coil
                0x00035060       0x20 ./src/spimis.o
                0x00035060                v_init_handle_wait_one_coil
 .text.ui_handle_wait_one_coil_ok
                0x00035080       0x1c ./src/spimis.o
                0x00035080                ui_handle_wait_one_coil_ok
 .text.v_handle_wait_one_coil
                0x0003509c      0x114 ./src/spimis.o
                0x0003509c                v_handle_wait_one_coil
 .text.timeout_init
                0x000351b0       0x30 ./src/spimis.o
                0x000351b0                timeout_init
 .text.uc_timeout_active
                0x000351e0       0xe8 ./src/spimis.o
                0x000351e0                uc_timeout_active
 .text.mystrcpy
                0x000352c8       0x30 ./src/spimis.o
                0x000352c8                mystrcpy
 .text.vInitAD7327
                0x000352f8       0xdc ./src/spimis.o
                0x000352f8                vInitAD7327
 .text.vHaltReadCycleSensoreTaglio
                0x000353d4       0x18 ./src/spimis.o
                0x000353d4                vHaltReadCycleSensoreTaglio
 .text.vInitSensoreTaglio
                0x000353ec      0x150 ./src/spimis.o
                0x000353ec                vInitSensoreTaglio
 .text.vInitReadCycleSensoreTaglio
                0x0003553c       0x5c ./src/spimis.o
                0x0003553c                vInitReadCycleSensoreTaglio
 .text.vLockOperazioneLama
                0x00035598       0x18 ./src/spimis.o
                0x00035598                vLockOperazioneLama
 .text.vUnlockOperazioneLama
                0x000355b0       0x14 ./src/spimis.o
                0x000355b0                vUnlockOperazioneLama
 .text.vAttivaOperazioneLama
                0x000355c4      0x100 ./src/spimis.o
                0x000355c4                vAttivaOperazioneLama
 .text.ucIsAttivaOperazioneLama
                0x000356c4       0x34 ./src/spimis.o
                0x000356c4                ucIsAttivaOperazioneLama
 .text.ucRefreshAdchannels_Interrupt
                0x000356f8      0x208 ./src/spimis.o
                0x000356f8                ucRefreshAdchannels_Interrupt
 .text.vReadAD7327
                0x00035900      0x15c ./src/spimis.o
                0x00035900                vReadAD7327
 .text.iReadCounter
                0x00035a5c       0x54 ./src/spimis.o
                0x00035a5c                iReadCounter
 .text.iAzzeraReadCounter_2
                0x00035ab0       0x28 ./src/spimis.o
                0x00035ab0                iAzzeraReadCounter_2
 .text.vInitPosizioneLamaTaglio
                0x00035ad8       0x44 ./src/spimis.o
                0x00035ad8                vInitPosizioneLamaTaglio
 .text.vSpeedTargetUrp_init
                0x00035b1c       0x20 ./src/spimis.o
                0x00035b1c                vSpeedTargetUrp_init
 .text.vSpeedTargetUrp_update
                0x00035b3c      0x168 ./src/spimis.o
                0x00035b3c                vSpeedTargetUrp_update
 .text.l_multiply_long_perc_dist
                0x00035ca4       0x20 ./src/spimis.o
                0x00035ca4                l_multiply_long_perc_dist
 .text.v_reset_stato_distanziatore
                0x00035cc4       0x30 ./src/spimis.o
                0x00035cc4                v_reset_stato_distanziatore
 .text.iReadCounter_2
                0x00035cf4       0x80 ./src/spimis.o
                0x00035cf4                iReadCounter_2
 .text.iInitReadCounter_2
                0x00035d74       0x2c ./src/spimis.o
                0x00035d74                iInitReadCounter_2
 .text.vHandleTaglioAsincrono_Distanziatore
                0x00035da0      0x164 ./src/spimis.o
                0x00035da0                vHandleTaglioAsincrono_Distanziatore
 .text.ui_separate_coil_during_cut
                0x00035f04       0x34 ./src/spimis.o
                0x00035f04                ui_separate_coil_during_cut
 .text.vHandleDistanziatore_Interrupt
                0x00035f38      0x824 ./src/spimis.o
                0x00035f38                vHandleDistanziatore_Interrupt
 .text.vRefreshInputEdge
                0x0003675c       0x60 ./src/spimis.o
                0x0003675c                vRefreshInputEdge
 .text.v_reset_cutter_position
                0x000367bc       0x2c ./src/spimis.o
                0x000367bc                v_reset_cutter_position
 .text.IRQ_Handler_timer0
                0x000367e8     0x301c ./src/spimis.o
                0x000367e8                IRQ_Handler_timer0
 .text.initTimer
                0x00039804       0xd4 ./src/spimis.o
                0x00039804                initTimer
 .text.mynatof  0x000398d8      0x148 ./src/spiutils.o
                0x000398d8                mynatof
 .text.SetDacValue
                0x00039a20      0x178 ./src/spiutils.o
                0x00039a20                SetDacValue
 .text.DeleteCommessa
                0x00039b98      0x1e8 ./src/spiutils.o
                0x00039b98                DeleteCommessa
 .text.SearchNextCommessa
                0x00039d80       0x24 ./src/spiutils.o
                0x00039d80                SearchNextCommessa
 .text.SearchPrevCommessa
                0x00039da4       0x24 ./src/spiutils.o
                0x00039da4                SearchPrevCommessa
 .text.vJumpToWindow
                0x00039dc8       0xa4 ./src/spiutils.o
                0x00039dc8                vJumpToWindow
 .text.vEmptyStackCaller
                0x00039e6c       0x78 ./src/spiutils.o
                0x00039e6c                vEmptyStackCaller
 .text.ucCallWindow
                0x00039ee4       0xd8 ./src/spiutils.o
                0x00039ee4                ucCallWindow
 .text.ucReturnFromWindow
                0x00039fbc       0xcc ./src/spiutils.o
                0x00039fbc                ucReturnFromWindow
 .text.uiGetIdCurrentWindow
                0x0003a088       0x48 ./src/spiutils.o
                0x0003a088                uiGetIdCurrentWindow
 .text.uiGetStatusCurrentWindow
                0x0003a0d0       0x54 ./src/spiutils.o
                0x0003a0d0                uiGetStatusCurrentWindow
 .text.vSetStatusCurrentWindow
                0x0003a124       0x54 ./src/spiutils.o
                0x0003a124                vSetStatusCurrentWindow
 .text.ucSetWindowParam
                0x0003a178       0x50 ./src/spiutils.o
                0x0003a178                ucSetWindowParam
 .text.uiGetWindowParam
                0x0003a1c8       0x4c ./src/spiutils.o
                0x0003a1c8                uiGetWindowParam
 .text.uiGetActiveWindowParam
                0x0003a214       0x88 ./src/spiutils.o
                0x0003a214                uiGetActiveWindowParam
 .text.vSetActiveWindowParam
                0x0003a29c       0x84 ./src/spiutils.o
                0x0003a29c                vSetActiveWindowParam
 .text.vStrcpy_padBlank
                0x0003a320       0x5c ./src/spiutils.o
                0x0003a320                vStrcpy_padBlank
 .text.vStr_fillBlank
                0x0003a37c       0x28 ./src/spiutils.o
                0x0003a37c                vStr_fillBlank
 .text.vStrUpperCase
                0x0003a3a4       0x28 ./src/spiutils.o
                0x0003a3a4                vStrUpperCase
 .text.vStrcpy_trimBlank
                0x0003a3cc       0xc4 ./src/spiutils.o
                0x0003a3cc                vStrcpy_trimBlank
 .text.ucIsUmSensitive
                0x0003a490       0x38 ./src/spiutils.o
                0x0003a490                ucIsUmSensitive
 .text.ucT9_handle_button_pressed
                0x0003a4c8       0xa8 ./src/spiutils.o
                0x0003a4c8                ucT9_handle_button_pressed
 .text.ucPictureNumK_OnlyDigit_1_9_Ok
                0x0003a570       0x3c ./src/spiutils.o
                0x0003a570                ucPictureNumK_OnlyDigit_1_9_Ok
 .text.ucPictureNumK_DigitOk
                0x0003a5ac       0x60 ./src/spiutils.o
                0x0003a5ac                ucPictureNumK_DigitOk
 .text.ucPictureNumK_DecimalPointOk
                0x0003a60c       0x64 ./src/spiutils.o
                0x0003a60c                ucPictureNumK_DecimalPointOk
 .text.ucPictureNumK_IsNoModify
                0x0003a670       0x30 ./src/spiutils.o
                0x0003a670                ucPictureNumK_IsNoModify
 .text.uiCountEffectiveCharsInPasswordString
                0x0003a6a0       0x2c ./src/spiutils.o
                0x0003a6a0                uiCountEffectiveCharsInPasswordString
 .text.ucHW_Num_Keypad
                0x0003a6cc     0x1290 ./src/spiutils.o
                0x0003a6cc                ucHW_Num_Keypad
 .text.ucIsValidHis
                0x0003b95c       0x88 ./src/spiutils.o
                0x0003b95c                ucIsValidHis
 .text.vValidateHis
                0x0003b9e4       0x34 ./src/spiutils.o
                0x0003b9e4                vValidateHis
 .text.vSetActiveNumberProductCode
                0x0003ba18       0xc0 ./src/spiutils.o
                0x0003ba18                vSetActiveNumberProductCode
 .text.vInitializeHisFields
                0x0003bad8       0x98 ./src/spiutils.o
                0x0003bad8                vInitializeHisFields
 .text.vHandleEscFromMenu
                0x0003bb70       0x30 ./src/spiutils.o
                0x0003bb70                vHandleEscFromMenu
 .text.vDoTaglio
                0x0003bba0       0x28 ./src/spiutils.o
                0x0003bba0                vDoTaglio
 .text.ucHW_codiceProdotto
                0x0003bbc8     0x1c34 ./src/spiutils.o
                0x0003bbc8                ucHW_codiceProdotto
 .text.ucIsLockedJob
                0x0003d7fc       0x48 ./src/spiutils.o
                0x0003d7fc                ucIsLockedJob
 .text.vInitInputEdge
                0x0003d844       0x20 ./src/spiutils.o
                0x0003d844                vInitInputEdge
 .text.ucDigitalInput_PositiveEdge
                0x0003d864       0x1c ./src/spiutils.o
                0x0003d864                ucDigitalInput_PositiveEdge
 .text.ucDigitalInput_AtHiLevel
                0x0003d880       0x18 ./src/spiutils.o
                0x0003d880                ucDigitalInput_AtHiLevel
 .text.vTrasferisciDaCommesseAlistaLavori
                0x0003d898      0x308 ./src/spiutils.o
                0x0003d898                vTrasferisciDaCommesseAlistaLavori
 .text.inpToOut
                0x0003dba0     0x2c98 ./src/spiutils.o
                0x0003dba0                inpToOut
 .text.vTrasferisciDaListaLavoriAcommesse
                0x00040838      0x3c4 ./src/spiutils.o
                0x00040838                vTrasferisciDaListaLavoriAcommesse
 .text.ucHW_listaLavori
                0x00040bfc      0xb24 ./src/spiutils.o
                0x00040bfc                ucHW_listaLavori
 .text.ui_init_fpga_can_handle_wheel_inversion
                0x00041720       0x6c ./src/spiutils.o
                0x00041720                ui_init_fpga_can_handle_wheel_inversion
 .text.ui_zeroOK_reset_rotation_wheel_inversion
                0x0004178c       0x64 ./src/spiutils.o
                0x0004178c                ui_zeroOK_reset_rotation_wheel_inversion
 .text.ui_zeroOK_set_rotation_wheel_inversion
                0x000417f0       0x6c ./src/spiutils.o
                0x000417f0                ui_zeroOK_set_rotation_wheel_inversion
 .text.v_test_rotation_wheel_inversion
                0x0004185c       0x64 ./src/spiutils.o
                0x0004185c                v_test_rotation_wheel_inversion
 .text.v_init_rotation_wheel_inversion
                0x000418c0       0x88 ./src/spiutils.o
                0x000418c0                v_init_rotation_wheel_inversion
 .text.vVerifyInsertCodiceProdotto
                0x00041948       0xf4 ./src/spiwin2.o
                0x00041948                vVerifyInsertCodiceProdotto
 .text.ucAlignJobsRunningAndSelected
                0x00041a3c       0xec ./src/spiwin2.o
                0x00041a3c                ucAlignJobsRunningAndSelected
 .text.uiGetNumValidationCodeList
                0x00041b28       0x10 ./src/spiwin2.o
                0x00041b28                uiGetNumValidationCodeList
 .text.vCodelistTouched
                0x00041b38       0x18 ./src/spiwin2.o
                0x00041b38                vCodelistTouched
 .text.vValidateCodeList
                0x00041b50       0x80 ./src/spiwin2.o
                0x00041b50                vValidateCodeList
 .text.ucIsValidCodeList
                0x00041bd0       0x98 ./src/spiwin2.o
                0x00041bd0                ucIsValidCodeList
 .text.vSetActiveProductCode
                0x00041c68       0x98 ./src/spiwin2.o
                0x00041c68                vSetActiveProductCode
 .text.vRefreshActiveProductCode
                0x00041d00       0x10 ./src/spiwin2.o
                0x00041d00                vRefreshActiveProductCode
 .text.vUpdateActiveCodeInJobList
                0x00041d10       0x58 ./src/spiwin2.o
                0x00041d10                vUpdateActiveCodeInJobList
 .text.ucIdxCodeInJobList
                0x00041d68       0x7c ./src/spiwin2.o
                0x00041d68                ucIdxCodeInJobList
 .text.ucInsertCodeInJobList
                0x00041de4      0x13c ./src/spiwin2.o
                0x00041de4                ucInsertCodeInJobList
 .text.ucDeleteCodeInJobList_Idx
                0x00041f20      0x1c0 ./src/spiwin2.o
                0x00041f20                ucDeleteCodeInJobList_Idx
 .text.ucDeleteCodeInJobList
                0x000420e0       0x10 ./src/spiwin2.o
                0x000420e0                ucDeleteCodeInJobList
 .text.ucPurgeManualCodesInJobList
                0x000420f0       0x7c ./src/spiwin2.o
                0x000420f0                ucPurgeManualCodesInJobList
 .text.pFindManualCodeInJobList
                0x0004216c       0x8c ./src/spiwin2.o
                0x0004216c                pFindManualCodeInJobList
 .text.ucPurgeJobList
                0x000421f8       0x94 ./src/spiwin2.o
                0x000421f8                ucPurgeJobList
 .text.vInitListaCodici
                0x0004228c       0x68 ./src/spiwin2.o
                0x0004228c                vInitListaCodici
 .text.vGetValueParametro_spiwin2
                0x000422f4      0x1d8 ./src/spiwin2.o
                0x000422f4                vGetValueParametro_spiwin2
 .text.vSetValueParametro_spiwin2
                0x000424cc      0x1bc ./src/spiwin2.o
                0x000424cc                vSetValueParametro_spiwin2
 .text.ucCtrlMinMaxValue
                0x00042688      0x1f4 ./src/spiwin2.o
                0x00042688                ucCtrlMinMaxValue
 .text.vEmptyLavoroInLista
                0x0004287c       0xa4 ./src/spiwin2.o
                0x0004287c                vEmptyLavoroInLista
 .text.ucHW_modificaLavoro
                0x00042920     0x1184 ./src/spiwin2.o
                0x00042920                ucHW_modificaLavoro
 .text.ucHW_inserisciOhmMfili
                0x00043aa4      0x81c ./src/spiwin2.o
                0x00043aa4                ucHW_inserisciOhmMfili
 .text.vCalcTempoResiduo
                0x000442c0      0x32c ./src/spiwin2.o
                0x000442c0                vCalcTempoResiduo
 .text.ucHW_inserisciLottoDiretto
                0x000445ec      0xe60 ./src/spiwin2.o
                0x000445ec                ucHW_inserisciLottoDiretto
 .text.ucHW_CalibraSensore
                0x0004544c     0x12b4 ./src/spiwin2.o
                0x0004544c                ucHW_CalibraSensore
 .text.ucHW_CambioBoccola
                0x00046700      0x720 ./src/spiwin2.o
                0x00046700                ucHW_CambioBoccola
 .text.ucHW_AltriParametriProduzione
                0x00046e20      0x87c ./src/spiwin2.o
                0x00046e20                ucHW_AltriParametriProduzione
 .text.vAggiornaPosizioneSpaziaturaColtello
                0x0004769c      0x25c ./src/spiwin2.o
                0x0004769c                vAggiornaPosizioneSpaziaturaColtello
 .text.ucHW_TaraDistanziatore
                0x000478f8      0xa4c ./src/spiwin2.o
                0x000478f8                ucHW_TaraDistanziatore
 .text.GPIOResetInit
                0x00048344       0x80 ./src/target.o
                0x00048344                GPIOResetInit
 .text.ConfigurePLL
                0x000483c4       0xf8 ./src/target.o
                0x000483c4                ConfigurePLL
 .text.TargetResetInit
                0x000484bc       0x4c ./src/target.o
                0x000484bc                TargetResetInit
 .text.vVdip_pause
                0x00048508       0x18 ./src/vdip.o
                0x00048508                vVdip_pause
 .text.uiVdipHasData
                0x00048520       0xa0 ./src/vdip.o
                0x00048520                uiVdipHasData
 .text.ucReadVdipByte
                0x000485c0       0x4c ./src/vdip.o
                0x000485c0                ucReadVdipByte
 .text.vReceiveVdipString
                0x0004860c       0xec ./src/vdip.o
                0x0004860c                vReceiveVdipString
 .text.vSendVdipString
                0x000486f8       0xe8 ./src/vdip.o
                0x000486f8                vSendVdipString
 .text.vSendVdipString_NOCR
                0x000487e0       0xb4 ./src/vdip.o
                0x000487e0                vSendVdipString_NOCR
 .text.vInitVdip
                0x00048894       0x2c ./src/vdip.o
                0x00048894                vInitVdip
 .text.ucHandleVdipStati
                0x000488c0      0x64c ./src/vdip.o
                0x000488c0                ucHandleVdipStati
 .text.xxtea_decode
                0x00048f0c       0xfc ./src/xxtea.o
                0x00048f0c                xxtea_decode
 .text.mem_cpy  0x00049008       0x1c ./ff9/src/ff.o
 .text.mem_set  0x00049024       0x14 ./ff9/src/ff.o
 .text.sum_sfn  0x00049038       0x2c ./ff9/src/ff.o
 .text.move_window
                0x00049064      0x14c ./ff9/src/ff.o
 .text.sync     0x000491b0      0x158 ./ff9/src/ff.o
 .text.check_fs
                0x00049308       0xb0 ./ff9/src/ff.o
 .text.chk_mounted
                0x000493b8      0x548 ./ff9/src/ff.o
 .text.validate
                0x00049900       0x54 ./ff9/src/ff.o
 .text.clust2sect
                0x00049954       0x54 ./ff9/src/ff.o
                0x00049954                clust2sect
 .text.get_fat  0x000499a8      0x1bc ./ff9/src/ff.o
                0x000499a8                get_fat
 .text.dir_sdi  0x00049b64      0x258 ./ff9/src/ff.o
 .text.put_fat  0x00049dbc      0x1e4 ./ff9/src/ff.o
                0x00049dbc                put_fat
 .text.create_chain
                0x00049fa0      0x1c4 ./ff9/src/ff.o
 .text.dir_next
                0x0004a164      0x3d4 ./ff9/src/ff.o
 .text.dir_find.part.4
                0x0004a538      0x278 ./ff9/src/ff.o
 .text.follow_path
                0x0004a7b0      0x57c ./ff9/src/ff.o
 .text.dir_read
                0x0004ad2c      0x228 ./ff9/src/ff.o
 .text.dir_remove
                0x0004af54      0x100 ./ff9/src/ff.o
 .text.remove_chain
                0x0004b054      0x108 ./ff9/src/ff.o
 .text.gen_numname
                0x0004b15c       0xdc ./ff9/src/ff.o
                0x0004b15c                gen_numname
 .text.dir_register
                0x0004b238      0x4dc ./ff9/src/ff.o
 .text.f_mount  0x0004b714       0x3c ./ff9/src/ff.o
                0x0004b714                f_mount
 .text.f_open   0x0004b750      0x30c ./ff9/src/ff.o
                0x0004b750                f_open
 .text.f_read   0x0004ba5c      0x3c0 ./ff9/src/ff.o
                0x0004ba5c                f_read
 .text.f_write  0x0004be1c      0x4ac ./ff9/src/ff.o
                0x0004be1c                f_write
 .text.f_sync   0x0004c2c8      0x1d8 ./ff9/src/ff.o
                0x0004c2c8                f_sync
 .text.f_close  0x0004c4a0       0x28 ./ff9/src/ff.o
                0x0004c4a0                f_close
 .text.f_lseek  0x0004c4c8      0x4c8 ./ff9/src/ff.o
                0x0004c4c8                f_lseek
 .text.f_unlink
                0x0004c990      0x178 ./ff9/src/ff.o
                0x0004c990                f_unlink
 .text.f_rename
                0x0004cb08      0x1f0 ./ff9/src/ff.o
                0x0004cb08                f_rename
 .text.ui_is_enabled_callback
                0x0004ccf8       0x54 ./CANopen_stack/LPC2388/CO_driver.o
                0x0004ccf8                ui_is_enabled_callback
 .text.canRegisterCallback
                0x0004cd4c       0x48 ./CANopen_stack/LPC2388/CO_driver.o
                0x0004cd4c                canRegisterCallback
 .text.can_send
                0x0004cd94      0x1a0 ./CANopen_stack/LPC2388/CO_driver.o
                0x0004cd94                can_send
 .text.memcpySwap2
                0x0004cf34        0x4 ./CANopen_stack/LPC2388/CO_driver.o
                0x0004cf34                memcpySwap2
 .text.memcpySwap4
                0x0004cf38        0x4 ./CANopen_stack/LPC2388/CO_driver.o
                0x0004cf38                memcpySwap4
 .text.CO_CANsetConfigurationMode
                0x0004cf3c       0x30 ./CANopen_stack/LPC2388/CO_driver.o
                0x0004cf3c                CO_CANsetConfigurationMode
 .text.CO_CANsetNormalMode
                0x0004cf6c       0x2c ./CANopen_stack/LPC2388/CO_driver.o
                0x0004cf6c                CO_CANsetNormalMode
 .text.CO_CANmodule_init
                0x0004cf98      0x31c ./CANopen_stack/LPC2388/CO_driver.o
                0x0004cf98                CO_CANmodule_init
 .text.CO_CANmodule_delete
                0x0004d2b4       0x70 ./CANopen_stack/LPC2388/CO_driver.o
                0x0004d2b4                CO_CANmodule_delete
 .text.CO_CANrxBufferInit
                0x0004d324       0xec ./CANopen_stack/LPC2388/CO_driver.o
                0x0004d324                CO_CANrxBufferInit
 .text.CO_CANtxBufferInit
                0x0004d410       0x9c ./CANopen_stack/LPC2388/CO_driver.o
                0x0004d410                CO_CANtxBufferInit
 .text.CO_CANsend
                0x0004d4ac       0xc0 ./CANopen_stack/LPC2388/CO_driver.o
                0x0004d4ac                CO_CANsend
 .text.CO_CANclearPendingSyncPDOs
                0x0004d56c        0x8 ./CANopen_stack/LPC2388/CO_driver.o