Archive member included because of file (symbol)

/usr/local/lpcxpresso_7.8.0_426/lpcxpresso/tools/bin/../lib/gcc/arm-none-eabi/4.9.3/../../../../arm-none-eabi/lib/libcr_c.a(memcpy.o)
                              ./src/Anybus.o (memcpy)
/usr/local/lpcxpresso_7.8.0_426/lpcxpresso/tools/bin/../lib/gcc/arm-none-eabi/4.9.3/../../../../arm-none-eabi/lib/libcr_c.a(memset.o)
                              ./src/Anybus.o (memset)
/usr/local/lpcxpresso_7.8.0_426/lpcxpresso/tools/bin/../lib/gcc/arm-none-eabi/4.9.3/../../../../arm-none-eabi/lib/libcr_c.a(alloc.o)
                              ./src/az4186_files.o (malloc)
/usr/local/lpcxpresso_7.8.0_426/lpcxpresso/tools/bin/../lib/gcc/arm-none-eabi/4.9.3/../../../../arm-none-eabi/lib/libcr_c.a(ctype.o)
                              ./src/az4186_eeprom_24c04.o (toupper)
/usr/local/lpcxpresso_7.8.0_426/lpcxpresso/tools/bin/../lib/gcc/arm-none-eabi/4.9.3/../../../../arm-none-eabi/lib/libcr_c.a(fabs.o)
                              ./src/popup.o (fabs)
/usr/local/lpcxpresso_7.8.0_426/lpcxpresso/tools/bin/../lib/gcc/arm-none-eabi/4.9.3/../../../../arm-none-eabi/lib/libcr_c.a(fpprintf.o)
                              ./src/Anybus.o (sprintf)
/usr/local/lpcxpresso_7.8.0_426/lpcxpresso/tools/bin/../lib/gcc/arm-none-eabi/4.9.3/../../../../arm-none-eabi/lib/libcr_c.a(memcmp.o)
                              ./src/az4186_program_codes.o (memcmp)
/usr/local/lpcxpresso_7.8.0_426/lpcxpresso/tools/bin/../lib/gcc/arm-none-eabi/4.9.3/../../../../arm-none-eabi/lib/libcr_c.a(printf.o)
                              /usr/local/lpcxpresso_7.8.0_426/lpcxpresso/tools/bin/../lib/gcc/arm-none-eabi/4.9.3/../../../../arm-none-eabi/lib/libcr_c.a(fpprintf.o) (__vfprintf)
/usr/local/lpcxpresso_7.8.0_426/lpcxpresso/tools/bin/../lib/gcc/arm-none-eabi/4.9.3/../../../../arm-none-eabi/lib/libcr_c.a(scanf.o)
                              ./src/params.o (sscanf)
/usr/local/lpcxpresso_7.8.0_426/lpcxpresso/tools/bin/../lib/gcc/arm-none-eabi/4.9.3/../../../../arm-none-eabi/lib/libcr_c.a(stdio.o)
                              /usr/local/lpcxpresso_7.8.0_426/lpcxpresso/tools/bin/../lib/gcc/arm-none-eabi/4.9.3/../../../../arm-none-eabi/lib/libcr_c.a(fpprintf.o) (__Ciob)
/usr/local/lpcxpresso_7.8.0_426/lpcxpresso/tools/bin/../lib/gcc/arm-none-eabi/4.9.3/../../../../arm-none-eabi/lib/libcr_c.a(stdlib.o)
                              ./src/az4186_emc.o (rand)
/usr/local/lpcxpresso_7.8.0_426/lpcxpresso/tools/bin/../lib/gcc/arm-none-eabi/4.9.3/../../../../arm-none-eabi/lib/libcr_c.a(strcat.o)
                              ./src/Anybus.o (strcat)
/usr/local/lpcxpresso_7.8.0_426/lpcxpresso/tools/bin/../lib/gcc/arm-none-eabi/4.9.3/../../../../arm-none-eabi/lib/libcr_c.a(strchr.o)
                              ./src/Anybus.o (strchr)
/usr/local/lpcxpresso_7.8.0_426/lpcxpresso/tools/bin/../lib/gcc/arm-none-eabi/4.9.3/../../../../arm-none-eabi/lib/libcr_c.a(strcmp.o)
                              ./src/az4186_eeprom_24c04.o (strcmp)
/usr/local/lpcxpresso_7.8.0_426/lpcxpresso/tools/bin/../lib/gcc/arm-none-eabi/4.9.3/../../../../arm-none-eabi/lib/libcr_c.a(strcpy.o)
                              ./src/Anybus.o (strcpy)
/usr/local/lpcxpresso_7.8.0_426/lpcxpresso/tools/bin/../lib/gcc/arm-none-eabi/4.9.3/../../../../arm-none-eabi/lib/libcr_c.a(strlen.o)
                              ./src/Anybus.o (strlen)
/usr/local/lpcxpresso_7.8.0_426/lpcxpresso/tools/bin/../lib/gcc/arm-none-eabi/4.9.3/../../../../arm-none-eabi/lib/libcr_c.a(strncat.o)
                              ./src/Anybus.o (strncat)
/usr/local/lpcxpresso_7.8.0_426/lpcxpresso/tools/bin/../lib/gcc/arm-none-eabi/4.9.3/../../../../arm-none-eabi/lib/libcr_c.a(strncmp.o)
                              ./src/Anybus.o (strncmp)
/usr/local/lpcxpresso_7.8.0_426/lpcxpresso/tools/bin/../lib/gcc/arm-none-eabi/4.9.3/../../../../arm-none-eabi/lib/libcr_c.a(strncpy.o)
                              ./src/Anybus.o (strncpy)
/usr/local/lpcxpresso_7.8.0_426/lpcxpresso/tools/bin/../lib/gcc/arm-none-eabi/4.9.3/../../../../arm-none-eabi/lib/libcr_c.a(strstr.o)
                              ./src/Anybus.o (strstr)
/usr/local/lpcxpresso_7.8.0_426/lpcxpresso/tools/bin/../lib/gcc/arm-none-eabi/4.9.3/../../../../arm-none-eabi/lib/libcr_c.a(ungetc.o)
                              /usr/local/lpcxpresso_7.8.0_426/lpcxpresso/tools/bin/../lib/gcc/arm-none-eabi/4.9.3/../../../../arm-none-eabi/lib/libcr_c.a(scanf.o) (ungetc)
/usr/local/lpcxpresso_7.8.0_426/lpcxpresso/tools/bin/../lib/gcc/arm-none-eabi/4.9.3/../../../../arm-none-eabi/lib/libcr_c.a(__fillbuf.o)
                              /usr/local/lpcxpresso_7.8.0_426/lpcxpresso/tools/bin/../lib/gcc/arm-none-eabi/4.9.3/../../../../arm-none-eabi/lib/libcr_c.a(scanf.o) (__filbuf)
/usr/local/lpcxpresso_7.8.0_426/lpcxpresso/tools/bin/../lib/gcc/arm-none-eabi/4.9.3/../../../../arm-none-eabi/lib/libcr_c.a(__init_alloc.o)
[...]
Memory Configuration

Name             Origin             Length             Attributes
MFlash512        0x00000000         0x0007e000         xr
Ram64            0x40000000         0x00010000         xrw
RAM_ETH_16       0x7fe00000         0x00004000         xrw
RAM_USB_16       0x7fd00000         0x00004000         xrw
RAM_RTC_2        0xe0084000         0x00000800         xrw
AZ4186_NVRAM     0x81000000         0x00008000         rw
*default*        0x00000000         0xffffffff

Linker script and memory map

LOAD ./src/Anybus.o
LOAD ./src/I2C_Master.o
LOAD ./src/az4186_can.o
LOAD ./src/az4186_dac.o
LOAD ./src/az4186_eeprom_24c04.o
LOAD ./src/az4186_emc.o
LOAD ./src/az4186_files.o
LOAD ./src/az4186_initHw.o
LOAD ./src/az4186_program_codes.o
LOAD ./src/az4186_temperature_compensation.o
LOAD ./src/az4186_window_temperature_compensation.o
LOAD ./src/codelist.o
LOAD ./src/crp.o
LOAD ./src/diskio.o
LOAD ./src/dma.o
LOAD ./src/fat_time.o
LOAD ./src/file_list.o
LOAD ./src/gui.o
LOAD ./src/i2c.o
LOAD ./src/inverse_v1.o
LOAD ./src/lcd.o
LOAD ./src/main.o
LOAD ./src/mci.o
LOAD ./src/params.o
LOAD ./src/popup.o
LOAD ./src/rtcDS3231_newer.o
LOAD ./src/spi.o
LOAD ./src/spidbg.o
LOAD ./src/spiglb.o
LOAD ./src/spimis.o
LOAD ./src/spiutils.o
LOAD ./src/spiwin2.o
LOAD ./src/target.o
LOAD ./src/vdip.o
LOAD ./src/xxtea.o
LOAD ./ff9/src/option/ccsbcs.o
LOAD ./ff9/src/option/syscall.o
LOAD ./ff9/src/ff.o
LOAD ./CANopen_stack/LPC2388/CO_driver.o
LOAD ./CANopen_stack/LPC2388/co_od.o
LOAD ./CANopen_stack/CANopen.o
LOAD ./CANopen_stack/CO_Emergency.o
LOAD ./CANopen_stack/CO_HBconsumer.o
LOAD ./CANopen_stack/CO_NMT_Heartbeat.o
LOAD ./CANopen_stack/CO_PDO.o
LOAD ./CANopen_stack/CO_SDO.o
LOAD ./CANopen_stack/CO_SDOmaster.o
LOAD ./CANopen_stack/CO_SYNC.o
START GROUP
LOAD /usr/local/lpcxpresso_7.8.0_426/lpcxpresso/tools/bin/../lib/gcc/arm-none-eabi/4.9.3/../../../../arm-none-eabi/lib/libcr_nohost.a
LOAD /usr/local/lpcxpresso_7.8.0_426/lpcxpresso/tools/bin/../lib/gcc/arm-none-eabi/4.9.3/../../../../arm-none-eabi/lib/libcr_c.a
LOAD /usr/local/lpcxpresso_7.8.0_426/lpcxpresso/tools/bin/../lib/gcc/arm-none-eabi/4.9.3/libcr_eabihelpers.a
END GROUP
                0x0007e000                __top_MFlash512 = 0x7e000
                0x40010000                __top_Ram64 = 0x40010000
                0x7fe04000                __top_RAM_ETH_16 = 0x7fe04000
                0x7fd04000                __top_RAM_USB_16 = 0x7fd04000
                0xe0084800                __top_RAM_RTC_2 = 0xe0084800
                0x00000c00                _Minimum_Stack_Size = 0xc00
                0x00002000                _Minimum_Heap_Size = 0x2000
                0x00000000                PROVIDE (_start, 0x0)

user_fw_version
                0x00008000       0x29
 user_fw_version
                0x00008000       0x29 ./src/main.o
                0x00008000                ucFirmwareVersion

MAIN_ENTRY_POINT
                0x00008100       0x60
 *(.MAIN_ENTRY_POINT)
 *(.text.main)
 MAIN_ENTRY_POINT
                0x00008100       0x60 ./src/main.o
                0x00008100                main

.text           0x00008160    0x4967c
 *(.text*)
 .text          0x00008160        0x0 ./src/Anybus.o
 .text.ucInitDataProducer_productList
                0x00008160       0x24 ./src/Anybus.o
                0x00008160                ucInitDataProducer_productList
 .text.vUpdateAnybusLogString
                0x00008184      0x124 ./src/Anybus.o
 .text.ucDataProducer_productList
                0x000082a8      0x274 ./src/Anybus.o
                0x000082a8                ucDataProducer_productList
 .text.ucInitDataConsumer_productList
                0x0000851c       0x40 ./src/Anybus.o
                0x0000851c                ucInitDataConsumer_productList
 .text.us_swap_bytes
                0x0000855c       0x14 ./src/Anybus.o
                0x0000855c                us_swap_bytes
 .text.vUartAnybus_Init
                0x00008570       0x20 ./src/Anybus.o
                0x00008570                vUartAnybus_Init
 .text.uiUartAnybus_getRxByte
                0x00008590       0x3c ./src/Anybus.o
                0x00008590                uiUartAnybus_getRxByte
 .text.ucUartAnybus_PostTxCommand
                0x000085cc       0x28 ./src/Anybus.o
                0x000085cc                ucUartAnybus_PostTxCommand
 .text.vUartAnybus_RefreshStatus
                0x000085f4       0x6c ./src/Anybus.o
                0x000085f4                vUartAnybus_RefreshStatus
 .text.vUartAnybus_Handle
                0x00008660      0x128 ./src/Anybus.o
                0x00008660                vUartAnybus_Handle
 .text.uiModbus_Crc
                0x00008788       0x44 ./src/Anybus.o
                0x00008788                uiModbus_Crc
 .text.puc_assign_us_swapped_bytes
                0x000087cc       0x14 ./src/Anybus.o
                0x000087cc                puc_assign_us_swapped_bytes
 .text.ucAnybus_TxMessageBusy
                0x000087e0       0x1c ./src/Anybus.o
                0x000087e0                ucAnybus_TxMessageBusy
 .text.ucAnybus_TxMessageOk
                0x000087fc       0x1c ./src/Anybus.o
                0x000087fc                ucAnybus_TxMessageOk
 .text.vAnybusTxRx_Init
                0x00008818       0x24 ./src/Anybus.o
                0x00008818                vAnybusTxRx_Init
 .text.ucPostAnybusMessage_updateParameter
                0x0000883c       0xdc ./src/Anybus.o
                0x0000883c                ucPostAnybusMessage_updateParameter
 .text.ucPostAnybusMessage_generalParameterWrite
                0x00008918       0x38 ./src/Anybus.o
                0x00008918                ucPostAnybusMessage_generalParameterWrite
 .text.ucPostAnybusMessage_generalParameterRead
                0x00008950       0x38 ./src/Anybus.o
                0x00008950                ucPostAnybusMessage_generalParameterRead
 .text.ucCreateApplicationParameter
                0x00008988      0x1c0 ./src/Anybus.o
                0x00008988                ucCreateApplicationParameter
 .text.ucAnybus_FileWrite
                0x00008b48       0xa0 ./src/Anybus.o
                0x00008b48                ucAnybus_FileWrite
 .text.ucAnybus_FileRead
                0x00008be8       0x7c ./src/Anybus.o
                0x00008be8                ucAnybus_FileRead
 .text.ucAnybus_FileClose
                0x00008c64       0x6c ./src/Anybus.o
                0x00008c64                ucAnybus_FileClose
 .text.ucAnybus_FileOpen
                0x00008cd0       0x98 ./src/Anybus.o
                0x00008cd0                ucAnybus_FileOpen
 .text.ucAnybus_FileDelete
                0x00008d68       0x84 ./src/Anybus.o
                0x00008d68                ucAnybus_FileDelete
 .text.vReinitTimers_AnybusTxRx
                0x00008dec       0x30 ./src/Anybus.o
                0x00008dec                vReinitTimers_AnybusTxRx
 .text.pucAnybus_GetReadRegMsgBody
                0x00008e1c        0xc ./src/Anybus.o
                0x00008e1c                pucAnybus_GetReadRegMsgBody
 .text.vAnybusTxRx_Handle
                0x00008e28      0x834 ./src/Anybus.o
                0x00008e28                vAnybusTxRx_Handle
 .text.uiCanIAcceptRemoteControl
                0x0000965c       0x94 ./src/Anybus.o
                0x0000965c                uiCanIAcceptRemoteControl
 .text.pcGetAnybusMacAddress
                0x000096f0        0xc ./src/Anybus.o
                0x000096f0                pcGetAnybusMacAddress
 .text.pcSkipBlank
                0x000096fc       0x30 ./src/Anybus.o
                0x000096fc                pcSkipBlank
 .text.pcFindBlank
                0x0000972c       0x30 ./src/Anybus.o
                0x0000972c                pcFindBlank
 .text.pcFindChar
                0x0000975c       0x28 ./src/Anybus.o
                0x0000975c                pcFindChar
 .text.ucDataConsumer_productList
                0x00009784      0x500 ./src/Anybus.o
                0x00009784                ucDataConsumer_productList
 .text.ucInitDataProducer_productArchive
                0x00009c84       0x4c ./src/Anybus.o
                0x00009c84                ucInitDataProducer_productArchive
 .text.ucDataProducer_productArchive
                0x00009cd0      0x30c ./src/Anybus.o
                0x00009cd0                ucDataProducer_productArchive
 .text.vUpdateAnybusStartString
                0x00009fdc       0xb0 ./src/Anybus.o
                0x00009fdc                vUpdateAnybusStartString
 .text.vUpdateAnybusProductionString
                0x0000a08c       0xb0 ./src/Anybus.o
                0x0000a08c                vUpdateAnybusProductionString
 .text.vUpdateAnybusEndProductionString
                0x0000a13c       0xb0 ./src/Anybus.o
                0x0000a13c                vUpdateAnybusEndProductionString
 .text.vAnybusSprintProductionString
                0x0000a1ec       0x94 ./src/Anybus.o
                0x0000a1ec                vAnybusSprintProductionString
 .text.vLog_production_log
                0x0000a280       0x98 ./src/Anybus.o
                0x0000a280                vLog_production_log
 .text.vLogStartProduzione
                0x0000a318       0xc4 ./src/Anybus.o
                0x0000a318                vLogStartProduzione
 .text.vLogStopProduzione
                0x0000a3dc       0xa0 ./src/Anybus.o
                0x0000a3dc                vLogStopProduzione
 .text.vLogEndProduzione
                0x0000a47c       0x80 ./src/Anybus.o
                0x0000a47c                vLogEndProduzione
 .text.vLogAlarm
                0x0000a4fc       0xc4 ./src/Anybus.o
                0x0000a4fc                vLogAlarm
 .text.ucRemoteCommandRunning
                0x0000a5c0       0x10 ./src/Anybus.o
                0x0000a5c0                ucRemoteCommandRunning
 .text.ucRemoteCommandAsking
                0x0000a5d0       0x10 ./src/Anybus.o
                0x0000a5d0                ucRemoteCommandAsking
 .text.vRemoteCommandsFlagsInit
                0x0000a5e0       0x24 ./src/Anybus.o
                0x0000a5e0                vRemoteCommandsFlagsInit
 .text.vRemoteCommandAskingSet
                0x0000a604       0x3c ./src/Anybus.o
                0x0000a604                vRemoteCommandAskingSet
 .text.vRemoteCommandAskingReply
                0x0000a640       0x44 ./src/Anybus.o
                0x0000a640                vRemoteCommandAskingReply
 .text.vInitStructSuspendAnybusOp
                0x0000a684       0x20 ./src/Anybus.o
                0x0000a684                vInitStructSuspendAnybusOp
 .text.vHMA_init
                0x0000a6a4       0xa4 ./src/Anybus.o
                0x0000a6a4                vHMA_init
 .text.uiHasBeenAckRequestSuspendAnybusOp
                0x0000a748       0x34 ./src/Anybus.o
                0x0000a748                uiHasBeenAckRequestSuspendAnybusOp
 .text.uiHasBeenRequestSuspendAnybusOp
                0x0000a77c       0x18 ./src/Anybus.o
                0x0000a77c                uiHasBeenRequestSuspendAnybusOp
 .text.uiRequestSuspendAnybusOp
                0x0000a794       0x24 ./src/Anybus.o
                0x0000a794                uiRequestSuspendAnybusOp
 .text.uiSignalSuspendAnybusOp
                0x0000a7b8       0x20 ./src/Anybus.o
                0x0000a7b8                uiSignalSuspendAnybusOp
 .text.vHMA_handle
                0x0000a7d8     0x1410 ./src/Anybus.o
                0x0000a7d8                vHMA_handle
 .text          0x0000bbe8        0x0 ./src/I2C_Master.o
 .text.ucWaitI2Cbus
                0x0000bbe8       0xf4 ./src/I2C_Master.o
                0x0000bbe8                ucWaitI2Cbus
 .text.vSignalI2Cbus
                0x0000bcdc        0x4 ./src/I2C_Master.o
                0x0000bcdc                vSignalI2Cbus
 .text.SendByteMax519
                0x0000bce0       0x94 ./src/I2C_Master.o
                0x0000bce0                SendByteMax519
 .text.ucSendCommandPosTaglioMax519_Interrupt
                0x0000bd74       0xa0 ./src/I2C_Master.o
                0x0000bd74                ucSendCommandPosTaglioMax519_Interrupt
 .text.ucSendCommandPosTaglioMax519_Main
                0x0000be14       0x84 ./src/I2C_Master.o
                0x0000be14                ucSendCommandPosTaglioMax519_Main
 .text.vInitI2c
                0x0000be98       0x24 ./src/I2C_Master.o
                0x0000be98                vInitI2c
 .text          0x0000bebc        0x0 ./src/az4186_can.o
 .text.IRQ_Handler_canopen_timer0
                0x0000bebc       0x68 ./src/az4186_can.o
 .text.ui_init_canbus.part.0
                0x0000bf24      0x1b4 ./src/az4186_can.o
 .text.ui_init_canbus
                0x0000c0d8       0x18 ./src/az4186_can.o
                0x0000c0d8                ui_init_canbus
 .text.CAN_set_acceptance_filter_lookup
                0x0000c0f0       0xac ./src/az4186_can.o
                0x0000c0f0                CAN_set_acceptance_filter_lookup
 .text.CAN_set_acceptance_filter
                0x0000c19c       0x90 ./src/az4186_can.o
                0x0000c19c                CAN_set_acceptance_filter
 .text.dw_can1_send_message
                0x0000c22c       0xc4 ./src/az4186_can.o
                0x0000c22c                dw_can1_send_message
 .text.dw_can2_send_message
                0x0000c2f0       0xcc ./src/az4186_can.o
                0x0000c2f0                dw_can2_send_message
 .text.ui_can_test
                0x0000c3bc      0x150 ./src/az4186_can.o
                0x0000c3bc                ui_can_test
 .text.CAN1callback
                0x0000c50c       0x2c ./src/az4186_can.o
                0x0000c50c                CAN1callback
 .text.CAN_ISR_Rx1
                0x0000c538       0xc8 ./src/az4186_can.o
                0x0000c538                CAN_ISR_Rx1
 .text.CAN2callback
                0x0000c600       0x2c ./src/az4186_can.o
                0x0000c600                CAN2callback
 .text.CAN_ISR_Rx2
                0x0000c62c       0xc8 ./src/az4186_can.o
                0x0000c62c                CAN_ISR_Rx2
 .text.CAN_irq_handler
                0x0000c6f4       0xac ./src/az4186_can.o
                0x0000c6f4                CAN_irq_handler
 .text.ui_write_canopen_parameter
                0x0000c7a0       0x88 ./src/az4186_can.o
                0x0000c7a0                ui_write_canopen_parameter
 .text.ui_check_end_of_parameter_write
                0x0000c828       0x90 ./src/az4186_can.o
                0x0000c828                ui_check_end_of_parameter_write
 .text.ui_set_canopen_analog_input_refresh_period_ms
                0x0000c8b8       0x34 ./src/az4186_can.o
                0x0000c8b8                ui_set_canopen_analog_input_refresh_period_ms
 .text.ui_set_canopen_analog_input_type
                0x0000c8ec       0x30 ./src/az4186_can.o
                0x0000c8ec                ui_set_canopen_analog_input_type
 .text.ui_set_canopen_analog_input_type_2
                0x0000c91c       0x34 ./src/az4186_can.o
                0x0000c91c                ui_set_canopen_analog_input_type_2
 .text.v_request_data
                0x0000c950       0x48 ./src/az4186_can.o
                0x0000c950                v_request_data
 .text.v_canopen_nodes_operational
                0x0000c998       0x88 ./src/az4186_can.o
                0x0000c998                v_canopen_nodes_operational
 .text.v_canopen_init_timer0
                0x0000ca20       0x7c ./src/az4186_can.o
                0x0000ca20                v_canopen_init_timer0
 .text.ul_timer_difference_init
                0x0000ca9c       0x18 ./src/az4186_can.o
                0x0000ca9c                ul_timer_difference_init
 .text.ul_timer_difference_update_ms
                0x0000cab4       0x24 ./src/az4186_can.o
                0x0000cab4                ul_timer_difference_update_ms
 .text.ui_get_canopen_temperature
                0x0000cad8       0x7c ./src/az4186_can.o
                0x0000cad8                ui_get_canopen_temperature
 .text.ui_get_canopen_temperature_cold_junction
                0x0000cb54       0x54 ./src/az4186_can.o
                0x0000cb54                ui_get_canopen_temperature_cold_junction
 .text.ul_get_canbus_living_counter
                0x0000cba8       0x10 ./src/az4186_can.o
                0x0000cba8                ul_get_canbus_living_counter
 .text.v_update_screen
                0x0000cbb8      0x264 ./src/az4186_can.o
                0x0000cbb8                v_update_screen
 .text.v_init_canopen_init_seq
                0x0000ce1c       0x20 ./src/az4186_can.o
                0x0000ce1c                v_init_canopen_init_seq
 .text.v_handle_canopen_init_seq
                0x0000ce3c      0x130 ./src/az4186_can.o
                0x0000ce3c                v_handle_canopen_init_seq
 .text.canopen_init
                0x0000cf6c       0x3c ./src/az4186_can.o
                0x0000cf6c                canopen_init
 .text.CO_ODF_1010
                0x0000cfa8        0x8 ./src/az4186_can.o
                0x0000cfa8                CO_ODF_1010
 .text.CO_ODF_1011
                0x0000cfb0        0x8 ./src/az4186_can.o
                0x0000cfb0                CO_ODF_1011
 .text.ODF_testDomain
                0x0000cfb8        0x8 ./src/az4186_can.o
                0x0000cfb8                ODF_testDomain
 .text.ui_canopen_init
                0x0000cfc0       0x1c ./src/az4186_can.o
                0x0000cfc0                ui_canopen_init
 .text.ui_canopen_process
                0x0000cfdc       0x34 ./src/az4186_can.o
                0x0000cfdc                ui_canopen_process
 .text.v_process_canopen_rpdo
                0x0000d010       0x1c ./src/az4186_can.o
                0x0000d010                v_process_canopen_rpdo
 .text.v_process_canopen_tpdo
                0x0000d02c       0x1c ./src/az4186_can.o
                0x0000d02c                v_process_canopen_tpdo
 .text.ui_canopen_test
                0x0000d048       0x94 ./src/az4186_can.o
                0x0000d048                ui_canopen_test
 .text          0x0000d0dc        0x0 ./src/az4186_dac.o
 .text.vUpdateDacPortValue
                0x0000d0dc       0x38 ./src/az4186_dac.o
                0x0000d0dc                vUpdateDacPortValue
 .text.v_dac_set_output_value
                0x0000d114       0x18 ./src/az4186_dac.o
                0x0000d114                v_dac_set_output_value
 .text.vTestDac
                0x0000d12c       0x28 ./src/az4186_dac.o
                0x0000d12c                vTestDac
 .text.ui_read_dac_selected_portata
                0x0000d154       0x10 ./src/az4186_dac.o
                0x0000d154                ui_read_dac_selected_portata
 .text.v_dac_init
                0x0000d164       0x2c ./src/az4186_dac.o
                0x0000d164                v_dac_init
 .text          0x0000d190        0x0 ./src/az4186_eeprom_24c04.o
 .text.ui_num_element_in_eeprom_queue
                0x0000d190       0x20 ./src/az4186_eeprom_24c04.o
                0x0000d190                ui_num_element_in_eeprom_queue
 .text.ui_is_full_eeprom_queue
                0x0000d1b0       0x1c ./src/az4186_eeprom_24c04.o
                0x0000d1b0                ui_is_full_eeprom_queue
 .text.ui_is_empty_eeprom_queue
                0x0000d1cc       0x18 ./src/az4186_eeprom_24c04.o
                0x0000d1cc                ui_is_empty_eeprom_queue
 .text.ui_save_eeprom
                0x0000d1e4       0x88 ./src/az4186_eeprom_24c04.o
                0x0000d1e4                ui_save_eeprom
 .text.v_eeprom_set_address
                0x0000d26c       0x78 ./src/az4186_eeprom_24c04.o
                0x0000d26c                v_eeprom_set_address
 .text.v_eeprom_read_bytes
                0x0000d2e4       0x5c ./src/az4186_eeprom_24c04.o
                0x0000d2e4                v_eeprom_read_bytes
 .text.v_eeprom_write_bytes
                0x0000d340       0xd4 ./src/az4186_eeprom_24c04.o
                0x0000d340                v_eeprom_write_bytes
 .text.ui_eeprom_verify_signature
                0x0000d414       0x4c ./src/az4186_eeprom_24c04.o
                0x0000d414                ui_eeprom_verify_signature
 .text.v_eeprom_write_signature
                0x0000d460       0x44 ./src/az4186_eeprom_24c04.o
                0x0000d460                v_eeprom_write_signature
 .text.v_init_eeprom
                0x0000d4a4       0x20 ./src/az4186_eeprom_24c04.o
                0x0000d4a4                v_init_eeprom
 .text.v_erase_eeprom_datum
                0x0000d4c4       0xf4 ./src/az4186_eeprom_24c04.o
                0x0000d4c4                v_erase_eeprom_datum
 .text.v_save_eeprom_datum
                0x0000d5b8       0xf8 ./src/az4186_eeprom_24c04.o
                0x0000d5b8                v_save_eeprom_datum
 .text.ui_read_eeprom_datum
                0x0000d6b0      0x110 ./src/az4186_eeprom_24c04.o
                0x0000d6b0                ui_read_eeprom_datum
 .text.ui_update_eeprom_datum
                0x0000d7c0       0x84 ./src/az4186_eeprom_24c04.o
                0x0000d7c0                ui_update_eeprom_datum
 .text.ui_load_from_eeprom_datum
                0x0000d844       0xb8 ./src/az4186_eeprom_24c04.o
                0x0000d844                ui_load_from_eeprom_datum
 .text.ui_load_from_eeprom_all_data
                0x0000d8fc       0x38 ./src/az4186_eeprom_24c04.o
                0x0000d8fc                ui_load_from_eeprom_all_data
 .text.ui_save_to_eeprom_all_data
                0x0000d934       0x44 ./src/az4186_eeprom_24c04.o
                0x0000d934                ui_save_to_eeprom_all_data
 .text.v_format_eeprom
                0x0000d978       0x58 ./src/az4186_eeprom_24c04.o
                0x0000d978                v_format_eeprom
 .text.ui_save_encrypted_param
                0x0000d9d0      0x1f8 ./src/az4186_eeprom_24c04.o
                0x0000d9d0                ui_save_encrypted_param
 .text.v_handle_eeprom
                0x0000dbc8       0x98 ./src/az4186_eeprom_24c04.o
                0x0000dbc8                v_handle_eeprom
 .text          0x0000dc60        0x0 ./src/az4186_emc.o
 .text.ui_enable_external_ram
                0x0000dc60       0x3c ./src/az4186_emc.o
                0x0000dc60                ui_enable_external_ram
 .text.vEMC_az4186_fpga_init
                0x0000dc9c       0xdc ./src/az4186_emc.o
                0x0000dc9c                vEMC_az4186_fpga_init
 .text.ui_ext_ram_destructive_rw_test
                0x0000dd78      0x330 ./src/az4186_emc.o
                0x0000dd78                ui_ext_ram_destructive_rw_test
 .text.ui_ext_ram_retention_test
                0x0000e0a8      0x128 ./src/az4186_emc.o
                0x0000e0a8                ui_ext_ram_retention_test
 .text          0x0000e1d0        0x0 ./src/az4186_files.o
 .text.ui_write_single_object_file
                0x0000e1d0       0x6c ./src/az4186_files.o
 .text.ui_explore_dir.part.0
                0x0000e23c       0x5c ./src/az4186_files.o
 .text.ui_read_single_object_file
                0x0000e298       0x6c ./src/az4186_files.o
                0x0000e298                ui_read_single_object_file
 .text.fileSystem_uiEqualJollyFileName
                0x0000e304      0x120 ./src/az4186_files.o
                0x0000e304                fileSystem_uiEqualJollyFileName
 .text.ui_file_copy
                0x0000e424       0x7c ./src/az4186_files.o
                0x0000e424                ui_file_copy
 .text.ui_f_copy
                0x0000e4a0       0x7c ./src/az4186_files.o
                0x0000e4a0                ui_f_copy
 .text.ui_explore_dir
                0x0000e51c       0x60 ./src/az4186_files.o
                0x0000e51c                ui_explore_dir
 .text.v_find_info_backup
                0x0000e57c       0x58 ./src/az4186_files.o
                0x0000e57c                v_find_info_backup
 .text.ui_restore_file
                0x0000e5d4       0xb8 ./src/az4186_files.o
                0x0000e5d4                ui_restore_file
 .text.ui_backup_file
                0x0000e68c      0x298 ./src/az4186_files.o
                0x0000e68c                ui_backup_file
 .text.ui_write_lcd_calibration_file
                0x0000e924       0x34 ./src/az4186_files.o
                0x0000e924                ui_write_lcd_calibration_file
 .text.ui_read_lcd_calibration_file
                0x0000e958       0x18 ./src/az4186_files.o
                0x0000e958                ui_read_lcd_calibration_file
 .text.ui_write_macparams_file
                0x0000e970       0x34 ./src/az4186_files.o
                0x0000e970                ui_write_macparams_file
 .text.ui_read_macparams_file
                0x0000e9a4       0x18 ./src/az4186_files.o
                0x0000e9a4                ui_read_macparams_file
 .text.pRead_private_parameter
                0x0000e9bc       0x68 ./src/az4186_files.o
                0x0000e9bc                pRead_private_parameter
 .text.pWrite_private_parameter
                0x0000ea24       0x88 ./src/az4186_files.o
                0x0000ea24                pWrite_private_parameter
 .text.pRead_custom_string20
                0x0000eaac       0x98 ./src/az4186_files.o
                0x0000eaac                pRead_custom_string20
 .text.pWrite_custom_string20
                0x0000eb44       0x8c ./src/az4186_files.o
                0x0000eb44                pWrite_custom_string20
 .text.pRead_custom_string40
                0x0000ebd0       0x90 ./src/az4186_files.o
                0x0000ebd0                pRead_custom_string40
 .text.pWrite_custom_string40
                0x0000ec60       0x8c ./src/az4186_files.o
                0x0000ec60                pWrite_custom_string40
 .text.ui_test_backup_restore
                0x0000ecec      0x128 ./src/az4186_files.o
                0x0000ecec                ui_test_backup_restore
 .text          0x0000ee14        0x0 ./src/az4186_initHw.o
 .text.disableIRQ
                0x0000ee14       0x3c ./src/az4186_initHw.o
                0x0000ee14                disableIRQ
 .text.restoreIRQ
                0x0000ee50       0x34 ./src/az4186_initHw.o
                0x0000ee50                restoreIRQ
 .text.enableIRQ
                0x0000ee84       0x34 ./src/az4186_initHw.o
                0x0000ee84                enableIRQ
 .text.vInitDataAndBssSections
                0x0000eeb8       0x4c ./src/az4186_initHw.o
                0x0000eeb8                vInitDataAndBssSections
 .text.v_wait_microseconds
                0x0000ef04       0x20 ./src/az4186_initHw.o
                0x0000ef04                v_wait_microseconds
 .text.vAZ4186_InitHwStuff
                0x0000ef24       0x7c ./src/az4186_initHw.o
                0x0000ef24                vAZ4186_InitHwStuff
 .text.v_reset_az4186
                0x0000efa0       0x48 ./src/az4186_initHw.o
                0x0000efa0                v_reset_az4186
 .text          0x0000efe8        0x0 ./src/az4186_program_codes.o
 .text.ui_check_version_of_product_codes_file
                0x0000efe8      0x2b0 ./src/az4186_program_codes.o
                0x0000efe8                ui_check_version_of_product_codes_file
 .text.ui_register_product_codes
                0x0000f298       0x58 ./src/az4186_program_codes.o
                0x0000f298                ui_register_product_codes
 .text.ui_product_file_read_body
                0x0000f2f0       0x6c ./src/az4186_program_codes.o
                0x0000f2f0                ui_product_file_read_body
 .text.ui_product_file_write_body
                0x0000f35c       0x6c ./src/az4186_program_codes.o
                0x0000f35c                ui_product_file_write_body
 .text.move_prg_pointer_retcode
                0x0000f3c8       0x98 ./src/az4186_program_codes.o
                0x0000f3c8                move_prg_pointer_retcode
 .text.ucCmpCodiciProgrammaJolly
                0x0000f460       0x48 ./src/az4186_program_codes.o
                0x0000f460                ucCmpCodiciProgrammaJolly
 .text.ucSearchCodiceProgramma
                0x0000f4a8      0x178 ./src/az4186_program_codes.o
                0x0000f4a8                ucSearchCodiceProgramma
 .text.uiGetActPrg
                0x0000f620       0x10 ./src/az4186_program_codes.o
                0x0000f620                uiGetActPrg
 .text.uiGetRunningPrg
                0x0000f630       0x10 ./src/az4186_program_codes.o
                0x0000f630                uiGetRunningPrg
 .text.uiSetActPrg
                0x0000f640       0x50 ./src/az4186_program_codes.o
                0x0000f640                uiSetActPrg
 .text.uiSetRunningPrg
                0x0000f690       0x44 ./src/az4186_program_codes.o
                0x0000f690                uiSetRunningPrg
 .text.ucSaveRunningPrg
                0x0000f6d4       0x5c ./src/az4186_program_codes.o
                0x0000f6d4                ucSaveRunningPrg
 .text.ucSaveActPrg
                0x0000f730       0x70 ./src/az4186_program_codes.o
                0x0000f730                ucSaveActPrg
 .text.v_add_default_product_code
                0x0000f7a0      0x110 ./src/az4186_program_codes.o
                0x0000f7a0                v_add_default_product_code
 .text.vInitProgramList
                0x0000f8b0       0x60 ./src/az4186_program_codes.o
                0x0000f8b0                vInitProgramList
 .text.InsertPrg
                0x0000f910       0x78 ./src/az4186_program_codes.o
                0x0000f910                InsertPrg
 .text.DeleteProgramma
                0x0000f988      0x12c ./src/az4186_program_codes.o
                0x0000f988                DeleteProgramma
 .text.v_empty_product_codes_list
                0x0000fab4       0x20 ./src/az4186_program_codes.o
                0x0000fab4                v_empty_product_codes_list
 .text.test_product_codes
                0x0000fad4      0x140 ./src/az4186_program_codes.o
                0x0000fad4                test_product_codes
 .text          0x0000fc14        0x0 ./src/az4186_temperature_compensation.o
 .text.ui_alarm_reading_temperature
                0x0000fc14       0x10 ./src/az4186_temperature_compensation.o
                0x0000fc14                ui_alarm_reading_temperature
 .text.ui_temperature_compensation_warmup_finished
                0x0000fc24       0x1c ./src/az4186_temperature_compensation.o
                0x0000fc24                ui_temperature_compensation_warmup_finished
 .text.ui_update_first_temperature_filter
                0x0000fc40      0x158 ./src/az4186_temperature_compensation.o
                0x0000fc40                ui_update_first_temperature_filter
 .text.v_initialize_temperature_compensation
                0x0000fd98       0x20 ./src/az4186_temperature_compensation.o
                0x0000fd98                v_initialize_temperature_compensation
 .text.v_handle_temperature_compensation
                0x0000fdb8      0x194 ./src/az4186_temperature_compensation.o
                0x0000fdb8                v_handle_temperature_compensation
 .text.v_set_alfa_factor
                0x0000ff4c       0x80 ./src/az4186_temperature_compensation.o
                0x0000ff4c                v_set_alfa_factor
 .text.ui_temperature_compensation_valid
                0x0000ffcc       0x10 ./src/az4186_temperature_compensation.o
                0x0000ffcc                ui_temperature_compensation_valid
 .text.i_ro_compensate_temperature
                0x0000ffdc       0xc8 ./src/az4186_temperature_compensation.o
                0x0000ffdc                i_ro_compensate_temperature
 .text.i_get_last_temperature_compensation_permille_used
                0x000100a4       0x10 ./src/az4186_temperature_compensation.o
                0x000100a4                i_get_last_temperature_compensation_permille_used
 .text.ui_get_averaged_compensation_temperature_celsius
                0x000100b4       0x9c ./src/az4186_temperature_compensation.o
                0x000100b4                ui_get_averaged_compensation_temperature_celsius
 .text.f_get_temperature_from_normalized_one
                0x00010150       0x34 ./src/az4186_temperature_compensation.o
                0x00010150                f_get_temperature_from_normalized_one
 .text.f_get_alfa_factor
                0x00010184       0x10 ./src/az4186_temperature_compensation.o
                0x00010184                f_get_alfa_factor
 .text.v_get_temperature_compensation_stats
                0x00010194       0x4c ./src/az4186_temperature_compensation.o
                0x00010194                v_get_temperature_compensation_stats
 .text.ui_get_temperature_compensated_resistance
                0x000101e0       0x64 ./src/az4186_temperature_compensation.o
                0x000101e0                ui_get_temperature_compensated_resistance
 .text          0x00010244        0x0 ./src/az4186_window_temperature_compensation.o
 .text.ui_is_valid_temp_calibration_point_on_act_prg.part.0
                0x00010244       0x58 ./src/az4186_window_temperature_compensation.o
 .text.ui_is_valid_temp_calibration_point_on_act_prg
                0x0001029c       0x10 ./src/az4186_window_temperature_compensation.o
                0x0001029c                ui_is_valid_temp_calibration_point_on_act_prg
 .text.ucHW_temperature_compensation_params
                0x000102ac      0x780 ./src/az4186_window_temperature_compensation.o
                0x000102ac                ucHW_temperature_compensation_params
 .text          0x00010a2c        0x0 ./src/codelist.o
 .text.uiLimitCommRpm
                0x00010a2c      0x378 ./src/codelist.o
                0x00010a2c                uiLimitCommRpm
 .text.vStringLangCopy
                0x00010da4       0xac ./src/codelist.o
                0x00010da4                vStringLangCopy
 .text.pucStringLang
                0x00010e50       0x90 ./src/codelist.o
                0x00010e50                pucStringLang
 .text.vString40LangCopy
                0x00010ee0       0xac ./src/codelist.o
                0x00010ee0                vString40LangCopy
 .text.ucHW_listaCodici
                0x00010f8c      0x468 ./src/codelist.o
                0x00010f8c                ucHW_listaCodici
 .text          0x000113f4        0x0 ./src/crp.o
 .text          0x000113f4        0x0 ./src/diskio.o
 .text.wait_ready
                0x000113f4       0x48 ./src/diskio.o
 .text.v_generate_diag_alarm
                0x0001143c       0x34 ./src/diskio.o
 .text.uiSD_Initialize
                0x00011470       0xac ./src/diskio.o
                0x00011470                uiSD_Initialize
 .text.disk_initialize
                0x0001151c       0xd4 ./src/diskio.o
                0x0001151c                disk_initialize
 .text.disk_status
                0x000115f0       0x1c ./src/diskio.o
                0x000115f0                disk_status
 .text.disk_read
                0x0001160c       0xe0 ./src/diskio.o
                0x0001160c                disk_read
 .text.disk_write
                0x000116ec      0x12c ./src/diskio.o
                0x000116ec                disk_write
 .text.disk_ioctl
                0x00011818       0x88 ./src/diskio.o
                0x00011818                disk_ioctl
 .text.disk_timerproc
                0x000118a0       0x3c ./src/diskio.o
                0x000118a0                disk_timerproc
 .text.ucHasBeenFile_Modified
                0x000118dc       0x40 ./src/diskio.o
                0x000118dc                ucHasBeenFile_Modified
 .text.ucSignalFile_Modified
                0x0001191c       0x54 ./src/diskio.o
                0x0001191c                ucSignalFile_Modified
 .text          0x00011970        0x0 ./src/dma.o
 .text.DMAHandler
                0x00011970       0x68 ./src/dma.o
                0x00011970                DMAHandler
 .text.DMA_Init
                0x000119d8       0x70 ./src/dma.o
                0x000119d8                DMA_Init
 .text.DMA_Move
                0x00011a48      0x138 ./src/dma.o
                0x00011a48                DMA_Move
 .text          0x00011b80        0x0 ./src/fat_time.o
 .text.get_fattime
                0x00011b80       0x60 ./src/fat_time.o
                0x00011b80                get_fattime
 .text          0x00011be0        0x0 ./src/file_list.o
 .text.ui_file_list_crc
                0x00011be0       0x9c ./src/file_list.o
                0x00011be0                ui_file_list_crc
 .text.ui_get_header_body_size_file_list
                0x00011c7c       0xac ./src/file_list.o
                0x00011c7c                ui_get_header_body_size_file_list
 .text.open_file_list
                0x00011d28      0x160 ./src/file_list.o
                0x00011d28                open_file_list
 .text.create_file_list
                0x00011e88      0x144 ./src/file_list.o
                0x00011e88                create_file_list
 .text.file_list_find_element
                0x00011fcc      0x1a0 ./src/file_list.o
                0x00011fcc                file_list_find_element
 .text.insert_file_list
                0x0001216c      0x2b8 ./src/file_list.o
                0x0001216c                insert_file_list
 .text.delete_file_list
                0x00012424      0x23c ./src/file_list.o
                0x00012424                delete_file_list
 .text.walk_file_list
                0x00012660      0x280 ./src/file_list.o
                0x00012660                walk_file_list
 .text.close_file_list
                0x000128e0       0x14 ./src/file_list.o
                0x000128e0                close_file_list
 .text.v_init_file_list_registry
                0x000128f4       0x24 ./src/file_list.o
                0x000128f4                v_init_file_list_registry
 .text.file_list_register
                0x00012918       0xa8 ./src/file_list.o
                0x00012918                file_list_register
 .text.insert_reg_file_list
                0x000129c0       0x6c ./src/file_list.o
                0x000129c0                insert_reg_file_list
 .text.delete_reg_file_list
                0x00012a2c       0x4c ./src/file_list.o
                0x00012a2c                delete_reg_file_list
 .text.v_close_reg_file_list
                0x00012a78       0x3c ./src/file_list.o
                0x00012a78                v_close_reg_file_list
 .text.ul_reg_file_cur_id
                0x00012ab4       0x60 ./src/file_list.o
                0x00012ab4                ul_reg_file_cur_id
 .text.walk_reg_file_list
                0x00012b14      0x138 ./src/file_list.o
                0x00012b14                walk_reg_file_list
 .text.v_test_file_list
                0x00012c4c      0x1c0 ./src/file_list.o
                0x00012c4c                v_test_file_list
 .text          0x00012e0c        0x0 ./src/gui.o
 .text.ucNewKeyPressed
                0x00012e0c       0x10 ./src/gui.o
                0x00012e0c                ucNewKeyPressed
 .text.ucGetKeyPressed
                0x00012e1c       0x18 ./src/gui.o
                0x00012e1c                ucGetKeyPressed
 .text.uiPixelDistance
                0x00012e34       0x10 ./src/gui.o
                0x00012e34                uiPixelDistance
 .text.vInitTextOnDisplayQueue
                0x00012e44       0x1c ./src/gui.o
                0x00012e44                vInitTextOnDisplayQueue
 .text.vInitLcdTable
                0x00012e60       0x2c ./src/gui.o
                0x00012e60                vInitLcdTable
 .text.ucNextLcdId
                0x00012e8c       0x48 ./src/gui.o
                0x00012e8c                ucNextLcdId
 .text.ucFreeLcdId
                0x00012ed4       0x44 ./src/gui.o
                0x00012ed4                ucFreeLcdId
 .text.ucDeleteTextOnDisplayQueue
                0x00012f18       0x84 ./src/gui.o
                0x00012f18                ucDeleteTextOnDisplayQueue
 .text.ucResetTextOnDisplayQueue
                0x00012f9c       0x3c ./src/gui.o
                0x00012f9c                ucResetTextOnDisplayQueue
 .text.myexit   0x00012fd8        0x4 ./src/gui.o
                0x00012fd8                myexit
 .text.ucInsertTextOnDisplayQueue
                0x00012fdc      0x100 ./src/gui.o
                0x00012fdc                ucInsertTextOnDisplayQueue
 .text.vRemapTextOnQueue
                0x000130dc        0x4 ./src/gui.o
                0x000130dc                vRemapTextOnQueue
 .text.vCalcAreaTouchScreenTesto
                0x000130e0       0xe8 ./src/gui.o
                0x000130e0                vCalcAreaTouchScreenTesto
 .text.ucVerifyTouchOnTesto
                0x000131c8       0x78 ./src/gui.o
                0x000131c8                ucVerifyTouchOnTesto
 .text.ucTextOnDisplay
                0x00013240       0x64 ./src/gui.o
                0x00013240                ucTextOnDisplay
 .text.ucBitmap40x25OnDisplay
                0x000132a4       0x8c ./src/gui.o
                0x000132a4                ucBitmap40x25OnDisplay
 .text.vMapTesto
                0x00013330      0x5e4 ./src/gui.o
                0x00013330                vMapTesto
 .text.ucRenderTextOnVideo
                0x00013914       0x74 ./src/gui.o
                0x00013914                ucRenderTextOnVideo
 .text.vInitImmagine
                0x00013988       0x1c ./src/gui.o
                0x00013988                vInitImmagine
 .text.vForceRefreshImmagine
                0x000139a4       0x1c ./src/gui.o
                0x000139a4                vForceRefreshImmagine
 .text.ucClearScreen
                0x000139c0       0x28 ./src/gui.o
                0x000139c0                ucClearScreen
 .text.vCaricaImmagine
                0x000139e8       0x10 ./src/gui.o
                0x000139e8                vCaricaImmagine
 .text.ucImmagineCambiata
                0x000139f8       0x1c ./src/gui.o
                0x000139f8                ucImmagineCambiata
 .text.vResetTextSettings
                0x00013a14       0x24 ./src/gui.o
                0x00013a14                vResetTextSettings
 .text.vCloseLCD
                0x00013a38        0x4 ./src/gui.o
                0x00013a38                vCloseLCD
 .text.vInitKbd
                0x00013a3c      0x10c ./src/gui.o
                0x00013a3c                vInitKbd
 .text.vInitLcd
                0x00013b48       0xc8 ./src/gui.o
                0x00013b48                vInitLcd
 .text.vCtrlPressedButtons
                0x00013c10       0x5c ./src/gui.o
                0x00013c10                vCtrlPressedButtons
 .text.vSelectFont
                0x00013c6c       0x10 ./src/gui.o
                0x00013c6c                vSelectFont
 .text.vSelectTextColor
                0x00013c7c       0x10 ./src/gui.o
                0x00013c7c                vSelectTextColor
 .text.vSelectBackColor
                0x00013c8c       0x10 ./src/gui.o
                0x00013c8c                vSelectBackColor
 .text.ucPrintStaticText_MediumFont_Color
                0x00013c9c       0x58 ./src/gui.o
                0x00013c9c                ucPrintStaticText_MediumFont_Color
 .text.ucPrintSmallText_ColNames
                0x00013cf4       0x54 ./src/gui.o
                0x00013cf4                ucPrintSmallText_ColNames
 .text.ucPrintSmallText_ColNames_BackColor
                0x00013d48       0x54 ./src/gui.o
                0x00013d48                ucPrintSmallText_ColNames_BackColor
 .text.ucPrintTitleButton
                0x00013d9c      0x160 ./src/gui.o
                0x00013d9c                ucPrintTitleButton
 .text.ucPrintBitmapButton
                0x00013efc       0x98 ./src/gui.o
                0x00013efc                ucPrintBitmapButton
 .text.ucPrintStaticButton
                0x00013f94       0xec ./src/gui.o
                0x00013f94                ucPrintStaticButton
 .text.ucSearchFieldButtonPressed
                0x00014080       0x58 ./src/gui.o
                0x00014080                ucSearchFieldButtonPressed
 .text.ucPrintFieldButton
                0x000140d8       0xe8 ./src/gui.o
                0x000140d8                ucPrintFieldButton
 .text.ucPrintCursorText
                0x000141c0       0x8c ./src/gui.o
                0x000141c0                ucPrintCursorText
 .text.ucPrintTextTouch
                0x0001424c       0x60 ./src/gui.o
                0x0001424c                ucPrintTextTouch
 .text.vCalcCoeffsLcdCalibration
                0x000142ac      0x308 ./src/gui.o
                0x000142ac                vCalcCoeffsLcdCalibration
 .text.ucCalcCrcLcdCalibra
                0x000145b4       0x30 ./src/gui.o
                0x000145b4                ucCalcCrcLcdCalibra
 .text.vSaveCoeffsLcdCalibration
                0x000145e4       0x30 ./src/gui.o
                0x000145e4                vSaveCoeffsLcdCalibration
 .text.vLoadCoeffsLcdCalibration
                0x00014614       0x60 ./src/gui.o
                0x00014614                vLoadCoeffsLcdCalibration
 .text.vLinearizzaPosLcd
                0x00014674      0x264 ./src/gui.o
                0x00014674                vLinearizzaPosLcd
 .text.ucCtrlTouch
                0x000148d8       0xd0 ./src/gui.o
                0x000148d8                ucCtrlTouch
 .text.ucBackGroundCtrlLcd
                0x000149a8       0x18 ./src/gui.o
                0x000149a8                ucBackGroundCtrlLcd
 .text.vCalibraLcd
                0x000149c0      0x308 ./src/gui.o
                0x000149c0                vCalibraLcd
 .text.vEnableCalibraLcd
                0x00014cc8       0x10 ./src/gui.o
                0x00014cc8                vEnableCalibraLcd
 .text.vVisualizeSplashScreen
                0x00014cd8       0x2c ./src/gui.o
                0x00014cd8                vVisualizeSplashScreen
 .text.ucVisualizeSplashScreen
                0x00014d04       0x90 ./src/gui.o
                0x00014d04                ucVisualizeSplashScreen
 .text.vRefreshLcd
                0x00014d94      0x27c ./src/gui.o
                0x00014d94                vRefreshLcd
 .text          0x00015010        0x0 ./src/i2c.o
 .text.I2C0MasterHandler
                0x00015010      0x2d4 ./src/i2c.o
                0x00015010                I2C0MasterHandler
 .text.ui_get_i2c_alarm_subcode
                0x000152e4       0x10 ./src/i2c.o
                0x000152e4                ui_get_i2c_alarm_subcode
 .text.ui_clear_i2c_alarm_subcode
                0x000152f4       0x14 ./src/i2c.o
                0x000152f4                ui_clear_i2c_alarm_subcode
 .text.v_generate_alarm_i2c_bus
                0x00015308       0x40 ./src/i2c.o
                0x00015308                v_generate_alarm_i2c_bus
 .text.v_signal_accessing_eeprom_i2c
                0x00015348       0x10 ./src/i2c.o
                0x00015348                v_signal_accessing_eeprom_i2c
 .text.I2CStart
                0x00015358       0x70 ./src/i2c.o
                0x00015358                I2CStart
 .text.I2CStop  0x000153c8       0x60 ./src/i2c.o
                0x000153c8                I2CStop
 .text.I2CInit  0x00015428       0xb4 ./src/i2c.o
                0x00015428                I2CInit
 .text.I2CEngine
                0x000154dc       0xd0 ./src/i2c.o
                0x000154dc                I2CEngine
 .text.I2CStart_noWait
                0x000155ac       0x20 ./src/i2c.o
                0x000155ac                I2CStart_noWait
 .text.I2CEngine_Start
                0x000155cc       0x5c ./src/i2c.o
                0x000155cc                I2CEngine_Start
 .text.v_i2c_engine_reset
                0x00015628       0x44 ./src/i2c.o
                0x00015628                v_i2c_engine_reset
 .text.I2CEngine_isEnded
                0x0001566c       0x18 ./src/i2c.o
                0x0001566c                I2CEngine_isEnded
 .text.v_verify_unlock_i2c_bus
                0x00015684        0x4 ./src/i2c.o
                0x00015684                v_verify_unlock_i2c_bus
 .text          0x00015688        0x0 ./src/inverse_v1.o
 .text.cofactor_ij_v1
                0x00015688      0x190 ./src/inverse_v1.o
                0x00015688                cofactor_ij_v1
 .text.cofactor_v1
                0x00015818       0x4c ./src/inverse_v1.o
                0x00015818                cofactor_v1
 .text.determinant_v1
                0x00015864       0x44 ./src/inverse_v1.o
                0x00015864                determinant_v1
 .text.transpose_v1
                0x000158a8       0x40 ./src/inverse_v1.o
                0x000158a8                transpose_v1
 .text.mul_v1   0x000158e8       0x50 ./src/inverse_v1.o
                0x000158e8                mul_v1
 .text.inverse_v1
                0x00015938       0x5c ./src/inverse_v1.o
                0x00015938                inverse_v1
 .text.vMultiplyMatrix4x4_Vector
                0x00015994       0x60 ./src/inverse_v1.o
                0x00015994                vMultiplyMatrix4x4_Vector
 .text.vSolve4x4System
                0x000159f4       0x38 ./src/inverse_v1.o
                0x000159f4                vSolve4x4System
 .text          0x00015a2c        0x0 ./src/lcd.o
 .text.ucTouchScreenPressed
                0x00015a2c       0x18 ./src/lcd.o
                0x00015a2c                ucTouchScreenPressed
 .text.vLCD_Init
                0x00015a44       0x48 ./src/lcd.o
                0x00015a44                vLCD_Init
 .text.LCD_SpiAccess
                0x00015a8c       0x38 ./src/lcd.o
                0x00015a8c                LCD_SpiAccess
 .text.ucTouchedScreen
                0x00015ac4      0x138 ./src/lcd.o
                0x00015ac4                ucTouchedScreen
 .text.vResetIntLCD_spi
                0x00015bfc       0x1c ./src/lcd.o
                0x00015bfc                vResetIntLCD_spi
 .text.TFT_write
                0x00015c18        0xc ./src/lcd.o
                0x00015c18                TFT_write
 .text.TFT_read
                0x00015c24        0xc ./src/lcd.o
                0x00015c24                TFT_read
 .text.v_signal_timeout_wating_lcd_int
                0x00015c30       0x18 ./src/lcd.o
                0x00015c30                v_signal_timeout_wating_lcd_int
 .text.LCD_wait_FPGA_done
                0x00015c48       0x8c ./src/lcd.o
                0x00015c48                LCD_wait_FPGA_done
 .text.FPGA_done
                0x00015cd4        0x4 ./src/lcd.o
                0x00015cd4                FPGA_done
 .text.Beep     0x00015cd8        0x8 ./src/lcd.o
                0x00015cd8                Beep
 .text.LCD_Beep
                0x00015ce0        0x4 ./src/lcd.o
                0x00015ce0                LCD_Beep
 .text.Change_bank
                0x00015ce4       0x24 ./src/lcd.o
                0x00015ce4                Change_bank
 .text.LCD_toggle_bank
                0x00015d08       0x1c ./src/lcd.o
                0x00015d08                LCD_toggle_bank
 .text.Read_image_from_flash
                0x00015d24      0x100 ./src/lcd.o
                0x00015d24                Read_image_from_flash
 .text.LCD_LoadImageOnBackgroundBank
                0x00015e24        0x4 ./src/lcd.o
                0x00015e24                LCD_LoadImageOnBackgroundBank
 .text.vWriteBMPelement
                0x00015e28       0xd4 ./src/lcd.o
                0x00015e28                vWriteBMPelement
 .text.ucMapDisplayChar
                0x00015efc       0x18 ./src/lcd.o
                0x00015efc                ucMapDisplayChar
 .text.vWriteIconElement
                0x00015f14      0x170 ./src/lcd.o
                0x00015f14                vWriteIconElement
 .text.vWriteIconElement_N
                0x00016084      0x198 ./src/lcd.o
                0x00016084                vWriteIconElement_N
 .text.vInitListDisplayElements
                0x0001621c       0x54 ./src/lcd.o
                0x0001621c                vInitListDisplayElements
 .text.ucTroppoPienaListaLcd
                0x00016270       0x20 ./src/lcd.o
                0x00016270                ucTroppoPienaListaLcd
 .text.vResetIconsAndBitmap
                0x00016290        0x4 ./src/lcd.o
                0x00016290                vResetIconsAndBitmap
 .text.vCloseListDisplayElements
                0x00016294       0xa0 ./src/lcd.o
                0x00016294                vCloseListDisplayElements
 .text.invio_lista
                0x00016334       0x60 ./src/lcd.o
                0x00016334                invio_lista
 .text.vSelect8bitTouch
                0x00016394        0x8 ./src/lcd.o
                0x00016394                vSelect8bitTouch
 .text.applicazione_lista
                0x0001639c       0x14 ./src/lcd.o
                0x0001639c                applicazione_lista
 .text.lettura_versione_FW
                0x000163b0       0x30 ./src/lcd.o
                0x000163b0                lettura_versione_FW
 .text          0x000163e0        0x0 ./src/main.o
 .text.vInitializeTheDacValues
                0x000163e0       0x2c ./src/main.o
                0x000163e0                vInitializeTheDacValues
 .text.vWaitBootFpga
                0x0001640c      0x14c ./src/main.o
                0x0001640c                vWaitBootFpga
 .text.vPrintSmallTesto_Red
                0x00016558       0x44 ./src/main.o
                0x00016558                vPrintSmallTesto_Red
 .text.vRefreshScreen_Startup
                0x0001659c       0x28 ./src/main.o
                0x0001659c                vRefreshScreen_Startup
 .text.v_print_msg
                0x000165c4       0x18 ./src/main.o
                0x000165c4                v_print_msg
 .text          0x000165dc        0x0 ./src/mci.o
 .text.ulGetPclk.part.4
                0x000165dc       0x70 ./src/mci.o
 .text.MCI_TXEnable
                0x0001664c       0x2c ./src/mci.o
                0x0001664c                MCI_TXEnable
 .text.MCI_TXDisable
                0x00016678       0x2c ./src/mci.o
                0x00016678                MCI_TXDisable
 .text.MCI_RXEnable
                0x000166a4       0x2c ./src/mci.o
                0x000166a4                MCI_RXEnable
 .text.MCI_RXDisable
                0x000166d0       0x2c ./src/mci.o
                0x000166d0                MCI_RXDisable
 .text.MCI_CmdProcess
                0x000166fc       0xd0 ./src/mci.o
                0x000166fc                MCI_CmdProcess
 .text.MCI_DataErrorProcess
                0x000167cc       0xd0 ./src/mci.o
                0x000167cc                MCI_DataErrorProcess
 .text.MCI_DATA_END_InterruptService
                0x0001689c       0xa8 ./src/mci.o
                0x0001689c                MCI_DATA_END_InterruptService
 .text.MCI_FIFOInterruptService
                0x00016944       0x18 ./src/mci.o
                0x00016944                MCI_FIFOInterruptService
 .text.MCI_IRQHandler
                0x0001695c       0xa4 ./src/mci.o
                0x0001695c                MCI_IRQHandler
 .text.ulGetPclk
                0x00016a00       0x14 ./src/mci.o
                0x00016a00                ulGetPclk
 .text.MCI_Set_MCIClock
                0x00016a14       0x78 ./src/mci.o
                0x00016a14                MCI_Set_MCIClock
 .text.MCI_Init
                0x00016a8c      0x124 ./src/mci.o
                0x00016a8c                MCI_Init
 .text.MCI_SendCmd
                0x00016bb0       0xc0 ./src/mci.o
                0x00016bb0                MCI_SendCmd
 .text.MCI_GetCmdResp
                0x00016c70      0x11c ./src/mci.o
                0x00016c70                MCI_GetCmdResp
 .text.MCI_Go_Idle_State
                0x00016d8c       0x24 ./src/mci.o
                0x00016d8c                MCI_Go_Idle_State
 .text.MCI_Send_OP_Cond
                0x00016db0       0x6c ./src/mci.o
                0x00016db0                MCI_Send_OP_Cond
 .text.MCI_Send_ACMD
                0x00016e1c       0x8c ./src/mci.o
                0x00016e1c                MCI_Send_ACMD
 .text.MCI_Send_ACMD_OP_Cond
                0x00016ea8       0xc8 ./src/mci.o
                0x00016ea8                MCI_Send_ACMD_OP_Cond
 .text.ui_send_cmd8
                0x00016f70       0x58 ./src/mci.o
                0x00016f70                ui_send_cmd8
 .text.MCI_CardInit
                0x00016fc8       0x78 ./src/mci.o
                0x00016fc8                MCI_CardInit
 .text.MCI_Check_CID
                0x00017040       0x5c ./src/mci.o
                0x00017040                MCI_Check_CID
 .text.MCI_Set_Address
                0x0001709c       0x9c ./src/mci.o
                0x0001709c                MCI_Set_Address
 .text.vSaveCSD_reg
                0x00017138       0x24 ./src/mci.o
                0x00017138                vSaveCSD_reg
 .text.vCalcSD_capacity
                0x0001715c      0x108 ./src/mci.o
                0x0001715c                vCalcSD_capacity
 .text.MCI_Send_CSD
                0x00017264       0xa0 ./src/mci.o
                0x00017264                MCI_Send_CSD
 .text.MCI_Select_Card
                0x00017304       0xa4 ./src/mci.o
                0x00017304                MCI_Select_Card
 .text.MCI_Send_Status
                0x000173a8       0x90 ./src/mci.o
                0x000173a8                MCI_Send_Status
 .text.MCI_CheckStatus
                0x00017438       0x30 ./src/mci.o
                0x00017438                MCI_CheckStatus
 .text.MCI_Set_BlockLen
                0x00017468       0x88 ./src/mci.o
                0x00017468                MCI_Set_BlockLen
 .text.MCI_Send_ACMD_Bus_Width
                0x000174f0       0x88 ./src/mci.o
                0x000174f0                MCI_Send_ACMD_Bus_Width
 .text.SD_Set_BusWidth
                0x00017578       0x58 ./src/mci.o
                0x00017578                SD_Set_BusWidth
 .text.MCI_Send_Stop
                0x000175d0       0x7c ./src/mci.o
                0x000175d0                MCI_Send_Stop
 .text.MCI_Send_Write_Block
                0x0001764c       0xa0 ./src/mci.o
                0x0001764c                MCI_Send_Write_Block
 .text.MCI_Send_Write_Multiple_Block
                0x000176ec       0xa0 ./src/mci.o
                0x000176ec                MCI_Send_Write_Multiple_Block
 .text.MCI_Write_Multiple_Block
                0x0001778c      0x120 ./src/mci.o
                0x0001778c                MCI_Write_Multiple_Block
 .text.MCI_Send_Read_Block
                0x000178ac       0xa0 ./src/mci.o
                0x000178ac                MCI_Send_Read_Block
 .text.MCI_Write_Block
                0x0001794c       0xbc ./src/mci.o
                0x0001794c                MCI_Write_Block
 .text.MCI_Read_Block
                0x00017a08       0xb8 ./src/mci.o
                0x00017a08                MCI_Read_Block
 .text          0x00017ac0        0x0 ./src/params.o
 .text.vSetHRE_potentiometer.part.2
                0x00017ac0       0x90 ./src/params.o
 .text.v_reset_spindle_and_wheel_dac
                0x00017b50       0x5c ./src/params.o
                0x00017b50                v_reset_spindle_and_wheel_dac
 .text.uc_format_str_len_mult_16
                0x00017bac       0xb8 ./src/params.o
                0x00017bac                uc_format_str_len_mult_16
 .text.v_init_read_bytes_from_vdip
                0x00017c64       0x20 ./src/params.o
                0x00017c64                v_init_read_bytes_from_vdip
 .text.uc_read_a_byte_from_vdip
                0x00017c84      0x14c ./src/params.o
                0x00017c84                uc_read_a_byte_from_vdip
 .text.set_check_tangled_wire_params_default
                0x00017dd0       0x6c ./src/params.o
                0x00017dd0                set_check_tangled_wire_params_default
 .text.iSaveMachineParsOnFile_GetExitCode
                0x00017e3c       0x10 ./src/params.o
                0x00017e3c                iSaveMachineParsOnFile_GetExitCode
 .text.fSaveMachineParsOnFile_GetEstimatedDonePerc
                0x00017e4c       0x10 ./src/params.o
                0x00017e4c                fSaveMachineParsOnFile_GetEstimatedDonePerc
 .text.vInitMachineParsOnFile_Stati
                0x00017e5c       0x2c ./src/params.o
                0x00017e5c                vInitMachineParsOnFile_Stati
 .text.ui_send_vdip_string
                0x00017e88      0x2d8 ./src/params.o
                0x00017e88                ui_send_vdip_string
 .text.ucSaveMachineParsOnFile_Stati
                0x00018160      0xc00 ./src/params.o
                0x00018160                ucSaveMachineParsOnFile_Stati
 .text.ucLoadCodiciProdottoOnFile_Stati
                0x00018d60      0x810 ./src/params.o
                0x00018d60                ucLoadCodiciProdottoOnFile_Stati
 .text.ucLoadParMacOnFile_Stati
                0x00019570      0x854 ./src/params.o
                0x00019570                ucLoadParMacOnFile_Stati
 .text.ucLoadCustomLanguage_Stati
                0x00019dc4      0x448 ./src/params.o
                0x00019dc4                ucLoadCustomLanguage_Stati
 .text.vSetNumK_to_ask_password
                0x0001a20c       0x58 ./src/params.o
                0x0001a20c                vSetNumK_to_ask_password
 .text.vSetNumK_to_ask_password_super_user
                0x0001a264       0x80 ./src/params.o
                0x0001a264                vSetNumK_to_ask_password_super_user
 .text.ucVerifyPasswordCorrect
                0x0001a2e4       0x48 ./src/params.o
                0x0001a2e4                ucVerifyPasswordCorrect
 .text.ucVerifyPasswordSuperUserCorrect
                0x0001a32c       0x24 ./src/params.o
                0x0001a32c                ucVerifyPasswordSuperUserCorrect
 .text.ucCalcWireLengthMetersForJobList
                0x0001a350      0x1a4 ./src/params.o
                0x0001a350                ucCalcWireLengthMetersForJobList
 .text.vAddStandardButtons
                0x0001a4f4       0xa0 ./src/params.o
                0x0001a4f4                vAddStandardButtons
 .text.ucHW_LoadCodiciProdotto
                0x0001a594      0x414 ./src/params.o
                0x0001a594                ucHW_LoadCodiciProdotto
 .text.ucHW_ResetCodiciProdotto
                0x0001a9a8      0x320 ./src/params.o
                0x0001a9a8                ucHW_ResetCodiciProdotto
 .text.ucHW_LoadCustomLanguage
                0x0001acc8      0x3fc ./src/params.o
                0x0001acc8                ucHW_LoadCustomLanguage
 .text.ucHW_LoadParsMac
                0x0001b0c4      0x434 ./src/params.o
                0x0001b0c4                ucHW_LoadParsMac
 .text.ucHW_SaveParams
                0x0001b4f8      0x490 ./src/params.o
                0x0001b4f8                ucHW_SaveParams
 .text.ucHW_DataOra
                0x0001b988      0x384 ./src/params.o
                0x0001b988                ucHW_DataOra
 .text.vAddStandardButtonsOk
                0x0001bd0c       0xa0 ./src/params.o
                0x0001bd0c                vAddStandardButtonsOk
 .text.f_convert_perc_dist_to_float_0_100
                0x0001bdac       0x50 ./src/params.o
                0x0001bdac                f_convert_perc_dist_to_float_0_100
 .text.us_convert_float_0_100_to_perc_dist
                0x0001bdfc       0x74 ./src/params.o
                0x0001bdfc                us_convert_float_0_100_to_perc_dist
 .text.v_convert_dist_values
                0x0001be70      0x3e4 ./src/params.o
                0x0001be70                v_convert_dist_values
 .text.ucHW_Distanziatore
                0x0001c254      0xb2c ./src/params.o
                0x0001c254                ucHW_Distanziatore
 .text.vInizializzaCodiceProdotto
                0x0001cd80       0xe8 ./src/params.o
                0x0001cd80                vInizializzaCodiceProdotto
 .text.vHRE_init
                0x0001ce68       0x20 ./src/params.o
                0x0001ce68                vHRE_init
 .text.vResetWindows
                0x0001ce88      0x140 ./src/params.o
                0x0001ce88                vResetWindows
 .text.vSetHRE_potentiometer
                0x0001cfc8       0x80 ./src/params.o
                0x0001cfc8                vSetHRE_potentiometer
 .text.vSelectHRE_potentiometer
                0x0001d048       0xa4 ./src/params.o
                0x0001d048                vSelectHRE_potentiometer
 .text.v_init_handling_encoder_grinding
                0x0001d0ec       0x48 ./src/params.o
 .text.ucHW_spindle_grinding
                0x0001d134      0x464 ./src/params.o
                0x0001d134                ucHW_spindle_grinding
 .text.ucGetSelectHRE_potentiometer
                0x0001d598       0x20 ./src/params.o
                0x0001d598                ucGetSelectHRE_potentiometer
 .text.iGetHRE_potentiometer
                0x0001d5b8       0x18 ./src/params.o
                0x0001d5b8                iGetHRE_potentiometer
 .text.vDisableHRE_potentiometer
                0x0001d5d0       0x14 ./src/params.o
                0x0001d5d0                vDisableHRE_potentiometer
 .text.vHandleHRE
                0x0001d5e4      0x28c ./src/params.o
                0x0001d5e4                vHandleHRE
 .text.iGetHRE_setting
                0x0001d870       0x98 ./src/params.o
                0x0001d870                iGetHRE_setting
 .text.vSaltaSuPaginaProduzione
                0x0001d908       0x18 ./src/params.o
                0x0001d908                vSaltaSuPaginaProduzione
 .text.ucIAmSpindleGrinding
                0x0001d920       0x1c ./src/params.o
                0x0001d920                ucIAmSpindleGrinding
 .text.ucIamInLogProduzione
                0x0001d93c       0x1c ./src/params.o
                0x0001d93c                ucIamInLogProduzione
 .text.ucIamInTaraturaStatica
                0x0001d958       0x30 ./src/params.o
                0x0001d958                ucIamInTaraturaStatica
 .text.ucIamInTaraturaDinamica
                0x0001d988       0x34 ./src/params.o
                0x0001d988                ucIamInTaraturaDinamica
 .text          0x0001d9bc        0x0 ./src/popup.o
 .text.f_calc_res_spezzone
                0x0001d9bc       0x44 ./src/popup.o
                0x0001d9bc                f_calc_res_spezzone
 .text.us_calc_portata_dinamica_per_resistenza
                0x0001da00       0x58 ./src/popup.o
                0x0001da00                us_calc_portata_dinamica_per_resistenza
 .text.f_calc_res_spec_filo
                0x0001da58       0x9c ./src/popup.o
                0x0001da58                f_calc_res_spec_filo
 .text.ucHW_MainMenu
                0x0001daf4      0x274 ./src/popup.o
                0x0001daf4                ucHW_MainMenu
 .text.ucHW_YesNo
                0x0001dd68      0x284 ./src/popup.o
                0x0001dd68                ucHW_YesNo
 .text.ValidatePrg
                0x0001dfec      0x240 ./src/popup.o
                0x0001dfec                ValidatePrg
 .text.ucNeedToClosePopupWindow
                0x0001e22c       0x44 ./src/popup.o
                0x0001e22c                ucNeedToClosePopupWindow
 .text.ucHandlePopupWindow
                0x0001e270     0x12fc ./src/popup.o
                0x0001e270                ucHandlePopupWindow
 .text.ucEnableStartLavorazione
                0x0001f56c       0x10 ./src/popup.o
                0x0001f56c                ucEnableStartLavorazione
 .text.ucIsDisabledStartLavorazione
                0x0001f57c       0x18 ./src/popup.o
                0x0001f57c                ucIsDisabledStartLavorazione
 .text          0x0001f594        0x0 ./src/rtcDS3231_newer.o
 .text.i2c_Master_Xmit.part.0
                0x0001f594       0x40 ./src/rtcDS3231_newer.o
 .text.i2c_Master_Rcv.part.1
                0x0001f5d4       0x58 ./src/rtcDS3231_newer.o
 .text.i2c_Master_Xmit
                0x0001f62c        0xc ./src/rtcDS3231_newer.o
                0x0001f62c                i2c_Master_Xmit
 .text.i2c_Master_Rcv
                0x0001f638        0xc ./src/rtcDS3231_newer.o
                0x0001f638                i2c_Master_Rcv
 .text.vReadStatusTempRTC_DS3231
                0x0001f644       0xf4 ./src/rtcDS3231_newer.o
                0x0001f644                vReadStatusTempRTC_DS3231
 .text.vResetOSF_RTC_DS3231
                0x0001f738       0x6c ./src/rtcDS3231_newer.o
                0x0001f738                vResetOSF_RTC_DS3231
 .text.vReadTimeBytesRTC_DS3231
                0x0001f7a4      0x11c ./src/rtcDS3231_newer.o
                0x0001f7a4                vReadTimeBytesRTC_DS3231
 .text.vWriteTimeBytesRTC_DS3231
                0x0001f8c0      0x184 ./src/rtcDS3231_newer.o
                0x0001f8c0                vWriteTimeBytesRTC_DS3231
 .text.vInit_RtcDS3231
                0x0001fa44       0x10 ./src/rtcDS3231_newer.o
                0x0001fa44                vInit_RtcDS3231
 .text          0x0001fa54        0x0 ./src/spi.o
 .text.vUpdateValoriTaratura
                0x0001fa54      0x4a4 ./src/spi.o
                0x0001fa54                vUpdateValoriTaratura
 .text.fCalcCoeffCorr
                0x0001fef8       0x90 ./src/spi.o
                0x0001fef8                fCalcCoeffCorr
 .text.vCalcAnticipoPretaglio
                0x0001ff88      0x1e0 ./src/spi.o
                0x0001ff88                vCalcAnticipoPretaglio
 .text.menuOperation
                0x00020168       0x14 ./src/spi.o
                0x00020168                menuOperation
 .text.update_crc
                0x0002017c       0x34 ./src/spi.o
                0x0002017c                update_crc
 .text.ucCalcCrcMacParams
                0x000201b0       0xb0 ./src/spi.o
                0x000201b0                ucCalcCrcMacParams
 .text.vSaveMacParms
                0x00020260       0x30 ./src/spi.o
                0x00020260                vSaveMacParms
 .text.vCtrlSaveMacParms
                0x00020290       0x20 ./src/spi.o
                0x00020290                vCtrlSaveMacParms
 .text.ucFillStructDist
                0x000202b0      0x45c ./src/spi.o
                0x000202b0                ucFillStructDist
 .text.ucFillProgramStructDist
                0x0002070c      0x14c ./src/spi.o
                0x0002070c                ucFillProgramStructDist
 .text.request_spindle_stop
                0x00020858       0x18 ./src/spi.o
                0x00020858                request_spindle_stop
 .text.upd7Seg  0x00020870      0x9e0 ./src/spi.o
                0x00020870                upd7Seg
 .text.updInp   0x00021250      0x524 ./src/spi.o
                0x00021250                updInp
 .text.vSetBitOutputsHi
                0x00021774       0x44 ./src/spi.o
                0x00021774                vSetBitOutputsHi
 .text.vResetBitOutputsHi
                0x000217b8       0x40 ./src/spi.o
                0x000217b8                vResetBitOutputsHi
 .text.vInitBandella
                0x000217f8       0x5c ./src/spi.o
                0x000217f8                vInitBandella
 .text.vCommandSwitchBandella
                0x00021854       0x14 ./src/spi.o
                0x00021854                vCommandSwitchBandella
 .text.vHandleBandella
                0x00021868      0x150 ./src/spi.o
                0x00021868                vHandleBandella
 .text.TxCommessa
                0x000219b8        0x4 ./src/spi.o
                0x000219b8                TxCommessa
 .text.vWaitStartupFpga
                0x000219bc       0x3c ./src/spi.o
                0x000219bc                vWaitStartupFpga
 .text.uiPrepareDescTempComp_ProductionLog
                0x000219f8       0xc4 ./src/spi.o
                0x000219f8                uiPrepareDescTempComp_ProductionLog
 .text.vPrepareDesc_ProductionLog
                0x00021abc      0x598 ./src/spi.o
                0x00021abc                vPrepareDesc_ProductionLog
 .text.vForceLcdRefresh
                0x00022054       0x14 ./src/spi.o
                0x00022054                vForceLcdRefresh
 .text.ucLcdRefreshTimeoutReset
                0x00022068       0x24 ./src/spi.o
                0x00022068                ucLcdRefreshTimeoutReset
 .text.ucLcdRefreshTimeoutExpired
                0x0002208c       0x84 ./src/spi.o
                0x0002208c                ucLcdRefreshTimeoutExpired
 .text.ucLcdRefreshTimeoutEnable
                0x00022110       0x3c ./src/spi.o
                0x00022110                ucLcdRefreshTimeoutEnable
 .text.uiLcdRefreshTimeout_GetAct
                0x0002214c       0x18 ./src/spi.o
                0x0002214c                uiLcdRefreshTimeout_GetAct
 .text.ucNeedToRefreshLcd
                0x00022164       0x60 ./src/spi.o
                0x00022164                ucNeedToRefreshLcd
 .text.ucResetTheButton
                0x000221c4       0x38 ./src/spi.o
                0x000221c4                ucResetTheButton
 .text.ucHasBeenPressedButton
                0x000221fc       0x3c ./src/spi.o
                0x000221fc                ucHasBeenPressedButton
 .text.ucHasBeenTouchedButton
                0x00022238       0x38 ./src/spi.o
                0x00022238                ucHasBeenTouchedButton
 .text.ucCreateTheButton
                0x00022270       0x30 ./src/spi.o
                0x00022270                ucCreateTheButton
 .text.ucHW_LogProduzione
                0x000222a0      0x3dc ./src/spi.o
                0x000222a0                ucHW_LogProduzione
 .text.ucIdxCharButtonPressed
                0x0002267c       0x18 ./src/spi.o
                0x0002267c                ucIdxCharButtonPressed
 .text.ucFieldButtonPressed
                0x00022694       0x18 ./src/spi.o
                0x00022694                ucFieldButtonPressed
 .text.vSetFieldButtonPressed
                0x000226ac       0x18 ./src/spi.o
                0x000226ac                vSetFieldButtonPressed
 .text.ucTheButtonIsPressed
                0x000226c4       0x34 ./src/spi.o
                0x000226c4                ucTheButtonIsPressed
 .text.us_is_button_pressed
                0x000226f8       0x1c ./src/spi.o
                0x000226f8                us_is_button_pressed
 .text.vClearButtonPressed
                0x00022714       0x14 ./src/spi.o
                0x00022714                vClearButtonPressed
 .text.vSignalButtonPressed
                0x00022728       0x40 ./src/spi.o
                0x00022728                vSignalButtonPressed
 .text.vHandleButtons
                0x00022768       0xec ./src/spi.o
                0x00022768                vHandleButtons
 .text.vRefreshLcdStrings
                0x00022854       0xe8 ./src/spi.o
                0x00022854                vRefreshLcdStrings
 .text.vSetTextRigaColonna
                0x0002293c       0x24 ./src/spi.o
                0x0002293c                vSetTextRigaColonna
 .text.vSetCursorOn
                0x00022960       0x1c ./src/spi.o
                0x00022960                vSetCursorOn
 .text.vPrintDirectString
                0x0002297c       0x50 ./src/spi.o
                0x0002297c                vPrintDirectString
 .text.vPrintDirectChar
                0x000229cc       0x3c ./src/spi.o
                0x000229cc                vPrintDirectChar
 .text.startEdit
                0x00022a08       0xac ./src/spi.o
                0x00022a08                startEdit
 .text.updLcd   0x00022ab4      0x138 ./src/spi.o
                0x00022ab4                updLcd
 .text.updOut   0x00022bec      0x12c ./src/spi.o
                0x00022bec                updOut
 .text.vInitActPrg
                0x00022d18       0x64 ./src/spi.o
                0x00022d18                vInitActPrg
 .text.vHandleBackgroundNandFlash
                0x00022d7c        0x4 ./src/spi.o
                0x00022d7c                vHandleBackgroundNandFlash
 .text.vValidateTabFornitori
                0x00022d80       0x60 ./src/spi.o
                0x00022d80                vValidateTabFornitori
 .text.vSearchFirstComm
                0x00022de0       0x54 ./src/spi.o
                0x00022de0                vSearchFirstComm
 .text.mynatoi  0x00022e34       0x58 ./src/spi.o
                0x00022e34                mynatoi
 .text.AdjustVelPeriferica
                0x00022e8c      0x240 ./src/spi.o
                0x00022e8c                AdjustVelPeriferica
 .text.InsertTheProgram
                0x000230cc      0x1f8 ./src/spi.o
                0x000230cc                InsertTheProgram
 .text.vAggiornaPosizioneColtello
                0x000232c4      0x15c ./src/spi.o
                0x000232c4                vAggiornaPosizioneColtello
 .text.WriteOnDacByPot
                0x00023420       0xc4 ./src/spi.o
                0x00023420                WriteOnDacByPot
 .text.SetPotenziometri
                0x000234e4      0x2c8 ./src/spi.o
                0x000234e4                SetPotenziometri
 .text.vMacParmsAtDefaultValue
                0x000237ac      0x1f0 ./src/spi.o
                0x000237ac                vMacParmsAtDefaultValue
 .text.vLoadMacParms
                0x0002399c       0x90 ./src/spi.o
                0x0002399c                vLoadMacParms
 .text.ValidateMacParms
                0x00023a2c      0x324 ./src/spi.o
                0x00023a2c                ValidateMacParms
 .text.init     0x00023d50      0x6b8 ./src/spi.o
                0x00023d50                init
 .text.spi_main
                0x00024408       0xcc ./src/spi.o
                0x00024408                spi_main
 .text          0x000244d4        0x0 ./src/spidbg.o
 .text.ucHW_setupProduzione
                0x000244d4     0x2a24 ./src/spidbg.o
                0x000244d4                ucHW_setupProduzione
 .text.vGetValueParametro
                0x00026ef8      0x114 ./src/spidbg.o
                0x00026ef8                vGetValueParametro
 .text.vSetValueParametro
                0x0002700c       0xf8 ./src/spidbg.o
                0x0002700c                vSetValueParametro
 .text.vRefresh_IPM_values
                0x00027104      0x144 ./src/spidbg.o
                0x00027104                vRefresh_IPM_values
 .text.ucHW_ParametriMacchina
                0x00027248      0x9e8 ./src/spidbg.o
                0x00027248                ucHW_ParametriMacchina
 .text.ucHW_Fornitori
                0x00027c30      0x3d4 ./src/spidbg.o
                0x00027c30                ucHW_Fornitori
 .text.vPrintTesto
                0x00028004       0x44 ./src/spidbg.o
                0x00028004                vPrintTesto
 .text.vRefreshScreen
                0x00028048       0x28 ./src/spidbg.o
                0x00028048                vRefreshScreen
 .text.vPrintMessage
                0x00028070       0x38 ./src/spidbg.o
                0x00028070                vPrintMessage
 .text.vResetRamAndReboot
                0x000280a8       0xd8 ./src/spidbg.o
                0x000280a8                vResetRamAndReboot
 .text.ucHW_Utilities
                0x00028180      0x404 ./src/spidbg.o
                0x00028180                ucHW_Utilities
 .text.vHandleButtonsRegulation
                0x00028584      0x234 ./src/spidbg.o
                0x00028584                vHandleButtonsRegulation
 .text.ucHW_InAnalog
                0x000287b8      0x2c8 ./src/spidbg.o
                0x000287b8                ucHW_InAnalog
 .text.ucHW_OutAnalog
                0x00028a80      0x23c ./src/spidbg.o
                0x00028a80                ucHW_OutAnalog
 .text.ucHW_Indig
                0x00028cbc      0x218 ./src/spidbg.o
                0x00028cbc                ucHW_Indig
 .text.ucHW_Outdig
                0x00028ed4      0x47c ./src/spidbg.o
                0x00028ed4                ucHW_Outdig
 .text.ucHW_IngressiEncoder
                0x00029350      0x1e0 ./src/spidbg.o
                0x00029350                ucHW_IngressiEncoder
 .text.ucHW_Taratura_Portata
                0x00029530      0x624 ./src/spidbg.o
                0x00029530                ucHW_Taratura_Portata
 .text.ucHW_Taratura_Portata_1_4
                0x00029b54      0x24c ./src/spidbg.o
                0x00029b54                ucHW_Taratura_Portata_1_4
 .text.ucHW_Taratura_Misura_Dyn_Or_Stat
                0x00029da0      0x248 ./src/spidbg.o
                0x00029da0                ucHW_Taratura_Misura_Dyn_Or_Stat
 .text.ucHW_SelezionaTaratura
                0x00029fe8      0x2f8 ./src/spidbg.o
                0x00029fe8                ucHW_SelezionaTaratura
 .text.ucHW_Info
                0x0002a2e0      0x134 ./src/spidbg.o
                0x0002a2e0                ucHW_Info
 .text.v_preset_for_program_param_input
                0x0002a414       0xec ./src/spidbg.o
                0x0002a414                v_preset_for_program_param_input
 .text.ucHW_ViewCodiceProdotto
                0x0002a500      0x6ac ./src/spidbg.o
                0x0002a500                ucHW_ViewCodiceProdotto
 .text.ucHandleWindows
                0x0002abac      0x2ac ./src/spidbg.o
                0x0002abac                ucHandleWindows
 .text          0x0002ae58        0x0 ./src/spiglb.o
 .text          0x0002ae58        0x0 ./src/spimis.o
 .text.v_init_handle_wait_one_coil
                0x0002ae58       0x20 ./src/spimis.o
                0x0002ae58                v_init_handle_wait_one_coil
 .text.ui_handle_wait_one_coil_ok
                0x0002ae78       0x1c ./src/spimis.o
                0x0002ae78                ui_handle_wait_one_coil_ok
 .text.v_handle_wait_one_coil
                0x0002ae94       0xa8 ./src/spimis.o
                0x0002ae94                v_handle_wait_one_coil
 .text.timeout_init
                0x0002af3c       0x24 ./src/spimis.o
                0x0002af3c                timeout_init
 .text.uc_timeout_active
                0x0002af60       0x70 ./src/spimis.o
                0x0002af60                uc_timeout_active
 .text.mystrcpy
                0x0002afd0       0x30 ./src/spimis.o
                0x0002afd0                mystrcpy
 .text.vCommandSwitchBandella_Interrupt
                0x0002b000       0x14 ./src/spimis.o
                0x0002b000                vCommandSwitchBandella_Interrupt
 .text.vInitAD7327
                0x0002b014       0xdc ./src/spimis.o
                0x0002b014                vInitAD7327
 .text.vHaltReadCycleSensoreTaglio
                0x0002b0f0       0x18 ./src/spimis.o
                0x0002b0f0                vHaltReadCycleSensoreTaglio
 .text.vInitSensoreTaglio
                0x0002b108       0x7c ./src/spimis.o
                0x0002b108                vInitSensoreTaglio
 .text.vInitReadCycleSensoreTaglio
                0x0002b184       0x38 ./src/spimis.o
                0x0002b184                vInitReadCycleSensoreTaglio
 .text.vLockOperazioneLama
                0x0002b1bc       0x18 ./src/spimis.o
                0x0002b1bc                vLockOperazioneLama
 .text.vUnlockOperazioneLama
                0x0002b1d4       0x14 ./src/spimis.o
                0x0002b1d4                vUnlockOperazioneLama
 .text.vAttivaOperazioneLama
                0x0002b1e8      0x100 ./src/spimis.o
                0x0002b1e8                vAttivaOperazioneLama
 .text.ucIsAttivaOperazioneLama
                0x0002b2e8       0x34 ./src/spimis.o
                0x0002b2e8                ucIsAttivaOperazioneLama
 .text.ucRefreshAdchannels_Interrupt
                0x0002b31c      0x1fc ./src/spimis.o
                0x0002b31c                ucRefreshAdchannels_Interrupt
 .text.vReadAD7327
                0x0002b518      0x12c ./src/spimis.o
                0x0002b518                vReadAD7327
 .text.iReadCounter
                0x0002b644       0x54 ./src/spimis.o
                0x0002b644                iReadCounter
 .text.iAzzeraReadCounter_2
                0x0002b698       0x28 ./src/spimis.o
                0x0002b698                iAzzeraReadCounter_2
 .text.vInitPosizioneLamaTaglio
                0x0002b6c0       0x44 ./src/spimis.o
                0x0002b6c0                vInitPosizioneLamaTaglio
 .text.vSpeedTargetUrp_init
                0x0002b704       0x20 ./src/spimis.o
                0x0002b704                vSpeedTargetUrp_init
 .text.vSpeedTargetUrp_update
                0x0002b724       0x9c ./src/spimis.o
                0x0002b724                vSpeedTargetUrp_update
 .text.ulSpeedTargetUrp_get
                0x0002b7c0       0x10 ./src/spimis.o
                0x0002b7c0                ulSpeedTargetUrp_get
 .text.l_multiply_long_perc_dist
                0x0002b7d0       0x20 ./src/spimis.o
                0x0002b7d0                l_multiply_long_perc_dist
 .text.v_reset_stato_distanziatore
                0x0002b7f0       0x30 ./src/spimis.o
                0x0002b7f0                v_reset_stato_distanziatore
 .text.iReadCounter_2
                0x0002b820       0x80 ./src/spimis.o
                0x0002b820                iReadCounter_2
 .text.iInitReadCounter_2
                0x0002b8a0       0x2c ./src/spimis.o
                0x0002b8a0                iInitReadCounter_2
 .text.vHandleTaglioAsincrono_Distanziatore
                0x0002b8cc      0x12c ./src/spimis.o
                0x0002b8cc                vHandleTaglioAsincrono_Distanziatore
 .text.ui_separate_coil_during_cut
                0x0002b9f8       0x2c ./src/spimis.o
                0x0002b9f8                ui_separate_coil_during_cut
 .text.vHandleDistanziatore_Interrupt
                0x0002ba24      0x4ec ./src/spimis.o
                0x0002ba24                vHandleDistanziatore_Interrupt
 .text.vRefreshInputEdge
                0x0002bf10       0x60 ./src/spimis.o
                0x0002bf10                vRefreshInputEdge
 .text.v_reset_cutter_position
                0x0002bf70       0x20 ./src/spimis.o
                0x0002bf70                v_reset_cutter_position
 .text.IRQ_Handler_timer0
                0x0002bf90     0x2048 ./src/spimis.o
                0x0002bf90                IRQ_Handler_timer0
 .text.get_ul_timer_interrupt_count
                0x0002dfd8       0x10 ./src/spimis.o
                0x0002dfd8                get_ul_timer_interrupt_count
 .text.initTimer
                0x0002dfe8       0xd4 ./src/spimis.o
                0x0002dfe8                initTimer
 .text          0x0002e0bc        0x0 ./src/spiutils.o
 .text.mynatof  0x0002e0bc      0x148 ./src/spiutils.o
                0x0002e0bc                mynatof
 .text.SetDacValue
                0x0002e204       0xb0 ./src/spiutils.o
                0x0002e204                SetDacValue
 .text.DeleteCommessa
                0x0002e2b4       0xc4 ./src/spiutils.o
                0x0002e2b4                DeleteCommessa
 .text.SearchNextCommessa
                0x0002e378       0x24 ./src/spiutils.o
                0x0002e378                SearchNextCommessa
 .text.SearchPrevCommessa
                0x0002e39c       0x24 ./src/spiutils.o
                0x0002e39c                SearchPrevCommessa
 .text.vJumpToWindow
                0x0002e3c0       0x40 ./src/spiutils.o
                0x0002e3c0                vJumpToWindow
 .text.ucIsEmptyStackCaller
                0x0002e400       0x18 ./src/spiutils.o
                0x0002e400                ucIsEmptyStackCaller
 .text.vEmptyStackCaller
                0x0002e418       0x20 ./src/spiutils.o
                0x0002e418                vEmptyStackCaller
 .text.ucCallWindow
                0x0002e438       0x58 ./src/spiutils.o
                0x0002e438                ucCallWindow
 .text.ucReturnFromWindow
                0x0002e490       0x4c ./src/spiutils.o
                0x0002e490                ucReturnFromWindow
 .text.uiGetIdCurrentWindow
                0x0002e4dc       0x14 ./src/spiutils.o
                0x0002e4dc                uiGetIdCurrentWindow
 .text.uiGetStatusCurrentWindow
                0x0002e4f0       0x20 ./src/spiutils.o
                0x0002e4f0                uiGetStatusCurrentWindow
 .text.vSetStatusCurrentWindow
                0x0002e510       0x20 ./src/spiutils.o
                0x0002e510                vSetStatusCurrentWindow
 .text.ucSetWindowParam
                0x0002e530       0x2c ./src/spiutils.o
                0x0002e530                ucSetWindowParam
 .text.uiGetWindowParam
                0x0002e55c       0x28 ./src/spiutils.o
                0x0002e55c                uiGetWindowParam
 .text.uiGetActiveWindowParam
                0x0002e584       0x2c ./src/spiutils.o
                0x0002e584                uiGetActiveWindowParam
 .text.vSetActiveWindowParam
                0x0002e5b0       0x2c ./src/spiutils.o
                0x0002e5b0                vSetActiveWindowParam
 .text.vStrcpy_padBlank
                0x0002e5dc       0x5c ./src/spiutils.o
                0x0002e5dc                vStrcpy_padBlank
 .text.vStr_fillBlank
                0x0002e638       0x28 ./src/spiutils.o
                0x0002e638                vStr_fillBlank
 .text.vStrUpperCase
                0x0002e660       0x28 ./src/spiutils.o
                0x0002e660                vStrUpperCase
 .text.vStrcpy_trimBlank
                0x0002e688       0xc4 ./src/spiutils.o
                0x0002e688                vStrcpy_trimBlank
 .text.ucIsUmSensitive
                0x0002e74c       0x38 ./src/spiutils.o
                0x0002e74c                ucIsUmSensitive
 .text.ucT9_handle_button_pressed
                0x0002e784       0xa8 ./src/spiutils.o
                0x0002e784                ucT9_handle_button_pressed
 .text.ucPictureNumK_OnlyDigit_1_9_Ok
                0x0002e82c       0x3c ./src/spiutils.o
                0x0002e82c                ucPictureNumK_OnlyDigit_1_9_Ok
 .text.ucPictureNumK_DigitOk
                0x0002e868       0x60 ./src/spiutils.o
                0x0002e868                ucPictureNumK_DigitOk
 .text.ucPictureNumK_DecimalPointOk
                0x0002e8c8       0x64 ./src/spiutils.o
                0x0002e8c8                ucPictureNumK_DecimalPointOk
 .text.ucPictureNumK_IsNoModify
                0x0002e92c       0x30 ./src/spiutils.o
                0x0002e92c                ucPictureNumK_IsNoModify
 .text.uiCountEffectiveCharsInPasswordString
                0x0002e95c       0x2c ./src/spiutils.o
                0x0002e95c                uiCountEffectiveCharsInPasswordString
 .text.ucHW_Num_Keypad
                0x0002e988      0xbf4 ./src/spiutils.o
                0x0002e988                ucHW_Num_Keypad
 .text.ucIsValidHis
                0x0002f57c       0x58 ./src/spiutils.o
                0x0002f57c                ucIsValidHis
 .text.vValidateHis
                0x0002f5d4       0x14 ./src/spiutils.o
                0x0002f5d4                vValidateHis
 .text.vSetActiveNumberProductCode
                0x0002f5e8       0x50 ./src/spiutils.o
                0x0002f5e8                vSetActiveNumberProductCode
 .text.vInitializeHisFields
                0x0002f638       0x78 ./src/spiutils.o
                0x0002f638                vInitializeHisFields
 .text.vBuildHisCodeFromFields
                0x0002f6b0       0x44 ./src/spiutils.o
                0x0002f6b0                vBuildHisCodeFromFields
 .text.DatiInizioCommessa
                0x0002f6f4       0x10 ./src/spiutils.o
                0x0002f6f4                DatiInizioCommessa
 .text.vHandleEscFromMenu
                0x0002f704       0x1c ./src/spiutils.o
                0x0002f704                vHandleEscFromMenu
 .text.vDoTaglio
                0x0002f720       0x28 ./src/spiutils.o
                0x0002f720                vDoTaglio
 .text.ucHW_codiceProdotto
                0x0002f748     0x1198 ./src/spiutils.o
                0x0002f748                ucHW_codiceProdotto
 .text.ucIsLockedJob
                0x000308e0       0x48 ./src/spiutils.o
                0x000308e0                ucIsLockedJob
 .text.vInitInputEdge
                0x00030928       0x20 ./src/spiutils.o
                0x00030928                vInitInputEdge
 .text.ucDigitalInput_PositiveEdge
                0x00030948       0x1c ./src/spiutils.o
                0x00030948                ucDigitalInput_PositiveEdge
 .text.ucDigitalInput_AtHiLevel
                0x00030964       0x18 ./src/spiutils.o
                0x00030964                ucDigitalInput_AtHiLevel
 .text.ucDigitalInput_AtLowLevel
                0x0003097c       0x18 ./src/spiutils.o
                0x0003097c                ucDigitalInput_AtLowLevel
 .text.ucDigitalInput_NegativeEdge
                0x00030994       0x1c ./src/spiutils.o
                0x00030994                ucDigitalInput_NegativeEdge
 .text.vTrasferisciDaCommesseAlistaLavori
                0x000309b0      0x148 ./src/spiutils.o
                0x000309b0                vTrasferisciDaCommesseAlistaLavori
 .text.inpToOut
                0x00030af8     0x1e6c ./src/spiutils.o
                0x00030af8                inpToOut
 .text.vTrasferisciDaListaLavoriAcommesse
                0x00032964      0x1dc ./src/spiutils.o
                0x00032964                vTrasferisciDaListaLavoriAcommesse
 .text.ucHW_listaLavori
                0x00032b40      0x7d0 ./src/spiutils.o
                0x00032b40                ucHW_listaLavori
 .text.ui_init_fpga_can_handle_wheel_inversion
                0x00033310       0x3c ./src/spiutils.o
                0x00033310                ui_init_fpga_can_handle_wheel_inversion
 .text.ui_zeroOK_reset_rotation_wheel_inversion
                0x0003334c       0x44 ./src/spiutils.o
                0x0003334c                ui_zeroOK_reset_rotation_wheel_inversion
 .text.ui_zeroOK_set_rotation_wheel_inversion
                0x00033390       0x4c ./src/spiutils.o
                0x00033390                ui_zeroOK_set_rotation_wheel_inversion
 .text.v_test_rotation_wheel_inversion
                0x000333dc       0x34 ./src/spiutils.o
                0x000333dc                v_test_rotation_wheel_inversion
 .text.v_init_rotation_wheel_inversion
                0x00033410       0x44 ./src/spiutils.o
                0x00033410                v_init_rotation_wheel_inversion
 .text          0x00033454        0x0 ./src/spiwin2.o
 .text.mystricmp
                0x00033454       0x5c ./src/spiwin2.o
                0x00033454                mystricmp
 .text.vVerifyInsertCodiceProdotto
                0x000334b0       0x88 ./src/spiwin2.o
                0x000334b0                vVerifyInsertCodiceProdotto
 .text.ucAlignJobsRunningAndSelected
                0x00033538       0xc4 ./src/spiwin2.o
                0x00033538                ucAlignJobsRunningAndSelected
 .text.uiGetNumValidationCodeList
                0x000335fc       0x10 ./src/spiwin2.o
                0x000335fc                uiGetNumValidationCodeList
 .text.vCodelistTouched
                0x0003360c       0x18 ./src/spiwin2.o
                0x0003360c                vCodelistTouched
 .text.vValidateCodeList