Archive member included because of file (symbol)

/usr/local/lpcxpresso_7.8.0_426/lpcxpresso/tools/bin/../lib/gcc/arm-none-eabi/4.9.3/../../../../arm-none-eabi/lib/libcr_c.a(memcpy.o)
                              ./src/Anybus.o (memcpy)
/usr/local/lpcxpresso_7.8.0_426/lpcxpresso/tools/bin/../lib/gcc/arm-none-eabi/4.9.3/../../../../arm-none-eabi/lib/libcr_c.a(memset.o)
                              ./src/Anybus.o (memset)
/usr/local/lpcxpresso_7.8.0_426/lpcxpresso/tools/bin/../lib/gcc/arm-none-eabi/4.9.3/../../../../arm-none-eabi/lib/libcr_c.a(alloc.o)
                              ./src/az4186_files.o (malloc)
/usr/local/lpcxpresso_7.8.0_426/lpcxpresso/tools/bin/../lib/gcc/arm-none-eabi/4.9.3/../../../../arm-none-eabi/lib/libcr_c.a(ctype.o)
                              ./src/az4186_eeprom_24c04.o (toupper)
/usr/local/lpcxpresso_7.8.0_426/lpcxpresso/tools/bin/../lib/gcc/arm-none-eabi/4.9.3/../../../../arm-none-eabi/lib/libcr_c.a(fabs.o)
                              ./src/popup.o (fabs)
/usr/local/lpcxpresso_7.8.0_426/lpcxpresso/tools/bin/../lib/gcc/arm-none-eabi/4.9.3/../../../../arm-none-eabi/lib/libcr_c.a(fpprintf.o)
                              ./src/Anybus.o (sprintf)
/usr/local/lpcxpresso_7.8.0_426/lpcxpresso/tools/bin/../lib/gcc/arm-none-eabi/4.9.3/../../../../arm-none-eabi/lib/libcr_c.a(memcmp.o)
                              ./src/az4186_program_codes.o (memcmp)
/usr/local/lpcxpresso_7.8.0_426/lpcxpresso/tools/bin/../lib/gcc/arm-none-eabi/4.9.3/../../../../arm-none-eabi/lib/libcr_c.a(printf.o)
                              /usr/local/lpcxpresso_7.8.0_426/lpcxpresso/tools/bin/../lib/gcc/arm-none-eabi/4.9.3/../../../../arm-none-eabi/lib/libcr_c.a(fpprintf.o) (__vfprintf)
/usr/local/lpcxpresso_7.8.0_426/lpcxpresso/tools/bin/../lib/gcc/arm-none-eabi/4.9.3/../../../../arm-none-eabi/lib/libcr_c.a(scanf.o)
                              ./src/params.o (sscanf)
/usr/local/lpcxpresso_7.8.0_426/lpcxpresso/tools/bin/../lib/gcc/arm-none-eabi/4.9.3/../../../../arm-none-eabi/lib/libcr_c.a(stdio.o)
                              /usr/local/lpcxpresso_7.8.0_426/lpcxpresso/tools/bin/../lib/gcc/arm-none-eabi/4.9.3/../../../../arm-none-eabi/lib/libcr_c.a(fpprintf.o) (__Ciob)
/usr/local/lpcxpresso_7.8.0_426/lpcxpresso/tools/bin/../lib/gcc/arm-none-eabi/4.9.3/../../../../arm-none-eabi/lib/libcr_c.a(stdlib.o)
                              ./src/az4186_emc.o (rand)
/usr/local/lpcxpresso_7.8.0_426/lpcxpresso/tools/bin/../lib/gcc/arm-none-eabi/4.9.3/../../../../arm-none-eabi/lib/libcr_c.a(strcat.o)
                              ./src/Anybus.o (strcat)
/usr/local/lpcxpresso_7.8.0_426/lpcxpresso/tools/bin/../lib/gcc/arm-none-eabi/4.9.3/../../../../arm-none-eabi/lib/libcr_c.a(strchr.o)
                              ./src/Anybus.o (strchr)
/usr/local/lpcxpresso_7.8.0_426/lpcxpresso/tools/bin/../lib/gcc/arm-none-eabi/4.9.3/../../../../arm-none-eabi/lib/libcr_c.a(strcmp.o)
                              ./src/az4186_eeprom_24c04.o (strcmp)
/usr/local/lpcxpresso_7.8.0_426/lpcxpresso/tools/bin/../lib/gcc/arm-none-eabi/4.9.3/../../../../arm-none-eabi/lib/libcr_c.a(strcpy.o)
                              ./src/Anybus.o (strcpy)
/usr/local/lpcxpresso_7.8.0_426/lpcxpresso/tools/bin/../lib/gcc/arm-none-eabi/4.9.3/../../../../arm-none-eabi/lib/libcr_c.a(strlen.o)
                              ./src/Anybus.o (strlen)
/usr/local/lpcxpresso_7.8.0_426/lpcxpresso/tools/bin/../lib/gcc/arm-none-eabi/4.9.3/../../../../arm-none-eabi/lib/libcr_c.a(strncat.o)
                              ./src/Anybus.o (strncat)
/usr/local/lpcxpresso_7.8.0_426/lpcxpresso/tools/bin/../lib/gcc/arm-none-eabi/4.9.3/../../../../arm-none-eabi/lib/libcr_c.a(strncmp.o)
                              ./src/Anybus.o (strncmp)
/usr/local/lpcxpresso_7.8.0_426/lpcxpresso/tools/bin/../lib/gcc/arm-none-eabi/4.9.3/../../../../arm-none-eabi/lib/libcr_c.a(strncpy.o)
                              ./src/Anybus.o (strncpy)
/usr/local/lpcxpresso_7.8.0_426/lpcxpresso/tools/bin/../lib/gcc/arm-none-eabi/4.9.3/../../../../arm-none-eabi/lib/libcr_c.a(strstr.o)
                              ./src/Anybus.o (strstr)
/usr/local/lpcxpresso_7.8.0_426/lpcxpresso/tools/bin/../lib/gcc/arm-none-eabi/4.9.3/../../../../arm-none-eabi/lib/libcr_c.a(ungetc.o)
                              /usr/local/lpcxpresso_7.8.0_426/lpcxpresso/tools/bin/../lib/gcc/arm-none-eabi/4.9.3/../../../../arm-none-eabi/lib/libcr_c.a(scanf.o) (ungetc)
/usr/local/lpcxpresso_7.8.0_426/lpcxpresso/tools/bin/../lib/gcc/arm-none-eabi/4.9.3/../../../../arm-none-eabi/lib/libcr_c.a(__fillbuf.o)
                              /usr/local/lpcxpresso_7.8.0_426/lpcxpresso/tools/bin/../lib/gcc/arm-none-eabi/4.9.3/../../../../arm-none-eabi/lib/libcr_c.a(scanf.o) (__filbuf)
/usr/local/lpcxpresso_7.8.0_426/lpcxpresso/tools/bin/../lib/gcc/arm-none-eabi/4.9.3/../../../../arm-none-eabi/lib/libcr_c.a(__init_alloc.o)
[...]
Memory Configuration

Name             Origin             Length             Attributes
MFlash512        0x00000000         0x0007e000         xr
Ram64            0x40000000         0x00010000         xrw
RAM_ETH_16       0x7fe00000         0x00004000         xrw
RAM_USB_16       0x7fd00000         0x00004000         xrw
RAM_RTC_2        0xe0084000         0x00000800         xrw
AZ4186_NVRAM     0x81000000         0x00008000         rw
*default*        0x00000000         0xffffffff

Linker script and memory map

LOAD ./src/Anybus.o
LOAD ./src/I2C_Master.o
LOAD ./src/az4186_can.o
LOAD ./src/az4186_dac.o
LOAD ./src/az4186_eeprom_24c04.o
LOAD ./src/az4186_emc.o
LOAD ./src/az4186_files.o
LOAD ./src/az4186_initHw.o
LOAD ./src/az4186_items.o
LOAD ./src/az4186_program_codes.o
LOAD ./src/az4186_temperature_compensation.o
LOAD ./src/az4186_window_temperature_compensation.o
LOAD ./src/codelist.o
LOAD ./src/crc32.o
LOAD ./src/crp.o
LOAD ./src/diskio.o
LOAD ./src/dma.o
LOAD ./src/emac.o
LOAD ./src/fat_time.o
LOAD ./src/file_list.o
LOAD ./src/gui.o
LOAD ./src/i2c.o
LOAD ./src/inverse_v1.o
LOAD ./src/lcd.o
LOAD ./src/main.o
LOAD ./src/mci.o
LOAD ./src/params.o
LOAD ./src/popup.o
LOAD ./src/rtcDS3231_newer.o
LOAD ./src/spi.o
LOAD ./src/spidbg.o
LOAD ./src/spiglb.o
LOAD ./src/spimis.o
LOAD ./src/spiutils.o
LOAD ./src/spiwin2.o
LOAD ./src/target.o
LOAD ./src/vdip.o
LOAD ./src/xxtea.o
LOAD ./ff9/src/option/ccsbcs.o
LOAD ./ff9/src/option/syscall.o
LOAD ./ff9/src/ff.o
LOAD ./CANopen_stack/LPC2388/CO_driver.o
LOAD ./CANopen_stack/LPC2388/co_od.o
LOAD ./CANopen_stack/CANopen.o
LOAD ./CANopen_stack/CO_Emergency.o
LOAD ./CANopen_stack/CO_HBconsumer.o
LOAD ./CANopen_stack/CO_NMT_Heartbeat.o
LOAD ./CANopen_stack/CO_PDO.o
LOAD ./CANopen_stack/CO_SDO.o
LOAD ./CANopen_stack/CO_SDOmaster.o
LOAD ./CANopen_stack/CO_SYNC.o
START GROUP
LOAD /usr/local/lpcxpresso_7.8.0_426/lpcxpresso/tools/bin/../lib/gcc/arm-none-eabi/4.9.3/../../../../arm-none-eabi/lib/libcr_nohost.a
LOAD /usr/local/lpcxpresso_7.8.0_426/lpcxpresso/tools/bin/../lib/gcc/arm-none-eabi/4.9.3/../../../../arm-none-eabi/lib/libcr_c.a
LOAD /usr/local/lpcxpresso_7.8.0_426/lpcxpresso/tools/bin/../lib/gcc/arm-none-eabi/4.9.3/libcr_eabihelpers.a
END GROUP
                0x0007e000                __top_MFlash512 = 0x7e000
                0x40010000                __top_Ram64 = 0x40010000
                0x7fe04000                __top_RAM_ETH_16 = 0x7fe04000
                0x7fd04000                __top_RAM_USB_16 = 0x7fd04000
                0xe0084800                __top_RAM_RTC_2 = 0xe0084800
                0x00000c00                _Minimum_Stack_Size = 0xc00
                0x00002000                _Minimum_Heap_Size = 0x2000
                0x00000000                PROVIDE (_start, 0x0)

user_fw_version
                0x00008000       0x2d
 user_fw_version
                0x00008000       0x2d ./src/main.o
                0x00008000                ucFirmwareVersion

MAIN_ENTRY_POINT
                0x00008100       0x64
 *(.MAIN_ENTRY_POINT)
 *(.text.main)
 MAIN_ENTRY_POINT
                0x00008100       0x64 ./src/main.o
                0x00008100                main

.text           0x00008168    0x4a804
 *(.text*)
 .text          0x00008168        0x0 ./src/Anybus.o
 .text.ucInitDataProducer_productList
                0x00008168       0x24 ./src/Anybus.o
                0x00008168                ucInitDataProducer_productList
 .text.vUpdateAnybusLogString
                0x0000818c      0x124 ./src/Anybus.o
 .text.ucDataProducer_productList
                0x000082b0      0x278 ./src/Anybus.o
                0x000082b0                ucDataProducer_productList
 .text.ucInitDataConsumer_productList
                0x00008528       0x40 ./src/Anybus.o
                0x00008528                ucInitDataConsumer_productList
 .text.us_swap_bytes
                0x00008568       0x14 ./src/Anybus.o
                0x00008568                us_swap_bytes
 .text.vUartAnybus_Init
                0x0000857c       0x20 ./src/Anybus.o
                0x0000857c                vUartAnybus_Init
 .text.uiUartAnybus_getRxByte
                0x0000859c       0x3c ./src/Anybus.o
                0x0000859c                uiUartAnybus_getRxByte
 .text.ucUartAnybus_PostTxCommand
                0x000085d8       0x28 ./src/Anybus.o
                0x000085d8                ucUartAnybus_PostTxCommand
 .text.vUartAnybus_RefreshStatus
                0x00008600       0x6c ./src/Anybus.o
                0x00008600                vUartAnybus_RefreshStatus
 .text.vUartAnybus_Handle
                0x0000866c      0x128 ./src/Anybus.o
                0x0000866c                vUartAnybus_Handle
 .text.uiModbus_Crc
                0x00008794       0x44 ./src/Anybus.o
                0x00008794                uiModbus_Crc
 .text.puc_assign_us_swapped_bytes
                0x000087d8       0x14 ./src/Anybus.o
                0x000087d8                puc_assign_us_swapped_bytes
 .text.ucAnybus_TxMessageBusy
                0x000087ec       0x1c ./src/Anybus.o
                0x000087ec                ucAnybus_TxMessageBusy
 .text.ucAnybus_TxMessageOk
                0x00008808       0x1c ./src/Anybus.o
                0x00008808                ucAnybus_TxMessageOk
 .text.vAnybusTxRx_Init
                0x00008824       0x24 ./src/Anybus.o
                0x00008824                vAnybusTxRx_Init
 .text.ucPostAnybusMessage_updateParameter
                0x00008848       0xdc ./src/Anybus.o
                0x00008848                ucPostAnybusMessage_updateParameter
 .text.ucPostAnybusMessage_generalParameterWrite
                0x00008924       0x38 ./src/Anybus.o
                0x00008924                ucPostAnybusMessage_generalParameterWrite
 .text.ucPostAnybusMessage_generalParameterRead
                0x0000895c       0x38 ./src/Anybus.o
                0x0000895c                ucPostAnybusMessage_generalParameterRead
 .text.ucCreateApplicationParameter
                0x00008994      0x1c0 ./src/Anybus.o
                0x00008994                ucCreateApplicationParameter
 .text.ucAnybus_FileWrite
                0x00008b54       0xa0 ./src/Anybus.o
                0x00008b54                ucAnybus_FileWrite
 .text.ucAnybus_FileRead
                0x00008bf4       0x7c ./src/Anybus.o
                0x00008bf4                ucAnybus_FileRead
 .text.ucAnybus_FileClose
                0x00008c70       0x6c ./src/Anybus.o
                0x00008c70                ucAnybus_FileClose
 .text.ucAnybus_FileOpen
                0x00008cdc       0x98 ./src/Anybus.o
                0x00008cdc                ucAnybus_FileOpen
 .text.ucAnybus_FileDelete
                0x00008d74       0x84 ./src/Anybus.o
                0x00008d74                ucAnybus_FileDelete
 .text.vReinitTimers_AnybusTxRx
                0x00008df8       0x30 ./src/Anybus.o
                0x00008df8                vReinitTimers_AnybusTxRx
 .text.pucAnybus_GetReadRegMsgBody
                0x00008e28        0xc ./src/Anybus.o
                0x00008e28                pucAnybus_GetReadRegMsgBody
 .text.vAnybusTxRx_Handle
                0x00008e34      0x834 ./src/Anybus.o
                0x00008e34                vAnybusTxRx_Handle
 .text.uiCanIAcceptRemoteControl
                0x00009668       0x94 ./src/Anybus.o
                0x00009668                uiCanIAcceptRemoteControl
 .text.pcGetAnybusMacAddress
                0x000096fc        0xc ./src/Anybus.o
                0x000096fc                pcGetAnybusMacAddress
 .text.pcSkipBlank
                0x00009708       0x30 ./src/Anybus.o
                0x00009708                pcSkipBlank
 .text.pcFindBlank
                0x00009738       0x30 ./src/Anybus.o
                0x00009738                pcFindBlank
 .text.pcFindChar
                0x00009768       0x28 ./src/Anybus.o
                0x00009768                pcFindChar
 .text.ucDataConsumer_productList
                0x00009790      0x508 ./src/Anybus.o
                0x00009790                ucDataConsumer_productList
 .text.ucInitDataProducer_productArchive
                0x00009c98       0x4c ./src/Anybus.o
                0x00009c98                ucInitDataProducer_productArchive
 .text.ucDataProducer_productArchive
                0x00009ce4      0x30c ./src/Anybus.o
                0x00009ce4                ucDataProducer_productArchive
 .text.vUpdateAnybusStartString
                0x00009ff0       0xb0 ./src/Anybus.o
                0x00009ff0                vUpdateAnybusStartString
 .text.vUpdateAnybusProductionString
                0x0000a0a0       0xb0 ./src/Anybus.o
                0x0000a0a0                vUpdateAnybusProductionString
 .text.vUpdateAnybusEndProductionString
                0x0000a150       0xb0 ./src/Anybus.o
                0x0000a150                vUpdateAnybusEndProductionString
 .text.vAnybusSprintProductionString
                0x0000a200       0x94 ./src/Anybus.o
                0x0000a200                vAnybusSprintProductionString
 .text.vLog_production_log
                0x0000a294       0x98 ./src/Anybus.o
                0x0000a294                vLog_production_log
 .text.vLogStartProduzione
                0x0000a32c       0xc4 ./src/Anybus.o
                0x0000a32c                vLogStartProduzione
 .text.vLogStopProduzione
                0x0000a3f0       0xa0 ./src/Anybus.o
                0x0000a3f0                vLogStopProduzione
 .text.vLogEndProduzione
                0x0000a490       0x80 ./src/Anybus.o
                0x0000a490                vLogEndProduzione
 .text.vLogAlarm
                0x0000a510       0xc4 ./src/Anybus.o
                0x0000a510                vLogAlarm
 .text.ucRemoteCommandRunning
                0x0000a5d4       0x10 ./src/Anybus.o
                0x0000a5d4                ucRemoteCommandRunning
 .text.ucRemoteCommandAsking
                0x0000a5e4       0x10 ./src/Anybus.o
                0x0000a5e4                ucRemoteCommandAsking
 .text.vRemoteCommandsFlagsInit
                0x0000a5f4       0x24 ./src/Anybus.o
                0x0000a5f4                vRemoteCommandsFlagsInit
 .text.vRemoteCommandAskingSet
                0x0000a618       0x3c ./src/Anybus.o
                0x0000a618                vRemoteCommandAskingSet
 .text.vRemoteCommandAskingReply
                0x0000a654       0x44 ./src/Anybus.o
                0x0000a654                vRemoteCommandAskingReply
 .text.vInitStructSuspendAnybusOp
                0x0000a698       0x20 ./src/Anybus.o
                0x0000a698                vInitStructSuspendAnybusOp
 .text.vHMA_init
                0x0000a6b8       0xa4 ./src/Anybus.o
                0x0000a6b8                vHMA_init
 .text.uiHasBeenAckRequestSuspendAnybusOp
                0x0000a75c       0x14 ./src/Anybus.o
                0x0000a75c                uiHasBeenAckRequestSuspendAnybusOp
 .text.uiHasBeenRequestSuspendAnybusOp
                0x0000a770       0x18 ./src/Anybus.o
                0x0000a770                uiHasBeenRequestSuspendAnybusOp
 .text.uiRequestSuspendAnybusOp
                0x0000a788       0x24 ./src/Anybus.o
                0x0000a788                uiRequestSuspendAnybusOp
 .text.uiSignalSuspendAnybusOp
                0x0000a7ac       0x20 ./src/Anybus.o
                0x0000a7ac                uiSignalSuspendAnybusOp
 .text.vHMA_handle
                0x0000a7cc     0x1410 ./src/Anybus.o
                0x0000a7cc                vHMA_handle
 .text          0x0000bbdc        0x0 ./src/I2C_Master.o
 .text.ucWaitI2Cbus
                0x0000bbdc       0xf4 ./src/I2C_Master.o
                0x0000bbdc                ucWaitI2Cbus
 .text.vSignalI2Cbus
                0x0000bcd0        0x4 ./src/I2C_Master.o
                0x0000bcd0                vSignalI2Cbus
 .text.SendByteMax519
                0x0000bcd4       0x94 ./src/I2C_Master.o
                0x0000bcd4                SendByteMax519
 .text.ucSendCommandPosTaglioMax519_Interrupt
                0x0000bd68       0xa0 ./src/I2C_Master.o
                0x0000bd68                ucSendCommandPosTaglioMax519_Interrupt
 .text.ucSendCommandPosTaglioMax519_Main
                0x0000be08       0x84 ./src/I2C_Master.o
                0x0000be08                ucSendCommandPosTaglioMax519_Main
 .text.vInitI2c
                0x0000be8c       0x24 ./src/I2C_Master.o
                0x0000be8c                vInitI2c
 .text          0x0000beb0        0x0 ./src/az4186_can.o
 .text.IRQ_Handler_canopen_timer0
                0x0000beb0       0x68 ./src/az4186_can.o
 .text.ui_init_canbus.part.0
                0x0000bf18      0x1b4 ./src/az4186_can.o
 .text.ui_init_canbus
                0x0000c0cc       0x18 ./src/az4186_can.o
                0x0000c0cc                ui_init_canbus
 .text.CAN_set_acceptance_filter_lookup
                0x0000c0e4       0xac ./src/az4186_can.o
                0x0000c0e4                CAN_set_acceptance_filter_lookup
 .text.CAN_set_acceptance_filter
                0x0000c190       0x90 ./src/az4186_can.o
                0x0000c190                CAN_set_acceptance_filter
 .text.dw_can1_send_message
                0x0000c220       0xc4 ./src/az4186_can.o
                0x0000c220                dw_can1_send_message
 .text.dw_can2_send_message
                0x0000c2e4       0xcc ./src/az4186_can.o
                0x0000c2e4                dw_can2_send_message
 .text.ui_can_test
                0x0000c3b0      0x150 ./src/az4186_can.o
                0x0000c3b0                ui_can_test
 .text.CAN1callback
                0x0000c500       0x2c ./src/az4186_can.o
                0x0000c500                CAN1callback
 .text.CAN_ISR_Rx1
                0x0000c52c       0xc8 ./src/az4186_can.o
                0x0000c52c                CAN_ISR_Rx1
 .text.CAN2callback
                0x0000c5f4       0x2c ./src/az4186_can.o
                0x0000c5f4                CAN2callback
 .text.CAN_ISR_Rx2
                0x0000c620       0xc8 ./src/az4186_can.o
                0x0000c620                CAN_ISR_Rx2
 .text.CAN_irq_handler
                0x0000c6e8       0xac ./src/az4186_can.o
                0x0000c6e8                CAN_irq_handler
 .text.ui_write_canopen_parameter
                0x0000c794       0x88 ./src/az4186_can.o
                0x0000c794                ui_write_canopen_parameter
 .text.ui_check_end_of_parameter_write
                0x0000c81c       0x90 ./src/az4186_can.o
                0x0000c81c                ui_check_end_of_parameter_write
 .text.ui_set_canopen_analog_input_refresh_period_ms
                0x0000c8ac       0x34 ./src/az4186_can.o
                0x0000c8ac                ui_set_canopen_analog_input_refresh_period_ms
 .text.ui_set_canopen_analog_input_type
                0x0000c8e0       0x30 ./src/az4186_can.o
                0x0000c8e0                ui_set_canopen_analog_input_type
 .text.ui_set_canopen_analog_input_type_2
                0x0000c910       0x34 ./src/az4186_can.o
                0x0000c910                ui_set_canopen_analog_input_type_2
 .text.v_request_data
                0x0000c944       0x48 ./src/az4186_can.o
                0x0000c944                v_request_data
 .text.v_canopen_nodes_operational
                0x0000c98c       0x88 ./src/az4186_can.o
                0x0000c98c                v_canopen_nodes_operational
 .text.v_canopen_init_timer0
                0x0000ca14       0x7c ./src/az4186_can.o
                0x0000ca14                v_canopen_init_timer0
 .text.ul_timer_difference_init
                0x0000ca90       0x18 ./src/az4186_can.o
                0x0000ca90                ul_timer_difference_init
 .text.ul_timer_difference_update_ms
                0x0000caa8       0x24 ./src/az4186_can.o
                0x0000caa8                ul_timer_difference_update_ms
 .text.ui_get_canopen_temperature
                0x0000cacc       0x7c ./src/az4186_can.o
                0x0000cacc                ui_get_canopen_temperature
 .text.ui_get_canopen_temperature_cold_junction
                0x0000cb48       0x54 ./src/az4186_can.o
                0x0000cb48                ui_get_canopen_temperature_cold_junction
 .text.ul_get_canbus_living_counter
                0x0000cb9c       0x10 ./src/az4186_can.o
                0x0000cb9c                ul_get_canbus_living_counter
 .text.v_update_screen
                0x0000cbac      0x264 ./src/az4186_can.o
                0x0000cbac                v_update_screen
 .text.v_init_canopen_init_seq
                0x0000ce10       0x20 ./src/az4186_can.o
                0x0000ce10                v_init_canopen_init_seq
 .text.v_handle_canopen_init_seq
                0x0000ce30      0x130 ./src/az4186_can.o
                0x0000ce30                v_handle_canopen_init_seq
 .text.canopen_init
                0x0000cf60       0x3c ./src/az4186_can.o
                0x0000cf60                canopen_init
 .text.CO_ODF_1010
                0x0000cf9c        0x8 ./src/az4186_can.o
                0x0000cf9c                CO_ODF_1010
 .text.CO_ODF_1011
                0x0000cfa4        0x8 ./src/az4186_can.o
                0x0000cfa4                CO_ODF_1011
 .text.ODF_testDomain
                0x0000cfac        0x8 ./src/az4186_can.o
                0x0000cfac                ODF_testDomain
 .text.ui_canopen_init
                0x0000cfb4       0x1c ./src/az4186_can.o
                0x0000cfb4                ui_canopen_init
 .text.ui_canopen_process
                0x0000cfd0       0x34 ./src/az4186_can.o
                0x0000cfd0                ui_canopen_process
 .text.v_process_canopen_rpdo
                0x0000d004       0x1c ./src/az4186_can.o
                0x0000d004                v_process_canopen_rpdo
 .text.v_process_canopen_tpdo
                0x0000d020       0x1c ./src/az4186_can.o
                0x0000d020                v_process_canopen_tpdo
 .text.ui_canopen_test
                0x0000d03c       0x94 ./src/az4186_can.o
                0x0000d03c                ui_canopen_test
 .text          0x0000d0d0        0x0 ./src/az4186_dac.o
 .text.vUpdateDacPortValue
                0x0000d0d0       0x38 ./src/az4186_dac.o
                0x0000d0d0                vUpdateDacPortValue
 .text.v_dac_set_output_value
                0x0000d108       0x18 ./src/az4186_dac.o
                0x0000d108                v_dac_set_output_value
 .text.vTestDac
                0x0000d120       0x28 ./src/az4186_dac.o
                0x0000d120                vTestDac
 .text.ui_read_dac_selected_portata
                0x0000d148       0x10 ./src/az4186_dac.o
                0x0000d148                ui_read_dac_selected_portata
 .text.v_dac_init
                0x0000d158       0x2c ./src/az4186_dac.o
                0x0000d158                v_dac_init
 .text          0x0000d184        0x0 ./src/az4186_eeprom_24c04.o
 .text.ui_num_element_in_eeprom_queue
                0x0000d184       0x20 ./src/az4186_eeprom_24c04.o
                0x0000d184                ui_num_element_in_eeprom_queue
 .text.ui_is_full_eeprom_queue
                0x0000d1a4       0x1c ./src/az4186_eeprom_24c04.o
                0x0000d1a4                ui_is_full_eeprom_queue
 .text.ui_is_empty_eeprom_queue
                0x0000d1c0       0x18 ./src/az4186_eeprom_24c04.o
                0x0000d1c0                ui_is_empty_eeprom_queue
 .text.ui_save_eeprom
                0x0000d1d8       0x88 ./src/az4186_eeprom_24c04.o
                0x0000d1d8                ui_save_eeprom
 .text.v_eeprom_set_address
                0x0000d260       0x78 ./src/az4186_eeprom_24c04.o
                0x0000d260                v_eeprom_set_address
 .text.v_eeprom_read_bytes
                0x0000d2d8       0x5c ./src/az4186_eeprom_24c04.o
                0x0000d2d8                v_eeprom_read_bytes
 .text.v_eeprom_write_bytes
                0x0000d334       0xd4 ./src/az4186_eeprom_24c04.o
                0x0000d334                v_eeprom_write_bytes
 .text.ui_eeprom_verify_signature
                0x0000d408       0x4c ./src/az4186_eeprom_24c04.o
                0x0000d408                ui_eeprom_verify_signature
 .text.v_eeprom_write_signature
                0x0000d454       0x44 ./src/az4186_eeprom_24c04.o
                0x0000d454                v_eeprom_write_signature
 .text.v_init_eeprom
                0x0000d498       0x20 ./src/az4186_eeprom_24c04.o
                0x0000d498                v_init_eeprom
 .text.v_erase_eeprom_datum
                0x0000d4b8       0xf4 ./src/az4186_eeprom_24c04.o
                0x0000d4b8                v_erase_eeprom_datum
 .text.v_save_eeprom_datum
                0x0000d5ac       0xf8 ./src/az4186_eeprom_24c04.o
                0x0000d5ac                v_save_eeprom_datum
 .text.ui_read_eeprom_datum
                0x0000d6a4      0x110 ./src/az4186_eeprom_24c04.o
                0x0000d6a4                ui_read_eeprom_datum
 .text.ui_update_eeprom_datum
                0x0000d7b4       0x84 ./src/az4186_eeprom_24c04.o
                0x0000d7b4                ui_update_eeprom_datum
 .text.ui_load_from_eeprom_datum
                0x0000d838       0xb8 ./src/az4186_eeprom_24c04.o
                0x0000d838                ui_load_from_eeprom_datum
 .text.ui_load_from_eeprom_all_data
                0x0000d8f0       0x38 ./src/az4186_eeprom_24c04.o
                0x0000d8f0                ui_load_from_eeprom_all_data
 .text.ui_save_to_eeprom_all_data
                0x0000d928       0x44 ./src/az4186_eeprom_24c04.o
                0x0000d928                ui_save_to_eeprom_all_data
 .text.v_format_eeprom
                0x0000d96c       0x58 ./src/az4186_eeprom_24c04.o
                0x0000d96c                v_format_eeprom
 .text.ui_save_encrypted_param
                0x0000d9c4      0x1f8 ./src/az4186_eeprom_24c04.o
                0x0000d9c4                ui_save_encrypted_param
 .text.v_handle_eeprom
                0x0000dbbc       0x98 ./src/az4186_eeprom_24c04.o
                0x0000dbbc                v_handle_eeprom
 .text          0x0000dc54        0x0 ./src/az4186_emc.o
 .text.ui_enable_external_ram
                0x0000dc54       0x3c ./src/az4186_emc.o
                0x0000dc54                ui_enable_external_ram
 .text.vEMC_az4186_fpga_init
                0x0000dc90       0xdc ./src/az4186_emc.o
                0x0000dc90                vEMC_az4186_fpga_init
 .text.ui_ext_ram_destructive_rw_test
                0x0000dd6c      0x330 ./src/az4186_emc.o
                0x0000dd6c                ui_ext_ram_destructive_rw_test
 .text.ui_ext_ram_retention_test
                0x0000e09c      0x128 ./src/az4186_emc.o
                0x0000e09c                ui_ext_ram_retention_test
 .text          0x0000e1c4        0x0 ./src/az4186_files.o
 .text.ui_write_single_object_file
                0x0000e1c4       0x6c ./src/az4186_files.o
 .text.ui_explore_dir.part.0
                0x0000e230       0x5c ./src/az4186_files.o
 .text.ui_read_single_object_file
                0x0000e28c       0x6c ./src/az4186_files.o
                0x0000e28c                ui_read_single_object_file
 .text.fileSystem_uiEqualJollyFileName
                0x0000e2f8      0x120 ./src/az4186_files.o
                0x0000e2f8                fileSystem_uiEqualJollyFileName
 .text.ui_file_copy
                0x0000e418       0x7c ./src/az4186_files.o
                0x0000e418                ui_file_copy
 .text.ui_f_copy
                0x0000e494       0x7c ./src/az4186_files.o
                0x0000e494                ui_f_copy
 .text.ui_explore_dir
                0x0000e510       0x60 ./src/az4186_files.o
                0x0000e510                ui_explore_dir
 .text.v_find_info_backup
                0x0000e570       0x58 ./src/az4186_files.o
                0x0000e570                v_find_info_backup
 .text.ui_restore_file
                0x0000e5c8       0xb8 ./src/az4186_files.o
                0x0000e5c8                ui_restore_file
 .text.ui_backup_file
                0x0000e680      0x298 ./src/az4186_files.o
                0x0000e680                ui_backup_file
 .text.ui_write_lcd_calibration_file
                0x0000e918       0x34 ./src/az4186_files.o
                0x0000e918                ui_write_lcd_calibration_file
 .text.ui_read_lcd_calibration_file
                0x0000e94c       0x18 ./src/az4186_files.o
                0x0000e94c                ui_read_lcd_calibration_file
 .text.ui_write_macparams_file
                0x0000e964       0x34 ./src/az4186_files.o
                0x0000e964                ui_write_macparams_file
 .text.ui_read_macparams_file
                0x0000e998       0x18 ./src/az4186_files.o
                0x0000e998                ui_read_macparams_file
 .text.pRead_private_parameter
                0x0000e9b0       0x68 ./src/az4186_files.o
                0x0000e9b0                pRead_private_parameter
 .text.pWrite_private_parameter
                0x0000ea18       0x88 ./src/az4186_files.o
                0x0000ea18                pWrite_private_parameter
 .text.pRead_custom_string20
                0x0000eaa0       0x98 ./src/az4186_files.o
                0x0000eaa0                pRead_custom_string20
 .text.pWrite_custom_string20
                0x0000eb38       0x8c ./src/az4186_files.o
                0x0000eb38                pWrite_custom_string20
 .text.pRead_custom_string40
                0x0000ebc4       0x90 ./src/az4186_files.o
                0x0000ebc4                pRead_custom_string40
 .text.pWrite_custom_string40
                0x0000ec54       0x8c ./src/az4186_files.o
                0x0000ec54                pWrite_custom_string40
 .text.ui_test_backup_restore
                0x0000ece0      0x128 ./src/az4186_files.o
                0x0000ece0                ui_test_backup_restore
 .text          0x0000ee08        0x0 ./src/az4186_initHw.o
 .text.disableIRQ
                0x0000ee08       0x3c ./src/az4186_initHw.o
                0x0000ee08                disableIRQ
 .text.restoreIRQ
                0x0000ee44       0x34 ./src/az4186_initHw.o
                0x0000ee44                restoreIRQ
 .text.enableIRQ
                0x0000ee78       0x34 ./src/az4186_initHw.o
                0x0000ee78                enableIRQ
 .text.vInitDataAndBssSections
                0x0000eeac       0x4c ./src/az4186_initHw.o
                0x0000eeac                vInitDataAndBssSections
 .text.v_wait_microseconds
                0x0000eef8       0x20 ./src/az4186_initHw.o
                0x0000eef8                v_wait_microseconds
 .text.vAZ4186_InitHwStuff
                0x0000ef18       0x7c ./src/az4186_initHw.o
                0x0000ef18                vAZ4186_InitHwStuff
 .text.v_reset_az4186
                0x0000ef94       0x48 ./src/az4186_initHw.o
                0x0000ef94                v_reset_az4186
 .text          0x0000efdc        0x0 ./src/az4186_items.o
 .text          0x0000efdc        0x0 ./src/az4186_program_codes.o
 .text.ui_check_version_of_product_codes_file
                0x0000efdc      0x2b0 ./src/az4186_program_codes.o
                0x0000efdc                ui_check_version_of_product_codes_file
 .text.ui_register_product_codes
                0x0000f28c       0x58 ./src/az4186_program_codes.o
                0x0000f28c                ui_register_product_codes
 .text.ui_product_file_read_body
                0x0000f2e4       0x6c ./src/az4186_program_codes.o
                0x0000f2e4                ui_product_file_read_body
 .text.ui_product_file_write_body
                0x0000f350       0x6c ./src/az4186_program_codes.o
                0x0000f350                ui_product_file_write_body
 .text.move_prg_pointer_retcode
                0x0000f3bc       0x98 ./src/az4186_program_codes.o
                0x0000f3bc                move_prg_pointer_retcode
 .text.ucCmpCodiciProgrammaJolly
                0x0000f454       0x48 ./src/az4186_program_codes.o
                0x0000f454                ucCmpCodiciProgrammaJolly
 .text.ucSearchCodiceProgramma
                0x0000f49c      0x178 ./src/az4186_program_codes.o
                0x0000f49c                ucSearchCodiceProgramma
 .text.uiGetActPrg
                0x0000f614       0x10 ./src/az4186_program_codes.o
                0x0000f614                uiGetActPrg
 .text.uiGetRunningPrg
                0x0000f624       0x10 ./src/az4186_program_codes.o
                0x0000f624                uiGetRunningPrg
 .text.uiSetActPrg
                0x0000f634       0x50 ./src/az4186_program_codes.o
                0x0000f634                uiSetActPrg
 .text.uiSetRunningPrg
                0x0000f684       0x44 ./src/az4186_program_codes.o
                0x0000f684                uiSetRunningPrg
 .text.ucSaveRunningPrg
                0x0000f6c8       0x5c ./src/az4186_program_codes.o
                0x0000f6c8                ucSaveRunningPrg
 .text.ucSaveActPrg
                0x0000f724       0x70 ./src/az4186_program_codes.o
                0x0000f724                ucSaveActPrg
 .text.v_add_default_product_code
                0x0000f794      0x110 ./src/az4186_program_codes.o
                0x0000f794                v_add_default_product_code
 .text.vInitProgramList
                0x0000f8a4       0x6c ./src/az4186_program_codes.o
                0x0000f8a4                vInitProgramList
 .text.InsertPrg
                0x0000f910       0x78 ./src/az4186_program_codes.o
                0x0000f910                InsertPrg
 .text.DeleteProgramma
                0x0000f988      0x12c ./src/az4186_program_codes.o
                0x0000f988                DeleteProgramma
 .text.v_empty_product_codes_list
                0x0000fab4       0x20 ./src/az4186_program_codes.o
                0x0000fab4                v_empty_product_codes_list
 .text.test_product_codes
                0x0000fad4      0x140 ./src/az4186_program_codes.o
                0x0000fad4                test_product_codes
 .text          0x0000fc14        0x0 ./src/az4186_temperature_compensation.o
 .text.ui_alarm_reading_temperature
                0x0000fc14       0x10 ./src/az4186_temperature_compensation.o
                0x0000fc14                ui_alarm_reading_temperature
 .text.ui_temperature_compensation_warmup_finished
                0x0000fc24       0x1c ./src/az4186_temperature_compensation.o
                0x0000fc24                ui_temperature_compensation_warmup_finished
 .text.ui_update_first_temperature_filter
                0x0000fc40      0x158 ./src/az4186_temperature_compensation.o
                0x0000fc40                ui_update_first_temperature_filter
 .text.v_initialize_temperature_compensation
                0x0000fd98       0x20 ./src/az4186_temperature_compensation.o
                0x0000fd98                v_initialize_temperature_compensation
 .text.v_handle_temperature_compensation
                0x0000fdb8      0x194 ./src/az4186_temperature_compensation.o
                0x0000fdb8                v_handle_temperature_compensation
 .text.v_set_alfa_factor
                0x0000ff4c       0x80 ./src/az4186_temperature_compensation.o
                0x0000ff4c                v_set_alfa_factor
 .text.ui_temperature_compensation_valid
                0x0000ffcc       0x10 ./src/az4186_temperature_compensation.o
                0x0000ffcc                ui_temperature_compensation_valid
 .text.i_ro_compensate_temperature
                0x0000ffdc       0xc8 ./src/az4186_temperature_compensation.o
                0x0000ffdc                i_ro_compensate_temperature
 .text.i_get_last_temperature_compensation_permille_used
                0x000100a4       0x10 ./src/az4186_temperature_compensation.o
                0x000100a4                i_get_last_temperature_compensation_permille_used
 .text.ui_get_averaged_compensation_temperature_celsius
                0x000100b4       0x9c ./src/az4186_temperature_compensation.o
                0x000100b4                ui_get_averaged_compensation_temperature_celsius
 .text.f_get_temperature_from_normalized_one
                0x00010150       0x34 ./src/az4186_temperature_compensation.o
                0x00010150                f_get_temperature_from_normalized_one
 .text.f_get_alfa_factor
                0x00010184       0x10 ./src/az4186_temperature_compensation.o
                0x00010184                f_get_alfa_factor
 .text.v_get_temperature_compensation_stats
                0x00010194       0x4c ./src/az4186_temperature_compensation.o
                0x00010194                v_get_temperature_compensation_stats
 .text.ui_get_temperature_compensated_resistance
                0x000101e0       0x64 ./src/az4186_temperature_compensation.o
                0x000101e0                ui_get_temperature_compensated_resistance
 .text          0x00010244        0x0 ./src/az4186_window_temperature_compensation.o
 .text.ui_is_valid_temp_calibration_point_on_act_prg.part.0
                0x00010244       0x58 ./src/az4186_window_temperature_compensation.o
 .text.ui_is_valid_temp_calibration_point_on_act_prg
                0x0001029c       0x10 ./src/az4186_window_temperature_compensation.o
                0x0001029c                ui_is_valid_temp_calibration_point_on_act_prg
 .text.ucHW_temperature_compensation_params
                0x000102ac      0x780 ./src/az4186_window_temperature_compensation.o
                0x000102ac                ucHW_temperature_compensation_params
 .text          0x00010a2c        0x0 ./src/codelist.o
 .text.uiLimitCommRpm
                0x00010a2c      0x378 ./src/codelist.o
                0x00010a2c                uiLimitCommRpm
 .text.vStringLangCopy
                0x00010da4       0xb4 ./src/codelist.o
                0x00010da4                vStringLangCopy
 .text.pucStringLang
                0x00010e58       0x90 ./src/codelist.o
                0x00010e58                pucStringLang
 .text.vString40LangCopy
                0x00010ee8       0xac ./src/codelist.o
                0x00010ee8                vString40LangCopy
 .text.ucHW_listaCodici
                0x00010f94      0x46c ./src/codelist.o
                0x00010f94                ucHW_listaCodici
 .text          0x00011400        0x0 ./src/crc32.o
 .text.crc32_init
                0x00011400        0xc ./src/crc32.o
                0x00011400                crc32_init
 .text.crc32_add
                0x0001140c       0x3c ./src/crc32.o
                0x0001140c                crc32_add
 .text.crc32_end
                0x00011448       0x10 ./src/crc32.o
                0x00011448                crc32_end
 .text.crc32_bfr
                0x00011458       0x40 ./src/crc32.o
                0x00011458                crc32_bfr
 .text.do_crc_behav
                0x00011498       0xbc ./src/crc32.o
                0x00011498                do_crc_behav
 .text.Set_HashValue
                0x00011554       0x50 ./src/crc32.o
                0x00011554                Set_HashValue
 .text          0x000115a4        0x0 ./src/crp.o
 .text          0x000115a4        0x0 ./src/diskio.o
 .text.wait_ready
                0x000115a4       0x48 ./src/diskio.o
 .text.v_generate_diag_alarm
                0x000115ec       0x34 ./src/diskio.o
 .text.uiSD_Initialize
                0x00011620       0xac ./src/diskio.o
                0x00011620                uiSD_Initialize
 .text.disk_initialize
                0x000116cc       0xd4 ./src/diskio.o
                0x000116cc                disk_initialize
 .text.disk_status
                0x000117a0       0x1c ./src/diskio.o
                0x000117a0                disk_status
 .text.disk_read
                0x000117bc       0xe0 ./src/diskio.o
                0x000117bc                disk_read
 .text.disk_write
                0x0001189c      0x12c ./src/diskio.o
                0x0001189c                disk_write
 .text.disk_ioctl
                0x000119c8       0x88 ./src/diskio.o
                0x000119c8                disk_ioctl
 .text.disk_timerproc
                0x00011a50       0x3c ./src/diskio.o
                0x00011a50                disk_timerproc
 .text.ucHasBeenFile_Modified
                0x00011a8c       0x40 ./src/diskio.o
                0x00011a8c                ucHasBeenFile_Modified
 .text.ucSignalFile_Modified
                0x00011acc       0x54 ./src/diskio.o
                0x00011acc                ucSignalFile_Modified
 .text          0x00011b20        0x0 ./src/dma.o
 .text.DMAHandler
                0x00011b20       0x68 ./src/dma.o
                0x00011b20                DMAHandler
 .text.DMA_Init
                0x00011b88       0x70 ./src/dma.o
                0x00011b88                DMA_Init
 .text.DMA_Move
                0x00011bf8      0x138 ./src/dma.o
                0x00011bf8                DMA_Move
 .text          0x00011d30        0x0 ./src/emac.o
 .text.EMAC_TxEnable
                0x00011d30       0x18 ./src/emac.o
                0x00011d30                EMAC_TxEnable
 .text.EMAC_TxDisable
                0x00011d48       0x18 ./src/emac.o
                0x00011d48                EMAC_TxDisable
 .text.EMAC_RxEnable
                0x00011d60       0x24 ./src/emac.o
                0x00011d60                EMAC_RxEnable
 .text.EMAC_RxDisable
                0x00011d84       0x24 ./src/emac.o
                0x00011d84                EMAC_RxDisable
 .text.WritePHY
                0x00011da8       0x2c ./src/emac.o
                0x00011da8                WritePHY
 .text.ReadPHY  0x00011dd4       0x34 ./src/emac.o
                0x00011dd4                ReadPHY
 .text.find_phy
                0x00011e08       0x70 ./src/emac.o
                0x00011e08                find_phy
 .text.EMACTxDescriptorInit
                0x00011e78       0x88 ./src/emac.o
                0x00011e78                EMACTxDescriptorInit
 .text.EMACRxDescriptorInit
                0x00011f00       0x88 ./src/emac.o
                0x00011f00                EMACRxDescriptorInit
 .text.EMACInit
                0x00011f88      0x528 ./src/emac.o
                0x00011f88                EMACInit
 .text.EMACReceiveFractions
                0x000124b0       0x98 ./src/emac.o
                0x000124b0                EMACReceiveFractions
 .text.EMACReceive
                0x00012548       0x90 ./src/emac.o
                0x00012548                EMACReceive
 .text.EMACHandler
                0x000125d8      0x1a0 ./src/emac.o
                0x000125d8                EMACHandler
 .text.EMACSend
                0x00012778      0x128 ./src/emac.o
                0x00012778                EMACSend
 .text.az4186_emac_init
                0x000128a0       0x70 ./src/emac.o
                0x000128a0                az4186_emac_init
 .text.az4186_emac_loop
                0x00012910      0x1d8 ./src/emac.o
                0x00012910                az4186_emac_loop
 .text          0x00012ae8        0x0 ./src/fat_time.o
 .text.get_fattime
                0x00012ae8       0x60 ./src/fat_time.o
                0x00012ae8                get_fattime
 .text          0x00012b48        0x0 ./src/file_list.o
 .text.ui_file_list_crc
                0x00012b48       0x9c ./src/file_list.o
                0x00012b48                ui_file_list_crc
 .text.ui_get_header_body_size_file_list
                0x00012be4       0xac ./src/file_list.o
                0x00012be4                ui_get_header_body_size_file_list
 .text.open_file_list
                0x00012c90      0x160 ./src/file_list.o
                0x00012c90                open_file_list
 .text.create_file_list
                0x00012df0      0x144 ./src/file_list.o
                0x00012df0                create_file_list
 .text.file_list_find_element
                0x00012f34      0x1a0 ./src/file_list.o
                0x00012f34                file_list_find_element
 .text.insert_file_list
                0x000130d4      0x2b8 ./src/file_list.o
                0x000130d4                insert_file_list
 .text.delete_file_list
                0x0001338c      0x23c ./src/file_list.o
                0x0001338c                delete_file_list
 .text.walk_file_list
                0x000135c8      0x280 ./src/file_list.o
                0x000135c8                walk_file_list
 .text.close_file_list
                0x00013848       0x14 ./src/file_list.o
                0x00013848                close_file_list
 .text.v_init_file_list_registry
                0x0001385c       0x24 ./src/file_list.o
                0x0001385c                v_init_file_list_registry
 .text.file_list_register
                0x00013880       0xa8 ./src/file_list.o
                0x00013880                file_list_register
 .text.insert_reg_file_list
                0x00013928       0x6c ./src/file_list.o
                0x00013928                insert_reg_file_list
 .text.delete_reg_file_list
                0x00013994       0x4c ./src/file_list.o
                0x00013994                delete_reg_file_list
 .text.v_close_reg_file_list
                0x000139e0       0x3c ./src/file_list.o
                0x000139e0                v_close_reg_file_list
 .text.ul_reg_file_cur_id
                0x00013a1c       0x60 ./src/file_list.o
                0x00013a1c                ul_reg_file_cur_id
 .text.walk_reg_file_list
                0x00013a7c      0x138 ./src/file_list.o
                0x00013a7c                walk_reg_file_list
 .text.v_test_file_list
                0x00013bb4      0x1c0 ./src/file_list.o
                0x00013bb4                v_test_file_list
 .text          0x00013d74        0x0 ./src/gui.o
 .text.ucNewKeyPressed
                0x00013d74       0x10 ./src/gui.o
                0x00013d74                ucNewKeyPressed
 .text.ucGetKeyPressed
                0x00013d84       0x18 ./src/gui.o
                0x00013d84                ucGetKeyPressed
 .text.uiPixelDistance
                0x00013d9c       0x10 ./src/gui.o
                0x00013d9c                uiPixelDistance
 .text.vInitTextOnDisplayQueue
                0x00013dac       0x1c ./src/gui.o
                0x00013dac                vInitTextOnDisplayQueue
 .text.vInitLcdTable
                0x00013dc8       0x2c ./src/gui.o
                0x00013dc8                vInitLcdTable
 .text.ucNextLcdId
                0x00013df4       0x48 ./src/gui.o
                0x00013df4                ucNextLcdId
 .text.ucFreeLcdId
                0x00013e3c       0x44 ./src/gui.o
                0x00013e3c                ucFreeLcdId
 .text.ucDeleteTextOnDisplayQueue
                0x00013e80       0x84 ./src/gui.o
                0x00013e80                ucDeleteTextOnDisplayQueue
 .text.ucResetTextOnDisplayQueue
                0x00013f04       0x3c ./src/gui.o
                0x00013f04                ucResetTextOnDisplayQueue
 .text.myexit   0x00013f40        0x4 ./src/gui.o
                0x00013f40                myexit
 .text.ucInsertTextOnDisplayQueue
                0x00013f44      0x100 ./src/gui.o
                0x00013f44                ucInsertTextOnDisplayQueue
 .text.vRemapTextOnQueue
                0x00014044        0x4 ./src/gui.o
                0x00014044                vRemapTextOnQueue
 .text.vCalcAreaTouchScreenTesto
                0x00014048       0xe8 ./src/gui.o
                0x00014048                vCalcAreaTouchScreenTesto
 .text.ucVerifyTouchOnTesto
                0x00014130       0x78 ./src/gui.o
                0x00014130                ucVerifyTouchOnTesto
 .text.ucTextOnDisplay
                0x000141a8       0x64 ./src/gui.o
                0x000141a8                ucTextOnDisplay
 .text.ucBitmap40x25OnDisplay
                0x0001420c       0x8c ./src/gui.o
                0x0001420c                ucBitmap40x25OnDisplay
 .text.vMapTesto
                0x00014298      0x5e4 ./src/gui.o
                0x00014298                vMapTesto
 .text.ucRenderTextOnVideo
                0x0001487c       0x74 ./src/gui.o
                0x0001487c                ucRenderTextOnVideo
 .text.vInitImmagine
                0x000148f0       0x1c ./src/gui.o
                0x000148f0                vInitImmagine
 .text.vForceRefreshImmagine
                0x0001490c       0x1c ./src/gui.o
                0x0001490c                vForceRefreshImmagine
 .text.ucClearScreen
                0x00014928       0x28 ./src/gui.o
                0x00014928                ucClearScreen
 .text.vCaricaImmagine
                0x00014950       0x10 ./src/gui.o
                0x00014950                vCaricaImmagine
 .text.ucImmagineCambiata
                0x00014960       0x1c ./src/gui.o
                0x00014960                ucImmagineCambiata
 .text.vResetTextSettings
                0x0001497c       0x24 ./src/gui.o
                0x0001497c                vResetTextSettings
 .text.vCloseLCD
                0x000149a0        0x4 ./src/gui.o
                0x000149a0                vCloseLCD
 .text.vInitKbd
                0x000149a4      0x10c ./src/gui.o
                0x000149a4                vInitKbd
 .text.vInitLcd
                0x00014ab0       0xc8 ./src/gui.o
                0x00014ab0                vInitLcd
 .text.vCtrlPressedButtons
                0x00014b78       0x5c ./src/gui.o
                0x00014b78                vCtrlPressedButtons
 .text.vSelectFont
                0x00014bd4       0x10 ./src/gui.o
                0x00014bd4                vSelectFont
 .text.vSelectTextColor
                0x00014be4       0x10 ./src/gui.o
                0x00014be4                vSelectTextColor
 .text.vSelectBackColor
                0x00014bf4       0x10 ./src/gui.o
                0x00014bf4                vSelectBackColor
 .text.ucPrintStaticText_MediumFont_Color
                0x00014c04       0x58 ./src/gui.o
                0x00014c04                ucPrintStaticText_MediumFont_Color
 .text.ucPrintSmallText_ColNames
                0x00014c5c       0x54 ./src/gui.o
                0x00014c5c                ucPrintSmallText_ColNames
 .text.ucPrintSmallText_ColNames_BackColor
                0x00014cb0       0x54 ./src/gui.o
                0x00014cb0                ucPrintSmallText_ColNames_BackColor
 .text.ucPrintTitleButton
                0x00014d04      0x160 ./src/gui.o
                0x00014d04                ucPrintTitleButton
 .text.ucPrintBitmapButton
                0x00014e64       0x98 ./src/gui.o
                0x00014e64                ucPrintBitmapButton
 .text.ucPrintStaticButton
                0x00014efc       0xec ./src/gui.o
                0x00014efc                ucPrintStaticButton
 .text.ucSearchFieldButtonPressed
                0x00014fe8       0x58 ./src/gui.o
                0x00014fe8                ucSearchFieldButtonPressed
 .text.ucPrintFieldButton
                0x00015040       0xe8 ./src/gui.o
                0x00015040                ucPrintFieldButton
 .text.ucPrintCursorText
                0x00015128       0x8c ./src/gui.o
                0x00015128                ucPrintCursorText
 .text.ucPrintTextTouch
                0x000151b4       0x60 ./src/gui.o
                0x000151b4                ucPrintTextTouch
 .text.vCalcCoeffsLcdCalibration
                0x00015214      0x308 ./src/gui.o
                0x00015214                vCalcCoeffsLcdCalibration
 .text.ucCalcCrcLcdCalibra
                0x0001551c       0x30 ./src/gui.o
                0x0001551c                ucCalcCrcLcdCalibra
 .text.vSaveCoeffsLcdCalibration
                0x0001554c       0x30 ./src/gui.o
                0x0001554c                vSaveCoeffsLcdCalibration
 .text.vLoadCoeffsLcdCalibration
                0x0001557c       0x60 ./src/gui.o
                0x0001557c                vLoadCoeffsLcdCalibration
 .text.vLinearizzaPosLcd
                0x000155dc      0x264 ./src/gui.o
                0x000155dc                vLinearizzaPosLcd
 .text.ucCtrlTouch
                0x00015840       0xd0 ./src/gui.o
                0x00015840                ucCtrlTouch
 .text.ucBackGroundCtrlLcd
                0x00015910       0x18 ./src/gui.o
                0x00015910                ucBackGroundCtrlLcd
 .text.vCalibraLcd
                0x00015928      0x308 ./src/gui.o
                0x00015928                vCalibraLcd
 .text.vEnableCalibraLcd
                0x00015c30       0x10 ./src/gui.o
                0x00015c30                vEnableCalibraLcd
 .text.vVisualizeSplashScreen
                0x00015c40       0x2c ./src/gui.o
                0x00015c40                vVisualizeSplashScreen
 .text.ucVisualizeSplashScreen
                0x00015c6c       0x90 ./src/gui.o
                0x00015c6c                ucVisualizeSplashScreen
 .text.vRefreshLcd
                0x00015cfc      0x27c ./src/gui.o
                0x00015cfc                vRefreshLcd
 .text          0x00015f78        0x0 ./src/i2c.o
 .text.I2C0MasterHandler
                0x00015f78      0x2d4 ./src/i2c.o
                0x00015f78                I2C0MasterHandler
 .text.ui_get_i2c_alarm_subcode
                0x0001624c       0x10 ./src/i2c.o
                0x0001624c                ui_get_i2c_alarm_subcode
 .text.ui_clear_i2c_alarm_subcode
                0x0001625c       0x14 ./src/i2c.o
                0x0001625c                ui_clear_i2c_alarm_subcode
 .text.v_generate_alarm_i2c_bus
                0x00016270       0x40 ./src/i2c.o
                0x00016270                v_generate_alarm_i2c_bus
 .text.v_signal_accessing_eeprom_i2c
                0x000162b0       0x10 ./src/i2c.o
                0x000162b0                v_signal_accessing_eeprom_i2c
 .text.I2CStart
                0x000162c0       0x70 ./src/i2c.o
                0x000162c0                I2CStart
 .text.I2CStop  0x00016330       0x60 ./src/i2c.o
                0x00016330                I2CStop
 .text.I2CInit  0x00016390       0xb4 ./src/i2c.o
                0x00016390                I2CInit
 .text.I2CEngine
                0x00016444       0xd0 ./src/i2c.o
                0x00016444                I2CEngine
 .text.I2CStart_noWait
                0x00016514       0x20 ./src/i2c.o
                0x00016514                I2CStart_noWait
 .text.I2CEngine_Start
                0x00016534       0x5c ./src/i2c.o
                0x00016534                I2CEngine_Start
 .text.v_i2c_engine_reset
                0x00016590       0x44 ./src/i2c.o
                0x00016590                v_i2c_engine_reset
 .text.I2CEngine_isEnded
                0x000165d4       0x18 ./src/i2c.o
                0x000165d4                I2CEngine_isEnded
 .text.v_verify_unlock_i2c_bus
                0x000165ec        0x4 ./src/i2c.o
                0x000165ec                v_verify_unlock_i2c_bus
 .text          0x000165f0        0x0 ./src/inverse_v1.o
 .text.cofactor_ij_v1
                0x000165f0      0x190 ./src/inverse_v1.o
                0x000165f0                cofactor_ij_v1
 .text.cofactor_v1
                0x00016780       0x4c ./src/inverse_v1.o
                0x00016780                cofactor_v1
 .text.determinant_v1
                0x000167cc       0x44 ./src/inverse_v1.o
                0x000167cc                determinant_v1
 .text.transpose_v1
                0x00016810       0x40 ./src/inverse_v1.o
                0x00016810                transpose_v1
 .text.mul_v1   0x00016850       0x50 ./src/inverse_v1.o
                0x00016850                mul_v1
 .text.inverse_v1
                0x000168a0       0x5c ./src/inverse_v1.o
                0x000168a0                inverse_v1
 .text.vMultiplyMatrix4x4_Vector
                0x000168fc       0x60 ./src/inverse_v1.o
                0x000168fc                vMultiplyMatrix4x4_Vector
 .text.vSolve4x4System
                0x0001695c       0x38 ./src/inverse_v1.o
                0x0001695c                vSolve4x4System
 .text          0x00016994        0x0 ./src/lcd.o
 .text.ucTouchScreenPressed
                0x00016994       0x18 ./src/lcd.o
                0x00016994                ucTouchScreenPressed
 .text.vLCD_Init
                0x000169ac       0x48 ./src/lcd.o
                0x000169ac                vLCD_Init
 .text.LCD_SpiAccess
                0x000169f4       0x38 ./src/lcd.o
                0x000169f4                LCD_SpiAccess
 .text.ucTouchedScreen
                0x00016a2c      0x138 ./src/lcd.o
                0x00016a2c                ucTouchedScreen
 .text.vResetIntLCD_spi
                0x00016b64       0x1c ./src/lcd.o
                0x00016b64                vResetIntLCD_spi
 .text.TFT_write
                0x00016b80        0xc ./src/lcd.o
                0x00016b80                TFT_write
 .text.TFT_read
                0x00016b8c        0xc ./src/lcd.o
                0x00016b8c                TFT_read
 .text.v_signal_timeout_wating_lcd_int
                0x00016b98       0x18 ./src/lcd.o
                0x00016b98                v_signal_timeout_wating_lcd_int
 .text.LCD_wait_FPGA_done
                0x00016bb0       0x8c ./src/lcd.o
                0x00016bb0                LCD_wait_FPGA_done
 .text.FPGA_done
                0x00016c3c        0x4 ./src/lcd.o
                0x00016c3c                FPGA_done
 .text.Beep     0x00016c40        0x8 ./src/lcd.o
                0x00016c40                Beep
 .text.LCD_Beep
                0x00016c48        0x4 ./src/lcd.o
                0x00016c48                LCD_Beep
 .text.Change_bank
                0x00016c4c       0x24 ./src/lcd.o
                0x00016c4c                Change_bank
 .text.LCD_toggle_bank
                0x00016c70       0x1c ./src/lcd.o
                0x00016c70                LCD_toggle_bank
 .text.Read_image_from_flash
                0x00016c8c      0x100 ./src/lcd.o
                0x00016c8c                Read_image_from_flash
 .text.LCD_LoadImageOnBackgroundBank
                0x00016d8c        0x4 ./src/lcd.o
                0x00016d8c                LCD_LoadImageOnBackgroundBank
 .text.vWriteBMPelement
                0x00016d90       0xd4 ./src/lcd.o
                0x00016d90                vWriteBMPelement
 .text.ucMapDisplayChar
                0x00016e64       0x18 ./src/lcd.o
                0x00016e64                ucMapDisplayChar
 .text.vWriteIconElement
                0x00016e7c      0x170 ./src/lcd.o
                0x00016e7c                vWriteIconElement
 .text.vWriteIconElement_N
                0x00016fec      0x198 ./src/lcd.o
                0x00016fec                vWriteIconElement_N
 .text.vInitListDisplayElements
                0x00017184       0x54 ./src/lcd.o
                0x00017184                vInitListDisplayElements
 .text.ucTroppoPienaListaLcd
                0x000171d8       0x20 ./src/lcd.o
                0x000171d8                ucTroppoPienaListaLcd
 .text.vResetIconsAndBitmap
                0x000171f8        0x4 ./src/lcd.o
                0x000171f8                vResetIconsAndBitmap
 .text.vCloseListDisplayElements
                0x000171fc       0xa0 ./src/lcd.o
                0x000171fc                vCloseListDisplayElements
 .text.invio_lista
                0x0001729c       0x60 ./src/lcd.o
                0x0001729c                invio_lista
 .text.vSelect8bitTouch
                0x000172fc        0x8 ./src/lcd.o
                0x000172fc                vSelect8bitTouch
 .text.applicazione_lista
                0x00017304       0x14 ./src/lcd.o
                0x00017304                applicazione_lista
 .text.lettura_versione_FW
                0x00017318       0x30 ./src/lcd.o
                0x00017318                lettura_versione_FW
 .text          0x00017348        0x0 ./src/main.o
 .text.vInitializeTheDacValues
                0x00017348       0x2c ./src/main.o
                0x00017348                vInitializeTheDacValues
 .text.vWaitBootFpga
                0x00017374      0x14c ./src/main.o
                0x00017374                vWaitBootFpga
 .text.vPrintSmallTesto_Red
                0x000174c0       0x44 ./src/main.o
                0x000174c0                vPrintSmallTesto_Red
 .text.vRefreshScreen_Startup
                0x00017504       0x28 ./src/main.o
                0x00017504                vRefreshScreen_Startup
 .text.v_print_msg
                0x0001752c       0x18 ./src/main.o
                0x0001752c                v_print_msg
 .text          0x00017544        0x0 ./src/mci.o
 .text.ulGetPclk.part.4
                0x00017544       0x70 ./src/mci.o
 .text.MCI_TXEnable
                0x000175b4       0x2c ./src/mci.o
                0x000175b4                MCI_TXEnable
 .text.MCI_TXDisable
                0x000175e0       0x2c ./src/mci.o
                0x000175e0                MCI_TXDisable
 .text.MCI_RXEnable
                0x0001760c       0x2c ./src/mci.o
                0x0001760c                MCI_RXEnable
 .text.MCI_RXDisable
                0x00017638       0x2c ./src/mci.o
                0x00017638                MCI_RXDisable
 .text.MCI_CmdProcess
                0x00017664       0xd0 ./src/mci.o
                0x00017664                MCI_CmdProcess
 .text.MCI_DataErrorProcess
                0x00017734       0xd0 ./src/mci.o
                0x00017734                MCI_DataErrorProcess
 .text.MCI_DATA_END_InterruptService
                0x00017804       0xa8 ./src/mci.o
                0x00017804                MCI_DATA_END_InterruptService
 .text.MCI_FIFOInterruptService
                0x000178ac       0x18 ./src/mci.o
                0x000178ac                MCI_FIFOInterruptService
 .text.MCI_IRQHandler
                0x000178c4       0xa4 ./src/mci.o
                0x000178c4                MCI_IRQHandler
 .text.ulGetPclk
                0x00017968       0x14 ./src/mci.o
                0x00017968                ulGetPclk
 .text.MCI_Set_MCIClock
                0x0001797c       0x78 ./src/mci.o
                0x0001797c                MCI_Set_MCIClock
 .text.MCI_Init
                0x000179f4      0x124 ./src/mci.o
                0x000179f4                MCI_Init
 .text.MCI_SendCmd
                0x00017b18       0xc0 ./src/mci.o
                0x00017b18                MCI_SendCmd
 .text.MCI_GetCmdResp
                0x00017bd8      0x11c ./src/mci.o
                0x00017bd8                MCI_GetCmdResp
 .text.MCI_Go_Idle_State
                0x00017cf4       0x24 ./src/mci.o
                0x00017cf4                MCI_Go_Idle_State
 .text.MCI_Send_OP_Cond
                0x00017d18       0x6c ./src/mci.o
                0x00017d18                MCI_Send_OP_Cond
 .text.MCI_Send_ACMD
                0x00017d84       0x8c ./src/mci.o
                0x00017d84                MCI_Send_ACMD
 .text.MCI_Send_ACMD_OP_Cond
                0x00017e10       0xc8 ./src/mci.o
                0x00017e10                MCI_Send_ACMD_OP_Cond
 .text.ui_send_cmd8
                0x00017ed8       0x58 ./src/mci.o
                0x00017ed8                ui_send_cmd8
 .text.MCI_CardInit
                0x00017f30       0x78 ./src/mci.o
                0x00017f30                MCI_CardInit
 .text.MCI_Check_CID
                0x00017fa8       0x5c ./src/mci.o
                0x00017fa8                MCI_Check_CID
 .text.MCI_Set_Address
                0x00018004       0x9c ./src/mci.o
                0x00018004                MCI_Set_Address
 .text.vSaveCSD_reg
                0x000180a0       0x24 ./src/mci.o
                0x000180a0                vSaveCSD_reg
 .text.vCalcSD_capacity
                0x000180c4      0x108 ./src/mci.o
                0x000180c4                vCalcSD_capacity
 .text.MCI_Send_CSD
                0x000181cc       0xa0 ./src/mci.o
                0x000181cc                MCI_Send_CSD
 .text.MCI_Select_Card
                0x0001826c       0xa4 ./src/mci.o
                0x0001826c                MCI_Select_Card
 .text.MCI_Send_Status
                0x00018310       0x90 ./src/mci.o
                0x00018310                MCI_Send_Status
 .text.MCI_CheckStatus
                0x000183a0       0x30 ./src/mci.o
                0x000183a0                MCI_CheckStatus
 .text.MCI_Set_BlockLen
                0x000183d0       0x88 ./src/mci.o
                0x000183d0                MCI_Set_BlockLen
 .text.MCI_Send_ACMD_Bus_Width
                0x00018458       0x88 ./src/mci.o
                0x00018458                MCI_Send_ACMD_Bus_Width
 .text.SD_Set_BusWidth
                0x000184e0       0x58 ./src/mci.o
                0x000184e0                SD_Set_BusWidth
 .text.MCI_Send_Stop
                0x00018538       0x7c ./src/mci.o
                0x00018538                MCI_Send_Stop
 .text.MCI_Send_Write_Block
                0x000185b4       0xa0 ./src/mci.o
                0x000185b4                MCI_Send_Write_Block
 .text.MCI_Send_Write_Multiple_Block
                0x00018654       0xa0 ./src/mci.o
                0x00018654                MCI_Send_Write_Multiple_Block
 .text.MCI_Write_Multiple_Block
                0x000186f4      0x120 ./src/mci.o
                0x000186f4                MCI_Write_Multiple_Block
 .text.MCI_Send_Read_Block
                0x00018814       0xa0 ./src/mci.o
                0x00018814                MCI_Send_Read_Block
 .text.MCI_Write_Block
                0x000188b4       0xbc ./src/mci.o
                0x000188b4                MCI_Write_Block
 .text.MCI_Read_Block
                0x00018970       0xb8 ./src/mci.o
                0x00018970                MCI_Read_Block
 .text          0x00018a28        0x0 ./src/params.o
 .text.vSetHRE_potentiometer.part.2
                0x00018a28       0x90 ./src/params.o
 .text.v_reset_spindle_and_wheel_dac
                0x00018ab8       0x5c ./src/params.o
                0x00018ab8                v_reset_spindle_and_wheel_dac
 .text.uc_format_str_len_mult_16
                0x00018b14       0xb8 ./src/params.o
                0x00018b14                uc_format_str_len_mult_16
 .text.v_init_read_bytes_from_vdip
                0x00018bcc       0x20 ./src/params.o
                0x00018bcc                v_init_read_bytes_from_vdip
 .text.uc_read_a_byte_from_vdip
                0x00018bec      0x14c ./src/params.o
                0x00018bec                uc_read_a_byte_from_vdip
 .text.set_check_tangled_wire_params_default
                0x00018d38       0x6c ./src/params.o
                0x00018d38                set_check_tangled_wire_params_default
 .text.iSaveMachineParsOnFile_GetExitCode
                0x00018da4       0x10 ./src/params.o
                0x00018da4                iSaveMachineParsOnFile_GetExitCode
 .text.fSaveMachineParsOnFile_GetEstimatedDonePerc
                0x00018db4       0x10 ./src/params.o
                0x00018db4                fSaveMachineParsOnFile_GetEstimatedDonePerc
 .text.vInitMachineParsOnFile_Stati
                0x00018dc4       0x2c ./src/params.o
                0x00018dc4                vInitMachineParsOnFile_Stati
 .text.ui_send_vdip_string
                0x00018df0      0x2d8 ./src/params.o
                0x00018df0                ui_send_vdip_string
 .text.ucSaveMachineParsOnFile_Stati
                0x000190c8      0xc00 ./src/params.o
                0x000190c8                ucSaveMachineParsOnFile_Stati
 .text.ucLoadCodiciProdottoOnFile_Stati
                0x00019cc8      0x810 ./src/params.o
                0x00019cc8                ucLoadCodiciProdottoOnFile_Stati
 .text.ucLoadParMacOnFile_Stati
                0x0001a4d8      0x854 ./src/params.o
                0x0001a4d8                ucLoadParMacOnFile_Stati
 .text.ucLoadCustomLanguage_Stati
                0x0001ad2c      0x448 ./src/params.o
                0x0001ad2c                ucLoadCustomLanguage_Stati
 .text.vSetNumK_to_ask_password
                0x0001b174       0x58 ./src/params.o
                0x0001b174                vSetNumK_to_ask_password
 .text.vSetNumK_to_ask_password_super_user
                0x0001b1cc       0x80 ./src/params.o
                0x0001b1cc                vSetNumK_to_ask_password_super_user
 .text.ucVerifyPasswordCorrect
                0x0001b24c       0x48 ./src/params.o
                0x0001b24c                ucVerifyPasswordCorrect
 .text.ucVerifyPasswordSuperUserCorrect
                0x0001b294       0x24 ./src/params.o
                0x0001b294                ucVerifyPasswordSuperUserCorrect
 .text.ucCalcWireLengthMetersForJobList
                0x0001b2b8      0x1a4 ./src/params.o
                0x0001b2b8                ucCalcWireLengthMetersForJobList
 .text.vAddStandardButtons
                0x0001b45c       0xa0 ./src/params.o
                0x0001b45c                vAddStandardButtons
 .text.ucHW_LoadCodiciProdotto
                0x0001b4fc      0x414 ./src/params.o
                0x0001b4fc                ucHW_LoadCodiciProdotto
 .text.ucHW_ResetCodiciProdotto
                0x0001b910      0x320 ./src/params.o
                0x0001b910                ucHW_ResetCodiciProdotto
 .text.ucHW_LoadCustomLanguage
                0x0001bc30      0x3fc ./src/params.o
                0x0001bc30                ucHW_LoadCustomLanguage
 .text.ucHW_LoadParsMac
                0x0001c02c      0x434 ./src/params.o
                0x0001c02c                ucHW_LoadParsMac
 .text.ucHW_SaveParams
                0x0001c460      0x490 ./src/params.o
                0x0001c460                ucHW_SaveParams
 .text.ucHW_DataOra
                0x0001c8f0      0x384 ./src/params.o
                0x0001c8f0                ucHW_DataOra
 .text.vAddStandardButtonsOk
                0x0001cc74       0xa0 ./src/params.o
                0x0001cc74                vAddStandardButtonsOk
 .text.f_convert_perc_dist_to_float_0_100
                0x0001cd14       0x50 ./src/params.o
                0x0001cd14                f_convert_perc_dist_to_float_0_100
 .text.us_convert_float_0_100_to_perc_dist
                0x0001cd64       0x74 ./src/params.o
                0x0001cd64                us_convert_float_0_100_to_perc_dist
 .text.v_convert_dist_values
                0x0001cdd8      0x3e4 ./src/params.o
                0x0001cdd8                v_convert_dist_values
 .text.ucHW_Distanziatore
                0x0001d1bc      0xb30 ./src/params.o
                0x0001d1bc                ucHW_Distanziatore
 .text.vInizializzaCodiceProdotto
                0x0001dcec       0xe8 ./src/params.o
                0x0001dcec                vInizializzaCodiceProdotto
 .text.vHRE_init
                0x0001ddd4       0x20 ./src/params.o
                0x0001ddd4                vHRE_init
 .text.vResetWindows
                0x0001ddf4      0x140 ./src/params.o
                0x0001ddf4                vResetWindows
 .text.vSetHRE_potentiometer
                0x0001df34       0x80 ./src/params.o
                0x0001df34                vSetHRE_potentiometer
 .text.vSelectHRE_potentiometer
                0x0001dfb4       0xa4 ./src/params.o
                0x0001dfb4                vSelectHRE_potentiometer
 .text.v_init_handling_encoder_grinding
                0x0001e058       0x48 ./src/params.o
 .text.ucHW_spindle_grinding
                0x0001e0a0      0x464 ./src/params.o
                0x0001e0a0                ucHW_spindle_grinding
 .text.ucGetSelectHRE_potentiometer
                0x0001e504       0x20 ./src/params.o
                0x0001e504                ucGetSelectHRE_potentiometer
 .text.iGetHRE_potentiometer
                0x0001e524       0x18 ./src/params.o
                0x0001e524                iGetHRE_potentiometer
 .text.vDisableHRE_potentiometer
                0x0001e53c       0x14 ./src/params.o
                0x0001e53c                vDisableHRE_potentiometer
 .text.vHandleHRE
                0x0001e550      0x28c ./src/params.o
                0x0001e550                vHandleHRE
 .text.iGetHRE_setting
                0x0001e7dc       0x98 ./src/params.o
                0x0001e7dc                iGetHRE_setting
 .text.vSaltaSuPaginaProduzione
                0x0001e874       0x18 ./src/params.o
                0x0001e874                vSaltaSuPaginaProduzione
 .text.ucIAmSpindleGrinding
                0x0001e88c       0x1c ./src/params.o
                0x0001e88c                ucIAmSpindleGrinding
 .text.ucIamInLogProduzione
                0x0001e8a8       0x1c ./src/params.o
                0x0001e8a8                ucIamInLogProduzione
 .text.ucIamInTaraturaStatica
                0x0001e8c4       0x30 ./src/params.o
                0x0001e8c4                ucIamInTaraturaStatica
 .text.ucIamInTaraturaDinamica
                0x0001e8f4       0x34 ./src/params.o
                0x0001e8f4                ucIamInTaraturaDinamica
 .text          0x0001e928        0x0 ./src/popup.o
 .text.f_calc_res_spezzone
                0x0001e928       0x44 ./src/popup.o
                0x0001e928                f_calc_res_spezzone
 .text.us_calc_portata_dinamica_per_resistenza
                0x0001e96c       0x58 ./src/popup.o
                0x0001e96c                us_calc_portata_dinamica_per_resistenza
 .text.f_calc_res_spec_filo
                0x0001e9c4       0x9c ./src/popup.o
                0x0001e9c4                f_calc_res_spec_filo
 .text.ucHW_MainMenu
                0x0001ea60      0x274 ./src/popup.o
                0x0001ea60                ucHW_MainMenu
 .text.ucHW_YesNo
                0x0001ecd4      0x284 ./src/popup.o
                0x0001ecd4                ucHW_YesNo
 .text.ValidatePrg
                0x0001ef58      0x240 ./src/popup.o
                0x0001ef58                ValidatePrg
 .text.ucNeedToClosePopupWindow
                0x0001f198       0x44 ./src/popup.o
                0x0001f198                ucNeedToClosePopupWindow
 .text.ucHandlePopupWindow
                0x0001f1dc     0x12fc ./src/popup.o
                0x0001f1dc                ucHandlePopupWindow
 .text.ucEnableStartLavorazione
                0x000204d8       0x10 ./src/popup.o
                0x000204d8                ucEnableStartLavorazione
 .text.ucIsDisabledStartLavorazione
                0x000204e8       0x18 ./src/popup.o
                0x000204e8                ucIsDisabledStartLavorazione
 .text          0x00020500        0x0 ./src/rtcDS3231_newer.o
 .text.i2c_Master_Xmit.part.0
                0x00020500       0x40 ./src/rtcDS3231_newer.o
 .text.i2c_Master_Rcv.part.1
                0x00020540       0x58 ./src/rtcDS3231_newer.o
 .text.i2c_Master_Xmit
                0x00020598        0xc ./src/rtcDS3231_newer.o
                0x00020598                i2c_Master_Xmit
 .text.i2c_Master_Rcv
                0x000205a4        0xc ./src/rtcDS3231_newer.o
                0x000205a4                i2c_Master_Rcv
 .text.vReadStatusTempRTC_DS3231
                0x000205b0       0xf4 ./src/rtcDS3231_newer.o
                0x000205b0                vReadStatusTempRTC_DS3231
 .text.vResetOSF_RTC_DS3231
                0x000206a4       0x6c ./src/rtcDS3231_newer.o
                0x000206a4                vResetOSF_RTC_DS3231
 .text.vReadTimeBytesRTC_DS3231
                0x00020710      0x11c ./src/rtcDS3231_newer.o
                0x00020710                vReadTimeBytesRTC_DS3231
 .text.vWriteTimeBytesRTC_DS3231
                0x0002082c      0x184 ./src/rtcDS3231_newer.o
                0x0002082c                vWriteTimeBytesRTC_DS3231
 .text.vInit_RtcDS3231
                0x000209b0       0x10 ./src/rtcDS3231_newer.o
                0x000209b0                vInit_RtcDS3231
 .text          0x000209c0        0x0 ./src/spi.o
 .text.vUpdateValoriTaratura
                0x000209c0      0x4a4 ./src/spi.o
                0x000209c0                vUpdateValoriTaratura
 .text.fCalcCoeffCorr
                0x00020e64       0x90 ./src/spi.o
                0x00020e64                fCalcCoeffCorr
 .text.vCalcAnticipoPretaglio
                0x00020ef4      0x1e0 ./src/spi.o
                0x00020ef4                vCalcAnticipoPretaglio
 .text.menuOperation
                0x000210d4       0x14 ./src/spi.o
                0x000210d4                menuOperation
 .text.update_crc
                0x000210e8       0x34 ./src/spi.o
                0x000210e8                update_crc
 .text.ucCalcCrcMacParams
                0x0002111c       0xb0 ./src/spi.o
                0x0002111c                ucCalcCrcMacParams
 .text.vSaveMacParms
                0x000211cc       0x30 ./src/spi.o
                0x000211cc                vSaveMacParms
 .text.vCtrlSaveMacParms
                0x000211fc       0x20 ./src/spi.o
                0x000211fc                vCtrlSaveMacParms
 .text.ucFillStructDist
                0x0002121c      0x45c ./src/spi.o
                0x0002121c                ucFillStructDist
 .text.ucFillProgramStructDist
                0x00021678      0x14c ./src/spi.o
                0x00021678                ucFillProgramStructDist
 .text.request_spindle_stop
                0x000217c4       0x18 ./src/spi.o
                0x000217c4                request_spindle_stop
 .text.upd7Seg  0x000217dc      0x9e0 ./src/spi.o
                0x000217dc                upd7Seg
 .text.updInp   0x000221bc      0x524 ./src/spi.o
                0x000221bc                updInp
 .text.vSetBitOutputsHi
                0x000226e0       0x44 ./src/spi.o
                0x000226e0                vSetBitOutputsHi
 .text.vResetBitOutputsHi
                0x00022724       0x40 ./src/spi.o
                0x00022724                vResetBitOutputsHi
 .text.vInitBandella
                0x00022764       0x5c ./src/spi.o
                0x00022764                vInitBandella
 .text.vCommandSwitchBandella
                0x000227c0       0x14 ./src/spi.o
                0x000227c0                vCommandSwitchBandella
 .text.vHandleBandella
                0x000227d4      0x150 ./src/spi.o
                0x000227d4                vHandleBandella
 .text.TxCommessa
                0x00022924        0x4 ./src/spi.o
                0x00022924                TxCommessa
 .text.vWaitStartupFpga
                0x00022928       0x3c ./src/spi.o
                0x00022928                vWaitStartupFpga
 .text.uiPrepareDescTempComp_ProductionLog
                0x00022964       0xc4 ./src/spi.o
                0x00022964                uiPrepareDescTempComp_ProductionLog
 .text.vPrepareDesc_ProductionLog
                0x00022a28      0x598 ./src/spi.o
                0x00022a28                vPrepareDesc_ProductionLog
 .text.vForceLcdRefresh
                0x00022fc0       0x14 ./src/spi.o
                0x00022fc0                vForceLcdRefresh
 .text.ucLcdRefreshTimeoutReset
                0x00022fd4       0x24 ./src/spi.o
                0x00022fd4                ucLcdRefreshTimeoutReset
 .text.ucLcdRefreshTimeoutExpired
                0x00022ff8       0x84 ./src/spi.o
                0x00022ff8                ucLcdRefreshTimeoutExpired
 .text.ucLcdRefreshTimeoutEnable
                0x0002307c       0x3c ./src/spi.o
                0x0002307c                ucLcdRefreshTimeoutEnable
 .text.uiLcdRefreshTimeout_GetAct
                0x000230b8       0x18 ./src/spi.o
                0x000230b8                uiLcdRefreshTimeout_GetAct
 .text.ucNeedToRefreshLcd
                0x000230d0       0x60 ./src/spi.o
                0x000230d0                ucNeedToRefreshLcd
 .text.ucResetTheButton
                0x00023130       0x38 ./src/spi.o
                0x00023130                ucResetTheButton
 .text.ucHasBeenPressedButton
                0x00023168       0x3c ./src/spi.o
                0x00023168                ucHasBeenPressedButton
 .text.ucHasBeenTouchedButton
                0x000231a4       0x38 ./src/spi.o
                0x000231a4                ucHasBeenTouchedButton
 .text.ucCreateTheButton
                0x000231dc       0x30 ./src/spi.o
                0x000231dc                ucCreateTheButton
 .text.ucHW_LogProduzione
                0x0002320c      0x3dc ./src/spi.o
                0x0002320c                ucHW_LogProduzione
 .text.ucIdxCharButtonPressed
                0x000235e8       0x18 ./src/spi.o
                0x000235e8                ucIdxCharButtonPressed
 .text.ucFieldButtonPressed
                0x00023600       0x18 ./src/spi.o
                0x00023600                ucFieldButtonPressed
 .text.vSetFieldButtonPressed
                0x00023618       0x18 ./src/spi.o
                0x00023618                vSetFieldButtonPressed
 .text.ucTheButtonIsPressed
                0x00023630       0x34 ./src/spi.o
                0x00023630                ucTheButtonIsPressed
 .text.us_is_button_pressed
                0x00023664       0x1c ./src/spi.o
                0x00023664                us_is_button_pressed
 .text.vClearButtonPressed
                0x00023680       0x14 ./src/spi.o
                0x00023680                vClearButtonPressed
 .text.vSignalButtonPressed
                0x00023694       0x40 ./src/spi.o
                0x00023694                vSignalButtonPressed
 .text.vHandleButtons
                0x000236d4       0xec ./src/spi.o
                0x000236d4                vHandleButtons
 .text.vRefreshLcdStrings
                0x000237c0       0xe8 ./src/spi.o
                0x000237c0                vRefreshLcdStrings
 .text.vSetTextRigaColonna
                0x000238a8       0x24 ./src/spi.o
                0x000238a8                vSetTextRigaColonna
 .text.vSetCursorOn
                0x000238cc       0x1c ./src/spi.o
                0x000238cc                vSetCursorOn
 .text.vPrintDirectString
                0x000238e8       0x50 ./src/spi.o
                0x000238e8                vPrintDirectString
 .text.vPrintDirectChar
                0x00023938       0x3c ./src/spi.o
                0x00023938                vPrintDirectChar
 .text.startEdit
                0x00023974       0xac ./src/spi.o
                0x00023974                startEdit
 .text.updLcd   0x00023a20      0x138 ./src/spi.o
                0x00023a20                updLcd
 .text.updOut   0x00023b58      0x12c ./src/spi.o
                0x00023b58                updOut
 .text.vInitActPrg
                0x00023c84       0x64 ./src/spi.o
                0x00023c84                vInitActPrg
 .text.vHandleBackgroundNandFlash
                0x00023ce8        0x4 ./src/spi.o
                0x00023ce8                vHandleBackgroundNandFlash
 .text.vValidateTabFornitori
                0x00023cec       0x60 ./src/spi.o
                0x00023cec                vValidateTabFornitori
 .text.vSearchFirstComm
                0x00023d4c       0x54 ./src/spi.o
                0x00023d4c                vSearchFirstComm
 .text.mynatoi  0x00023da0       0x58 ./src/spi.o
                0x00023da0                mynatoi
 .text.AdjustVelPeriferica
                0x00023df8      0x240 ./src/spi.o
                0x00023df8                AdjustVelPeriferica
 .text.InsertTheProgram
                0x00024038      0x1f8 ./src/spi.o
                0x00024038                InsertTheProgram
 .text.vAggiornaPosizioneColtello
                0x00024230      0x15c ./src/spi.o
                0x00024230                vAggiornaPosizioneColtello
 .text.WriteOnDacByPot
                0x0002438c       0xc4 ./src/spi.o
                0x0002438c                WriteOnDacByPot
 .text.SetPotenziometri
                0x00024450      0x2c8 ./src/spi.o
                0x00024450                SetPotenziometri
 .text.vMacParmsAtDefaultValue
                0x00024718      0x1f4 ./src/spi.o
                0x00024718                vMacParmsAtDefaultValue
 .text.vLoadMacParms
                0x0002490c       0x90 ./src/spi.o
                0x0002490c                vLoadMacParms
 .text.ValidateMacParms
                0x0002499c      0x324 ./src/spi.o
                0x0002499c                ValidateMacParms
 .text.init     0x00024cc0      0x6b4 ./src/spi.o
                0x00024cc0                init
 .text.spi_main
                0x00025374       0xbc ./src/spi.o
                0x00025374                spi_main
 .text          0x00025430        0x0 ./src/spidbg.o
 .text.ucHW_setupProduzione
                0x00025430     0x2a24 ./src/spidbg.o
                0x00025430                ucHW_setupProduzione
 .text.vGetValueParametro
                0x00027e54      0x114 ./src/spidbg.o
                0x00027e54                vGetValueParametro
 .text.vSetValueParametro
                0x00027f68       0xf8 ./src/spidbg.o
                0x00027f68                vSetValueParametro
 .text.vRefresh_IPM_values
                0x00028060      0x144 ./src/spidbg.o
                0x00028060                vRefresh_IPM_values
 .text.ucHW_ParametriMacchina
                0x000281a4      0x9e8 ./src/spidbg.o
                0x000281a4                ucHW_ParametriMacchina
 .text.ucHW_Fornitori
                0x00028b8c      0x3d4 ./src/spidbg.o
                0x00028b8c                ucHW_Fornitori
 .text.vPrintTesto
                0x00028f60       0x44 ./src/spidbg.o
                0x00028f60                vPrintTesto
 .text.vRefreshScreen
                0x00028fa4       0x28 ./src/spidbg.o
                0x00028fa4                vRefreshScreen
 .text.vPrintMessage
                0x00028fcc       0x38 ./src/spidbg.o
                0x00028fcc                vPrintMessage
 .text.vResetRamAndReboot
                0x00029004       0xe4 ./src/spidbg.o
                0x00029004                vResetRamAndReboot
 .text.ucHW_Utilities
                0x000290e8      0x404 ./src/spidbg.o
                0x000290e8                ucHW_Utilities
 .text.vHandleButtonsRegulation
                0x000294ec      0x234 ./src/spidbg.o
                0x000294ec                vHandleButtonsRegulation
 .text.ucHW_InAnalog
                0x00029720      0x2c8 ./src/spidbg.o
                0x00029720                ucHW_InAnalog
 .text.ucHW_OutAnalog
                0x000299e8      0x23c ./src/spidbg.o
                0x000299e8                ucHW_OutAnalog
 .text.ucHW_Indig
                0x00029c24      0x218 ./src/spidbg.o
                0x00029c24                ucHW_Indig
 .text.ucHW_Outdig
                0x00029e3c      0x47c ./src/spidbg.o
                0x00029e3c                ucHW_Outdig
 .text.ucHW_IngressiEncoder
                0x0002a2b8      0x1e0 ./src/spidbg.o
                0x0002a2b8                ucHW_IngressiEncoder
 .text.ucHW_Taratura_Portata
                0x0002a498      0x624 ./src/spidbg.o
                0x0002a498                ucHW_Taratura_Portata
 .text.ucHW_Taratura_Portata_1_4
                0x0002aabc      0x24c ./src/spidbg.o
                0x0002aabc                ucHW_Taratura_Portata_1_4
 .text.ucHW_Taratura_Misura_Dyn_Or_Stat
                0x0002ad08      0x248 ./src/spidbg.o
                0x0002ad08                ucHW_Taratura_Misura_Dyn_Or_Stat
 .text.ucHW_SelezionaTaratura
                0x0002af50      0x2f8 ./src/spidbg.o
                0x0002af50                ucHW_SelezionaTaratura
 .text.ucHW_Info
                0x0002b248      0x134 ./src/spidbg.o
                0x0002b248                ucHW_Info
 .text.v_preset_for_program_param_input
                0x0002b37c       0xec ./src/spidbg.o
                0x0002b37c                v_preset_for_program_param_input
 .text.ucHW_ViewCodiceProdotto
                0x0002b468      0x6ac ./src/spidbg.o
                0x0002b468                ucHW_ViewCodiceProdotto
 .text.ucHandleWindows
                0x0002bb14      0x2ac ./src/spidbg.o
                0x0002bb14                ucHandleWindows
 .text          0x0002bdc0        0x0 ./src/spiglb.o
 .text          0x0002bdc0        0x0 ./src/spimis.o
 .text.v_init_handle_wait_one_coil
                0x0002bdc0       0x20 ./src/spimis.o
                0x0002bdc0                v_init_handle_wait_one_coil
 .text.ui_handle_wait_one_coil_ok
                0x0002bde0       0x1c ./src/spimis.o
                0x0002bde0                ui_handle_wait_one_coil_ok
 .text.v_handle_wait_one_coil
                0x0002bdfc       0xa8 ./src/spimis.o
                0x0002bdfc                v_handle_wait_one_coil
 .text.timeout_init
                0x0002bea4       0x24 ./src/spimis.o
                0x0002bea4                timeout_init
 .text.uc_timeout_active
                0x0002bec8       0x70 ./src/spimis.o
                0x0002bec8                uc_timeout_active
 .text.mystrcpy
                0x0002bf38       0x30 ./src/spimis.o
                0x0002bf38                mystrcpy
 .text.vCommandSwitchBandella_Interrupt
                0x0002bf68       0x14 ./src/spimis.o
                0x0002bf68                vCommandSwitchBandella_Interrupt
 .text.vInitAD7327
                0x0002bf7c       0xdc ./src/spimis.o
                0x0002bf7c                vInitAD7327
 .text.vHaltReadCycleSensoreTaglio
                0x0002c058       0x18 ./src/spimis.o
                0x0002c058                vHaltReadCycleSensoreTaglio
 .text.vInitSensoreTaglio
                0x0002c070       0x7c ./src/spimis.o
                0x0002c070                vInitSensoreTaglio
 .text.vInitReadCycleSensoreTaglio
                0x0002c0ec       0x38 ./src/spimis.o
                0x0002c0ec                vInitReadCycleSensoreTaglio
 .text.vLockOperazioneLama
                0x0002c124       0x18 ./src/spimis.o
                0x0002c124                vLockOperazioneLama
 .text.vUnlockOperazioneLama
                0x0002c13c       0x14 ./src/spimis.o
                0x0002c13c                vUnlockOperazioneLama
 .text.vAttivaOperazioneLama
                0x0002c150      0x100 ./src/spimis.o
                0x0002c150                vAttivaOperazioneLama
 .text.ucIsAttivaOperazioneLama
                0x0002c250       0x34 ./src/spimis.o
                0x0002c250                ucIsAttivaOperazioneLama
 .text.ucRefreshAdchannels_Interrupt
                0x0002c284      0x1fc ./src/spimis.o
                0x0002c284                ucRefreshAdchannels_Interrupt
 .text.vReadAD7327
                0x0002c480      0x12c ./src/spimis.o
                0x0002c480                vReadAD7327
 .text.iReadCounter
                0x0002c5ac       0x54 ./src/spimis.o
                0x0002c5ac                iReadCounter
 .text.iAzzeraReadCounter_2
                0x0002c600       0x28 ./src/spimis.o
                0x0002c600                iAzzeraReadCounter_2
 .text.vInitPosizioneLamaTaglio
                0x0002c628       0x44 ./src/spimis.o
                0x0002c628                vInitPosizioneLamaTaglio
 .text.vSpeedTargetUrp_init
                0x0002c66c       0x20 ./src/spimis.o
                0x0002c66c                vSpeedTargetUrp_init
 .text.vSpeedTargetUrp_update
                0x0002c68c       0x9c ./src/spimis.o
                0x0002c68c                vSpeedTargetUrp_update
 .text.ulSpeedTargetUrp_get
                0x0002c728       0x10 ./src/spimis.o
                0x0002c728                ulSpeedTargetUrp_get
 .text.l_multiply_long_perc_dist
                0x0002c738       0x20 ./src/spimis.o
                0x0002c738                l_multiply_long_perc_dist
 .text.v_reset_stato_distanziatore
                0x0002c758       0x30 ./src/spimis.o
                0x0002c758                v_reset_stato_distanziatore
 .text.iReadCounter_2
                0x0002c788       0x80 ./src/spimis.o
                0x0002c788                iReadCounter_2
 .text.iInitReadCounter_2
                0x0002c808       0x2c ./src/spimis.o
                0x0002c808                iInitReadCounter_2
 .text.vHandleTaglioAsincrono_Distanziatore
                0x0002c834      0x12c ./src/spimis.o
                0x0002c834                vHandleTaglioAsincrono_Distanziatore
 .text.ui_separate_coil_during_cut
                0x0002c960       0x2c ./src/spimis.o
                0x0002c960                ui_separate_coil_during_cut
 .text.vHandleDistanziatore_Interrupt
                0x0002c98c      0x4ec ./src/spimis.o
                0x0002c98c                vHandleDistanziatore_Interrupt
 .text.vRefreshInputEdge
                0x0002ce78       0x60 ./src/spimis.o
                0x0002ce78                vRefreshInputEdge
 .text.v_reset_cutter_position
                0x0002ced8       0x20 ./src/spimis.o
                0x0002ced8                v_reset_cutter_position
 .text.IRQ_Handler_timer0
                0x0002cef8     0x2048 ./src/spimis.o
                0x0002cef8                IRQ_Handler_timer0
 .text.get_ul_timer_interrupt_count
                0x0002ef40       0x10 ./src/spimis.o
                0x0002ef40                get_ul_timer_interrupt_count
 .text.initTimer
                0x0002ef50       0xd4 ./src/spimis.o
                0x0002ef50                initTimer
 .text          0x0002f024        0x0 ./src/spiutils.o
 .text.mynatof  0x0002f024      0x148 ./src/spiutils.o
                0x0002f024                mynatof
 .text.SetDacValue
                0x0002f16c       0xb0 ./src/spiutils.o
                0x0002f16c                SetDacValue
 .text.DeleteCommessa
                0x0002f21c       0xc8 ./src/spiutils.o
                0x0002f21c                DeleteCommessa
 .text.SearchNextCommessa
                0x0002f2e4       0x24 ./src/spiutils.o
                0x0002f2e4                SearchNextCommessa
 .text.SearchPrevCommessa
                0x0002f308       0x24 ./src/spiutils.o
                0x0002f308                SearchPrevCommessa
 .text.vJumpToWindow
                0x0002f32c       0x40 ./src/spiutils.o
                0x0002f32c                vJumpToWindow
 .text.ucIsEmptyStackCaller
                0x0002f36c       0x18 ./src/spiutils.o
                0x0002f36c                ucIsEmptyStackCaller
 .text.vEmptyStackCaller
                0x0002f384       0x20 ./src/spiutils.o
                0x0002f384                vEmptyStackCaller
 .text.ucCallWindow
                0x0002f3a4       0x58 ./src/spiutils.o
                0x0002f3a4                ucCallWindow
 .text.ucReturnFromWindow
                0x0002f3fc       0x4c ./src/spiutils.o
                0x0002f3fc                ucReturnFromWindow
 .text.uiGetIdCurrentWindow
                0x0002f448       0x14 ./src/spiutils.o
                0x0002f448                uiGetIdCurrentWindow
 .text.uiGetStatusCurrentWindow
                0x0002f45c       0x20 ./src/spiutils.o
                0x0002f45c                uiGetStatusCurrentWindow
 .text.vSetStatusCurrentWindow
                0x0002f47c       0x20 ./src/spiutils.o
                0x0002f47c                vSetStatusCurrentWindow
 .text.ucSetWindowParam
                0x0002f49c       0x2c ./src/spiutils.o
                0x0002f49c                ucSetWindowParam
 .text.uiGetWindowParam
                0x0002f4c8       0x28 ./src/spiutils.o
                0x0002f4c8                uiGetWindowParam
 .text.uiGetActiveWindowParam
                0x0002f4f0       0x2c ./src/spiutils.o
                0x0002f4f0                uiGetActiveWindowParam
 .text.vSetActiveWindowParam
                0x0002f51c       0x2c ./src/spiutils.o
                0x0002f51c                vSetActiveWindowParam
 .text.vStrcpy_padBlank
                0x0002f548       0x5c ./src/spiutils.o
                0x0002f548                vStrcpy_padBlank
 .text.vStr_fillBlank
                0x0002f5a4       0x28 ./src/spiutils.o
                0x0002f5a4                vStr_fillBlank
 .text.vStrUpperCase
                0x0002f5cc       0x28 ./src/spiutils.o
                0x0002f5cc                vStrUpperCase
 .text.vStrcpy_trimBlank
                0x0002f5f4       0xc4 ./src/spiutils.o
                0x0002f5f4                vStrcpy_trimBlank
 .text.ucIsUmSensitive
                0x0002f6b8       0x38 ./src/spiutils.o
                0x0002f6b8                ucIsUmSensitive
 .text.ucT9_handle_button_pressed
                0x0002f6f0       0xc0 ./src/spiutils.o
                0x0002f6f0                ucT9_handle_button_pressed
 .text.ucPictureNumK_OnlyDigit_1_9_Ok
                0x0002f7b0       0x3c ./src/spiutils.o
                0x0002f7b0                ucPictureNumK_OnlyDigit_1_9_Ok
 .text.ucPictureNumK_DigitOk
                0x0002f7ec       0x60 ./src/spiutils.o
                0x0002f7ec                ucPictureNumK_DigitOk
 .text.ucPictureNumK_DecimalPointOk
                0x0002f84c       0x64 ./src/spiutils.o
                0x0002f84c                ucPictureNumK_DecimalPointOk
 .text.ucPictureNumK_IsNoModify
                0x0002f8b0       0x30 ./src/spiutils.o
                0x0002f8b0                ucPictureNumK_IsNoModify
 .text.uiCountEffectiveCharsInPasswordString
                0x0002f8e0       0x2c ./src/spiutils.o
                0x0002f8e0                uiCountEffectiveCharsInPasswordString
 .text.ucHW_Num_Keypad
                0x0002f90c      0xbf4 ./src/spiutils.o
                0x0002f90c                ucHW_Num_Keypad
 .text.ucIsValidHis
                0x00030500       0x58 ./src/spiutils.o
                0x00030500                ucIsValidHis
 .text.vValidateHis
                0x00030558       0x14 ./src/spiutils.o
                0x00030558                vValidateHis
 .text.vSetActiveNumberProductCode
                0x0003056c       0x50 ./src/spiutils.o
                0x0003056c                vSetActiveNumberProductCode
 .text.vInitializeHisFields
                0x000305bc       0x78 ./src/spiutils.o
                0x000305bc                vInitializeHisFields
 .text.vBuildHisCodeFromFields
                0x00030634       0x44 ./src/spiutils.o
                0x00030634                vBuildHisCodeFromFields
 .text.DatiInizioCommessa
                0x00030678       0x10 ./src/spiutils.o
                0x00030678                DatiInizioCommessa
 .text.vHandleEscFromMenu
                0x00030688       0x1c ./src/spiutils.o
                0x00030688                vHandleEscFromMenu
 .text.vDoTaglio
                0x000306a4       0x28 ./src/spiutils.o
                0x000306a4                vDoTaglio
 .text.ucHW_codiceProdotto
                0x000306cc     0x1198 ./src/spiutils.o
                0x000306cc                ucHW_codiceProdotto
 .text.ucIsLockedJob
                0x00031864       0x48 ./src/spiutils.o
                0x00031864                ucIsLockedJob
 .text.vInitInputEdge
                0x000318ac       0x20 ./src/spiutils.o