Archive member included because of file (symbol)

/usr/local/lpcxpresso_7.8.0_426/lpcxpresso/tools/bin/../lib/gcc/arm-none-eabi/4.9.3/../../../../arm-none-eabi/lib/libcr_semihost.a(_cr__main.o)
                              ./src/cr_startup_lpc23.o (__main)
/usr/local/lpcxpresso_7.8.0_426/lpcxpresso/tools/bin/../lib/gcc/arm-none-eabi/4.9.3/../../../../arm-none-eabi/lib/libcr_c.a(memcpy.o)
                              ./src/Anybus.o (memcpy)
/usr/local/lpcxpresso_7.8.0_426/lpcxpresso/tools/bin/../lib/gcc/arm-none-eabi/4.9.3/../../../../arm-none-eabi/lib/libcr_c.a(memset.o)
                              ./src/Anybus.o (memset)
/usr/local/lpcxpresso_7.8.0_426/lpcxpresso/tools/bin/../lib/gcc/arm-none-eabi/4.9.3/../../../../arm-none-eabi/lib/libcr_c.a(alloc.o)
                              ./src/az4186_files.o (malloc)
/usr/local/lpcxpresso_7.8.0_426/lpcxpresso/tools/bin/../lib/gcc/arm-none-eabi/4.9.3/../../../../arm-none-eabi/lib/libcr_c.a(ctype.o)
                              ./src/az4186_eeprom_24c04.o (toupper)
/usr/local/lpcxpresso_7.8.0_426/lpcxpresso/tools/bin/../lib/gcc/arm-none-eabi/4.9.3/../../../../arm-none-eabi/lib/libcr_c.a(fabs.o)
                              ./src/popup.o (fabs)
/usr/local/lpcxpresso_7.8.0_426/lpcxpresso/tools/bin/../lib/gcc/arm-none-eabi/4.9.3/../../../../arm-none-eabi/lib/libcr_c.a(fpprintf.o)
                              ./src/Anybus.o (sprintf)
/usr/local/lpcxpresso_7.8.0_426/lpcxpresso/tools/bin/../lib/gcc/arm-none-eabi/4.9.3/../../../../arm-none-eabi/lib/libcr_c.a(initio.o)
                              /usr/local/lpcxpresso_7.8.0_426/lpcxpresso/tools/bin/../lib/gcc/arm-none-eabi/4.9.3/../../../../arm-none-eabi/lib/libcr_semihost.a(_cr__main.o) (_initio)
/usr/local/lpcxpresso_7.8.0_426/lpcxpresso/tools/bin/../lib/gcc/arm-none-eabi/4.9.3/../../../../arm-none-eabi/lib/libcr_c.a(memcmp.o)
                              ./src/az4186_program_codes.o (memcmp)
/usr/local/lpcxpresso_7.8.0_426/lpcxpresso/tools/bin/../lib/gcc/arm-none-eabi/4.9.3/../../../../arm-none-eabi/lib/libcr_c.a(printf.o)
                              /usr/local/lpcxpresso_7.8.0_426/lpcxpresso/tools/bin/../lib/gcc/arm-none-eabi/4.9.3/../../../../arm-none-eabi/lib/libcr_c.a(fpprintf.o) (__vfprintf)
/usr/local/lpcxpresso_7.8.0_426/lpcxpresso/tools/bin/../lib/gcc/arm-none-eabi/4.9.3/../../../../arm-none-eabi/lib/libcr_c.a(scanf.o)
                              ./src/params.o (sscanf)
/usr/local/lpcxpresso_7.8.0_426/lpcxpresso/tools/bin/../lib/gcc/arm-none-eabi/4.9.3/../../../../arm-none-eabi/lib/libcr_c.a(setvbuf.o)
                              /usr/local/lpcxpresso_7.8.0_426/lpcxpresso/tools/bin/../lib/gcc/arm-none-eabi/4.9.3/../../../../arm-none-eabi/lib/libcr_c.a(initio.o) (setvbuf)
/usr/local/lpcxpresso_7.8.0_426/lpcxpresso/tools/bin/../lib/gcc/arm-none-eabi/4.9.3/../../../../arm-none-eabi/lib/libcr_c.a(stdio.o)
                              /usr/local/lpcxpresso_7.8.0_426/lpcxpresso/tools/bin/../lib/gcc/arm-none-eabi/4.9.3/../../../../arm-none-eabi/lib/libcr_c.a(fpprintf.o) (__Ciob)
/usr/local/lpcxpresso_7.8.0_426/lpcxpresso/tools/bin/../lib/gcc/arm-none-eabi/4.9.3/../../../../arm-none-eabi/lib/libcr_c.a(stdlib.o)
                              ./src/az4186_emc.o (rand)
/usr/local/lpcxpresso_7.8.0_426/lpcxpresso/tools/bin/../lib/gcc/arm-none-eabi/4.9.3/../../../../arm-none-eabi/lib/libcr_c.a(strcat.o)
                              ./src/Anybus.o (strcat)
/usr/local/lpcxpresso_7.8.0_426/lpcxpresso/tools/bin/../lib/gcc/arm-none-eabi/4.9.3/../../../../arm-none-eabi/lib/libcr_c.a(strchr.o)
                              ./src/Anybus.o (strchr)
/usr/local/lpcxpresso_7.8.0_426/lpcxpresso/tools/bin/../lib/gcc/arm-none-eabi/4.9.3/../../../../arm-none-eabi/lib/libcr_c.a(strcmp.o)
                              ./src/az4186_eeprom_24c04.o (strcmp)
/usr/local/lpcxpresso_7.8.0_426/lpcxpresso/tools/bin/../lib/gcc/arm-none-eabi/4.9.3/../../../../arm-none-eabi/lib/libcr_c.a(strcpy.o)
                              ./src/Anybus.o (strcpy)
/usr/local/lpcxpresso_7.8.0_426/lpcxpresso/tools/bin/../lib/gcc/arm-none-eabi/4.9.3/../../../../arm-none-eabi/lib/libcr_c.a(strlen.o)
                              ./src/Anybus.o (strlen)
/usr/local/lpcxpresso_7.8.0_426/lpcxpresso/tools/bin/../lib/gcc/arm-none-eabi/4.9.3/../../../../arm-none-eabi/lib/libcr_c.a(strncat.o)
                              ./src/Anybus.o (strncat)
/usr/local/lpcxpresso_7.8.0_426/lpcxpresso/tools/bin/../lib/gcc/arm-none-eabi/4.9.3/../../../../arm-none-eabi/lib/libcr_c.a(strncmp.o)
                              ./src/Anybus.o (strncmp)
/usr/local/lpcxpresso_7.8.0_426/lpcxpresso/tools/bin/../lib/gcc/arm-none-eabi/4.9.3/../../../../arm-none-eabi/lib/libcr_c.a(strncpy.o)
                              ./src/Anybus.o (strncpy)
/usr/local/lpcxpresso_7.8.0_426/lpcxpresso/tools/bin/../lib/gcc/arm-none-eabi/4.9.3/../../../../arm-none-eabi/lib/libcr_c.a(strstr.o)
                              ./src/Anybus.o (strstr)
[...]
Memory Configuration

Name             Origin             Length             Attributes
MFlash512        0x00000000         0x0007e000         xr
Ram64            0x40000000         0x00010000         xrw
RAM_ETH_16       0x7fe00000         0x00004000         xrw
RAM_USB_16       0x7fd00000         0x00004000         xrw
RAM_RTC_2        0xe0084000         0x00000800         xrw
*default*        0x00000000         0xffffffff

Linker script and memory map

LOAD ./src/Anybus.o
LOAD ./src/I2C_Master.o
LOAD ./src/az4186_can.o
LOAD ./src/az4186_dac.o
LOAD ./src/az4186_eeprom_24c04.o
LOAD ./src/az4186_emc.o
LOAD ./src/az4186_files.o
LOAD ./src/az4186_initHw.o
LOAD ./src/az4186_program_codes.o
LOAD ./src/az4186_temperature_compensation.o
LOAD ./src/az4186_window_temperature_compensation.o
LOAD ./src/codelist.o
LOAD ./src/cr_startup_lpc23.o
LOAD ./src/crp.o
LOAD ./src/diskio.o
LOAD ./src/dma.o
LOAD ./src/fat_time.o
LOAD ./src/file_list.o
LOAD ./src/gui.o
LOAD ./src/i2c.o
LOAD ./src/inverse_v1.o
LOAD ./src/lcd.o
LOAD ./src/main.o
LOAD ./src/mci.o
LOAD ./src/params.o
LOAD ./src/popup.o
LOAD ./src/rtcDS3231_newer.o
LOAD ./src/spi.o
LOAD ./src/spidbg.o
LOAD ./src/spiglb.o
LOAD ./src/spimis.o
LOAD ./src/spiutils.o
LOAD ./src/spiwin2.o
LOAD ./src/target.o
LOAD ./src/vdip.o
LOAD ./src/xxtea.o
LOAD ./ff9/src/option/ccsbcs.o
LOAD ./ff9/src/option/syscall.o
LOAD ./ff9/src/ff.o
LOAD ./CANopen_stack/LPC2388/CO_driver.o
LOAD ./CANopen_stack/LPC2388/co_od.o
LOAD ./CANopen_stack/CANopen.o
LOAD ./CANopen_stack/CO_Emergency.o
LOAD ./CANopen_stack/CO_HBconsumer.o
LOAD ./CANopen_stack/CO_NMT_Heartbeat.o
LOAD ./CANopen_stack/CO_PDO.o
LOAD ./CANopen_stack/CO_SDO.o
LOAD ./CANopen_stack/CO_SDOmaster.o
LOAD ./CANopen_stack/CO_SYNC.o
START GROUP
LOAD /usr/local/lpcxpresso_7.8.0_426/lpcxpresso/tools/bin/../lib/gcc/arm-none-eabi/4.9.3/../../../../arm-none-eabi/lib/libcr_semihost.a
LOAD /usr/local/lpcxpresso_7.8.0_426/lpcxpresso/tools/bin/../lib/gcc/arm-none-eabi/4.9.3/../../../../arm-none-eabi/lib/libcr_c.a
LOAD /usr/local/lpcxpresso_7.8.0_426/lpcxpresso/tools/bin/../lib/gcc/arm-none-eabi/4.9.3/libcr_eabihelpers.a
END GROUP
                0x0007e000                __top_MFlash512 = 0x7e000
                0x40010000                __top_Ram64 = 0x40010000
                0x7fe04000                __top_RAM_ETH_16 = 0x7fe04000
                0x7fd04000                __top_RAM_USB_16 = 0x7fd04000
                0xe0084800                __top_RAM_RTC_2 = 0xe0084800

.text           0x00000000    0x591a8
 FILL mask 0xff
                0x00000000                __vectors_start__ = ABSOLUTE (.)
 *(.isr_vector)
 .isr_vector    0x00000000      0x17c ./src/cr_startup_lpc23.o
                0x00000000                _boot
                0x00000050                _mainCRTStartup
                0x00000050                _start
                0x00000050                start
                0x0000015c                reset
                0x0000015c                _reset
                0x0000017c                . = ALIGN (0x4)
                0x0000017c                __section_table_start = .
                0x0000017c                __data_section_table = .
                0x0000017c        0x4 LONG 0x59231 LOADADDR (.data)
                0x00000180        0x4 LONG 0x40000000 ADDR (.data)
                0x00000184        0x4 LONG 0xd18 SIZEOF (.data)
                0x00000188        0x4 LONG 0x59234 LOADADDR (.data_RAM2)
                0x0000018c        0x4 LONG 0x7fe00000 ADDR (.data_RAM2)
                0x00000190        0x4 LONG 0x0 SIZEOF (.data_RAM2)
                0x00000194        0x4 LONG 0x59234 LOADADDR (.data_RAM3)
                0x00000198        0x4 LONG 0x7fd00000 ADDR (.data_RAM3)
                0x0000019c        0x4 LONG 0x0 SIZEOF (.data_RAM3)
                0x000001a0        0x4 LONG 0x59234 LOADADDR (.data_RAM4)
                0x000001a4        0x4 LONG 0xe0084000 ADDR (.data_RAM4)
                0x000001a8        0x4 LONG 0x0 SIZEOF (.data_RAM4)
                0x000001ac                __data_section_table_end = .
                0x000001ac                __bss_section_table = .
                0x000001ac        0x4 LONG 0x40002380 ADDR (.bss)
                0x000001b0        0x4 LONG 0x7f60 SIZEOF (.bss)
                0x000001b4        0x4 LONG 0x7fe00000 ADDR (.bss_RAM2)
                0x000001b8        0x4 LONG 0x0 SIZEOF (.bss_RAM2)
                0x000001bc        0x4 LONG 0x7fd00000 ADDR (.bss_RAM3)
                0x000001c0        0x4 LONG 0x0 SIZEOF (.bss_RAM3)
                0x000001c4        0x4 LONG 0xe0084000 ADDR (.bss_RAM4)
                0x000001c8        0x4 LONG 0x0 SIZEOF (.bss_RAM4)
                0x000001cc                __bss_section_table_end = .
                0x000001cc                __section_table_end = .
 *(.after_vectors*)
                0x000001fc                . = 0x1fc
 *fill*         0x000001cc       0x30 ff
                0x000001fc                PROVIDE (__CRP_WORD_START__, .)
 *(.crp)
 .crp           0x000001fc        0x4 ./src/crp.o
                0x000001fc                CRP_WORD
                0x00000200                PROVIDE (__CRP_WORD_END__, .)
                0x00000001                ASSERT (! ((__CRP_WORD_START__ == __CRP_WORD_END__)), Linker CRP Enabled, but no CRP_WORD provided within application)
 *(.text*)
 .text.ucInitDataProducer_productList
                0x00000200       0x28 ./src/Anybus.o
                0x00000200                ucInitDataProducer_productList
 .text.vUpdateAnybusLogString
                0x00000228      0x124 ./src/Anybus.o
 .text.ucDataProducer_productList
                0x0000034c      0x594 ./src/Anybus.o
                0x0000034c                ucDataProducer_productList
 .text.ucInitDataConsumer_productList
                0x000008e0       0x44 ./src/Anybus.o
                0x000008e0                ucInitDataConsumer_productList
 .text.vUartAnybus_Init
                0x00000924       0x20 ./src/Anybus.o
                0x00000924                vUartAnybus_Init
 .text.uiUartAnybus_getRxByte
                0x00000944       0x9c ./src/Anybus.o
                0x00000944                uiUartAnybus_getRxByte
 .text.ucUartAnybus_PostTxCommand
                0x000009e0       0x54 ./src/Anybus.o
                0x000009e0                ucUartAnybus_PostTxCommand
 .text.vUartAnybus_RefreshStatus
                0x00000a34       0x9c ./src/Anybus.o
                0x00000a34                vUartAnybus_RefreshStatus
 .text.vUartAnybus_Handle
                0x00000ad0      0x274 ./src/Anybus.o
                0x00000ad0                vUartAnybus_Handle
 .text.uiModbus_Crc
                0x00000d44       0x44 ./src/Anybus.o
                0x00000d44                uiModbus_Crc
 .text.ucAnybus_TxMessageBusy
                0x00000d88       0x1c ./src/Anybus.o
                0x00000d88                ucAnybus_TxMessageBusy
 .text.ucAnybus_TxMessageOk
                0x00000da4       0x1c ./src/Anybus.o
                0x00000da4                ucAnybus_TxMessageOk
 .text.vAnybusTxRx_Init
                0x00000dc0       0x28 ./src/Anybus.o
                0x00000dc0                vAnybusTxRx_Init
 .text.ucPostAnybusMessage_updateParameter
                0x00000de8      0x15c ./src/Anybus.o
                0x00000de8                ucPostAnybusMessage_updateParameter
 .text.ucPostAnybusMessage_generalParameterWrite
                0x00000f44       0x50 ./src/Anybus.o
                0x00000f44                ucPostAnybusMessage_generalParameterWrite
 .text.ucPostAnybusMessage_generalParameterRead
                0x00000f94       0x50 ./src/Anybus.o
                0x00000f94                ucPostAnybusMessage_generalParameterRead
 .text.ucCreateApplicationParameter
                0x00000fe4      0x290 ./src/Anybus.o
                0x00000fe4                ucCreateApplicationParameter
 .text.ucAnybus_FileWrite
                0x00001274       0xb0 ./src/Anybus.o
                0x00001274                ucAnybus_FileWrite
 .text.ucAnybus_FileRead
                0x00001324       0x90 ./src/Anybus.o
                0x00001324                ucAnybus_FileRead
 .text.ucAnybus_FileClose
                0x000013b4       0x7c ./src/Anybus.o
                0x000013b4                ucAnybus_FileClose
 .text.ucAnybus_FileOpen
                0x00001430       0xc0 ./src/Anybus.o
                0x00001430                ucAnybus_FileOpen
 .text.ucAnybus_FileDelete
                0x000014f0       0x94 ./src/Anybus.o
                0x000014f0                ucAnybus_FileDelete
 .text.vReinitTimers_AnybusTxRx
                0x00001584       0x48 ./src/Anybus.o
                0x00001584                vReinitTimers_AnybusTxRx
 .text.vAnybusTxRx_Handle
                0x000015cc      0xf54 ./src/Anybus.o
                0x000015cc                vAnybusTxRx_Handle
 .text.uiCanIAcceptRemoteControl
                0x00002520       0xc4 ./src/Anybus.o
                0x00002520                uiCanIAcceptRemoteControl
 .text.pcGetAnybusMacAddress
                0x000025e4        0xc ./src/Anybus.o
                0x000025e4                pcGetAnybusMacAddress
 .text.pcSkipBlank
                0x000025f0       0x30 ./src/Anybus.o
                0x000025f0                pcSkipBlank
 .text.pcFindBlank
                0x00002620       0x30 ./src/Anybus.o
                0x00002620                pcFindBlank
 .text.pcFindChar
                0x00002650       0x28 ./src/Anybus.o
                0x00002650                pcFindChar
 .text.ucDataConsumer_productList
                0x00002678      0x72c ./src/Anybus.o
                0x00002678                ucDataConsumer_productList
 .text.vUpdateAnybusStartString
                0x00002da4       0xb0 ./src/Anybus.o
                0x00002da4                vUpdateAnybusStartString
 .text.vUpdateAnybusProductionString
                0x00002e54       0xb0 ./src/Anybus.o
                0x00002e54                vUpdateAnybusProductionString
 .text.vUpdateAnybusEndProductionString
                0x00002f04       0xb0 ./src/Anybus.o
                0x00002f04                vUpdateAnybusEndProductionString
 .text.vAnybusSprintProductionString
                0x00002fb4      0x10c ./src/Anybus.o
                0x00002fb4                vAnybusSprintProductionString
 .text.vLog_production_log
                0x000030c0       0x98 ./src/Anybus.o
                0x000030c0                vLog_production_log
 .text.vLogStartProduzione
                0x00003158       0xc4 ./src/Anybus.o
                0x00003158                vLogStartProduzione
 .text.vLogStopProduzione
                0x0000321c       0xa0 ./src/Anybus.o
                0x0000321c                vLogStopProduzione
 .text.vLogEndProduzione
                0x000032bc       0x80 ./src/Anybus.o
                0x000032bc                vLogEndProduzione
 .text.vLogAlarm
                0x0000333c       0xc4 ./src/Anybus.o
                0x0000333c                vLogAlarm
 .text.ucRemoteCommandRunning
                0x00003400       0x10 ./src/Anybus.o
                0x00003400                ucRemoteCommandRunning
 .text.ucRemoteCommandAsking
                0x00003410       0x10 ./src/Anybus.o
                0x00003410                ucRemoteCommandAsking
 .text.vRemoteCommandsFlagsInit
                0x00003420       0x24 ./src/Anybus.o
                0x00003420                vRemoteCommandsFlagsInit
 .text.vRemoteCommandAskingSet
                0x00003444       0x3c ./src/Anybus.o
                0x00003444                vRemoteCommandAskingSet
 .text.vRemoteCommandAskingReply
                0x00003480       0x44 ./src/Anybus.o
                0x00003480                vRemoteCommandAskingReply
 .text.vInitStructSuspendAnybusOp
                0x000034c4       0x20 ./src/Anybus.o
                0x000034c4                vInitStructSuspendAnybusOp
 .text.vHMA_init
                0x000034e4       0xa4 ./src/Anybus.o
                0x000034e4                vHMA_init
 .text.uiHasBeenAckRequestSuspendAnybusOp
                0x00003588       0x34 ./src/Anybus.o
                0x00003588                uiHasBeenAckRequestSuspendAnybusOp
 .text.uiHasBeenRequestSuspendAnybusOp
                0x000035bc       0x18 ./src/Anybus.o
                0x000035bc                uiHasBeenRequestSuspendAnybusOp
 .text.uiRequestSuspendAnybusOp
                0x000035d4       0x24 ./src/Anybus.o
                0x000035d4                uiRequestSuspendAnybusOp
 .text.vHMA_handle
                0x000035f8     0x1bac ./src/Anybus.o
                0x000035f8                vHMA_handle
 .text.ucWaitI2Cbus
                0x000051a4       0xf4 ./src/I2C_Master.o
                0x000051a4                ucWaitI2Cbus
 .text.vSignalI2Cbus
                0x00005298        0x4 ./src/I2C_Master.o
                0x00005298                vSignalI2Cbus
 .text.SendByteMax519
                0x0000529c       0x94 ./src/I2C_Master.o
                0x0000529c                SendByteMax519
 .text.ucSendCommandPosTaglioMax519_Interrupt
                0x00005330       0xa0 ./src/I2C_Master.o
                0x00005330                ucSendCommandPosTaglioMax519_Interrupt
 .text.ucSendCommandPosTaglioMax519_Main
                0x000053d0       0x84 ./src/I2C_Master.o
                0x000053d0                ucSendCommandPosTaglioMax519_Main
 .text.vInitI2c
                0x00005454       0x24 ./src/I2C_Master.o
                0x00005454                vInitI2c
 .text.ui_init_canbus.part.0
                0x00005478      0x1b4 ./src/az4186_can.o
 .text.ui_init_canbus
                0x0000562c       0x18 ./src/az4186_can.o
                0x0000562c                ui_init_canbus
 .text.CAN_set_acceptance_filter_lookup
                0x00005644       0xac ./src/az4186_can.o
                0x00005644                CAN_set_acceptance_filter_lookup
 .text.CAN_set_acceptance_filter
                0x000056f0       0x90 ./src/az4186_can.o
                0x000056f0                CAN_set_acceptance_filter
 .text.dw_can1_send_message
                0x00005780      0x1e4 ./src/az4186_can.o
                0x00005780                dw_can1_send_message
 .text.dw_can2_send_message
                0x00005964      0x1f0 ./src/az4186_can.o
                0x00005964                dw_can2_send_message
 .text.CAN1callback
                0x00005b54       0x44 ./src/az4186_can.o
                0x00005b54                CAN1callback
 .text.CAN_ISR_Rx1
                0x00005b98      0x16c ./src/az4186_can.o
                0x00005b98                CAN_ISR_Rx1
 .text.CAN2callback
                0x00005d04       0x44 ./src/az4186_can.o
                0x00005d04                CAN2callback
 .text.CAN_ISR_Rx2
                0x00005d48      0x16c ./src/az4186_can.o
                0x00005d48                CAN_ISR_Rx2
 .text.CAN_irq_handler
                0x00005eb4       0xac ./src/az4186_can.o
                0x00005eb4                CAN_irq_handler
 .text.ui_write_canopen_parameter
                0x00005f60       0xbc ./src/az4186_can.o
                0x00005f60                ui_write_canopen_parameter
 .text.ui_check_end_of_parameter_write
                0x0000601c       0xb4 ./src/az4186_can.o
                0x0000601c                ui_check_end_of_parameter_write
 .text.ui_set_canopen_analog_input_refresh_period_ms
                0x000060d0       0x7c ./src/az4186_can.o
                0x000060d0                ui_set_canopen_analog_input_refresh_period_ms
 .text.ui_set_canopen_analog_input_type
                0x0000614c       0x78 ./src/az4186_can.o
                0x0000614c                ui_set_canopen_analog_input_type
 .text.ui_set_canopen_analog_input_type_2
                0x000061c4       0x74 ./src/az4186_can.o
                0x000061c4                ui_set_canopen_analog_input_type_2
 .text.v_canopen_nodes_operational
                0x00006238       0xe8 ./src/az4186_can.o
                0x00006238                v_canopen_nodes_operational
 .text.ui_get_canopen_temperature
                0x00006320       0x84 ./src/az4186_can.o
                0x00006320                ui_get_canopen_temperature
 .text.ui_get_canopen_temperature_cold_junction
                0x000063a4       0x5c ./src/az4186_can.o
                0x000063a4                ui_get_canopen_temperature_cold_junction
 .text.ul_get_canbus_living_counter
                0x00006400       0x10 ./src/az4186_can.o
                0x00006400                ul_get_canbus_living_counter
 .text.v_init_canopen_init_seq
                0x00006410       0x20 ./src/az4186_can.o
                0x00006410                v_init_canopen_init_seq
 .text.v_handle_canopen_init_seq
                0x00006430      0x148 ./src/az4186_can.o
                0x00006430                v_handle_canopen_init_seq
 .text.canopen_init
                0x00006578       0x3c ./src/az4186_can.o
                0x00006578                canopen_init
 .text.CO_ODF_1010
                0x000065b4        0x8 ./src/az4186_can.o
                0x000065b4                CO_ODF_1010
 .text.CO_ODF_1011
                0x000065bc        0x8 ./src/az4186_can.o
                0x000065bc                CO_ODF_1011
 .text.ODF_testDomain
                0x000065c4        0x8 ./src/az4186_can.o
                0x000065c4                ODF_testDomain
 .text.ui_canopen_init
                0x000065cc       0x1c ./src/az4186_can.o
                0x000065cc                ui_canopen_init
 .text.ui_canopen_process
                0x000065e8       0x34 ./src/az4186_can.o
                0x000065e8                ui_canopen_process
 .text.v_process_canopen_rpdo
                0x0000661c       0x1c ./src/az4186_can.o
                0x0000661c                v_process_canopen_rpdo
 .text.v_process_canopen_tpdo
                0x00006638       0x1c ./src/az4186_can.o
                0x00006638                v_process_canopen_tpdo
 .text.vUpdateDacPortValue
                0x00006654       0x38 ./src/az4186_dac.o
                0x00006654                vUpdateDacPortValue
 .text.ui_read_dac_selected_portata
                0x0000668c       0x10 ./src/az4186_dac.o
                0x0000668c                ui_read_dac_selected_portata
 .text.v_dac_init
                0x0000669c       0x2c ./src/az4186_dac.o
                0x0000669c                v_dac_init
 .text.v_eeprom_set_address
                0x000066c8       0x78 ./src/az4186_eeprom_24c04.o
                0x000066c8                v_eeprom_set_address
 .text.v_eeprom_read_bytes
                0x00006740       0x5c ./src/az4186_eeprom_24c04.o
                0x00006740                v_eeprom_read_bytes
 .text.v_eeprom_write_bytes
                0x0000679c       0xd4 ./src/az4186_eeprom_24c04.o
                0x0000679c                v_eeprom_write_bytes
 .text.ui_eeprom_verify_signature
                0x00006870       0x4c ./src/az4186_eeprom_24c04.o
                0x00006870                ui_eeprom_verify_signature
 .text.v_eeprom_write_signature
                0x000068bc       0x44 ./src/az4186_eeprom_24c04.o
                0x000068bc                v_eeprom_write_signature
 .text.v_init_eeprom
                0x00006900       0x20 ./src/az4186_eeprom_24c04.o
                0x00006900                v_init_eeprom
 .text.v_erase_eeprom_datum
                0x00006920       0xfc ./src/az4186_eeprom_24c04.o
                0x00006920                v_erase_eeprom_datum
 .text.v_save_eeprom_datum
                0x00006a1c      0x100 ./src/az4186_eeprom_24c04.o
                0x00006a1c                v_save_eeprom_datum
 .text.ui_read_eeprom_datum
                0x00006b1c      0x118 ./src/az4186_eeprom_24c04.o
                0x00006b1c                ui_read_eeprom_datum
 .text.ui_update_eeprom_datum
                0x00006c34       0x84 ./src/az4186_eeprom_24c04.o
                0x00006c34                ui_update_eeprom_datum
 .text.ui_load_from_eeprom_datum
                0x00006cb8       0xe8 ./src/az4186_eeprom_24c04.o
                0x00006cb8                ui_load_from_eeprom_datum
 .text.ui_load_from_eeprom_all_data
                0x00006da0       0x38 ./src/az4186_eeprom_24c04.o
                0x00006da0                ui_load_from_eeprom_all_data
 .text.ui_save_to_eeprom_all_data
                0x00006dd8       0x60 ./src/az4186_eeprom_24c04.o
                0x00006dd8                ui_save_to_eeprom_all_data
 .text.v_format_eeprom
                0x00006e38       0x58 ./src/az4186_eeprom_24c04.o
                0x00006e38                v_format_eeprom
 .text.ui_save_encrypted_param
                0x00006e90      0x1f0 ./src/az4186_eeprom_24c04.o
                0x00006e90                ui_save_encrypted_param
 .text.v_handle_eeprom
                0x00007080       0xcc ./src/az4186_eeprom_24c04.o
                0x00007080                v_handle_eeprom
 .text.ui_enable_external_ram
                0x0000714c       0x3c ./src/az4186_emc.o
                0x0000714c                ui_enable_external_ram
 .text.vEMC_az4186_fpga_init
                0x00007188       0xdc ./src/az4186_emc.o
                0x00007188                vEMC_az4186_fpga_init
 .text.ui_write_single_object_file
                0x00007264       0x6c ./src/az4186_files.o
 .text.ui_read_single_object_file
                0x000072d0       0x6c ./src/az4186_files.o
                0x000072d0                ui_read_single_object_file
 .text.ui_write_lcd_calibration_file
                0x0000733c       0x34 ./src/az4186_files.o
                0x0000733c                ui_write_lcd_calibration_file
 .text.ui_read_lcd_calibration_file
                0x00007370       0x18 ./src/az4186_files.o
                0x00007370                ui_read_lcd_calibration_file
 .text.ui_write_macparams_file
                0x00007388       0x34 ./src/az4186_files.o
                0x00007388                ui_write_macparams_file
 .text.ui_read_macparams_file
                0x000073bc       0x18 ./src/az4186_files.o
                0x000073bc                ui_read_macparams_file
 .text.pRead_private_parameter
                0x000073d4       0x68 ./src/az4186_files.o
                0x000073d4                pRead_private_parameter
 .text.pRead_custom_string20
                0x0000743c       0x98 ./src/az4186_files.o
                0x0000743c                pRead_custom_string20
 .text.pWrite_custom_string20
                0x000074d4       0x8c ./src/az4186_files.o
                0x000074d4                pWrite_custom_string20
 .text.pRead_custom_string40
                0x00007560       0x90 ./src/az4186_files.o
                0x00007560                pRead_custom_string40
 .text.pWrite_custom_string40
                0x000075f0       0x8c ./src/az4186_files.o
                0x000075f0                pWrite_custom_string40
 .text.disableIRQ
                0x0000767c       0x3c ./src/az4186_initHw.o
                0x0000767c                disableIRQ
 .text.enableIRQ
                0x000076b8       0x34 ./src/az4186_initHw.o
                0x000076b8                enableIRQ
 .text.vInitDataAndBssSections
                0x000076ec       0x4c ./src/az4186_initHw.o
                0x000076ec                vInitDataAndBssSections
 .text.v_wait_microseconds
                0x00007738       0x20 ./src/az4186_initHw.o
                0x00007738                v_wait_microseconds
 .text.vAZ4186_InitHwStuff
                0x00007758       0x7c ./src/az4186_initHw.o
                0x00007758                vAZ4186_InitHwStuff
 .text.v_reset_az4186
                0x000077d4       0x48 ./src/az4186_initHw.o
                0x000077d4                v_reset_az4186
 .text.ui_check_version_of_product_codes_file
                0x0000781c      0x2bc ./src/az4186_program_codes.o
                0x0000781c                ui_check_version_of_product_codes_file
 .text.ui_register_product_codes
                0x00007ad8       0x5c ./src/az4186_program_codes.o
                0x00007ad8                ui_register_product_codes
 .text.ui_product_file_read_body
                0x00007b34       0x70 ./src/az4186_program_codes.o
                0x00007b34                ui_product_file_read_body
 .text.ui_product_file_write_body
                0x00007ba4       0x70 ./src/az4186_program_codes.o
                0x00007ba4                ui_product_file_write_body
 .text.move_prg_pointer_retcode
                0x00007c14       0x98 ./src/az4186_program_codes.o
                0x00007c14                move_prg_pointer_retcode
 .text.ucCmpCodiciProgrammaJolly
                0x00007cac       0x48 ./src/az4186_program_codes.o
                0x00007cac                ucCmpCodiciProgrammaJolly
 .text.ucSearchCodiceProgramma
                0x00007cf4      0x2d4 ./src/az4186_program_codes.o
                0x00007cf4                ucSearchCodiceProgramma
 .text.uiGetActPrg
                0x00007fc8       0x28 ./src/az4186_program_codes.o
                0x00007fc8                uiGetActPrg
 .text.uiGetRunningPrg
                0x00007ff0       0x28 ./src/az4186_program_codes.o
                0x00007ff0                uiGetRunningPrg
 .text.uiSetActPrg
                0x00008018       0xcc ./src/az4186_program_codes.o
                0x00008018                uiSetActPrg
 .text.uiSetRunningPrg
                0x000080e4       0xcc ./src/az4186_program_codes.o
                0x000080e4                uiSetRunningPrg
 .text.ucSaveRunningPrg
                0x000081b0       0xcc ./src/az4186_program_codes.o
                0x000081b0                ucSaveRunningPrg
 .text.ucSaveActPrg
                0x0000827c       0xf0 ./src/az4186_program_codes.o
                0x0000827c                ucSaveActPrg
 .text.v_add_default_product_code
                0x0000836c      0x188 ./src/az4186_program_codes.o
                0x0000836c                v_add_default_product_code
 .text.vInitProgramList
                0x000084f4       0x7c ./src/az4186_program_codes.o
                0x000084f4                vInitProgramList
 .text.InsertPrg
                0x00008570       0x7c ./src/az4186_program_codes.o
                0x00008570                InsertPrg
 .text.DeleteProgramma
                0x000085ec      0x188 ./src/az4186_program_codes.o
                0x000085ec                DeleteProgramma
 .text.v_empty_product_codes_list
                0x00008774       0x20 ./src/az4186_program_codes.o
                0x00008774                v_empty_product_codes_list
 .text.ui_alarm_reading_temperature
                0x00008794       0x28 ./src/az4186_temperature_compensation.o
                0x00008794                ui_alarm_reading_temperature
 .text.ui_temperature_compensation_warmup_finished
                0x000087bc       0x48 ./src/az4186_temperature_compensation.o
                0x000087bc                ui_temperature_compensation_warmup_finished
 .text.ui_update_first_temperature_filter
                0x00008804      0x310 ./src/az4186_temperature_compensation.o
                0x00008804                ui_update_first_temperature_filter
 .text.v_initialize_temperature_compensation
                0x00008b14       0x20 ./src/az4186_temperature_compensation.o
                0x00008b14                v_initialize_temperature_compensation
 .text.v_handle_temperature_compensation
                0x00008b34      0x280 ./src/az4186_temperature_compensation.o
                0x00008b34                v_handle_temperature_compensation
 .text.v_set_alfa_factor
                0x00008db4       0xec ./src/az4186_temperature_compensation.o
                0x00008db4                v_set_alfa_factor
 .text.ui_temperature_compensation_valid
                0x00008ea0       0x28 ./src/az4186_temperature_compensation.o
                0x00008ea0                ui_temperature_compensation_valid
 .text.i_ro_compensate_temperature
                0x00008ec8      0x160 ./src/az4186_temperature_compensation.o
                0x00008ec8                i_ro_compensate_temperature
 .text.ui_get_averaged_compensation_temperature_celsius
                0x00009028       0xdc ./src/az4186_temperature_compensation.o
                0x00009028                ui_get_averaged_compensation_temperature_celsius
 .text.f_get_temperature_from_normalized_one
                0x00009104       0x34 ./src/az4186_temperature_compensation.o
                0x00009104                f_get_temperature_from_normalized_one
 .text.f_get_alfa_factor
                0x00009138       0x28 ./src/az4186_temperature_compensation.o
                0x00009138                f_get_alfa_factor
 .text.v_get_temperature_compensation_stats
                0x00009160      0x124 ./src/az4186_temperature_compensation.o
                0x00009160                v_get_temperature_compensation_stats
 .text.ui_get_temperature_compensated_resistance
                0x00009284       0x80 ./src/az4186_temperature_compensation.o
                0x00009284                ui_get_temperature_compensated_resistance
 .text.ui_is_valid_temp_calibration_point_on_act_prg.part.0
                0x00009304       0xa0 ./src/az4186_window_temperature_compensation.o
 .text.ucHW_temperature_compensation_params
                0x000093a4      0xb70 ./src/az4186_window_temperature_compensation.o
                0x000093a4                ucHW_temperature_compensation_params
 .text.uiLimitCommRpm
                0x00009f14      0x554 ./src/codelist.o
                0x00009f14                uiLimitCommRpm
 .text.vStringLangCopy
                0x0000a468       0xb4 ./src/codelist.o
                0x0000a468                vStringLangCopy
 .text.pucStringLang
                0x0000a51c       0x90 ./src/codelist.o
                0x0000a51c                pucStringLang
 .text.vString40LangCopy
                0x0000a5ac       0xac ./src/codelist.o
                0x0000a5ac                vString40LangCopy
 .text.ucHW_listaCodici
                0x0000a658      0x58c ./src/codelist.o
                0x0000a658                ucHW_listaCodici
 .text.wait_ready
                0x0000abe4       0x48 ./src/diskio.o
 .text.v_generate_diag_alarm
                0x0000ac2c       0x34 ./src/diskio.o
 .text.uiSD_Initialize
                0x0000ac60       0xac ./src/diskio.o
                0x0000ac60                uiSD_Initialize
 .text.disk_initialize
                0x0000ad0c       0xd4 ./src/diskio.o
                0x0000ad0c                disk_initialize
 .text.disk_status
                0x0000ade0       0x1c ./src/diskio.o
                0x0000ade0                disk_status
 .text.disk_read
                0x0000adfc       0xe0 ./src/diskio.o
                0x0000adfc                disk_read
 .text.disk_write
                0x0000aedc      0x12c ./src/diskio.o
                0x0000aedc                disk_write
 .text.disk_ioctl
                0x0000b008       0xb4 ./src/diskio.o
                0x0000b008                disk_ioctl
 .text.ucHasBeenFile_Modified
                0x0000b0bc       0x40 ./src/diskio.o
                0x0000b0bc                ucHasBeenFile_Modified
 .text.ucSignalFile_Modified
                0x0000b0fc       0x54 ./src/diskio.o
                0x0000b0fc                ucSignalFile_Modified
 .text.DMAHandler
                0x0000b150       0x68 ./src/dma.o
                0x0000b150                DMAHandler
 .text.DMA_Init
                0x0000b1b8       0x70 ./src/dma.o
                0x0000b1b8                DMA_Init
 .text.DMA_Move
                0x0000b228      0x138 ./src/dma.o
                0x0000b228                DMA_Move
 .text.get_fattime
                0x0000b360       0x60 ./src/fat_time.o
                0x0000b360                get_fattime
 .text.ui_file_list_crc
                0x0000b3c0       0x9c ./src/file_list.o
                0x0000b3c0                ui_file_list_crc
 .text.ui_get_header_body_size_file_list
                0x0000b45c       0xac ./src/file_list.o
                0x0000b45c                ui_get_header_body_size_file_list
 .text.open_file_list
                0x0000b508      0x1c0 ./src/file_list.o
                0x0000b508                open_file_list
 .text.create_file_list
                0x0000b6c8      0x1a0 ./src/file_list.o
                0x0000b6c8                create_file_list
 .text.file_list_find_element
                0x0000b868      0x38c ./src/file_list.o
                0x0000b868                file_list_find_element
 .text.insert_file_list
                0x0000bbf4      0x544 ./src/file_list.o
                0x0000bbf4                insert_file_list
 .text.delete_file_list
                0x0000c138      0x480 ./src/file_list.o
                0x0000c138                delete_file_list
 .text.walk_file_list
                0x0000c5b8      0x624 ./src/file_list.o
                0x0000c5b8                walk_file_list
 .text.close_file_list
                0x0000cbdc       0x14 ./src/file_list.o
                0x0000cbdc                close_file_list
 .text.v_init_file_list_registry
                0x0000cbf0       0x24 ./src/file_list.o
                0x0000cbf0                v_init_file_list_registry
 .text.file_list_register
                0x0000cc14      0x13c ./src/file_list.o
                0x0000cc14                file_list_register
 .text.insert_reg_file_list
                0x0000cd50       0xa8 ./src/file_list.o
                0x0000cd50                insert_reg_file_list
 .text.delete_reg_file_list
                0x0000cdf8       0x68 ./src/file_list.o
                0x0000cdf8                delete_reg_file_list
 .text.v_close_reg_file_list
                0x0000ce60       0x58 ./src/file_list.o
                0x0000ce60                v_close_reg_file_list
 .text.ul_reg_file_cur_id
                0x0000ceb8       0xbc ./src/file_list.o
                0x0000ceb8                ul_reg_file_cur_id
 .text.walk_reg_file_list
                0x0000cf74      0x1dc ./src/file_list.o
                0x0000cf74                walk_reg_file_list
 .text.ucNewKeyPressed
                0x0000d150       0x10 ./src/gui.o
                0x0000d150                ucNewKeyPressed
 .text.ucGetKeyPressed
                0x0000d160       0x18 ./src/gui.o
                0x0000d160                ucGetKeyPressed
 .text.vInitTextOnDisplayQueue
                0x0000d178       0x40 ./src/gui.o
                0x0000d178                vInitTextOnDisplayQueue
 .text.vInitLcdTable
                0x0000d1b8       0x3c ./src/gui.o
                0x0000d1b8                vInitLcdTable
 .text.ucNextLcdId
                0x0000d1f4       0x68 ./src/gui.o
                0x0000d1f4                ucNextLcdId
 .text.ucFreeLcdId
                0x0000d25c       0x54 ./src/gui.o
                0x0000d25c                ucFreeLcdId
 .text.ucDeleteTextOnDisplayQueue
                0x0000d2b0      0x180 ./src/gui.o
                0x0000d2b0                ucDeleteTextOnDisplayQueue
 .text.ucResetTextOnDisplayQueue
                0x0000d430       0x68 ./src/gui.o
                0x0000d430                ucResetTextOnDisplayQueue
 .text.ucInsertTextOnDisplayQueue
                0x0000d498      0x2cc ./src/gui.o
                0x0000d498                ucInsertTextOnDisplayQueue
 .text.vCalcAreaTouchScreenTesto
                0x0000d764      0x2d0 ./src/gui.o
                0x0000d764                vCalcAreaTouchScreenTesto
 .text.ucVerifyTouchOnTesto
                0x0000da34       0xe0 ./src/gui.o
                0x0000da34                ucVerifyTouchOnTesto
 .text.ucTextOnDisplay
                0x0000db14       0x94 ./src/gui.o
                0x0000db14                ucTextOnDisplay
 .text.ucBitmap40x25OnDisplay
                0x0000dba8      0x13c ./src/gui.o
                0x0000dba8                ucBitmap40x25OnDisplay
 .text.vMapTesto
                0x0000dce4      0xa48 ./src/gui.o
                0x0000dce4                vMapTesto
 .text.ucRenderTextOnVideo
                0x0000e72c       0xb0 ./src/gui.o
                0x0000e72c                ucRenderTextOnVideo
 .text.vInitImmagine
                0x0000e7dc       0x1c ./src/gui.o
                0x0000e7dc                vInitImmagine
 .text.vForceRefreshImmagine
                0x0000e7f8       0x1c ./src/gui.o
                0x0000e7f8                vForceRefreshImmagine
 .text.ucClearScreen
                0x0000e814       0x28 ./src/gui.o
                0x0000e814                ucClearScreen
 .text.ucImmagineCambiata
                0x0000e83c       0x1c ./src/gui.o
                0x0000e83c                ucImmagineCambiata
 .text.vResetTextSettings
                0x0000e858       0x24 ./src/gui.o
                0x0000e858                vResetTextSettings
 .text.vInitKbd
                0x0000e87c      0x10c ./src/gui.o
                0x0000e87c                vInitKbd
 .text.vInitLcd
                0x0000e988       0xcc ./src/gui.o
                0x0000e988                vInitLcd
 .text.vCtrlPressedButtons
                0x0000ea54       0xd0 ./src/gui.o
                0x0000ea54                vCtrlPressedButtons
 .text.ucPrintStaticText_MediumFont_Color
                0x0000eb24       0xa0 ./src/gui.o
                0x0000eb24                ucPrintStaticText_MediumFont_Color
 .text.ucPrintSmallText_ColNames
                0x0000ebc4       0x9c ./src/gui.o
                0x0000ebc4                ucPrintSmallText_ColNames
 .text.ucPrintSmallText_ColNames_BackColor
                0x0000ec60       0x9c ./src/gui.o
                0x0000ec60                ucPrintSmallText_ColNames_BackColor
 .text.ucPrintTitleButton
                0x0000ecfc      0x1c4 ./src/gui.o
                0x0000ecfc                ucPrintTitleButton
 .text.ucPrintBitmapButton
                0x0000eec0       0xe0 ./src/gui.o
                0x0000eec0                ucPrintBitmapButton
 .text.ucPrintStaticButton
                0x0000efa0      0x130 ./src/gui.o
                0x0000efa0                ucPrintStaticButton
 .text.ucSearchFieldButtonPressed
                0x0000f0d0       0x58 ./src/gui.o
                0x0000f0d0                ucSearchFieldButtonPressed
 .text.ucPrintFieldButton
                0x0000f128      0x130 ./src/gui.o
                0x0000f128                ucPrintFieldButton
 .text.ucPrintCursorText
                0x0000f258       0xd4 ./src/gui.o
                0x0000f258                ucPrintCursorText
 .text.ucPrintTextTouch
                0x0000f32c       0xa8 ./src/gui.o
                0x0000f32c                ucPrintTextTouch
 .text.vCalcCoeffsLcdCalibration
                0x0000f3d4      0x308 ./src/gui.o
                0x0000f3d4                vCalcCoeffsLcdCalibration
 .text.ucCalcCrcLcdCalibra
                0x0000f6dc       0x30 ./src/gui.o
                0x0000f6dc                ucCalcCrcLcdCalibra
 .text.vSaveCoeffsLcdCalibration
                0x0000f70c       0x40 ./src/gui.o
                0x0000f70c                vSaveCoeffsLcdCalibration
 .text.vLoadCoeffsLcdCalibration
                0x0000f74c       0x78 ./src/gui.o
                0x0000f74c                vLoadCoeffsLcdCalibration
 .text.vLinearizzaPosLcd
                0x0000f7c4      0x414 ./src/gui.o
                0x0000f7c4                vLinearizzaPosLcd
 .text.ucCtrlTouch
                0x0000fbd8      0x130 ./src/gui.o
                0x0000fbd8                ucCtrlTouch
 .text.vCalibraLcd
                0x0000fd08      0x3cc ./src/gui.o
                0x0000fd08                vCalibraLcd
 .text.vEnableCalibraLcd
                0x000100d4       0x10 ./src/gui.o
                0x000100d4                vEnableCalibraLcd
 .text.vVisualizeSplashScreen
                0x000100e4       0x38 ./src/gui.o
                0x000100e4                vVisualizeSplashScreen
 .text.ucVisualizeSplashScreen
                0x0001011c      0x108 ./src/gui.o
                0x0001011c                ucVisualizeSplashScreen
 .text.vRefreshLcd
                0x00010224      0x414 ./src/gui.o
                0x00010224                vRefreshLcd
 .text.I2C0MasterHandler
                0x00010638      0x2d4 ./src/i2c.o
                0x00010638                I2C0MasterHandler
 .text.ui_get_i2c_alarm_subcode
                0x0001090c       0x10 ./src/i2c.o
                0x0001090c                ui_get_i2c_alarm_subcode
 .text.ui_clear_i2c_alarm_subcode
                0x0001091c       0x14 ./src/i2c.o
                0x0001091c                ui_clear_i2c_alarm_subcode
 .text.v_generate_alarm_i2c_bus
                0x00010930       0x40 ./src/i2c.o
                0x00010930                v_generate_alarm_i2c_bus
 .text.v_signal_accessing_eeprom_i2c
                0x00010970       0x10 ./src/i2c.o
                0x00010970                v_signal_accessing_eeprom_i2c
 .text.I2CStart
                0x00010980       0x70 ./src/i2c.o
                0x00010980                I2CStart
 .text.I2CStop  0x000109f0       0x60 ./src/i2c.o
                0x000109f0                I2CStop
 .text.I2CInit  0x00010a50       0xb4 ./src/i2c.o
                0x00010a50                I2CInit
 .text.I2CEngine
                0x00010b04       0xd0 ./src/i2c.o
                0x00010b04                I2CEngine
 .text.I2CStart_noWait
                0x00010bd4       0x20 ./src/i2c.o
                0x00010bd4                I2CStart_noWait
 .text.I2CEngine_Start
                0x00010bf4       0x5c ./src/i2c.o
                0x00010bf4                I2CEngine_Start
 .text.v_i2c_engine_reset
                0x00010c50       0x44 ./src/i2c.o
                0x00010c50                v_i2c_engine_reset
 .text.I2CEngine_isEnded
                0x00010c94       0x18 ./src/i2c.o
                0x00010c94                I2CEngine_isEnded
 .text.v_verify_unlock_i2c_bus
                0x00010cac        0x4 ./src/i2c.o
                0x00010cac                v_verify_unlock_i2c_bus
 .text.cofactor_ij_v1
                0x00010cb0      0x288 ./src/inverse_v1.o
                0x00010cb0                cofactor_ij_v1
 .text.cofactor_v1
                0x00010f38       0x68 ./src/inverse_v1.o
                0x00010f38                cofactor_v1
 .text.determinant_v1
                0x00010fa0       0x80 ./src/inverse_v1.o
                0x00010fa0                determinant_v1
 .text.transpose_v1
                0x00011020      0x104 ./src/inverse_v1.o
                0x00011020                transpose_v1
 .text.mul_v1   0x00011124       0x88 ./src/inverse_v1.o
                0x00011124                mul_v1
 .text.inverse_v1
                0x000111ac       0x5c ./src/inverse_v1.o
                0x000111ac                inverse_v1
 .text.vMultiplyMatrix4x4_Vector
                0x00011208       0xb8 ./src/inverse_v1.o
                0x00011208                vMultiplyMatrix4x4_Vector
 .text.vSolve4x4System
                0x000112c0       0x38 ./src/inverse_v1.o
                0x000112c0                vSolve4x4System
 .text.ucTouchScreenPressed
                0x000112f8       0x18 ./src/lcd.o
                0x000112f8                ucTouchScreenPressed
 .text.vLCD_Init
                0x00011310       0x48 ./src/lcd.o
                0x00011310                vLCD_Init
 .text.LCD_SpiAccess
                0x00011358       0x38 ./src/lcd.o
                0x00011358                LCD_SpiAccess
 .text.ucTouchedScreen
                0x00011390      0x138 ./src/lcd.o
                0x00011390                ucTouchedScreen
 .text.TFT_write
                0x000114c8        0xc ./src/lcd.o
                0x000114c8                TFT_write
 .text.TFT_read
                0x000114d4        0xc ./src/lcd.o
                0x000114d4                TFT_read
 .text.v_signal_timeout_wating_lcd_int
                0x000114e0       0x18 ./src/lcd.o
                0x000114e0                v_signal_timeout_wating_lcd_int
 .text.LCD_wait_FPGA_done
                0x000114f8       0x8c ./src/lcd.o
                0x000114f8                LCD_wait_FPGA_done
 .text.Beep     0x00011584        0x8 ./src/lcd.o
                0x00011584                Beep
 .text.LCD_Beep
                0x0001158c        0x4 ./src/lcd.o
                0x0001158c                LCD_Beep
 .text.Change_bank
                0x00011590       0x24 ./src/lcd.o
                0x00011590                Change_bank
 .text.LCD_toggle_bank
                0x000115b4       0x1c ./src/lcd.o
                0x000115b4                LCD_toggle_bank
 .text.Read_image_from_flash
                0x000115d0      0x100 ./src/lcd.o
                0x000115d0                Read_image_from_flash
 .text.LCD_LoadImageOnBackgroundBank
                0x000116d0        0x4 ./src/lcd.o
                0x000116d0                LCD_LoadImageOnBackgroundBank
 .text.vWriteBMPelement
                0x000116d4      0x224 ./src/lcd.o
                0x000116d4                vWriteBMPelement
 .text.ucMapDisplayChar
                0x000118f8       0x18 ./src/lcd.o
                0x000118f8                ucMapDisplayChar
 .text.vWriteIconElement
                0x00011910      0x370 ./src/lcd.o
                0x00011910                vWriteIconElement
 .text.vWriteIconElement_N
                0x00011c80      0x398 ./src/lcd.o
                0x00011c80                vWriteIconElement_N
 .text.vInitListDisplayElements
                0x00012018       0x84 ./src/lcd.o
                0x00012018                vInitListDisplayElements
 .text.ucTroppoPienaListaLcd
                0x0001209c       0x38 ./src/lcd.o
                0x0001209c                ucTroppoPienaListaLcd
 .text.vResetIconsAndBitmap
                0x000120d4        0x4 ./src/lcd.o
                0x000120d4                vResetIconsAndBitmap
 .text.vCloseListDisplayElements
                0x000120d8       0xf4 ./src/lcd.o
                0x000120d8                vCloseListDisplayElements
 .text.invio_lista
                0x000121cc       0x8c ./src/lcd.o
                0x000121cc                invio_lista
 .text.vSelect8bitTouch
                0x00012258        0x8 ./src/lcd.o
                0x00012258                vSelect8bitTouch
 .text.applicazione_lista
                0x00012260       0x14 ./src/lcd.o
                0x00012260                applicazione_lista
 .text.lettura_versione_FW
                0x00012274       0x30 ./src/lcd.o
                0x00012274                lettura_versione_FW
 .text.vInitializeTheDacValues
                0x000122a4       0x2c ./src/main.o
                0x000122a4                vInitializeTheDacValues
 .text.vWaitBootFpga
                0x000122d0      0x24c ./src/main.o
                0x000122d0                vWaitBootFpga
 .text.ulGetPclk.part.4
                0x0001251c       0x70 ./src/mci.o
 .text.MCI_TXEnable
                0x0001258c       0x2c ./src/mci.o
                0x0001258c                MCI_TXEnable
 .text.MCI_TXDisable
                0x000125b8       0x2c ./src/mci.o
                0x000125b8                MCI_TXDisable
 .text.MCI_RXEnable
                0x000125e4       0x2c ./src/mci.o
                0x000125e4                MCI_RXEnable
 .text.MCI_CmdProcess
                0x00012610       0xd0 ./src/mci.o
                0x00012610                MCI_CmdProcess
 .text.MCI_DataErrorProcess
                0x000126e0       0xd0 ./src/mci.o
                0x000126e0                MCI_DataErrorProcess
 .text.MCI_DATA_END_InterruptService
                0x000127b0       0xa8 ./src/mci.o
                0x000127b0                MCI_DATA_END_InterruptService
 .text.MCI_FIFOInterruptService
                0x00012858       0x18 ./src/mci.o
                0x00012858                MCI_FIFOInterruptService
 .text.MCI_IRQHandler
                0x00012870       0xa4 ./src/mci.o
                0x00012870                MCI_IRQHandler
 .text.ulGetPclk
                0x00012914       0x14 ./src/mci.o
                0x00012914                ulGetPclk
 .text.MCI_Set_MCIClock
                0x00012928       0x78 ./src/mci.o
                0x00012928                MCI_Set_MCIClock
 .text.MCI_Init
                0x000129a0      0x124 ./src/mci.o
                0x000129a0                MCI_Init
 .text.MCI_SendCmd
                0x00012ac4       0xc0 ./src/mci.o
                0x00012ac4                MCI_SendCmd
 .text.MCI_GetCmdResp
                0x00012b84      0x11c ./src/mci.o
                0x00012b84                MCI_GetCmdResp
 .text.MCI_Go_Idle_State
                0x00012ca0       0x24 ./src/mci.o
                0x00012ca0                MCI_Go_Idle_State
 .text.MCI_Send_ACMD
                0x00012cc4       0x8c ./src/mci.o
                0x00012cc4                MCI_Send_ACMD
 .text.MCI_Send_ACMD_OP_Cond
                0x00012d50       0xe4 ./src/mci.o
                0x00012d50                MCI_Send_ACMD_OP_Cond
 .text.ui_send_cmd8
                0x00012e34       0x58 ./src/mci.o
                0x00012e34                ui_send_cmd8
 .text.MCI_CardInit
                0x00012e8c       0x94 ./src/mci.o
                0x00012e8c                MCI_CardInit
 .text.MCI_Check_CID
                0x00012f20       0x5c ./src/mci.o
                0x00012f20                MCI_Check_CID
 .text.MCI_Set_Address
                0x00012f7c       0x9c ./src/mci.o
                0x00012f7c                MCI_Set_Address
 .text.vSaveCSD_reg
                0x00013018       0x24 ./src/mci.o
                0x00013018                vSaveCSD_reg
 .text.vCalcSD_capacity
                0x0001303c      0x108 ./src/mci.o
                0x0001303c                vCalcSD_capacity
 .text.MCI_Send_CSD
                0x00013144       0xa0 ./src/mci.o
                0x00013144                MCI_Send_CSD
 .text.MCI_Select_Card
                0x000131e4       0xa4 ./src/mci.o
                0x000131e4                MCI_Select_Card
 .text.MCI_Send_Status
                0x00013288       0x90 ./src/mci.o
                0x00013288                MCI_Send_Status
 .text.MCI_CheckStatus
                0x00013318       0x30 ./src/mci.o
                0x00013318                MCI_CheckStatus
 .text.MCI_Set_BlockLen
                0x00013348       0x88 ./src/mci.o
                0x00013348                MCI_Set_BlockLen
 .text.MCI_Send_ACMD_Bus_Width
                0x000133d0       0x88 ./src/mci.o
                0x000133d0                MCI_Send_ACMD_Bus_Width
 .text.SD_Set_BusWidth
                0x00013458       0x58 ./src/mci.o
                0x00013458                SD_Set_BusWidth
 .text.MCI_Send_Stop
                0x000134b0       0x7c ./src/mci.o
                0x000134b0                MCI_Send_Stop
 .text.MCI_Send_Write_Block
                0x0001352c       0xb4 ./src/mci.o
                0x0001352c                MCI_Send_Write_Block
 .text.MCI_Send_Write_Multiple_Block
                0x000135e0       0xb4 ./src/mci.o
                0x000135e0                MCI_Send_Write_Multiple_Block
 .text.MCI_Write_Multiple_Block
                0x00013694      0x120 ./src/mci.o
                0x00013694                MCI_Write_Multiple_Block
 .text.MCI_Send_Read_Block
                0x000137b4       0xb4 ./src/mci.o
                0x000137b4                MCI_Send_Read_Block
 .text.MCI_Write_Block
                0x00013868       0xbc ./src/mci.o
                0x00013868                MCI_Write_Block
 .text.MCI_Read_Block
                0x00013924       0xb8 ./src/mci.o
                0x00013924                MCI_Read_Block
 .text.vSetHRE_potentiometer.part.2
                0x000139dc       0xd8 ./src/params.o
 .text.v_reset_spindle_and_wheel_dac
                0x00013ab4      0x110 ./src/params.o
                0x00013ab4                v_reset_spindle_and_wheel_dac
 .text.v_init_read_bytes_from_vdip
                0x00013bc4       0x20 ./src/params.o
                0x00013bc4                v_init_read_bytes_from_vdip
 .text.uc_read_a_byte_from_vdip
                0x00013be4      0x14c ./src/params.o
                0x00013be4                uc_read_a_byte_from_vdip
 .text.vInitMachineParsOnFile_Stati
                0x00013d30       0x30 ./src/params.o
                0x00013d30                vInitMachineParsOnFile_Stati
 .text.ui_send_vdip_string
                0x00013d60      0x4b8 ./src/params.o
                0x00013d60                ui_send_vdip_string
 .text.ucSaveMachineParsOnFile_Stati
                0x00014218     0x13f4 ./src/params.o
                0x00014218                ucSaveMachineParsOnFile_Stati
 .text.ucLoadCodiciProdottoOnFile_Stati
                0x0001560c      0xd08 ./src/params.o
                0x0001560c                ucLoadCodiciProdottoOnFile_Stati
 .text.ucLoadParMacOnFile_Stati
                0x00016314      0xe0c ./src/params.o
                0x00016314                ucLoadParMacOnFile_Stati
 .text.ucLoadCustomLanguage_Stati
                0x00017120      0x60c ./src/params.o
                0x00017120                ucLoadCustomLanguage_Stati
 .text.vSetNumK_to_ask_password
                0x0001772c       0x58 ./src/params.o
                0x0001772c                vSetNumK_to_ask_password
 .text.vSetNumK_to_ask_password_super_user
                0x00017784       0x80 ./src/params.o
                0x00017784                vSetNumK_to_ask_password_super_user
 .text.ucVerifyPasswordCorrect
                0x00017804       0x60 ./src/params.o
                0x00017804                ucVerifyPasswordCorrect
 .text.ucCalcWireLengthMetersForJobList
                0x00017864      0x2a0 ./src/params.o
                0x00017864                ucCalcWireLengthMetersForJobList
 .text.vAddStandardButtons
                0x00017b04       0xa0 ./src/params.o
                0x00017b04                vAddStandardButtons
 .text.ucHW_LoadCodiciProdotto
                0x00017ba4      0x460 ./src/params.o
                0x00017ba4                ucHW_LoadCodiciProdotto
 .text.ucHW_ResetCodiciProdotto
                0x00018004      0x320 ./src/params.o
                0x00018004                ucHW_ResetCodiciProdotto
 .text.ucHW_LoadCustomLanguage
                0x00018324      0x430 ./src/params.o
                0x00018324                ucHW_LoadCustomLanguage
 .text.ucHW_LoadParsMac
                0x00018754      0x47c ./src/params.o
                0x00018754                ucHW_LoadParsMac
 .text.ucHW_SaveParams
                0x00018bd0      0x510 ./src/params.o
                0x00018bd0                ucHW_SaveParams
 .text.ucHW_DataOra
                0x000190e0      0x3fc ./src/params.o
                0x000190e0                ucHW_DataOra
 .text.vAddStandardButtonsOk
                0x000194dc       0xa0 ./src/params.o
                0x000194dc                vAddStandardButtonsOk
 .text.f_convert_perc_dist_to_float_0_100
                0x0001957c       0x50 ./src/params.o
                0x0001957c                f_convert_perc_dist_to_float_0_100
 .text.us_convert_float_0_100_to_perc_dist
                0x000195cc       0x74 ./src/params.o
                0x000195cc                us_convert_float_0_100_to_perc_dist
 .text.v_convert_dist_values
                0x00019640      0x7b4 ./src/params.o
                0x00019640                v_convert_dist_values
 .text.ucHW_Distanziatore
                0x00019df4      0xe98 ./src/params.o
                0x00019df4                ucHW_Distanziatore
 .text.vInizializzaCodiceProdotto
                0x0001ac8c      0x1d4 ./src/params.o
                0x0001ac8c                vInizializzaCodiceProdotto
 .text.vHRE_init
                0x0001ae60       0x20 ./src/params.o
                0x0001ae60                vHRE_init
 .text.vResetWindows
                0x0001ae80      0x158 ./src/params.o
                0x0001ae80                vResetWindows
 .text.vSetHRE_potentiometer
                0x0001afd8       0xe0 ./src/params.o
                0x0001afd8                vSetHRE_potentiometer
 .text.vSelectHRE_potentiometer
                0x0001b0b8      0x134 ./src/params.o
                0x0001b0b8                vSelectHRE_potentiometer
 .text.v_init_handling_encoder_grinding
                0x0001b1ec       0x48 ./src/params.o
 .text.ucHW_spindle_grinding
                0x0001b234      0x594 ./src/params.o
                0x0001b234                ucHW_spindle_grinding
 .text.ucGetSelectHRE_potentiometer
                0x0001b7c8       0x20 ./src/params.o
                0x0001b7c8                ucGetSelectHRE_potentiometer
 .text.iGetHRE_potentiometer
                0x0001b7e8       0x34 ./src/params.o
                0x0001b7e8                iGetHRE_potentiometer
 .text.vDisableHRE_potentiometer
                0x0001b81c       0x14 ./src/params.o
                0x0001b81c                vDisableHRE_potentiometer
 .text.vHandleHRE
                0x0001b830      0x474 ./src/params.o
                0x0001b830                vHandleHRE
 .text.iGetHRE_setting
                0x0001bca4       0xf4 ./src/params.o
                0x0001bca4                iGetHRE_setting
 .text.vSaltaSuPaginaProduzione
                0x0001bd98       0x18 ./src/params.o
                0x0001bd98                vSaltaSuPaginaProduzione
 .text.ucIAmSpindleGrinding
                0x0001bdb0       0x1c ./src/params.o
                0x0001bdb0                ucIAmSpindleGrinding
 .text.ucIamInLogProduzione
                0x0001bdcc       0x1c ./src/params.o
                0x0001bdcc                ucIamInLogProduzione
 .text.ucIamInTaraturaStatica
                0x0001bde8       0x30 ./src/params.o
                0x0001bde8                ucIamInTaraturaStatica
 .text.ucIamInTaraturaDinamica
                0x0001be18       0x34 ./src/params.o
                0x0001be18                ucIamInTaraturaDinamica
 .text.f_calc_res_spezzone
                0x0001be4c       0x5c ./src/popup.o
                0x0001be4c                f_calc_res_spezzone
 .text.us_calc_portata_dinamica_per_resistenza
                0x0001bea8       0x58 ./src/popup.o
                0x0001bea8                us_calc_portata_dinamica_per_resistenza
 .text.f_calc_res_spec_filo
                0x0001bf00       0xb8 ./src/popup.o
                0x0001bf00                f_calc_res_spec_filo
 .text.ucHW_MainMenu
                0x0001bfb8      0x274 ./src/popup.o
                0x0001bfb8                ucHW_MainMenu
 .text.ucHW_YesNo
                0x0001c22c      0x284 ./src/popup.o
                0x0001c22c                ucHW_YesNo
 .text.ValidatePrg
                0x0001c4b0      0x494 ./src/popup.o
                0x0001c4b0                ValidatePrg
 .text.ucNeedToClosePopupWindow
                0x0001c944       0x44 ./src/popup.o
                0x0001c944                ucNeedToClosePopupWindow
 .text.ucHandlePopupWindow
                0x0001c988     0x1498 ./src/popup.o
                0x0001c988                ucHandlePopupWindow
 .text.ucEnableStartLavorazione
                0x0001de20       0x10 ./src/popup.o
                0x0001de20                ucEnableStartLavorazione
 .text.ucIsDisabledStartLavorazione
                0x0001de30       0x18 ./src/popup.o
                0x0001de30                ucIsDisabledStartLavorazione
 .text.i2c_Master_Xmit.part.0
                0x0001de48       0x40 ./src/rtcDS3231_newer.o
 .text.i2c_Master_Rcv.part.1
                0x0001de88       0x58 ./src/rtcDS3231_newer.o
 .text.i2c_Master_Xmit
                0x0001dee0        0xc ./src/rtcDS3231_newer.o
                0x0001dee0                i2c_Master_Xmit
 .text.i2c_Master_Rcv
                0x0001deec        0xc ./src/rtcDS3231_newer.o
                0x0001deec                i2c_Master_Rcv
 .text.vReadStatusTempRTC_DS3231
                0x0001def8      0x148 ./src/rtcDS3231_newer.o
                0x0001def8                vReadStatusTempRTC_DS3231
 .text.vResetOSF_RTC_DS3231
                0x0001e040       0x6c ./src/rtcDS3231_newer.o
                0x0001e040                vResetOSF_RTC_DS3231
 .text.vReadTimeBytesRTC_DS3231
                0x0001e0ac      0x11c ./src/rtcDS3231_newer.o
                0x0001e0ac                vReadTimeBytesRTC_DS3231
 .text.vWriteTimeBytesRTC_DS3231
                0x0001e1c8      0x184 ./src/rtcDS3231_newer.o
                0x0001e1c8                vWriteTimeBytesRTC_DS3231
 .text.vInit_RtcDS3231
                0x0001e34c       0x10 ./src/rtcDS3231_newer.o
                0x0001e34c                vInit_RtcDS3231
 .text.vUpdateValoriTaratura
                0x0001e35c      0x790 ./src/spi.o
                0x0001e35c                vUpdateValoriTaratura
 .text.fCalcCoeffCorr
                0x0001eaec       0xe0 ./src/spi.o
                0x0001eaec                fCalcCoeffCorr
 .text.vCalcAnticipoPretaglio
                0x0001ebcc      0x238 ./src/spi.o
                0x0001ebcc                vCalcAnticipoPretaglio
 .text.menuOperation
                0x0001ee04       0x14 ./src/spi.o
                0x0001ee04                menuOperation
 .text.update_crc
                0x0001ee18       0x34 ./src/spi.o
                0x0001ee18                update_crc
 .text.ucCalcCrcMacParams
                0x0001ee4c       0xd0 ./src/spi.o
                0x0001ee4c                ucCalcCrcMacParams
 .text.vSaveMacParms
                0x0001ef1c       0x44 ./src/spi.o
                0x0001ef1c                vSaveMacParms
 .text.vCtrlSaveMacParms
                0x0001ef60       0x20 ./src/spi.o
                0x0001ef60                vCtrlSaveMacParms
 .text.ucFillStructDist
                0x0001ef80      0x8a8 ./src/spi.o
                0x0001ef80                ucFillStructDist
 .text.ucFillProgramStructDist
                0x0001f828      0x2bc ./src/spi.o
                0x0001f828                ucFillProgramStructDist
 .text.upd7Seg  0x0001fae4      0x784 ./src/spi.o
                0x0001fae4                upd7Seg
 .text.updInp   0x00020268      0x644 ./src/spi.o
                0x00020268                updInp
 .text.vSetBitOutputsHi
                0x000208ac       0x44 ./src/spi.o
                0x000208ac                vSetBitOutputsHi
 .text.vResetBitOutputsHi
                0x000208f0       0x40 ./src/spi.o
                0x000208f0                vResetBitOutputsHi
 .text.vInitBandella
                0x00020930       0x70 ./src/spi.o
                0x00020930                vInitBandella
 .text.vHandleBandella
                0x000209a0      0x23c ./src/spi.o
                0x000209a0                vHandleBandella
 .text.uiPrepareDescTempComp_ProductionLog
                0x00020bdc      0x138 ./src/spi.o
                0x00020bdc                uiPrepareDescTempComp_ProductionLog
 .text.vPrepareDesc_ProductionLog
                0x00020d14      0x66c ./src/spi.o
                0x00020d14                vPrepareDesc_ProductionLog
 .text.vForceLcdRefresh
                0x00021380       0x14 ./src/spi.o
                0x00021380                vForceLcdRefresh
 .text.ucLcdRefreshTimeoutReset
                0x00021394       0x24 ./src/spi.o
                0x00021394                ucLcdRefreshTimeoutReset
 .text.ucLcdRefreshTimeoutExpired
                0x000213b8      0x118 ./src/spi.o
                0x000213b8                ucLcdRefreshTimeoutExpired
 .text.ucLcdRefreshTimeoutEnable
                0x000214d0       0x64 ./src/spi.o
                0x000214d0                ucLcdRefreshTimeoutEnable
 .text.uiLcdRefreshTimeout_GetAct
                0x00021534       0x34 ./src/spi.o
                0x00021534                uiLcdRefreshTimeout_GetAct
 .text.ucNeedToRefreshLcd
                0x00021568       0x60 ./src/spi.o
                0x00021568                ucNeedToRefreshLcd
 .text.ucResetTheButton
                0x000215c8       0x3c ./src/spi.o
                0x000215c8                ucResetTheButton
 .text.ucHasBeenPressedButton
                0x00021604       0x38 ./src/spi.o
                0x00021604                ucHasBeenPressedButton
 .text.ucHasBeenTouchedButton
                0x0002163c       0x34 ./src/spi.o
                0x0002163c                ucHasBeenTouchedButton
 .text.ucCreateTheButton
                0x00021670       0x2c ./src/spi.o
                0x00021670                ucCreateTheButton
 .text.ucHW_LogProduzione
                0x0002169c      0x3f4 ./src/spi.o
                0x0002169c                ucHW_LogProduzione
 .text.ucIdxCharButtonPressed
                0x00021a90       0x18 ./src/spi.o
                0x00021a90                ucIdxCharButtonPressed
 .text.ucFieldButtonPressed
                0x00021aa8       0x18 ./src/spi.o
                0x00021aa8                ucFieldButtonPressed
 .text.vSetFieldButtonPressed
                0x00021ac0       0x18 ./src/spi.o
                0x00021ac0                vSetFieldButtonPressed
 .text.ucTheButtonIsPressed
                0x00021ad8       0x30 ./src/spi.o
                0x00021ad8                ucTheButtonIsPressed
 .text.us_is_button_pressed
                0x00021b08       0x1c ./src/spi.o
                0x00021b08                us_is_button_pressed
 .text.vClearButtonPressed
                0x00021b24       0x14 ./src/spi.o
                0x00021b24                vClearButtonPressed
 .text.vSignalButtonPressed
                0x00021b38       0x3c ./src/spi.o
                0x00021b38                vSignalButtonPressed
 .text.vHandleButtons
                0x00021b74      0x1c8 ./src/spi.o
                0x00021b74                vHandleButtons
 .text.vRefreshLcdStrings
                0x00021d3c      0x130 ./src/spi.o
                0x00021d3c                vRefreshLcdStrings
 .text.vSetTextRigaColonna
                0x00021e6c       0x24 ./src/spi.o
                0x00021e6c                vSetTextRigaColonna
 .text.vSetCursorOn
                0x00021e90       0x1c ./src/spi.o
                0x00021e90                vSetCursorOn
 .text.vPrintDirectString
                0x00021eac       0x50 ./src/spi.o
                0x00021eac                vPrintDirectString
 .text.vPrintDirectChar
                0x00021efc       0x3c ./src/spi.o
                0x00021efc                vPrintDirectChar
 .text.startEdit
                0x00021f38      0x12c ./src/spi.o
                0x00021f38                startEdit
 .text.updLcd   0x00022064      0x1b8 ./src/spi.o
                0x00022064                updLcd
 .text.updOut   0x0002221c      0x140 ./src/spi.o
                0x0002221c                updOut
 .text.vInitActPrg
                0x0002235c       0x94 ./src/spi.o
                0x0002235c                vInitActPrg
 .text.vValidateTabFornitori
                0x000223f0       0x98 ./src/spi.o
                0x000223f0                vValidateTabFornitori
 .text.vSearchFirstComm
                0x00022488       0x74 ./src/spi.o
                0x00022488                vSearchFirstComm
 .text.mynatoi  0x000224fc       0x58 ./src/spi.o
                0x000224fc                mynatoi
 .text.AdjustVelPeriferica
                0x00022554      0x37c ./src/spi.o
                0x00022554                AdjustVelPeriferica
 .text.InsertTheProgram
                0x000228d0      0x400 ./src/spi.o
                0x000228d0                InsertTheProgram
 .text.vAggiornaPosizioneColtello
                0x00022cd0      0x2ec ./src/spi.o
                0x00022cd0                vAggiornaPosizioneColtello
 .text.WriteOnDacByPot
                0x00022fbc      0x1e8 ./src/spi.o
                0x00022fbc                WriteOnDacByPot
 .text.SetPotenziometri
                0x000231a4      0x544 ./src/spi.o
                0x000231a4                SetPotenziometri
 .text.vMacParmsAtDefaultValue
                0x000236e8      0x368 ./src/spi.o
                0x000236e8                vMacParmsAtDefaultValue
 .text.vLoadMacParms
                0x00023a50       0xb8 ./src/spi.o
                0x00023a50                vLoadMacParms
 .text.ValidateMacParms
                0x00023b08      0x5c8 ./src/spi.o
                0x00023b08                ValidateMacParms
 .text.init     0x000240d0      0x82c ./src/spi.o
                0x000240d0                init
 .text.spi_main
                0x000248fc       0xc8 ./src/spi.o
                0x000248fc                spi_main
 .text.ucHW_setupProduzione
                0x000249c4     0x397c ./src/spidbg.o
                0x000249c4                ucHW_setupProduzione
 .text.vGetValueParametro
                0x00028340      0x1d8 ./src/spidbg.o
                0x00028340                vGetValueParametro
 .text.vSetValueParametro
                0x00028518      0x1bc ./src/spidbg.o
                0x00028518                vSetValueParametro
 .text.vRefresh_IPM_values
                0x000286d4      0x264 ./src/spidbg.o
                0x000286d4                vRefresh_IPM_values
 .text.ucHW_ParametriMacchina
                0x00028938      0xd1c ./src/spidbg.o
                0x00028938                ucHW_ParametriMacchina
 .text.ucHW_Fornitori
                0x00029654      0x44c ./src/spidbg.o
                0x00029654                ucHW_Fornitori
 .text.vPrintTesto
                0x00029aa0       0x74 ./src/spidbg.o
                0x00029aa0                vPrintTesto
 .text.vRefreshScreen
                0x00029b14       0x28 ./src/spidbg.o
                0x00029b14                vRefreshScreen
 .text.vResetRamAndReboot
                0x00029b3c       0xd8 ./src/spidbg.o
                0x00029b3c                vResetRamAndReboot
 .text.ucHW_Utilities
                0x00029c14      0x404 ./src/spidbg.o
                0x00029c14                ucHW_Utilities
 .text.vHandleButtonsRegulation
                0x0002a018      0x390 ./src/spidbg.o
                0x0002a018                vHandleButtonsRegulation
 .text.ucHW_InAnalog
                0x0002a3a8      0x2c8 ./src/spidbg.o
                0x0002a3a8                ucHW_InAnalog
 .text.ucHW_OutAnalog
                0x0002a670      0x258 ./src/spidbg.o
                0x0002a670                ucHW_OutAnalog
 .text.ucHW_Indig
                0x0002a8c8      0x218 ./src/spidbg.o
                0x0002a8c8                ucHW_Indig
 .text.ucHW_Outdig
                0x0002aae0      0x528 ./src/spidbg.o
                0x0002aae0                ucHW_Outdig
 .text.ucHW_IngressiEncoder
                0x0002b008      0x1e0 ./src/spidbg.o
                0x0002b008                ucHW_IngressiEncoder
 .text.ucHW_Taratura_Portata
                0x0002b1e8      0x774 ./src/spidbg.o
                0x0002b1e8                ucHW_Taratura_Portata
 .text.ucHW_Taratura_Portata_1_4
                0x0002b95c      0x24c ./src/spidbg.o
                0x0002b95c                ucHW_Taratura_Portata_1_4
 .text.ucHW_Taratura_Misura_Dyn_Or_Stat
                0x0002bba8      0x248 ./src/spidbg.o
                0x0002bba8                ucHW_Taratura_Misura_Dyn_Or_Stat
 .text.ucHW_SelezionaTaratura
                0x0002bdf0      0x2f8 ./src/spidbg.o
                0x0002bdf0                ucHW_SelezionaTaratura
 .text.ucHW_Info
                0x0002c0e8      0x134 ./src/spidbg.o
                0x0002c0e8                ucHW_Info
 .text.v_preset_for_program_param_input
                0x0002c21c      0x1e8 ./src/spidbg.o
                0x0002c21c                v_preset_for_program_param_input
 .text.ucHW_ViewCodiceProdotto
                0x0002c404      0x7b0 ./src/spidbg.o
                0x0002c404                ucHW_ViewCodiceProdotto
 .text.ucHandleWindows
                0x0002cbb4      0x34c ./src/spidbg.o
                0x0002cbb4                ucHandleWindows
 .text.v_init_handle_wait_one_coil
                0x0002cf00       0x20 ./src/spimis.o
                0x0002cf00                v_init_handle_wait_one_coil
 .text.ui_handle_wait_one_coil_ok
                0x0002cf20       0x1c ./src/spimis.o
                0x0002cf20                ui_handle_wait_one_coil_ok
 .text.v_handle_wait_one_coil
                0x0002cf3c      0x114 ./src/spimis.o
                0x0002cf3c                v_handle_wait_one_coil
 .text.timeout_init
                0x0002d050       0x30 ./src/spimis.o
                0x0002d050                timeout_init
 .text.uc_timeout_active
                0x0002d080       0xe8 ./src/spimis.o
                0x0002d080                uc_timeout_active
 .text.mystrcpy
                0x0002d168       0x30 ./src/spimis.o
                0x0002d168                mystrcpy
 .text.vInitAD7327
                0x0002d198       0xdc ./src/spimis.o
                0x0002d198                vInitAD7327
 .text.vHaltReadCycleSensoreTaglio
                0x0002d274       0x18 ./src/spimis.o
                0x0002d274                vHaltReadCycleSensoreTaglio
 .text.vInitSensoreTaglio
                0x0002d28c      0x150 ./src/spimis.o
                0x0002d28c                vInitSensoreTaglio
 .text.vInitReadCycleSensoreTaglio
                0x0002d3dc       0x5c ./src/spimis.o
                0x0002d3dc                vInitReadCycleSensoreTaglio
 .text.vLockOperazioneLama
                0x0002d438       0x18 ./src/spimis.o
                0x0002d438                vLockOperazioneLama
 .text.vUnlockOperazioneLama
                0x0002d450       0x14 ./src/spimis.o
                0x0002d450                vUnlockOperazioneLama
 .text.vAttivaOperazioneLama
                0x0002d464      0x100 ./src/spimis.o
                0x0002d464                vAttivaOperazioneLama
 .text.ucIsAttivaOperazioneLama
                0x0002d564       0x34 ./src/spimis.o
                0x0002d564                ucIsAttivaOperazioneLama
 .text.ucRefreshAdchannels_Interrupt
                0x0002d598      0x208 ./src/spimis.o
                0x0002d598                ucRefreshAdchannels_Interrupt
 .text.vReadAD7327
                0x0002d7a0      0x15c ./src/spimis.o
                0x0002d7a0                vReadAD7327
 .text.iReadCounter
                0x0002d8fc       0x54 ./src/spimis.o
                0x0002d8fc                iReadCounter
 .text.iAzzeraReadCounter_2
                0x0002d950       0x28 ./src/spimis.o
                0x0002d950                iAzzeraReadCounter_2
 .text.vInitPosizioneLamaTaglio
                0x0002d978       0x44 ./src/spimis.o
                0x0002d978                vInitPosizioneLamaTaglio
 .text.vSpeedTargetUrp_init
                0x0002d9bc       0x20 ./src/spimis.o
                0x0002d9bc                vSpeedTargetUrp_init
 .text.vSpeedTargetUrp_update
                0x0002d9dc      0x168 ./src/spimis.o
                0x0002d9dc                vSpeedTargetUrp_update
 .text.l_multiply_long_perc_dist
                0x0002db44       0x20 ./src/spimis.o
                0x0002db44                l_multiply_long_perc_dist
 .text.v_reset_stato_distanziatore
                0x0002db64       0x30 ./src/spimis.o
                0x0002db64                v_reset_stato_distanziatore
 .text.iReadCounter_2
                0x0002db94       0x80 ./src/spimis.o
                0x0002db94                iReadCounter_2
 .text.iInitReadCounter_2
                0x0002dc14       0x2c ./src/spimis.o
                0x0002dc14                iInitReadCounter_2
 .text.vHandleTaglioAsincrono_Distanziatore
                0x0002dc40      0x164 ./src/spimis.o
                0x0002dc40                vHandleTaglioAsincrono_Distanziatore
 .text.ui_separate_coil_during_cut
                0x0002dda4       0x34 ./src/spimis.o
                0x0002dda4                ui_separate_coil_during_cut
 .text.vHandleDistanziatore_Interrupt
                0x0002ddd8      0x824 ./src/spimis.o
                0x0002ddd8                vHandleDistanziatore_Interrupt
 .text.vRefreshInputEdge
                0x0002e5fc       0x60 ./src/spimis.o
                0x0002e5fc                vRefreshInputEdge
 .text.v_reset_cutter_position
                0x0002e65c       0x2c ./src/spimis.o
                0x0002e65c                v_reset_cutter_position
 .text.IRQ_Handler_timer0
                0x0002e688     0x301c ./src/spimis.o
                0x0002e688                IRQ_Handler_timer0
 .text.initTimer
                0x000316a4       0xd4 ./src/spimis.o
                0x000316a4                initTimer
 .text.mynatof  0x00031778      0x148 ./src/spiutils.o
                0x00031778                mynatof
 .text.SetDacValue
                0x000318c0      0x178 ./src/spiutils.o
                0x000318c0                SetDacValue
 .text.DeleteCommessa
                0x00031a38      0x1e8 ./src/spiutils.o
                0x00031a38                DeleteCommessa
 .text.SearchNextCommessa
                0x00031c20       0x24 ./src/spiutils.o
                0x00031c20                SearchNextCommessa
 .text.SearchPrevCommessa
                0x00031c44       0x24 ./src/spiutils.o
                0x00031c44                SearchPrevCommessa
 .text.vJumpToWindow
                0x00031c68       0xa4 ./src/spiutils.o
                0x00031c68                vJumpToWindow
 .text.vEmptyStackCaller
                0x00031d0c       0x78 ./src/spiutils.o
                0x00031d0c                vEmptyStackCaller
 .text.ucCallWindow
                0x00031d84       0xd8 ./src/spiutils.o
                0x00031d84                ucCallWindow
 .text.ucReturnFromWindow
                0x00031e5c       0xcc ./src/spiutils.o
                0x00031e5c                ucReturnFromWindow
 .text.uiGetIdCurrentWindow
                0x00031f28       0x48 ./src/spiutils.o
                0x00031f28                uiGetIdCurrentWindow
 .text.uiGetStatusCurrentWindow
                0x00031f70       0x54 ./src/spiutils.o
                0x00031f70                uiGetStatusCurrentWindow
 .text.vSetStatusCurrentWindow
                0x00031fc4       0x54 ./src/spiutils.o
                0x00031fc4                vSetStatusCurrentWindow
 .text.ucSetWindowParam
                0x00032018       0x50 ./src/spiutils.o
                0x00032018                ucSetWindowParam
 .text.uiGetWindowParam
                0x00032068       0x4c ./src/spiutils.o
                0x00032068                uiGetWindowParam
 .text.uiGetActiveWindowParam
                0x000320b4       0x88 ./src/spiutils.o
                0x000320b4                uiGetActiveWindowParam
 .text.vSetActiveWindowParam
                0x0003213c       0x84 ./src/spiutils.o
                0x0003213c                vSetActiveWindowParam
 .text.vStrcpy_padBlank
                0x000321c0       0x5c ./src/spiutils.o
                0x000321c0                vStrcpy_padBlank
 .text.vStr_fillBlank
                0x0003221c       0x28 ./src/spiutils.o
                0x0003221c                vStr_fillBlank
 .text.vStrUpperCase
                0x00032244       0x28 ./src/spiutils.o
                0x00032244                vStrUpperCase
 .text.vStrcpy_trimBlank
                0x0003226c       0xc4 ./src/spiutils.o
                0x0003226c                vStrcpy_trimBlank
 .text.ucIsUmSensitive
                0x00032330       0x38 ./src/spiutils.o
                0x00032330                ucIsUmSensitive
 .text.ucT9_handle_button_pressed
                0x00032368       0xa8 ./src/spiutils.o
                0x00032368                ucT9_handle_button_pressed
 .text.ucPictureNumK_OnlyDigit_1_9_Ok
                0x00032410       0x3c ./src/spiutils.o
                0x00032410                ucPictureNumK_OnlyDigit_1_9_Ok
 .text.ucPictureNumK_DigitOk
                0x0003244c       0x60 ./src/spiutils.o
                0x0003244c                ucPictureNumK_DigitOk
 .text.ucPictureNumK_DecimalPointOk
                0x000324ac       0x64 ./src/spiutils.o
                0x000324ac                ucPictureNumK_DecimalPointOk
 .text.ucPictureNumK_IsNoModify
                0x00032510       0x30 ./src/spiutils.o
                0x00032510                ucPictureNumK_IsNoModify
 .text.uiCountEffectiveCharsInPasswordString
                0x00032540       0x2c ./src/spiutils.o
                0x00032540                uiCountEffectiveCharsInPasswordString
 .text.ucHW_Num_Keypad
                0x0003256c     0x1290 ./src/spiutils.o
                0x0003256c                ucHW_Num_Keypad
 .text.ucIsValidHis
                0x000337fc       0x88 ./src/spiutils.o
                0x000337fc                ucIsValidHis
 .text.vValidateHis
                0x00033884       0x34 ./src/spiutils.o
                0x00033884                vValidateHis
 .text.vSetActiveNumberProductCode
                0x000338b8       0xc0 ./src/spiutils.o
                0x000338b8                vSetActiveNumberProductCode
 .text.vInitializeHisFields
                0x00033978       0x98 ./src/spiutils.o
                0x00033978                vInitializeHisFields
 .text.vHandleEscFromMenu
                0x00033a10       0x30 ./src/spiutils.o
                0x00033a10                vHandleEscFromMenu
 .text.vDoTaglio
                0x00033a40       0x28 ./src/spiutils.o
                0x00033a40                vDoTaglio
 .text.ucHW_codiceProdotto
                0x00033a68     0x1c34 ./src/spiutils.o
                0x00033a68                ucHW_codiceProdotto
 .text.ucIsLockedJob
                0x0003569c       0x48 ./src/spiutils.o
                0x0003569c                ucIsLockedJob
 .text.vInitInputEdge
                0x000356e4       0x20 ./src/spiutils.o
                0x000356e4                vInitInputEdge
 .text.ucDigitalInput_PositiveEdge
                0x00035704       0x1c ./src/spiutils.o
                0x00035704                ucDigitalInput_PositiveEdge
 .text.ucDigitalInput_AtHiLevel
                0x00035720       0x18 ./src/spiutils.o
                0x00035720                ucDigitalInput_AtHiLevel
 .text.vTrasferisciDaCommesseAlistaLavori
                0x00035738      0x308 ./src/spiutils.o
                0x00035738                vTrasferisciDaCommesseAlistaLavori
 .text.inpToOut
                0x00035a40     0x2c98 ./src/spiutils.o
                0x00035a40                inpToOut
 .text.vTrasferisciDaListaLavoriAcommesse
                0x000386d8      0x3c4 ./src/spiutils.o
                0x000386d8                vTrasferisciDaListaLavoriAcommesse
 .text.ucHW_listaLavori
                0x00038a9c      0xb24 ./src/spiutils.o
                0x00038a9c                ucHW_listaLavori
 .text.ui_init_fpga_can_handle_wheel_inversion
                0x000395c0       0x6c ./src/spiutils.o
                0x000395c0                ui_init_fpga_can_handle_wheel_inversion
 .text.ui_zeroOK_reset_rotation_wheel_inversion
                0x0003962c       0x64 ./src/spiutils.o
                0x0003962c                ui_zeroOK_reset_rotation_wheel_inversion
 .text.ui_zeroOK_set_rotation_wheel_inversion
                0x00039690       0x6c ./src/spiutils.o
                0x00039690                ui_zeroOK_set_rotation_wheel_inversion
 .text.v_test_rotation_wheel_inversion
                0x000396fc       0x64 ./src/spiutils.o
                0x000396fc                v_test_rotation_wheel_inversion
 .text.v_init_rotation_wheel_inversion
                0x00039760       0x88 ./src/spiutils.o
                0x00039760                v_init_rotation_wheel_inversion
 .text.vVerifyInsertCodiceProdotto
                0x000397e8       0xf4 ./src/spiwin2.o
                0x000397e8                vVerifyInsertCodiceProdotto
 .text.ucAlignJobsRunningAndSelected
                0x000398dc       0xec ./src/spiwin2.o
                0x000398dc                ucAlignJobsRunningAndSelected
 .text.uiGetNumValidationCodeList
                0x000399c8       0x10 ./src/spiwin2.o
                0x000399c8                uiGetNumValidationCodeList
 .text.vCodelistTouched
                0x000399d8       0x18 ./src/spiwin2.o
                0x000399d8                vCodelistTouched
 .text.vValidateCodeList
                0x000399f0       0x80 ./src/spiwin2.o
                0x000399f0                vValidateCodeList
 .text.ucIsValidCodeList
                0x00039a70       0x98 ./src/spiwin2.o
                0x00039a70                ucIsValidCodeList
 .text.vSetActiveProductCode
                0x00039b08       0x98 ./src/spiwin2.o
                0x00039b08                vSetActiveProductCode
 .text.vRefreshActiveProductCode
                0x00039ba0       0x10 ./src/spiwin2.o
                0x00039ba0                vRefreshActiveProductCode
 .text.vUpdateActiveCodeInJobList
                0x00039bb0       0x58 ./src/spiwin2.o
                0x00039bb0                vUpdateActiveCodeInJobList
 .text.ucIdxCodeInJobList
                0x00039c08       0x7c ./src/spiwin2.o
                0x00039c08                ucIdxCodeInJobList
 .text.ucInsertCodeInJobList
                0x00039c84      0x13c ./src/spiwin2.o
                0x00039c84                ucInsertCodeInJobList
 .text.ucDeleteCodeInJobList_Idx
                0x00039dc0      0x1c0 ./src/spiwin2.o
                0x00039dc0                ucDeleteCodeInJobList_Idx
 .text.ucDeleteCodeInJobList
                0x00039f80       0x10 ./src/spiwin2.o
                0x00039f80                ucDeleteCodeInJobList
 .text.ucPurgeManualCodesInJobList
                0x00039f90       0x7c ./src/spiwin2.o
                0x00039f90                ucPurgeManualCodesInJobList
 .text.pFindManualCodeInJobList
                0x0003a00c       0x8c ./src/spiwin2.o
                0x0003a00c                pFindManualCodeInJobList
 .text.ucPurgeJobList
                0x0003a098       0x94 ./src/spiwin2.o
                0x0003a098                ucPurgeJobList
 .text.vInitListaCodici
                0x0003a12c       0x68 ./src/spiwin2.o
                0x0003a12c                vInitListaCodici
 .text.vGetValueParametro_spiwin2
                0x0003a194      0x1d8 ./src/spiwin2.o
                0x0003a194                vGetValueParametro_spiwin2
 .text.vSetValueParametro_spiwin2
                0x0003a36c      0x1bc ./src/spiwin2.o
                0x0003a36c                vSetValueParametro_spiwin2
 .text.ucCtrlMinMaxValue
                0x0003a528      0x1f4 ./src/spiwin2.o
                0x0003a528                ucCtrlMinMaxValue
 .text.vEmptyLavoroInLista
                0x0003a71c       0xa4 ./src/spiwin2.o
                0x0003a71c                vEmptyLavoroInLista
 .text.ucHW_modificaLavoro
                0x0003a7c0     0x1184 ./src/spiwin2.o
                0x0003a7c0                ucHW_modificaLavoro
 .text.ucHW_inserisciOhmMfili
                0x0003b944      0x81c ./src/spiwin2.o
                0x0003b944                ucHW_inserisciOhmMfili
 .text.vCalcTempoResiduo
                0x0003c160      0x32c ./src/spiwin2.o
                0x0003c160                vCalcTempoResiduo
 .text.ucHW_inserisciLottoDiretto
                0x0003c48c      0xe60 ./src/spiwin2.o
                0x0003c48c                ucHW_inserisciLottoDiretto
 .text.ucHW_CalibraSensore
                0x0003d2ec     0x12b4 ./src/spiwin2.o
                0x0003d2ec                ucHW_CalibraSensore
 .text.ucHW_CambioBoccola
                0x0003e5a0      0x720 ./src/spiwin2.o
                0x0003e5a0                ucHW_CambioBoccola
 .text.ucHW_AltriParametriProduzione
                0x0003ecc0      0x87c ./src/spiwin2.o
                0x0003ecc0                ucHW_AltriParametriProduzione
 .text.vAggiornaPosizioneSpaziaturaColtello
                0x0003f53c      0x25c ./src/spiwin2.o
                0x0003f53c                vAggiornaPosizioneSpaziaturaColtello
 .text.ucHW_TaraDistanziatore
                0x0003f798      0xa4c ./src/spiwin2.o
                0x0003f798                ucHW_TaraDistanziatore
 .text.GPIOResetInit
                0x000401e4       0x80 ./src/target.o
                0x000401e4                GPIOResetInit
 .text.ConfigurePLL
                0x00040264       0xf8 ./src/target.o
                0x00040264                ConfigurePLL
 .text.TargetResetInit
                0x0004035c       0x4c ./src/target.o
                0x0004035c                TargetResetInit
 .text.vVdip_pause
                0x000403a8       0x18 ./src/vdip.o
                0x000403a8                vVdip_pause
 .text.uiVdipHasData
                0x000403c0       0xa0 ./src/vdip.o
                0x000403c0                uiVdipHasData
 .text.ucReadVdipByte
                0x00040460       0x4c ./src/vdip.o
                0x00040460                ucReadVdipByte
 .text.vReceiveVdipString
                0x000404ac       0xec ./src/vdip.o
                0x000404ac                vReceiveVdipString
 .text.vSendVdipString
                0x00040598       0xe8 ./src/vdip.o
                0x00040598                vSendVdipString
 .text.vSendVdipString_NOCR
                0x00040680       0xb4 ./src/vdip.o
                0x00040680                vSendVdipString_NOCR
 .text.vInitVdip
                0x00040734       0x2c ./src/vdip.o
                0x00040734                vInitVdip
 .text.ucHandleVdipStati
                0x00040760      0x64c ./src/vdip.o
                0x00040760                ucHandleVdipStati
 .text.xxtea_decode
                0x00040dac       0xfc ./src/xxtea.o
                0x00040dac                xxtea_decode
 .text.mem_cpy  0x00040ea8       0x1c ./ff9/src/ff.o
 .text.mem_set  0x00040ec4       0x14 ./ff9/src/ff.o
 .text.sum_sfn  0x00040ed8       0x2c ./ff9/src/ff.o
 .text.move_window
                0x00040f04      0x14c ./ff9/src/ff.o
 .text.sync     0x00041050      0x158 ./ff9/src/ff.o
 .text.check_fs
                0x000411a8       0xb0 ./ff9/src/ff.o
 .text.chk_mounted
                0x00041258      0x548 ./ff9/src/ff.o
 .text.validate
                0x000417a0       0x54 ./ff9/src/ff.o
 .text.clust2sect
                0x000417f4       0x54 ./ff9/src/ff.o
                0x000417f4                clust2sect
 .text.get_fat  0x00041848      0x1bc ./ff9/src/ff.o
                0x00041848                get_fat
 .text.dir_sdi  0x00041a04      0x258 ./ff9/src/ff.o
 .text.put_fat  0x00041c5c      0x1e4 ./ff9/src/ff.o
                0x00041c5c                put_fat
 .text.create_chain
                0x00041e40      0x1c4 ./ff9/src/ff.o
 .text.dir_next
                0x00042004      0x3d4 ./ff9/src/ff.o
 .text.dir_find.part.4
                0x000423d8      0x278 ./ff9/src/ff.o
 .text.follow_path
                0x00042650      0x57c ./ff9/src/ff.o
 .text.dir_read
                0x00042bcc      0x228 ./ff9/src/ff.o
 .text.dir_remove
                0x00042df4      0x100 ./ff9/src/ff.o
 .text.remove_chain
                0x00042ef4      0x108 ./ff9/src/ff.o
 .text.gen_numname
                0x00042ffc       0xdc ./ff9/src/ff.o
                0x00042ffc                gen_numname
 .text.dir_register
                0x000430d8      0x4dc ./ff9/src/ff.o
 .text.f_mount  0x000435b4       0x3c ./ff9/src/ff.o
                0x000435b4                f_mount
 .text.f_open   0x000435f0      0x30c ./ff9/src/ff.o
                0x000435f0                f_open
 .text.f_read   0x000438fc      0x3c0 ./ff9/src/ff.o
                0x000438fc                f_read
 .text.f_write  0x00043cbc      0x4ac ./ff9/src/ff.o
                0x00043cbc                f_write
 .text.f_sync   0x00044168      0x1d8 ./ff9/src/ff.o
                0x00044168                f_sync
 .text.f_close  0x00044340       0x28 ./ff9/src/ff.o
                0x00044340                f_close
 .text.f_lseek  0x00044368      0x4c8 ./ff9/src/ff.o
                0x00044368                f_lseek
 .text.f_unlink
                0x00044830      0x178 ./ff9/src/ff.o
                0x00044830                f_unlink
 .text.f_rename
                0x000449a8      0x1f0 ./ff9/src/ff.o
                0x000449a8                f_rename
 .text.ui_is_enabled_callback
                0x00044b98       0x54 ./CANopen_stack/LPC2388/CO_driver.o
                0x00044b98                ui_is_enabled_callback
 .text.canRegisterCallback
                0x00044bec       0x48 ./CANopen_stack/LPC2388/CO_driver.o
                0x00044bec                canRegisterCallback
 .text.can_send
                0x00044c34      0x1a0 ./CANopen_stack/LPC2388/CO_driver.o
                0x00044c34                can_send
 .text.memcpySwap2
                0x00044dd4        0x4 ./CANopen_stack/LPC2388/CO_driver.o
                0x00044dd4                memcpySwap2
 .text.memcpySwap4
                0x00044dd8        0x4 ./CANopen_stack/LPC2388/CO_driver.o
                0x00044dd8                memcpySwap4
 .text.CO_CANsetConfigurationMode
                0x00044ddc       0x30 ./CANopen_stack/LPC2388/CO_driver.o
                0x00044ddc                CO_CANsetConfigurationMode
 .text.CO_CANsetNormalMode
                0x00044e0c       0x2c ./CANopen_stack/LPC2388/CO_driver.o
                0x00044e0c                CO_CANsetNormalMode
 .text.CO_CANmodule_init
                0x00044e38      0x31c ./CANopen_stack/LPC2388/CO_driver.o
                0x00044e38                CO_CANmodule_init
 .text.CO_CANmodule_delete
                0x00045154       0x70 ./CANopen_stack/LPC2388/CO_driver.o
                0x00045154                CO_CANmodule_delete
 .text.CO_CANrxBufferInit
                0x000451c4       0xec ./CANopen_stack/LPC2388/CO_driver.o
                0x000451c4                CO_CANrxBufferInit
 .text.CO_CANtxBufferInit
                0x000452b0       0x9c ./CANopen_stack/LPC2388/CO_driver.o
                0x000452b0                CO_CANtxBufferInit
 .text.CO_CANsend
                0x0004534c       0xc0 ./CANopen_stack/LPC2388/CO_driver.o
                0x0004534c                CO_CANsend
 .text.CO_CANclearPendingSyncPDOs
                0x0004540c        0x8 ./CANopen_stack/LPC2388/CO_driver.o
                0x0004540c                CO_CANclearPendingSyncPDOs
 .text.CO_CANverifyErrors
                0x00045414        0x4 ./CANopen_stack/LPC2388/CO_driver.o
                0x00045414                CO_CANverifyErrors
 .text.CO_CANinterrupt
                0x00045418      0x210 ./CANopen_stack/LPC2388/CO_driver.o
                0x00045418                CO_CANinterrupt
 .text.CO_ODF_2101
                0x00045628       0x5c ./CANopen_stack/LPC2388/co_od.o