Archive member included because of file (symbol)

/usr/local/lpcxpresso_7.8.0_426/lpcxpresso/tools/bin/../lib/gcc/arm-none-eabi/4.9.3/../../../../arm-none-eabi/lib/libcr_c.a(memcpy.o)
                              ./src/Anybus.o (memcpy)
/usr/local/lpcxpresso_7.8.0_426/lpcxpresso/tools/bin/../lib/gcc/arm-none-eabi/4.9.3/../../../../arm-none-eabi/lib/libcr_c.a(memset.o)
                              ./src/Anybus.o (memset)
/usr/local/lpcxpresso_7.8.0_426/lpcxpresso/tools/bin/../lib/gcc/arm-none-eabi/4.9.3/../../../../arm-none-eabi/lib/libcr_c.a(alloc.o)
                              ./src/az4186_files.o (malloc)
/usr/local/lpcxpresso_7.8.0_426/lpcxpresso/tools/bin/../lib/gcc/arm-none-eabi/4.9.3/../../../../arm-none-eabi/lib/libcr_c.a(ctype.o)
                              ./src/az4186_eeprom_24c04.o (toupper)
/usr/local/lpcxpresso_7.8.0_426/lpcxpresso/tools/bin/../lib/gcc/arm-none-eabi/4.9.3/../../../../arm-none-eabi/lib/libcr_c.a(fabs.o)
                              ./src/popup.o (fabs)
/usr/local/lpcxpresso_7.8.0_426/lpcxpresso/tools/bin/../lib/gcc/arm-none-eabi/4.9.3/../../../../arm-none-eabi/lib/libcr_c.a(fpprintf.o)
                              ./src/Anybus.o (sprintf)
/usr/local/lpcxpresso_7.8.0_426/lpcxpresso/tools/bin/../lib/gcc/arm-none-eabi/4.9.3/../../../../arm-none-eabi/lib/libcr_c.a(memcmp.o)
                              ./src/az4186_program_codes.o (memcmp)
/usr/local/lpcxpresso_7.8.0_426/lpcxpresso/tools/bin/../lib/gcc/arm-none-eabi/4.9.3/../../../../arm-none-eabi/lib/libcr_c.a(printf.o)
                              /usr/local/lpcxpresso_7.8.0_426/lpcxpresso/tools/bin/../lib/gcc/arm-none-eabi/4.9.3/../../../../arm-none-eabi/lib/libcr_c.a(fpprintf.o) (__vfprintf)
/usr/local/lpcxpresso_7.8.0_426/lpcxpresso/tools/bin/../lib/gcc/arm-none-eabi/4.9.3/../../../../arm-none-eabi/lib/libcr_c.a(scanf.o)
                              ./src/params.o (sscanf)
/usr/local/lpcxpresso_7.8.0_426/lpcxpresso/tools/bin/../lib/gcc/arm-none-eabi/4.9.3/../../../../arm-none-eabi/lib/libcr_c.a(stdio.o)
                              /usr/local/lpcxpresso_7.8.0_426/lpcxpresso/tools/bin/../lib/gcc/arm-none-eabi/4.9.3/../../../../arm-none-eabi/lib/libcr_c.a(fpprintf.o) (__Ciob)
/usr/local/lpcxpresso_7.8.0_426/lpcxpresso/tools/bin/../lib/gcc/arm-none-eabi/4.9.3/../../../../arm-none-eabi/lib/libcr_c.a(stdlib.o)
                              ./src/az4186_emc.o (rand)
/usr/local/lpcxpresso_7.8.0_426/lpcxpresso/tools/bin/../lib/gcc/arm-none-eabi/4.9.3/../../../../arm-none-eabi/lib/libcr_c.a(strcat.o)
                              ./src/Anybus.o (strcat)
/usr/local/lpcxpresso_7.8.0_426/lpcxpresso/tools/bin/../lib/gcc/arm-none-eabi/4.9.3/../../../../arm-none-eabi/lib/libcr_c.a(strchr.o)
                              ./src/Anybus.o (strchr)
/usr/local/lpcxpresso_7.8.0_426/lpcxpresso/tools/bin/../lib/gcc/arm-none-eabi/4.9.3/../../../../arm-none-eabi/lib/libcr_c.a(strcmp.o)
                              ./src/az4186_eeprom_24c04.o (strcmp)
/usr/local/lpcxpresso_7.8.0_426/lpcxpresso/tools/bin/../lib/gcc/arm-none-eabi/4.9.3/../../../../arm-none-eabi/lib/libcr_c.a(strcpy.o)
                              ./src/Anybus.o (strcpy)
/usr/local/lpcxpresso_7.8.0_426/lpcxpresso/tools/bin/../lib/gcc/arm-none-eabi/4.9.3/../../../../arm-none-eabi/lib/libcr_c.a(strlen.o)
                              ./src/Anybus.o (strlen)
/usr/local/lpcxpresso_7.8.0_426/lpcxpresso/tools/bin/../lib/gcc/arm-none-eabi/4.9.3/../../../../arm-none-eabi/lib/libcr_c.a(strncat.o)
                              ./src/Anybus.o (strncat)
/usr/local/lpcxpresso_7.8.0_426/lpcxpresso/tools/bin/../lib/gcc/arm-none-eabi/4.9.3/../../../../arm-none-eabi/lib/libcr_c.a(strncmp.o)
                              ./src/Anybus.o (strncmp)
/usr/local/lpcxpresso_7.8.0_426/lpcxpresso/tools/bin/../lib/gcc/arm-none-eabi/4.9.3/../../../../arm-none-eabi/lib/libcr_c.a(strncpy.o)
                              ./src/Anybus.o (strncpy)
/usr/local/lpcxpresso_7.8.0_426/lpcxpresso/tools/bin/../lib/gcc/arm-none-eabi/4.9.3/../../../../arm-none-eabi/lib/libcr_c.a(strstr.o)
                              ./src/Anybus.o (strstr)
/usr/local/lpcxpresso_7.8.0_426/lpcxpresso/tools/bin/../lib/gcc/arm-none-eabi/4.9.3/../../../../arm-none-eabi/lib/libcr_c.a(ungetc.o)
                              /usr/local/lpcxpresso_7.8.0_426/lpcxpresso/tools/bin/../lib/gcc/arm-none-eabi/4.9.3/../../../../arm-none-eabi/lib/libcr_c.a(scanf.o) (ungetc)
/usr/local/lpcxpresso_7.8.0_426/lpcxpresso/tools/bin/../lib/gcc/arm-none-eabi/4.9.3/../../../../arm-none-eabi/lib/libcr_c.a(__fillbuf.o)
                              /usr/local/lpcxpresso_7.8.0_426/lpcxpresso/tools/bin/../lib/gcc/arm-none-eabi/4.9.3/../../../../arm-none-eabi/lib/libcr_c.a(scanf.o) (__filbuf)
/usr/local/lpcxpresso_7.8.0_426/lpcxpresso/tools/bin/../lib/gcc/arm-none-eabi/4.9.3/../../../../arm-none-eabi/lib/libcr_c.a(__init_alloc.o)
[...]
Memory Configuration

Name             Origin             Length             Attributes
MFlash512        0x00000000         0x0007e000         xr
Ram64            0x40000000         0x00010000         xrw
RAM_ETH_16       0x7fe00000         0x00004000         xrw
RAM_USB_16       0x7fd00000         0x00004000         xrw
RAM_RTC_2        0xe0084000         0x00000800         xrw
AZ4186_NVRAM     0x81000000         0x00008000         rw
*default*        0x00000000         0xffffffff

Linker script and memory map

LOAD ./src/Anybus.o
LOAD ./src/I2C_Master.o
LOAD ./src/az4186_can.o
LOAD ./src/az4186_dac.o
LOAD ./src/az4186_eeprom_24c04.o
LOAD ./src/az4186_emc.o
LOAD ./src/az4186_files.o
LOAD ./src/az4186_initHw.o
LOAD ./src/az4186_items.o
LOAD ./src/az4186_program_codes.o
LOAD ./src/az4186_temperature_compensation.o
LOAD ./src/az4186_window_temperature_compensation.o
LOAD ./src/codelist.o
LOAD ./src/crp.o
LOAD ./src/diskio.o
LOAD ./src/dma.o
LOAD ./src/fat_time.o
LOAD ./src/file_list.o
LOAD ./src/gui.o
LOAD ./src/i2c.o
LOAD ./src/inverse_v1.o
LOAD ./src/lcd.o
LOAD ./src/main.o
LOAD ./src/mci.o
LOAD ./src/params.o
LOAD ./src/popup.o
LOAD ./src/rtcDS3231_newer.o
LOAD ./src/spi.o
LOAD ./src/spidbg.o
LOAD ./src/spiglb.o
LOAD ./src/spimis.o
LOAD ./src/spiutils.o
LOAD ./src/spiwin2.o
LOAD ./src/target.o
LOAD ./src/vdip.o
LOAD ./src/xxtea.o
LOAD ./ff9/src/option/ccsbcs.o
LOAD ./ff9/src/option/syscall.o
LOAD ./ff9/src/ff.o
LOAD ./CANopen_stack/LPC2388/CO_driver.o
LOAD ./CANopen_stack/LPC2388/co_od.o
LOAD ./CANopen_stack/CANopen.o
LOAD ./CANopen_stack/CO_Emergency.o
LOAD ./CANopen_stack/CO_HBconsumer.o
LOAD ./CANopen_stack/CO_NMT_Heartbeat.o
LOAD ./CANopen_stack/CO_PDO.o
LOAD ./CANopen_stack/CO_SDO.o
LOAD ./CANopen_stack/CO_SDOmaster.o
LOAD ./CANopen_stack/CO_SYNC.o
START GROUP
LOAD /usr/local/lpcxpresso_7.8.0_426/lpcxpresso/tools/bin/../lib/gcc/arm-none-eabi/4.9.3/../../../../arm-none-eabi/lib/libcr_nohost.a
LOAD /usr/local/lpcxpresso_7.8.0_426/lpcxpresso/tools/bin/../lib/gcc/arm-none-eabi/4.9.3/../../../../arm-none-eabi/lib/libcr_c.a
LOAD /usr/local/lpcxpresso_7.8.0_426/lpcxpresso/tools/bin/../lib/gcc/arm-none-eabi/4.9.3/libcr_eabihelpers.a
END GROUP
                0x0007e000                __top_MFlash512 = 0x7e000
                0x40010000                __top_Ram64 = 0x40010000
                0x7fe04000                __top_RAM_ETH_16 = 0x7fe04000
                0x7fd04000                __top_RAM_USB_16 = 0x7fd04000
                0xe0084800                __top_RAM_RTC_2 = 0xe0084800
                0x00000c00                _Minimum_Stack_Size = 0xc00
                0x00002000                _Minimum_Heap_Size = 0x2000
                0x00000000                PROVIDE (_start, 0x0)

user_fw_version
                0x00008000       0x29
 user_fw_version
                0x00008000       0x29 ./src/main.o
                0x00008000                ucFirmwareVersion

MAIN_ENTRY_POINT
                0x00008100       0x60
 *(.MAIN_ENTRY_POINT)
 *(.text.main)
 MAIN_ENTRY_POINT
                0x00008100       0x60 ./src/main.o
                0x00008100                main

.text           0x00008160    0x49844
 *(.text*)
 .text          0x00008160        0x0 ./src/Anybus.o
 .text.ucInitDataProducer_productList
                0x00008160       0x24 ./src/Anybus.o
                0x00008160                ucInitDataProducer_productList
 .text.vUpdateAnybusLogString
                0x00008184      0x124 ./src/Anybus.o
 .text.ucDataProducer_productList
                0x000082a8      0x278 ./src/Anybus.o
                0x000082a8                ucDataProducer_productList
 .text.ucInitDataConsumer_productList
                0x00008520       0x40 ./src/Anybus.o
                0x00008520                ucInitDataConsumer_productList
 .text.us_swap_bytes
                0x00008560       0x14 ./src/Anybus.o
                0x00008560                us_swap_bytes
 .text.vUartAnybus_Init
                0x00008574       0x20 ./src/Anybus.o
                0x00008574                vUartAnybus_Init
 .text.uiUartAnybus_getRxByte
                0x00008594       0x3c ./src/Anybus.o
                0x00008594                uiUartAnybus_getRxByte
 .text.ucUartAnybus_PostTxCommand
                0x000085d0       0x28 ./src/Anybus.o
                0x000085d0                ucUartAnybus_PostTxCommand
 .text.vUartAnybus_RefreshStatus
                0x000085f8       0x6c ./src/Anybus.o
                0x000085f8                vUartAnybus_RefreshStatus
 .text.vUartAnybus_Handle
                0x00008664      0x128 ./src/Anybus.o
                0x00008664                vUartAnybus_Handle
 .text.uiModbus_Crc
                0x0000878c       0x44 ./src/Anybus.o
                0x0000878c                uiModbus_Crc
 .text.puc_assign_us_swapped_bytes
                0x000087d0       0x14 ./src/Anybus.o
                0x000087d0                puc_assign_us_swapped_bytes
 .text.ucAnybus_TxMessageBusy
                0x000087e4       0x1c ./src/Anybus.o
                0x000087e4                ucAnybus_TxMessageBusy
 .text.ucAnybus_TxMessageOk
                0x00008800       0x1c ./src/Anybus.o
                0x00008800                ucAnybus_TxMessageOk
 .text.vAnybusTxRx_Init
                0x0000881c       0x24 ./src/Anybus.o
                0x0000881c                vAnybusTxRx_Init
 .text.ucPostAnybusMessage_updateParameter
                0x00008840       0xdc ./src/Anybus.o
                0x00008840                ucPostAnybusMessage_updateParameter
 .text.ucPostAnybusMessage_generalParameterWrite
                0x0000891c       0x38 ./src/Anybus.o
                0x0000891c                ucPostAnybusMessage_generalParameterWrite
 .text.ucPostAnybusMessage_generalParameterRead
                0x00008954       0x38 ./src/Anybus.o
                0x00008954                ucPostAnybusMessage_generalParameterRead
 .text.ucCreateApplicationParameter
                0x0000898c      0x1c0 ./src/Anybus.o
                0x0000898c                ucCreateApplicationParameter
 .text.ucAnybus_FileWrite
                0x00008b4c       0xa0 ./src/Anybus.o
                0x00008b4c                ucAnybus_FileWrite
 .text.ucAnybus_FileRead
                0x00008bec       0x7c ./src/Anybus.o
                0x00008bec                ucAnybus_FileRead
 .text.ucAnybus_FileClose
                0x00008c68       0x6c ./src/Anybus.o
                0x00008c68                ucAnybus_FileClose
 .text.ucAnybus_FileOpen
                0x00008cd4       0x98 ./src/Anybus.o
                0x00008cd4                ucAnybus_FileOpen
 .text.ucAnybus_FileDelete
                0x00008d6c       0x84 ./src/Anybus.o
                0x00008d6c                ucAnybus_FileDelete
 .text.vReinitTimers_AnybusTxRx
                0x00008df0       0x30 ./src/Anybus.o
                0x00008df0                vReinitTimers_AnybusTxRx
 .text.pucAnybus_GetReadRegMsgBody
                0x00008e20        0xc ./src/Anybus.o
                0x00008e20                pucAnybus_GetReadRegMsgBody
 .text.vAnybusTxRx_Handle
                0x00008e2c      0x834 ./src/Anybus.o
                0x00008e2c                vAnybusTxRx_Handle
 .text.uiCanIAcceptRemoteControl
                0x00009660       0x94 ./src/Anybus.o
                0x00009660                uiCanIAcceptRemoteControl
 .text.pcGetAnybusMacAddress
                0x000096f4        0xc ./src/Anybus.o
                0x000096f4                pcGetAnybusMacAddress
 .text.pcSkipBlank
                0x00009700       0x30 ./src/Anybus.o
                0x00009700                pcSkipBlank
 .text.pcFindBlank
                0x00009730       0x30 ./src/Anybus.o
                0x00009730                pcFindBlank
 .text.pcFindChar
                0x00009760       0x28 ./src/Anybus.o
                0x00009760                pcFindChar
 .text.ucDataConsumer_productList
                0x00009788      0x508 ./src/Anybus.o
                0x00009788                ucDataConsumer_productList
 .text.ucInitDataProducer_productArchive
                0x00009c90       0x4c ./src/Anybus.o
                0x00009c90                ucInitDataProducer_productArchive
 .text.ucDataProducer_productArchive
                0x00009cdc      0x30c ./src/Anybus.o
                0x00009cdc                ucDataProducer_productArchive
 .text.vUpdateAnybusStartString
                0x00009fe8       0xb0 ./src/Anybus.o
                0x00009fe8                vUpdateAnybusStartString
 .text.vUpdateAnybusProductionString
                0x0000a098       0xb0 ./src/Anybus.o
                0x0000a098                vUpdateAnybusProductionString
 .text.vUpdateAnybusEndProductionString
                0x0000a148       0xb0 ./src/Anybus.o
                0x0000a148                vUpdateAnybusEndProductionString
 .text.vAnybusSprintProductionString
                0x0000a1f8       0x94 ./src/Anybus.o
                0x0000a1f8                vAnybusSprintProductionString
 .text.vLog_production_log
                0x0000a28c       0x98 ./src/Anybus.o
                0x0000a28c                vLog_production_log
 .text.vLogStartProduzione
                0x0000a324       0xc4 ./src/Anybus.o
                0x0000a324                vLogStartProduzione
 .text.vLogStopProduzione
                0x0000a3e8       0xa0 ./src/Anybus.o
                0x0000a3e8                vLogStopProduzione
 .text.vLogEndProduzione
                0x0000a488       0x80 ./src/Anybus.o
                0x0000a488                vLogEndProduzione
 .text.vLogAlarm
                0x0000a508       0xc4 ./src/Anybus.o
                0x0000a508                vLogAlarm
 .text.ucRemoteCommandRunning
                0x0000a5cc       0x10 ./src/Anybus.o
                0x0000a5cc                ucRemoteCommandRunning
 .text.ucRemoteCommandAsking
                0x0000a5dc       0x10 ./src/Anybus.o
                0x0000a5dc                ucRemoteCommandAsking
 .text.vRemoteCommandsFlagsInit
                0x0000a5ec       0x24 ./src/Anybus.o
                0x0000a5ec                vRemoteCommandsFlagsInit
 .text.vRemoteCommandAskingSet
                0x0000a610       0x3c ./src/Anybus.o
                0x0000a610                vRemoteCommandAskingSet
 .text.vRemoteCommandAskingReply
                0x0000a64c       0x44 ./src/Anybus.o
                0x0000a64c                vRemoteCommandAskingReply
 .text.vInitStructSuspendAnybusOp
                0x0000a690       0x20 ./src/Anybus.o
                0x0000a690                vInitStructSuspendAnybusOp
 .text.vHMA_init
                0x0000a6b0       0xa4 ./src/Anybus.o
                0x0000a6b0                vHMA_init
 .text.uiHasBeenAckRequestSuspendAnybusOp
                0x0000a754       0x34 ./src/Anybus.o
                0x0000a754                uiHasBeenAckRequestSuspendAnybusOp
 .text.uiHasBeenRequestSuspendAnybusOp
                0x0000a788       0x18 ./src/Anybus.o
                0x0000a788                uiHasBeenRequestSuspendAnybusOp
 .text.uiRequestSuspendAnybusOp
                0x0000a7a0       0x24 ./src/Anybus.o
                0x0000a7a0                uiRequestSuspendAnybusOp
 .text.uiSignalSuspendAnybusOp
                0x0000a7c4       0x20 ./src/Anybus.o
                0x0000a7c4                uiSignalSuspendAnybusOp
 .text.vHMA_handle
                0x0000a7e4     0x1410 ./src/Anybus.o
                0x0000a7e4                vHMA_handle
 .text          0x0000bbf4        0x0 ./src/I2C_Master.o
 .text.ucWaitI2Cbus
                0x0000bbf4       0xf4 ./src/I2C_Master.o
                0x0000bbf4                ucWaitI2Cbus
 .text.vSignalI2Cbus
                0x0000bce8        0x4 ./src/I2C_Master.o
                0x0000bce8                vSignalI2Cbus
 .text.SendByteMax519
                0x0000bcec       0x94 ./src/I2C_Master.o
                0x0000bcec                SendByteMax519
 .text.ucSendCommandPosTaglioMax519_Interrupt
                0x0000bd80       0xa0 ./src/I2C_Master.o
                0x0000bd80                ucSendCommandPosTaglioMax519_Interrupt
 .text.ucSendCommandPosTaglioMax519_Main
                0x0000be20       0x84 ./src/I2C_Master.o
                0x0000be20                ucSendCommandPosTaglioMax519_Main
 .text.vInitI2c
                0x0000bea4       0x24 ./src/I2C_Master.o
                0x0000bea4                vInitI2c
 .text          0x0000bec8        0x0 ./src/az4186_can.o
 .text.IRQ_Handler_canopen_timer0
                0x0000bec8       0x68 ./src/az4186_can.o
 .text.ui_init_canbus.part.0
                0x0000bf30      0x1b4 ./src/az4186_can.o
 .text.ui_init_canbus
                0x0000c0e4       0x18 ./src/az4186_can.o
                0x0000c0e4                ui_init_canbus
 .text.CAN_set_acceptance_filter_lookup
                0x0000c0fc       0xac ./src/az4186_can.o
                0x0000c0fc                CAN_set_acceptance_filter_lookup
 .text.CAN_set_acceptance_filter
                0x0000c1a8       0x90 ./src/az4186_can.o
                0x0000c1a8                CAN_set_acceptance_filter
 .text.dw_can1_send_message
                0x0000c238       0xc4 ./src/az4186_can.o
                0x0000c238                dw_can1_send_message
 .text.dw_can2_send_message
                0x0000c2fc       0xcc ./src/az4186_can.o
                0x0000c2fc                dw_can2_send_message
 .text.ui_can_test
                0x0000c3c8      0x150 ./src/az4186_can.o
                0x0000c3c8                ui_can_test
 .text.CAN1callback
                0x0000c518       0x2c ./src/az4186_can.o
                0x0000c518                CAN1callback
 .text.CAN_ISR_Rx1
                0x0000c544       0xc8 ./src/az4186_can.o
                0x0000c544                CAN_ISR_Rx1
 .text.CAN2callback
                0x0000c60c       0x2c ./src/az4186_can.o
                0x0000c60c                CAN2callback
 .text.CAN_ISR_Rx2
                0x0000c638       0xc8 ./src/az4186_can.o
                0x0000c638                CAN_ISR_Rx2
 .text.CAN_irq_handler
                0x0000c700       0xac ./src/az4186_can.o
                0x0000c700                CAN_irq_handler
 .text.ui_write_canopen_parameter
                0x0000c7ac       0x88 ./src/az4186_can.o
                0x0000c7ac                ui_write_canopen_parameter
 .text.ui_check_end_of_parameter_write
                0x0000c834       0x90 ./src/az4186_can.o
                0x0000c834                ui_check_end_of_parameter_write
 .text.ui_set_canopen_analog_input_refresh_period_ms
                0x0000c8c4       0x34 ./src/az4186_can.o
                0x0000c8c4                ui_set_canopen_analog_input_refresh_period_ms
 .text.ui_set_canopen_analog_input_type
                0x0000c8f8       0x30 ./src/az4186_can.o
                0x0000c8f8                ui_set_canopen_analog_input_type
 .text.ui_set_canopen_analog_input_type_2
                0x0000c928       0x34 ./src/az4186_can.o
                0x0000c928                ui_set_canopen_analog_input_type_2
 .text.v_request_data
                0x0000c95c       0x48 ./src/az4186_can.o
                0x0000c95c                v_request_data
 .text.v_canopen_nodes_operational
                0x0000c9a4       0x88 ./src/az4186_can.o
                0x0000c9a4                v_canopen_nodes_operational
 .text.v_canopen_init_timer0
                0x0000ca2c       0x7c ./src/az4186_can.o
                0x0000ca2c                v_canopen_init_timer0
 .text.ul_timer_difference_init
                0x0000caa8       0x18 ./src/az4186_can.o
                0x0000caa8                ul_timer_difference_init
 .text.ul_timer_difference_update_ms
                0x0000cac0       0x24 ./src/az4186_can.o
                0x0000cac0                ul_timer_difference_update_ms
 .text.ui_get_canopen_temperature
                0x0000cae4       0x7c ./src/az4186_can.o
                0x0000cae4                ui_get_canopen_temperature
 .text.ui_get_canopen_temperature_cold_junction
                0x0000cb60       0x54 ./src/az4186_can.o
                0x0000cb60                ui_get_canopen_temperature_cold_junction
 .text.ul_get_canbus_living_counter
                0x0000cbb4       0x10 ./src/az4186_can.o
                0x0000cbb4                ul_get_canbus_living_counter
 .text.v_update_screen
                0x0000cbc4      0x264 ./src/az4186_can.o
                0x0000cbc4                v_update_screen
 .text.v_init_canopen_init_seq
                0x0000ce28       0x20 ./src/az4186_can.o
                0x0000ce28                v_init_canopen_init_seq
 .text.v_handle_canopen_init_seq
                0x0000ce48      0x130 ./src/az4186_can.o
                0x0000ce48                v_handle_canopen_init_seq
 .text.canopen_init
                0x0000cf78       0x3c ./src/az4186_can.o
                0x0000cf78                canopen_init
 .text.CO_ODF_1010
                0x0000cfb4        0x8 ./src/az4186_can.o
                0x0000cfb4                CO_ODF_1010
 .text.CO_ODF_1011
                0x0000cfbc        0x8 ./src/az4186_can.o
                0x0000cfbc                CO_ODF_1011
 .text.ODF_testDomain
                0x0000cfc4        0x8 ./src/az4186_can.o
                0x0000cfc4                ODF_testDomain
 .text.ui_canopen_init
                0x0000cfcc       0x1c ./src/az4186_can.o
                0x0000cfcc                ui_canopen_init
 .text.ui_canopen_process
                0x0000cfe8       0x34 ./src/az4186_can.o
                0x0000cfe8                ui_canopen_process
 .text.v_process_canopen_rpdo
                0x0000d01c       0x1c ./src/az4186_can.o
                0x0000d01c                v_process_canopen_rpdo
 .text.v_process_canopen_tpdo
                0x0000d038       0x1c ./src/az4186_can.o
                0x0000d038                v_process_canopen_tpdo
 .text.ui_canopen_test
                0x0000d054       0x94 ./src/az4186_can.o
                0x0000d054                ui_canopen_test
 .text          0x0000d0e8        0x0 ./src/az4186_dac.o
 .text.vUpdateDacPortValue
                0x0000d0e8       0x38 ./src/az4186_dac.o
                0x0000d0e8                vUpdateDacPortValue
 .text.v_dac_set_output_value
                0x0000d120       0x18 ./src/az4186_dac.o
                0x0000d120                v_dac_set_output_value
 .text.vTestDac
                0x0000d138       0x28 ./src/az4186_dac.o
                0x0000d138                vTestDac
 .text.ui_read_dac_selected_portata
                0x0000d160       0x10 ./src/az4186_dac.o
                0x0000d160                ui_read_dac_selected_portata
 .text.v_dac_init
                0x0000d170       0x2c ./src/az4186_dac.o
                0x0000d170                v_dac_init
 .text          0x0000d19c        0x0 ./src/az4186_eeprom_24c04.o
 .text.ui_num_element_in_eeprom_queue
                0x0000d19c       0x20 ./src/az4186_eeprom_24c04.o
                0x0000d19c                ui_num_element_in_eeprom_queue
 .text.ui_is_full_eeprom_queue
                0x0000d1bc       0x1c ./src/az4186_eeprom_24c04.o
                0x0000d1bc                ui_is_full_eeprom_queue
 .text.ui_is_empty_eeprom_queue
                0x0000d1d8       0x18 ./src/az4186_eeprom_24c04.o
                0x0000d1d8                ui_is_empty_eeprom_queue
 .text.ui_save_eeprom
                0x0000d1f0       0x88 ./src/az4186_eeprom_24c04.o
                0x0000d1f0                ui_save_eeprom
 .text.v_eeprom_set_address
                0x0000d278       0x78 ./src/az4186_eeprom_24c04.o
                0x0000d278                v_eeprom_set_address
 .text.v_eeprom_read_bytes
                0x0000d2f0       0x5c ./src/az4186_eeprom_24c04.o
                0x0000d2f0                v_eeprom_read_bytes
 .text.v_eeprom_write_bytes
                0x0000d34c       0xd4 ./src/az4186_eeprom_24c04.o
                0x0000d34c                v_eeprom_write_bytes
 .text.ui_eeprom_verify_signature
                0x0000d420       0x4c ./src/az4186_eeprom_24c04.o
                0x0000d420                ui_eeprom_verify_signature
 .text.v_eeprom_write_signature
                0x0000d46c       0x44 ./src/az4186_eeprom_24c04.o
                0x0000d46c                v_eeprom_write_signature
 .text.v_init_eeprom
                0x0000d4b0       0x20 ./src/az4186_eeprom_24c04.o
                0x0000d4b0                v_init_eeprom
 .text.v_erase_eeprom_datum
                0x0000d4d0       0xf4 ./src/az4186_eeprom_24c04.o
                0x0000d4d0                v_erase_eeprom_datum
 .text.v_save_eeprom_datum
                0x0000d5c4       0xf8 ./src/az4186_eeprom_24c04.o
                0x0000d5c4                v_save_eeprom_datum
 .text.ui_read_eeprom_datum
                0x0000d6bc      0x110 ./src/az4186_eeprom_24c04.o
                0x0000d6bc                ui_read_eeprom_datum
 .text.ui_update_eeprom_datum
                0x0000d7cc       0x84 ./src/az4186_eeprom_24c04.o
                0x0000d7cc                ui_update_eeprom_datum
 .text.ui_load_from_eeprom_datum
                0x0000d850       0xb8 ./src/az4186_eeprom_24c04.o
                0x0000d850                ui_load_from_eeprom_datum
 .text.ui_load_from_eeprom_all_data
                0x0000d908       0x38 ./src/az4186_eeprom_24c04.o
                0x0000d908                ui_load_from_eeprom_all_data
 .text.ui_save_to_eeprom_all_data
                0x0000d940       0x44 ./src/az4186_eeprom_24c04.o
                0x0000d940                ui_save_to_eeprom_all_data
 .text.v_format_eeprom
                0x0000d984       0x58 ./src/az4186_eeprom_24c04.o
                0x0000d984                v_format_eeprom
 .text.ui_save_encrypted_param
                0x0000d9dc      0x1f8 ./src/az4186_eeprom_24c04.o
                0x0000d9dc                ui_save_encrypted_param
 .text.v_handle_eeprom
                0x0000dbd4       0x98 ./src/az4186_eeprom_24c04.o
                0x0000dbd4                v_handle_eeprom
 .text          0x0000dc6c        0x0 ./src/az4186_emc.o
 .text.ui_enable_external_ram
                0x0000dc6c       0x3c ./src/az4186_emc.o
                0x0000dc6c                ui_enable_external_ram
 .text.vEMC_az4186_fpga_init
                0x0000dca8       0xdc ./src/az4186_emc.o
                0x0000dca8                vEMC_az4186_fpga_init
 .text.ui_ext_ram_destructive_rw_test
                0x0000dd84      0x330 ./src/az4186_emc.o
                0x0000dd84                ui_ext_ram_destructive_rw_test
 .text.ui_ext_ram_retention_test
                0x0000e0b4      0x128 ./src/az4186_emc.o
                0x0000e0b4                ui_ext_ram_retention_test
 .text          0x0000e1dc        0x0 ./src/az4186_files.o
 .text.ui_write_single_object_file
                0x0000e1dc       0x6c ./src/az4186_files.o
 .text.ui_explore_dir.part.0
                0x0000e248       0x5c ./src/az4186_files.o
 .text.ui_read_single_object_file
                0x0000e2a4       0x6c ./src/az4186_files.o
                0x0000e2a4                ui_read_single_object_file
 .text.fileSystem_uiEqualJollyFileName
                0x0000e310      0x120 ./src/az4186_files.o
                0x0000e310                fileSystem_uiEqualJollyFileName
 .text.ui_file_copy
                0x0000e430       0x7c ./src/az4186_files.o
                0x0000e430                ui_file_copy
 .text.ui_f_copy
                0x0000e4ac       0x7c ./src/az4186_files.o
                0x0000e4ac                ui_f_copy
 .text.ui_explore_dir
                0x0000e528       0x60 ./src/az4186_files.o
                0x0000e528                ui_explore_dir
 .text.v_find_info_backup
                0x0000e588       0x58 ./src/az4186_files.o
                0x0000e588                v_find_info_backup
 .text.ui_restore_file
                0x0000e5e0       0xb8 ./src/az4186_files.o
                0x0000e5e0                ui_restore_file
 .text.ui_backup_file
                0x0000e698      0x298 ./src/az4186_files.o
                0x0000e698                ui_backup_file
 .text.ui_write_lcd_calibration_file
                0x0000e930       0x34 ./src/az4186_files.o
                0x0000e930                ui_write_lcd_calibration_file
 .text.ui_read_lcd_calibration_file
                0x0000e964       0x18 ./src/az4186_files.o
                0x0000e964                ui_read_lcd_calibration_file
 .text.ui_write_macparams_file
                0x0000e97c       0x34 ./src/az4186_files.o
                0x0000e97c                ui_write_macparams_file
 .text.ui_read_macparams_file
                0x0000e9b0       0x18 ./src/az4186_files.o
                0x0000e9b0                ui_read_macparams_file
 .text.pRead_private_parameter
                0x0000e9c8       0x68 ./src/az4186_files.o
                0x0000e9c8                pRead_private_parameter
 .text.pWrite_private_parameter
                0x0000ea30       0x88 ./src/az4186_files.o
                0x0000ea30                pWrite_private_parameter
 .text.pRead_custom_string20
                0x0000eab8       0x98 ./src/az4186_files.o
                0x0000eab8                pRead_custom_string20
 .text.pWrite_custom_string20
                0x0000eb50       0x8c ./src/az4186_files.o
                0x0000eb50                pWrite_custom_string20
 .text.pRead_custom_string40
                0x0000ebdc       0x90 ./src/az4186_files.o
                0x0000ebdc                pRead_custom_string40
 .text.pWrite_custom_string40
                0x0000ec6c       0x8c ./src/az4186_files.o
                0x0000ec6c                pWrite_custom_string40
 .text.ui_test_backup_restore
                0x0000ecf8      0x128 ./src/az4186_files.o
                0x0000ecf8                ui_test_backup_restore
 .text          0x0000ee20        0x0 ./src/az4186_initHw.o
 .text.disableIRQ
                0x0000ee20       0x3c ./src/az4186_initHw.o
                0x0000ee20                disableIRQ
 .text.restoreIRQ
                0x0000ee5c       0x34 ./src/az4186_initHw.o
                0x0000ee5c                restoreIRQ
 .text.enableIRQ
                0x0000ee90       0x34 ./src/az4186_initHw.o
                0x0000ee90                enableIRQ
 .text.vInitDataAndBssSections
                0x0000eec4       0x4c ./src/az4186_initHw.o
                0x0000eec4                vInitDataAndBssSections
 .text.v_wait_microseconds
                0x0000ef10       0x20 ./src/az4186_initHw.o
                0x0000ef10                v_wait_microseconds
 .text.vAZ4186_InitHwStuff
                0x0000ef30       0x7c ./src/az4186_initHw.o
                0x0000ef30                vAZ4186_InitHwStuff
 .text.v_reset_az4186
                0x0000efac       0x48 ./src/az4186_initHw.o
                0x0000efac                v_reset_az4186
 .text          0x0000eff4        0x0 ./src/az4186_items.o
 .text          0x0000eff4        0x0 ./src/az4186_program_codes.o
 .text.ui_check_version_of_product_codes_file
                0x0000eff4      0x2b0 ./src/az4186_program_codes.o
                0x0000eff4                ui_check_version_of_product_codes_file
 .text.ui_register_product_codes
                0x0000f2a4       0x58 ./src/az4186_program_codes.o
                0x0000f2a4                ui_register_product_codes
 .text.ui_product_file_read_body
                0x0000f2fc       0x6c ./src/az4186_program_codes.o
                0x0000f2fc                ui_product_file_read_body
 .text.ui_product_file_write_body
                0x0000f368       0x6c ./src/az4186_program_codes.o
                0x0000f368                ui_product_file_write_body
 .text.move_prg_pointer_retcode
                0x0000f3d4       0x98 ./src/az4186_program_codes.o
                0x0000f3d4                move_prg_pointer_retcode
 .text.ucCmpCodiciProgrammaJolly
                0x0000f46c       0x48 ./src/az4186_program_codes.o
                0x0000f46c                ucCmpCodiciProgrammaJolly
 .text.ucSearchCodiceProgramma
                0x0000f4b4      0x178 ./src/az4186_program_codes.o
                0x0000f4b4                ucSearchCodiceProgramma
 .text.uiGetActPrg
                0x0000f62c       0x10 ./src/az4186_program_codes.o
                0x0000f62c                uiGetActPrg
 .text.uiGetRunningPrg
                0x0000f63c       0x10 ./src/az4186_program_codes.o
                0x0000f63c                uiGetRunningPrg
 .text.uiSetActPrg
                0x0000f64c       0x50 ./src/az4186_program_codes.o
                0x0000f64c                uiSetActPrg
 .text.uiSetRunningPrg
                0x0000f69c       0x44 ./src/az4186_program_codes.o
                0x0000f69c                uiSetRunningPrg
 .text.ucSaveRunningPrg
                0x0000f6e0       0x5c ./src/az4186_program_codes.o
                0x0000f6e0                ucSaveRunningPrg
 .text.ucSaveActPrg
                0x0000f73c       0x70 ./src/az4186_program_codes.o
                0x0000f73c                ucSaveActPrg
 .text.v_add_default_product_code
                0x0000f7ac      0x110 ./src/az4186_program_codes.o
                0x0000f7ac                v_add_default_product_code
 .text.vInitProgramList
                0x0000f8bc       0x6c ./src/az4186_program_codes.o
                0x0000f8bc                vInitProgramList
 .text.InsertPrg
                0x0000f928       0x78 ./src/az4186_program_codes.o
                0x0000f928                InsertPrg
 .text.DeleteProgramma
                0x0000f9a0      0x12c ./src/az4186_program_codes.o
                0x0000f9a0                DeleteProgramma
 .text.v_empty_product_codes_list
                0x0000facc       0x20 ./src/az4186_program_codes.o
                0x0000facc                v_empty_product_codes_list
 .text.test_product_codes
                0x0000faec      0x140 ./src/az4186_program_codes.o
                0x0000faec                test_product_codes
 .text          0x0000fc2c        0x0 ./src/az4186_temperature_compensation.o
 .text.ui_alarm_reading_temperature
                0x0000fc2c       0x10 ./src/az4186_temperature_compensation.o
                0x0000fc2c                ui_alarm_reading_temperature
 .text.ui_temperature_compensation_warmup_finished
                0x0000fc3c       0x1c ./src/az4186_temperature_compensation.o
                0x0000fc3c                ui_temperature_compensation_warmup_finished
 .text.ui_update_first_temperature_filter
                0x0000fc58      0x158 ./src/az4186_temperature_compensation.o
                0x0000fc58                ui_update_first_temperature_filter
 .text.v_initialize_temperature_compensation
                0x0000fdb0       0x20 ./src/az4186_temperature_compensation.o
                0x0000fdb0                v_initialize_temperature_compensation
 .text.v_handle_temperature_compensation
                0x0000fdd0      0x194 ./src/az4186_temperature_compensation.o
                0x0000fdd0                v_handle_temperature_compensation
 .text.v_set_alfa_factor
                0x0000ff64       0x80 ./src/az4186_temperature_compensation.o
                0x0000ff64                v_set_alfa_factor
 .text.ui_temperature_compensation_valid
                0x0000ffe4       0x10 ./src/az4186_temperature_compensation.o
                0x0000ffe4                ui_temperature_compensation_valid
 .text.i_ro_compensate_temperature
                0x0000fff4       0xc8 ./src/az4186_temperature_compensation.o
                0x0000fff4                i_ro_compensate_temperature
 .text.i_get_last_temperature_compensation_permille_used
                0x000100bc       0x10 ./src/az4186_temperature_compensation.o
                0x000100bc                i_get_last_temperature_compensation_permille_used
 .text.ui_get_averaged_compensation_temperature_celsius
                0x000100cc       0x9c ./src/az4186_temperature_compensation.o
                0x000100cc                ui_get_averaged_compensation_temperature_celsius
 .text.f_get_temperature_from_normalized_one
                0x00010168       0x34 ./src/az4186_temperature_compensation.o
                0x00010168                f_get_temperature_from_normalized_one
 .text.f_get_alfa_factor
                0x0001019c       0x10 ./src/az4186_temperature_compensation.o
                0x0001019c                f_get_alfa_factor
 .text.v_get_temperature_compensation_stats
                0x000101ac       0x4c ./src/az4186_temperature_compensation.o
                0x000101ac                v_get_temperature_compensation_stats
 .text.ui_get_temperature_compensated_resistance
                0x000101f8       0x64 ./src/az4186_temperature_compensation.o
                0x000101f8                ui_get_temperature_compensated_resistance
 .text          0x0001025c        0x0 ./src/az4186_window_temperature_compensation.o
 .text.ui_is_valid_temp_calibration_point_on_act_prg.part.0
                0x0001025c       0x58 ./src/az4186_window_temperature_compensation.o
 .text.ui_is_valid_temp_calibration_point_on_act_prg
                0x000102b4       0x10 ./src/az4186_window_temperature_compensation.o
                0x000102b4                ui_is_valid_temp_calibration_point_on_act_prg
 .text.ucHW_temperature_compensation_params
                0x000102c4      0x780 ./src/az4186_window_temperature_compensation.o
                0x000102c4                ucHW_temperature_compensation_params
 .text          0x00010a44        0x0 ./src/codelist.o
 .text.uiLimitCommRpm
                0x00010a44      0x378 ./src/codelist.o
                0x00010a44                uiLimitCommRpm
 .text.vStringLangCopy
                0x00010dbc       0xb4 ./src/codelist.o
                0x00010dbc                vStringLangCopy
 .text.pucStringLang
                0x00010e70       0x90 ./src/codelist.o
                0x00010e70                pucStringLang
 .text.vString40LangCopy
                0x00010f00       0xac ./src/codelist.o
                0x00010f00                vString40LangCopy
 .text.ucHW_listaCodici
                0x00010fac      0x46c ./src/codelist.o
                0x00010fac                ucHW_listaCodici
 .text          0x00011418        0x0 ./src/crp.o
 .text          0x00011418        0x0 ./src/diskio.o
 .text.wait_ready
                0x00011418       0x48 ./src/diskio.o
 .text.v_generate_diag_alarm
                0x00011460       0x34 ./src/diskio.o
 .text.uiSD_Initialize
                0x00011494       0xac ./src/diskio.o
                0x00011494                uiSD_Initialize
 .text.disk_initialize
                0x00011540       0xd4 ./src/diskio.o
                0x00011540                disk_initialize
 .text.disk_status
                0x00011614       0x1c ./src/diskio.o
                0x00011614                disk_status
 .text.disk_read
                0x00011630       0xe0 ./src/diskio.o
                0x00011630                disk_read
 .text.disk_write
                0x00011710      0x12c ./src/diskio.o
                0x00011710                disk_write
 .text.disk_ioctl
                0x0001183c       0x88 ./src/diskio.o
                0x0001183c                disk_ioctl
 .text.disk_timerproc
                0x000118c4       0x3c ./src/diskio.o
                0x000118c4                disk_timerproc
 .text.ucHasBeenFile_Modified
                0x00011900       0x40 ./src/diskio.o
                0x00011900                ucHasBeenFile_Modified
 .text.ucSignalFile_Modified
                0x00011940       0x54 ./src/diskio.o
                0x00011940                ucSignalFile_Modified
 .text          0x00011994        0x0 ./src/dma.o
 .text.DMAHandler
                0x00011994       0x68 ./src/dma.o
                0x00011994                DMAHandler
 .text.DMA_Init
                0x000119fc       0x70 ./src/dma.o
                0x000119fc                DMA_Init
 .text.DMA_Move
                0x00011a6c      0x138 ./src/dma.o
                0x00011a6c                DMA_Move
 .text          0x00011ba4        0x0 ./src/fat_time.o
 .text.get_fattime
                0x00011ba4       0x60 ./src/fat_time.o
                0x00011ba4                get_fattime
 .text          0x00011c04        0x0 ./src/file_list.o
 .text.ui_file_list_crc
                0x00011c04       0x9c ./src/file_list.o
                0x00011c04                ui_file_list_crc
 .text.ui_get_header_body_size_file_list
                0x00011ca0       0xac ./src/file_list.o
                0x00011ca0                ui_get_header_body_size_file_list
 .text.open_file_list
                0x00011d4c      0x160 ./src/file_list.o
                0x00011d4c                open_file_list
 .text.create_file_list
                0x00011eac      0x144 ./src/file_list.o
                0x00011eac                create_file_list
 .text.file_list_find_element
                0x00011ff0      0x1a0 ./src/file_list.o
                0x00011ff0                file_list_find_element
 .text.insert_file_list
                0x00012190      0x2b8 ./src/file_list.o
                0x00012190                insert_file_list
 .text.delete_file_list
                0x00012448      0x23c ./src/file_list.o
                0x00012448                delete_file_list
 .text.walk_file_list
                0x00012684      0x280 ./src/file_list.o
                0x00012684                walk_file_list
 .text.close_file_list
                0x00012904       0x14 ./src/file_list.o
                0x00012904                close_file_list
 .text.v_init_file_list_registry
                0x00012918       0x24 ./src/file_list.o
                0x00012918                v_init_file_list_registry
 .text.file_list_register
                0x0001293c       0xa8 ./src/file_list.o
                0x0001293c                file_list_register
 .text.insert_reg_file_list
                0x000129e4       0x6c ./src/file_list.o
                0x000129e4                insert_reg_file_list
 .text.delete_reg_file_list
                0x00012a50       0x4c ./src/file_list.o
                0x00012a50                delete_reg_file_list
 .text.v_close_reg_file_list
                0x00012a9c       0x3c ./src/file_list.o
                0x00012a9c                v_close_reg_file_list
 .text.ul_reg_file_cur_id
                0x00012ad8       0x60 ./src/file_list.o
                0x00012ad8                ul_reg_file_cur_id
 .text.walk_reg_file_list
                0x00012b38      0x138 ./src/file_list.o
                0x00012b38                walk_reg_file_list
 .text.v_test_file_list
                0x00012c70      0x1c0 ./src/file_list.o
                0x00012c70                v_test_file_list
 .text          0x00012e30        0x0 ./src/gui.o
 .text.ucNewKeyPressed
                0x00012e30       0x10 ./src/gui.o
                0x00012e30                ucNewKeyPressed
 .text.ucGetKeyPressed
                0x00012e40       0x18 ./src/gui.o
                0x00012e40                ucGetKeyPressed
 .text.uiPixelDistance
                0x00012e58       0x10 ./src/gui.o
                0x00012e58                uiPixelDistance
 .text.vInitTextOnDisplayQueue
                0x00012e68       0x1c ./src/gui.o
                0x00012e68                vInitTextOnDisplayQueue
 .text.vInitLcdTable
                0x00012e84       0x2c ./src/gui.o
                0x00012e84                vInitLcdTable
 .text.ucNextLcdId
                0x00012eb0       0x48 ./src/gui.o
                0x00012eb0                ucNextLcdId
 .text.ucFreeLcdId
                0x00012ef8       0x44 ./src/gui.o
                0x00012ef8                ucFreeLcdId
 .text.ucDeleteTextOnDisplayQueue
                0x00012f3c       0x84 ./src/gui.o
                0x00012f3c                ucDeleteTextOnDisplayQueue
 .text.ucResetTextOnDisplayQueue
                0x00012fc0       0x3c ./src/gui.o
                0x00012fc0                ucResetTextOnDisplayQueue
 .text.myexit   0x00012ffc        0x4 ./src/gui.o
                0x00012ffc                myexit
 .text.ucInsertTextOnDisplayQueue
                0x00013000      0x100 ./src/gui.o
                0x00013000                ucInsertTextOnDisplayQueue
 .text.vRemapTextOnQueue
                0x00013100        0x4 ./src/gui.o
                0x00013100                vRemapTextOnQueue
 .text.vCalcAreaTouchScreenTesto
                0x00013104       0xe8 ./src/gui.o
                0x00013104                vCalcAreaTouchScreenTesto
 .text.ucVerifyTouchOnTesto
                0x000131ec       0x78 ./src/gui.o
                0x000131ec                ucVerifyTouchOnTesto
 .text.ucTextOnDisplay
                0x00013264       0x64 ./src/gui.o
                0x00013264                ucTextOnDisplay
 .text.ucBitmap40x25OnDisplay
                0x000132c8       0x8c ./src/gui.o
                0x000132c8                ucBitmap40x25OnDisplay
 .text.vMapTesto
                0x00013354      0x5e4 ./src/gui.o
                0x00013354                vMapTesto
 .text.ucRenderTextOnVideo
                0x00013938       0x74 ./src/gui.o
                0x00013938                ucRenderTextOnVideo
 .text.vInitImmagine
                0x000139ac       0x1c ./src/gui.o
                0x000139ac                vInitImmagine
 .text.vForceRefreshImmagine
                0x000139c8       0x1c ./src/gui.o
                0x000139c8                vForceRefreshImmagine
 .text.ucClearScreen
                0x000139e4       0x28 ./src/gui.o
                0x000139e4                ucClearScreen
 .text.vCaricaImmagine
                0x00013a0c       0x10 ./src/gui.o
                0x00013a0c                vCaricaImmagine
 .text.ucImmagineCambiata
                0x00013a1c       0x1c ./src/gui.o
                0x00013a1c                ucImmagineCambiata
 .text.vResetTextSettings
                0x00013a38       0x24 ./src/gui.o
                0x00013a38                vResetTextSettings
 .text.vCloseLCD
                0x00013a5c        0x4 ./src/gui.o
                0x00013a5c                vCloseLCD
 .text.vInitKbd
                0x00013a60      0x10c ./src/gui.o
                0x00013a60                vInitKbd
 .text.vInitLcd
                0x00013b6c       0xc8 ./src/gui.o
                0x00013b6c                vInitLcd
 .text.vCtrlPressedButtons
                0x00013c34       0x5c ./src/gui.o
                0x00013c34                vCtrlPressedButtons
 .text.vSelectFont
                0x00013c90       0x10 ./src/gui.o
                0x00013c90                vSelectFont
 .text.vSelectTextColor
                0x00013ca0       0x10 ./src/gui.o
                0x00013ca0                vSelectTextColor
 .text.vSelectBackColor
                0x00013cb0       0x10 ./src/gui.o
                0x00013cb0                vSelectBackColor
 .text.ucPrintStaticText_MediumFont_Color
                0x00013cc0       0x58 ./src/gui.o
                0x00013cc0                ucPrintStaticText_MediumFont_Color
 .text.ucPrintSmallText_ColNames
                0x00013d18       0x54 ./src/gui.o
                0x00013d18                ucPrintSmallText_ColNames
 .text.ucPrintSmallText_ColNames_BackColor
                0x00013d6c       0x54 ./src/gui.o
                0x00013d6c                ucPrintSmallText_ColNames_BackColor
 .text.ucPrintTitleButton
                0x00013dc0      0x160 ./src/gui.o
                0x00013dc0                ucPrintTitleButton
 .text.ucPrintBitmapButton
                0x00013f20       0x98 ./src/gui.o
                0x00013f20                ucPrintBitmapButton
 .text.ucPrintStaticButton
                0x00013fb8       0xec ./src/gui.o
                0x00013fb8                ucPrintStaticButton
 .text.ucSearchFieldButtonPressed
                0x000140a4       0x58 ./src/gui.o
                0x000140a4                ucSearchFieldButtonPressed
 .text.ucPrintFieldButton
                0x000140fc       0xe8 ./src/gui.o
                0x000140fc                ucPrintFieldButton
 .text.ucPrintCursorText
                0x000141e4       0x8c ./src/gui.o
                0x000141e4                ucPrintCursorText
 .text.ucPrintTextTouch
                0x00014270       0x60 ./src/gui.o
                0x00014270                ucPrintTextTouch
 .text.vCalcCoeffsLcdCalibration
                0x000142d0      0x308 ./src/gui.o
                0x000142d0                vCalcCoeffsLcdCalibration
 .text.ucCalcCrcLcdCalibra
                0x000145d8       0x30 ./src/gui.o
                0x000145d8                ucCalcCrcLcdCalibra
 .text.vSaveCoeffsLcdCalibration
                0x00014608       0x30 ./src/gui.o
                0x00014608                vSaveCoeffsLcdCalibration
 .text.vLoadCoeffsLcdCalibration
                0x00014638       0x60 ./src/gui.o
                0x00014638                vLoadCoeffsLcdCalibration
 .text.vLinearizzaPosLcd
                0x00014698      0x264 ./src/gui.o
                0x00014698                vLinearizzaPosLcd
 .text.ucCtrlTouch
                0x000148fc       0xd0 ./src/gui.o
                0x000148fc                ucCtrlTouch
 .text.ucBackGroundCtrlLcd
                0x000149cc       0x18 ./src/gui.o
                0x000149cc                ucBackGroundCtrlLcd
 .text.vCalibraLcd
                0x000149e4      0x308 ./src/gui.o
                0x000149e4                vCalibraLcd
 .text.vEnableCalibraLcd
                0x00014cec       0x10 ./src/gui.o
                0x00014cec                vEnableCalibraLcd
 .text.vVisualizeSplashScreen
                0x00014cfc       0x2c ./src/gui.o
                0x00014cfc                vVisualizeSplashScreen
 .text.ucVisualizeSplashScreen
                0x00014d28       0x90 ./src/gui.o
                0x00014d28                ucVisualizeSplashScreen
 .text.vRefreshLcd
                0x00014db8      0x27c ./src/gui.o
                0x00014db8                vRefreshLcd
 .text          0x00015034        0x0 ./src/i2c.o
 .text.I2C0MasterHandler
                0x00015034      0x2d4 ./src/i2c.o
                0x00015034                I2C0MasterHandler
 .text.ui_get_i2c_alarm_subcode
                0x00015308       0x10 ./src/i2c.o
                0x00015308                ui_get_i2c_alarm_subcode
 .text.ui_clear_i2c_alarm_subcode
                0x00015318       0x14 ./src/i2c.o
                0x00015318                ui_clear_i2c_alarm_subcode
 .text.v_generate_alarm_i2c_bus
                0x0001532c       0x40 ./src/i2c.o
                0x0001532c                v_generate_alarm_i2c_bus
 .text.v_signal_accessing_eeprom_i2c
                0x0001536c       0x10 ./src/i2c.o
                0x0001536c                v_signal_accessing_eeprom_i2c
 .text.I2CStart
                0x0001537c       0x70 ./src/i2c.o
                0x0001537c                I2CStart
 .text.I2CStop  0x000153ec       0x60 ./src/i2c.o
                0x000153ec                I2CStop
 .text.I2CInit  0x0001544c       0xb4 ./src/i2c.o
                0x0001544c                I2CInit
 .text.I2CEngine
                0x00015500       0xd0 ./src/i2c.o
                0x00015500                I2CEngine
 .text.I2CStart_noWait
                0x000155d0       0x20 ./src/i2c.o
                0x000155d0                I2CStart_noWait
 .text.I2CEngine_Start
                0x000155f0       0x5c ./src/i2c.o
                0x000155f0                I2CEngine_Start
 .text.v_i2c_engine_reset
                0x0001564c       0x44 ./src/i2c.o
                0x0001564c                v_i2c_engine_reset
 .text.I2CEngine_isEnded
                0x00015690       0x18 ./src/i2c.o
                0x00015690                I2CEngine_isEnded
 .text.v_verify_unlock_i2c_bus
                0x000156a8        0x4 ./src/i2c.o
                0x000156a8                v_verify_unlock_i2c_bus
 .text          0x000156ac        0x0 ./src/inverse_v1.o
 .text.cofactor_ij_v1
                0x000156ac      0x190 ./src/inverse_v1.o
                0x000156ac                cofactor_ij_v1
 .text.cofactor_v1
                0x0001583c       0x4c ./src/inverse_v1.o
                0x0001583c                cofactor_v1
 .text.determinant_v1
                0x00015888       0x44 ./src/inverse_v1.o
                0x00015888                determinant_v1
 .text.transpose_v1
                0x000158cc       0x40 ./src/inverse_v1.o
                0x000158cc                transpose_v1
 .text.mul_v1   0x0001590c       0x50 ./src/inverse_v1.o
                0x0001590c                mul_v1
 .text.inverse_v1
                0x0001595c       0x5c ./src/inverse_v1.o
                0x0001595c                inverse_v1
 .text.vMultiplyMatrix4x4_Vector
                0x000159b8       0x60 ./src/inverse_v1.o
                0x000159b8                vMultiplyMatrix4x4_Vector
 .text.vSolve4x4System
                0x00015a18       0x38 ./src/inverse_v1.o
                0x00015a18                vSolve4x4System
 .text          0x00015a50        0x0 ./src/lcd.o
 .text.ucTouchScreenPressed
                0x00015a50       0x18 ./src/lcd.o
                0x00015a50                ucTouchScreenPressed
 .text.vLCD_Init
                0x00015a68       0x48 ./src/lcd.o
                0x00015a68                vLCD_Init
 .text.LCD_SpiAccess
                0x00015ab0       0x38 ./src/lcd.o
                0x00015ab0                LCD_SpiAccess
 .text.ucTouchedScreen
                0x00015ae8      0x138 ./src/lcd.o
                0x00015ae8                ucTouchedScreen
 .text.vResetIntLCD_spi
                0x00015c20       0x1c ./src/lcd.o
                0x00015c20                vResetIntLCD_spi
 .text.TFT_write
                0x00015c3c        0xc ./src/lcd.o
                0x00015c3c                TFT_write
 .text.TFT_read
                0x00015c48        0xc ./src/lcd.o
                0x00015c48                TFT_read
 .text.v_signal_timeout_wating_lcd_int
                0x00015c54       0x18 ./src/lcd.o
                0x00015c54                v_signal_timeout_wating_lcd_int
 .text.LCD_wait_FPGA_done
                0x00015c6c       0x8c ./src/lcd.o
                0x00015c6c                LCD_wait_FPGA_done
 .text.FPGA_done
                0x00015cf8        0x4 ./src/lcd.o
                0x00015cf8                FPGA_done
 .text.Beep     0x00015cfc        0x8 ./src/lcd.o
                0x00015cfc                Beep
 .text.LCD_Beep
                0x00015d04        0x4 ./src/lcd.o
                0x00015d04                LCD_Beep
 .text.Change_bank
                0x00015d08       0x24 ./src/lcd.o
                0x00015d08                Change_bank
 .text.LCD_toggle_bank
                0x00015d2c       0x1c ./src/lcd.o
                0x00015d2c                LCD_toggle_bank
 .text.Read_image_from_flash
                0x00015d48      0x100 ./src/lcd.o
                0x00015d48                Read_image_from_flash
 .text.LCD_LoadImageOnBackgroundBank
                0x00015e48        0x4 ./src/lcd.o
                0x00015e48                LCD_LoadImageOnBackgroundBank
 .text.vWriteBMPelement
                0x00015e4c       0xd4 ./src/lcd.o
                0x00015e4c                vWriteBMPelement
 .text.ucMapDisplayChar
                0x00015f20       0x18 ./src/lcd.o
                0x00015f20                ucMapDisplayChar
 .text.vWriteIconElement
                0x00015f38      0x170 ./src/lcd.o
                0x00015f38                vWriteIconElement
 .text.vWriteIconElement_N
                0x000160a8      0x198 ./src/lcd.o
                0x000160a8                vWriteIconElement_N
 .text.vInitListDisplayElements
                0x00016240       0x54 ./src/lcd.o
                0x00016240                vInitListDisplayElements
 .text.ucTroppoPienaListaLcd
                0x00016294       0x20 ./src/lcd.o
                0x00016294                ucTroppoPienaListaLcd
 .text.vResetIconsAndBitmap
                0x000162b4        0x4 ./src/lcd.o
                0x000162b4                vResetIconsAndBitmap
 .text.vCloseListDisplayElements
                0x000162b8       0xa0 ./src/lcd.o
                0x000162b8                vCloseListDisplayElements
 .text.invio_lista
                0x00016358       0x60 ./src/lcd.o
                0x00016358                invio_lista
 .text.vSelect8bitTouch
                0x000163b8        0x8 ./src/lcd.o
                0x000163b8                vSelect8bitTouch
 .text.applicazione_lista
                0x000163c0       0x14 ./src/lcd.o
                0x000163c0                applicazione_lista
 .text.lettura_versione_FW
                0x000163d4       0x30 ./src/lcd.o
                0x000163d4                lettura_versione_FW
 .text          0x00016404        0x0 ./src/main.o
 .text.vInitializeTheDacValues
                0x00016404       0x2c ./src/main.o
                0x00016404                vInitializeTheDacValues
 .text.vWaitBootFpga
                0x00016430      0x14c ./src/main.o
                0x00016430                vWaitBootFpga
 .text.vPrintSmallTesto_Red
                0x0001657c       0x44 ./src/main.o
                0x0001657c                vPrintSmallTesto_Red
 .text.vRefreshScreen_Startup
                0x000165c0       0x28 ./src/main.o
                0x000165c0                vRefreshScreen_Startup
 .text.v_print_msg
                0x000165e8       0x18 ./src/main.o
                0x000165e8                v_print_msg
 .text          0x00016600        0x0 ./src/mci.o
 .text.ulGetPclk.part.4
                0x00016600       0x70 ./src/mci.o
 .text.MCI_TXEnable
                0x00016670       0x2c ./src/mci.o
                0x00016670                MCI_TXEnable
 .text.MCI_TXDisable
                0x0001669c       0x2c ./src/mci.o
                0x0001669c                MCI_TXDisable
 .text.MCI_RXEnable
                0x000166c8       0x2c ./src/mci.o
                0x000166c8                MCI_RXEnable
 .text.MCI_RXDisable
                0x000166f4       0x2c ./src/mci.o
                0x000166f4                MCI_RXDisable
 .text.MCI_CmdProcess
                0x00016720       0xd0 ./src/mci.o
                0x00016720                MCI_CmdProcess
 .text.MCI_DataErrorProcess
                0x000167f0       0xd0 ./src/mci.o
                0x000167f0                MCI_DataErrorProcess
 .text.MCI_DATA_END_InterruptService
                0x000168c0       0xa8 ./src/mci.o
                0x000168c0                MCI_DATA_END_InterruptService
 .text.MCI_FIFOInterruptService
                0x00016968       0x18 ./src/mci.o
                0x00016968                MCI_FIFOInterruptService
 .text.MCI_IRQHandler
                0x00016980       0xa4 ./src/mci.o
                0x00016980                MCI_IRQHandler
 .text.ulGetPclk
                0x00016a24       0x14 ./src/mci.o
                0x00016a24                ulGetPclk
 .text.MCI_Set_MCIClock
                0x00016a38       0x78 ./src/mci.o
                0x00016a38                MCI_Set_MCIClock
 .text.MCI_Init
                0x00016ab0      0x124 ./src/mci.o
                0x00016ab0                MCI_Init
 .text.MCI_SendCmd
                0x00016bd4       0xc0 ./src/mci.o
                0x00016bd4                MCI_SendCmd
 .text.MCI_GetCmdResp
                0x00016c94      0x11c ./src/mci.o
                0x00016c94                MCI_GetCmdResp
 .text.MCI_Go_Idle_State
                0x00016db0       0x24 ./src/mci.o
                0x00016db0                MCI_Go_Idle_State
 .text.MCI_Send_OP_Cond
                0x00016dd4       0x6c ./src/mci.o
                0x00016dd4                MCI_Send_OP_Cond
 .text.MCI_Send_ACMD
                0x00016e40       0x8c ./src/mci.o
                0x00016e40                MCI_Send_ACMD
 .text.MCI_Send_ACMD_OP_Cond
                0x00016ecc       0xc8 ./src/mci.o
                0x00016ecc                MCI_Send_ACMD_OP_Cond
 .text.ui_send_cmd8
                0x00016f94       0x58 ./src/mci.o
                0x00016f94                ui_send_cmd8
 .text.MCI_CardInit
                0x00016fec       0x78 ./src/mci.o
                0x00016fec                MCI_CardInit
 .text.MCI_Check_CID
                0x00017064       0x5c ./src/mci.o
                0x00017064                MCI_Check_CID
 .text.MCI_Set_Address
                0x000170c0       0x9c ./src/mci.o
                0x000170c0                MCI_Set_Address
 .text.vSaveCSD_reg
                0x0001715c       0x24 ./src/mci.o
                0x0001715c                vSaveCSD_reg
 .text.vCalcSD_capacity
                0x00017180      0x108 ./src/mci.o
                0x00017180                vCalcSD_capacity
 .text.MCI_Send_CSD
                0x00017288       0xa0 ./src/mci.o
                0x00017288                MCI_Send_CSD
 .text.MCI_Select_Card
                0x00017328       0xa4 ./src/mci.o
                0x00017328                MCI_Select_Card
 .text.MCI_Send_Status
                0x000173cc       0x90 ./src/mci.o
                0x000173cc                MCI_Send_Status
 .text.MCI_CheckStatus
                0x0001745c       0x30 ./src/mci.o
                0x0001745c                MCI_CheckStatus
 .text.MCI_Set_BlockLen
                0x0001748c       0x88 ./src/mci.o
                0x0001748c                MCI_Set_BlockLen
 .text.MCI_Send_ACMD_Bus_Width
                0x00017514       0x88 ./src/mci.o
                0x00017514                MCI_Send_ACMD_Bus_Width
 .text.SD_Set_BusWidth
                0x0001759c       0x58 ./src/mci.o
                0x0001759c                SD_Set_BusWidth
 .text.MCI_Send_Stop
                0x000175f4       0x7c ./src/mci.o
                0x000175f4                MCI_Send_Stop
 .text.MCI_Send_Write_Block
                0x00017670       0xa0 ./src/mci.o
                0x00017670                MCI_Send_Write_Block
 .text.MCI_Send_Write_Multiple_Block
                0x00017710       0xa0 ./src/mci.o
                0x00017710                MCI_Send_Write_Multiple_Block
 .text.MCI_Write_Multiple_Block
                0x000177b0      0x120 ./src/mci.o
                0x000177b0                MCI_Write_Multiple_Block
 .text.MCI_Send_Read_Block
                0x000178d0       0xa0 ./src/mci.o
                0x000178d0                MCI_Send_Read_Block
 .text.MCI_Write_Block
                0x00017970       0xbc ./src/mci.o
                0x00017970                MCI_Write_Block
 .text.MCI_Read_Block
                0x00017a2c       0xb8 ./src/mci.o
                0x00017a2c                MCI_Read_Block
 .text          0x00017ae4        0x0 ./src/params.o
 .text.vSetHRE_potentiometer.part.2
                0x00017ae4       0x90 ./src/params.o
 .text.v_reset_spindle_and_wheel_dac
                0x00017b74       0x5c ./src/params.o
                0x00017b74                v_reset_spindle_and_wheel_dac
 .text.uc_format_str_len_mult_16
                0x00017bd0       0xb8 ./src/params.o
                0x00017bd0                uc_format_str_len_mult_16
 .text.v_init_read_bytes_from_vdip
                0x00017c88       0x20 ./src/params.o
                0x00017c88                v_init_read_bytes_from_vdip
 .text.uc_read_a_byte_from_vdip
                0x00017ca8      0x14c ./src/params.o
                0x00017ca8                uc_read_a_byte_from_vdip
 .text.set_check_tangled_wire_params_default
                0x00017df4       0x6c ./src/params.o
                0x00017df4                set_check_tangled_wire_params_default
 .text.iSaveMachineParsOnFile_GetExitCode
                0x00017e60       0x10 ./src/params.o
                0x00017e60                iSaveMachineParsOnFile_GetExitCode
 .text.fSaveMachineParsOnFile_GetEstimatedDonePerc
                0x00017e70       0x10 ./src/params.o
                0x00017e70                fSaveMachineParsOnFile_GetEstimatedDonePerc
 .text.vInitMachineParsOnFile_Stati
                0x00017e80       0x2c ./src/params.o
                0x00017e80                vInitMachineParsOnFile_Stati
 .text.ui_send_vdip_string
                0x00017eac      0x2d8 ./src/params.o
                0x00017eac                ui_send_vdip_string
 .text.ucSaveMachineParsOnFile_Stati
                0x00018184      0xc00 ./src/params.o
                0x00018184                ucSaveMachineParsOnFile_Stati
 .text.ucLoadCodiciProdottoOnFile_Stati
                0x00018d84      0x810 ./src/params.o
                0x00018d84                ucLoadCodiciProdottoOnFile_Stati
 .text.ucLoadParMacOnFile_Stati
                0x00019594      0x854 ./src/params.o
                0x00019594                ucLoadParMacOnFile_Stati
 .text.ucLoadCustomLanguage_Stati
                0x00019de8      0x448 ./src/params.o
                0x00019de8                ucLoadCustomLanguage_Stati
 .text.vSetNumK_to_ask_password
                0x0001a230       0x58 ./src/params.o
                0x0001a230                vSetNumK_to_ask_password
 .text.vSetNumK_to_ask_password_super_user
                0x0001a288       0x80 ./src/params.o
                0x0001a288                vSetNumK_to_ask_password_super_user
 .text.ucVerifyPasswordCorrect
                0x0001a308       0x48 ./src/params.o
                0x0001a308                ucVerifyPasswordCorrect
 .text.ucVerifyPasswordSuperUserCorrect
                0x0001a350       0x24 ./src/params.o
                0x0001a350                ucVerifyPasswordSuperUserCorrect
 .text.ucCalcWireLengthMetersForJobList
                0x0001a374      0x1a4 ./src/params.o
                0x0001a374                ucCalcWireLengthMetersForJobList
 .text.vAddStandardButtons
                0x0001a518       0xa0 ./src/params.o
                0x0001a518                vAddStandardButtons
 .text.ucHW_LoadCodiciProdotto
                0x0001a5b8      0x414 ./src/params.o
                0x0001a5b8                ucHW_LoadCodiciProdotto
 .text.ucHW_ResetCodiciProdotto
                0x0001a9cc      0x320 ./src/params.o
                0x0001a9cc                ucHW_ResetCodiciProdotto
 .text.ucHW_LoadCustomLanguage
                0x0001acec      0x3fc ./src/params.o
                0x0001acec                ucHW_LoadCustomLanguage
 .text.ucHW_LoadParsMac
                0x0001b0e8      0x434 ./src/params.o
                0x0001b0e8                ucHW_LoadParsMac
 .text.ucHW_SaveParams
                0x0001b51c      0x490 ./src/params.o
                0x0001b51c                ucHW_SaveParams
 .text.ucHW_DataOra
                0x0001b9ac      0x384 ./src/params.o
                0x0001b9ac                ucHW_DataOra
 .text.vAddStandardButtonsOk
                0x0001bd30       0xa0 ./src/params.o
                0x0001bd30                vAddStandardButtonsOk
 .text.f_convert_perc_dist_to_float_0_100
                0x0001bdd0       0x50 ./src/params.o
                0x0001bdd0                f_convert_perc_dist_to_float_0_100
 .text.us_convert_float_0_100_to_perc_dist
                0x0001be20       0x74 ./src/params.o
                0x0001be20                us_convert_float_0_100_to_perc_dist
 .text.v_convert_dist_values
                0x0001be94      0x3e4 ./src/params.o
                0x0001be94                v_convert_dist_values
 .text.ucHW_Distanziatore
                0x0001c278      0xb30 ./src/params.o
                0x0001c278                ucHW_Distanziatore
 .text.vInizializzaCodiceProdotto
                0x0001cda8       0xe8 ./src/params.o
                0x0001cda8                vInizializzaCodiceProdotto
 .text.vHRE_init
                0x0001ce90       0x20 ./src/params.o
                0x0001ce90                vHRE_init
 .text.vResetWindows
                0x0001ceb0      0x140 ./src/params.o
                0x0001ceb0                vResetWindows
 .text.vSetHRE_potentiometer
                0x0001cff0       0x80 ./src/params.o
                0x0001cff0                vSetHRE_potentiometer
 .text.vSelectHRE_potentiometer
                0x0001d070       0xa4 ./src/params.o
                0x0001d070                vSelectHRE_potentiometer
 .text.v_init_handling_encoder_grinding
                0x0001d114       0x48 ./src/params.o
 .text.ucHW_spindle_grinding
                0x0001d15c      0x464 ./src/params.o
                0x0001d15c                ucHW_spindle_grinding
 .text.ucGetSelectHRE_potentiometer
                0x0001d5c0       0x20 ./src/params.o
                0x0001d5c0                ucGetSelectHRE_potentiometer
 .text.iGetHRE_potentiometer
                0x0001d5e0       0x18 ./src/params.o
                0x0001d5e0                iGetHRE_potentiometer
 .text.vDisableHRE_potentiometer
                0x0001d5f8       0x14 ./src/params.o
                0x0001d5f8                vDisableHRE_potentiometer
 .text.vHandleHRE
                0x0001d60c      0x28c ./src/params.o
                0x0001d60c                vHandleHRE
 .text.iGetHRE_setting
                0x0001d898       0x98 ./src/params.o
                0x0001d898                iGetHRE_setting
 .text.vSaltaSuPaginaProduzione
                0x0001d930       0x18 ./src/params.o
                0x0001d930                vSaltaSuPaginaProduzione
 .text.ucIAmSpindleGrinding
                0x0001d948       0x1c ./src/params.o
                0x0001d948                ucIAmSpindleGrinding
 .text.ucIamInLogProduzione
                0x0001d964       0x1c ./src/params.o
                0x0001d964                ucIamInLogProduzione
 .text.ucIamInTaraturaStatica
                0x0001d980       0x30 ./src/params.o
                0x0001d980                ucIamInTaraturaStatica
 .text.ucIamInTaraturaDinamica
                0x0001d9b0       0x34 ./src/params.o
                0x0001d9b0                ucIamInTaraturaDinamica
 .text          0x0001d9e4        0x0 ./src/popup.o
 .text.f_calc_res_spezzone
                0x0001d9e4       0x44 ./src/popup.o
                0x0001d9e4                f_calc_res_spezzone
 .text.us_calc_portata_dinamica_per_resistenza
                0x0001da28       0x58 ./src/popup.o
                0x0001da28                us_calc_portata_dinamica_per_resistenza
 .text.f_calc_res_spec_filo
                0x0001da80       0x9c ./src/popup.o
                0x0001da80                f_calc_res_spec_filo
 .text.ucHW_MainMenu
                0x0001db1c      0x274 ./src/popup.o
                0x0001db1c                ucHW_MainMenu
 .text.ucHW_YesNo
                0x0001dd90      0x284 ./src/popup.o
                0x0001dd90                ucHW_YesNo
 .text.ValidatePrg
                0x0001e014      0x240 ./src/popup.o
                0x0001e014                ValidatePrg
 .text.ucNeedToClosePopupWindow
                0x0001e254       0x44 ./src/popup.o
                0x0001e254                ucNeedToClosePopupWindow
 .text.ucHandlePopupWindow
                0x0001e298     0x12fc ./src/popup.o
                0x0001e298                ucHandlePopupWindow
 .text.ucEnableStartLavorazione
                0x0001f594       0x10 ./src/popup.o
                0x0001f594                ucEnableStartLavorazione
 .text.ucIsDisabledStartLavorazione
                0x0001f5a4       0x18 ./src/popup.o
                0x0001f5a4                ucIsDisabledStartLavorazione
 .text          0x0001f5bc        0x0 ./src/rtcDS3231_newer.o
 .text.i2c_Master_Xmit.part.0
                0x0001f5bc       0x40 ./src/rtcDS3231_newer.o
 .text.i2c_Master_Rcv.part.1
                0x0001f5fc       0x58 ./src/rtcDS3231_newer.o
 .text.i2c_Master_Xmit
                0x0001f654        0xc ./src/rtcDS3231_newer.o
                0x0001f654                i2c_Master_Xmit
 .text.i2c_Master_Rcv
                0x0001f660        0xc ./src/rtcDS3231_newer.o
                0x0001f660                i2c_Master_Rcv
 .text.vReadStatusTempRTC_DS3231
                0x0001f66c       0xf4 ./src/rtcDS3231_newer.o
                0x0001f66c                vReadStatusTempRTC_DS3231
 .text.vResetOSF_RTC_DS3231
                0x0001f760       0x6c ./src/rtcDS3231_newer.o
                0x0001f760                vResetOSF_RTC_DS3231
 .text.vReadTimeBytesRTC_DS3231
                0x0001f7cc      0x11c ./src/rtcDS3231_newer.o
                0x0001f7cc                vReadTimeBytesRTC_DS3231
 .text.vWriteTimeBytesRTC_DS3231
                0x0001f8e8      0x184 ./src/rtcDS3231_newer.o
                0x0001f8e8                vWriteTimeBytesRTC_DS3231
 .text.vInit_RtcDS3231
                0x0001fa6c       0x10 ./src/rtcDS3231_newer.o
                0x0001fa6c                vInit_RtcDS3231
 .text          0x0001fa7c        0x0 ./src/spi.o
 .text.vUpdateValoriTaratura
                0x0001fa7c      0x4a4 ./src/spi.o
                0x0001fa7c                vUpdateValoriTaratura
 .text.fCalcCoeffCorr
                0x0001ff20       0x90 ./src/spi.o
                0x0001ff20                fCalcCoeffCorr
 .text.vCalcAnticipoPretaglio
                0x0001ffb0      0x1e0 ./src/spi.o
                0x0001ffb0                vCalcAnticipoPretaglio
 .text.menuOperation
                0x00020190       0x14 ./src/spi.o
                0x00020190                menuOperation
 .text.update_crc
                0x000201a4       0x34 ./src/spi.o
                0x000201a4                update_crc
 .text.ucCalcCrcMacParams
                0x000201d8       0xb0 ./src/spi.o
                0x000201d8                ucCalcCrcMacParams
 .text.vSaveMacParms
                0x00020288       0x30 ./src/spi.o
                0x00020288                vSaveMacParms
 .text.vCtrlSaveMacParms
                0x000202b8       0x20 ./src/spi.o
                0x000202b8                vCtrlSaveMacParms
 .text.ucFillStructDist
                0x000202d8      0x45c ./src/spi.o
                0x000202d8                ucFillStructDist
 .text.ucFillProgramStructDist
                0x00020734      0x14c ./src/spi.o
                0x00020734                ucFillProgramStructDist
 .text.request_spindle_stop
                0x00020880       0x18 ./src/spi.o
                0x00020880                request_spindle_stop
 .text.upd7Seg  0x00020898      0x9e0 ./src/spi.o
                0x00020898                upd7Seg
 .text.updInp   0x00021278      0x524 ./src/spi.o
                0x00021278                updInp
 .text.vSetBitOutputsHi
                0x0002179c       0x44 ./src/spi.o
                0x0002179c                vSetBitOutputsHi
 .text.vResetBitOutputsHi
                0x000217e0       0x40 ./src/spi.o
                0x000217e0                vResetBitOutputsHi
 .text.vInitBandella
                0x00021820       0x5c ./src/spi.o
                0x00021820                vInitBandella
 .text.vCommandSwitchBandella
                0x0002187c       0x14 ./src/spi.o
                0x0002187c                vCommandSwitchBandella
 .text.vHandleBandella
                0x00021890      0x150 ./src/spi.o
                0x00021890                vHandleBandella
 .text.TxCommessa
                0x000219e0        0x4 ./src/spi.o
                0x000219e0                TxCommessa
 .text.vWaitStartupFpga
                0x000219e4       0x3c ./src/spi.o
                0x000219e4                vWaitStartupFpga
 .text.uiPrepareDescTempComp_ProductionLog
                0x00021a20       0xc4 ./src/spi.o
                0x00021a20                uiPrepareDescTempComp_ProductionLog
 .text.vPrepareDesc_ProductionLog
                0x00021ae4      0x598 ./src/spi.o
                0x00021ae4                vPrepareDesc_ProductionLog
 .text.vForceLcdRefresh
                0x0002207c       0x14 ./src/spi.o
                0x0002207c                vForceLcdRefresh
 .text.ucLcdRefreshTimeoutReset
                0x00022090       0x24 ./src/spi.o
                0x00022090                ucLcdRefreshTimeoutReset
 .text.ucLcdRefreshTimeoutExpired
                0x000220b4       0x84 ./src/spi.o
                0x000220b4                ucLcdRefreshTimeoutExpired
 .text.ucLcdRefreshTimeoutEnable
                0x00022138       0x3c ./src/spi.o
                0x00022138                ucLcdRefreshTimeoutEnable
 .text.uiLcdRefreshTimeout_GetAct
                0x00022174       0x18 ./src/spi.o
                0x00022174                uiLcdRefreshTimeout_GetAct
 .text.ucNeedToRefreshLcd
                0x0002218c       0x60 ./src/spi.o
                0x0002218c                ucNeedToRefreshLcd
 .text.ucResetTheButton
                0x000221ec       0x38 ./src/spi.o
                0x000221ec                ucResetTheButton
 .text.ucHasBeenPressedButton
                0x00022224       0x3c ./src/spi.o
                0x00022224                ucHasBeenPressedButton
 .text.ucHasBeenTouchedButton
                0x00022260       0x38 ./src/spi.o
                0x00022260                ucHasBeenTouchedButton
 .text.ucCreateTheButton
                0x00022298       0x30 ./src/spi.o
                0x00022298                ucCreateTheButton
 .text.ucHW_LogProduzione
                0x000222c8      0x3dc ./src/spi.o
                0x000222c8                ucHW_LogProduzione
 .text.ucIdxCharButtonPressed
                0x000226a4       0x18 ./src/spi.o
                0x000226a4                ucIdxCharButtonPressed
 .text.ucFieldButtonPressed
                0x000226bc       0x18 ./src/spi.o
                0x000226bc                ucFieldButtonPressed
 .text.vSetFieldButtonPressed
                0x000226d4       0x18 ./src/spi.o
                0x000226d4                vSetFieldButtonPressed
 .text.ucTheButtonIsPressed
                0x000226ec       0x34 ./src/spi.o
                0x000226ec                ucTheButtonIsPressed
 .text.us_is_button_pressed
                0x00022720       0x1c ./src/spi.o
                0x00022720                us_is_button_pressed
 .text.vClearButtonPressed
                0x0002273c       0x14 ./src/spi.o
                0x0002273c                vClearButtonPressed
 .text.vSignalButtonPressed
                0x00022750       0x40 ./src/spi.o
                0x00022750                vSignalButtonPressed
 .text.vHandleButtons
                0x00022790       0xec ./src/spi.o
                0x00022790                vHandleButtons
 .text.vRefreshLcdStrings
                0x0002287c       0xe8 ./src/spi.o
                0x0002287c                vRefreshLcdStrings
 .text.vSetTextRigaColonna
                0x00022964       0x24 ./src/spi.o
                0x00022964                vSetTextRigaColonna
 .text.vSetCursorOn
                0x00022988       0x1c ./src/spi.o
                0x00022988                vSetCursorOn
 .text.vPrintDirectString
                0x000229a4       0x50 ./src/spi.o
                0x000229a4                vPrintDirectString
 .text.vPrintDirectChar
                0x000229f4       0x3c ./src/spi.o
                0x000229f4                vPrintDirectChar
 .text.startEdit
                0x00022a30       0xac ./src/spi.o
                0x00022a30                startEdit
 .text.updLcd   0x00022adc      0x138 ./src/spi.o
                0x00022adc                updLcd
 .text.updOut   0x00022c14      0x12c ./src/spi.o
                0x00022c14                updOut
 .text.vInitActPrg
                0x00022d40       0x64 ./src/spi.o
                0x00022d40                vInitActPrg
 .text.vHandleBackgroundNandFlash
                0x00022da4        0x4 ./src/spi.o
                0x00022da4                vHandleBackgroundNandFlash
 .text.vValidateTabFornitori
                0x00022da8       0x60 ./src/spi.o
                0x00022da8                vValidateTabFornitori
 .text.vSearchFirstComm
                0x00022e08       0x54 ./src/spi.o
                0x00022e08                vSearchFirstComm
 .text.mynatoi  0x00022e5c       0x58 ./src/spi.o
                0x00022e5c                mynatoi
 .text.AdjustVelPeriferica
                0x00022eb4      0x240 ./src/spi.o
                0x00022eb4                AdjustVelPeriferica
 .text.InsertTheProgram
                0x000230f4      0x1f8 ./src/spi.o
                0x000230f4                InsertTheProgram
 .text.vAggiornaPosizioneColtello
                0x000232ec      0x15c ./src/spi.o
                0x000232ec                vAggiornaPosizioneColtello
 .text.WriteOnDacByPot
                0x00023448       0xc4 ./src/spi.o
                0x00023448                WriteOnDacByPot
 .text.SetPotenziometri
                0x0002350c      0x2c8 ./src/spi.o
                0x0002350c                SetPotenziometri
 .text.vMacParmsAtDefaultValue
                0x000237d4      0x1f4 ./src/spi.o
                0x000237d4                vMacParmsAtDefaultValue
 .text.vLoadMacParms
                0x000239c8       0x90 ./src/spi.o
                0x000239c8                vLoadMacParms
 .text.ValidateMacParms
                0x00023a58      0x324 ./src/spi.o
                0x00023a58                ValidateMacParms
 .text.init     0x00023d7c      0x6b8 ./src/spi.o
                0x00023d7c                init
 .text.spi_main
                0x00024434       0xcc ./src/spi.o
                0x00024434                spi_main
 .text          0x00024500        0x0 ./src/spidbg.o
 .text.ucHW_setupProduzione
                0x00024500     0x2a24 ./src/spidbg.o
                0x00024500                ucHW_setupProduzione
 .text.vGetValueParametro
                0x00026f24      0x114 ./src/spidbg.o
                0x00026f24                vGetValueParametro
 .text.vSetValueParametro
                0x00027038       0xf8 ./src/spidbg.o
                0x00027038                vSetValueParametro
 .text.vRefresh_IPM_values
                0x00027130      0x144 ./src/spidbg.o
                0x00027130                vRefresh_IPM_values
 .text.ucHW_ParametriMacchina
                0x00027274      0x9e8 ./src/spidbg.o
                0x00027274                ucHW_ParametriMacchina
 .text.ucHW_Fornitori
                0x00027c5c      0x3d4 ./src/spidbg.o
                0x00027c5c                ucHW_Fornitori
 .text.vPrintTesto
                0x00028030       0x44 ./src/spidbg.o
                0x00028030                vPrintTesto
 .text.vRefreshScreen
                0x00028074       0x28 ./src/spidbg.o
                0x00028074                vRefreshScreen
 .text.vPrintMessage
                0x0002809c       0x38 ./src/spidbg.o
                0x0002809c                vPrintMessage
 .text.vResetRamAndReboot
                0x000280d4       0xe4 ./src/spidbg.o
                0x000280d4                vResetRamAndReboot
 .text.ucHW_Utilities
                0x000281b8      0x404 ./src/spidbg.o
                0x000281b8                ucHW_Utilities
 .text.vHandleButtonsRegulation
                0x000285bc      0x234 ./src/spidbg.o
                0x000285bc                vHandleButtonsRegulation
 .text.ucHW_InAnalog
                0x000287f0      0x2c8 ./src/spidbg.o
                0x000287f0                ucHW_InAnalog
 .text.ucHW_OutAnalog
                0x00028ab8      0x23c ./src/spidbg.o
                0x00028ab8                ucHW_OutAnalog
 .text.ucHW_Indig
                0x00028cf4      0x218 ./src/spidbg.o
                0x00028cf4                ucHW_Indig
 .text.ucHW_Outdig
                0x00028f0c      0x47c ./src/spidbg.o
                0x00028f0c                ucHW_Outdig
 .text.ucHW_IngressiEncoder
                0x00029388      0x1e0 ./src/spidbg.o
                0x00029388                ucHW_IngressiEncoder
 .text.ucHW_Taratura_Portata
                0x00029568      0x624 ./src/spidbg.o
                0x00029568                ucHW_Taratura_Portata
 .text.ucHW_Taratura_Portata_1_4
                0x00029b8c      0x24c ./src/spidbg.o
                0x00029b8c                ucHW_Taratura_Portata_1_4
 .text.ucHW_Taratura_Misura_Dyn_Or_Stat
                0x00029dd8      0x248 ./src/spidbg.o
                0x00029dd8                ucHW_Taratura_Misura_Dyn_Or_Stat
 .text.ucHW_SelezionaTaratura
                0x0002a020      0x2f8 ./src/spidbg.o
                0x0002a020                ucHW_SelezionaTaratura
 .text.ucHW_Info
                0x0002a318      0x134 ./src/spidbg.o
                0x0002a318                ucHW_Info
 .text.v_preset_for_program_param_input
                0x0002a44c       0xec ./src/spidbg.o
                0x0002a44c                v_preset_for_program_param_input
 .text.ucHW_ViewCodiceProdotto
                0x0002a538      0x6ac ./src/spidbg.o
                0x0002a538                ucHW_ViewCodiceProdotto
 .text.ucHandleWindows
                0x0002abe4      0x2ac ./src/spidbg.o
                0x0002abe4                ucHandleWindows
 .text          0x0002ae90        0x0 ./src/spiglb.o
 .text          0x0002ae90        0x0 ./src/spimis.o
 .text.v_init_handle_wait_one_coil
                0x0002ae90       0x20 ./src/spimis.o
                0x0002ae90                v_init_handle_wait_one_coil
 .text.ui_handle_wait_one_coil_ok
                0x0002aeb0       0x1c ./src/spimis.o
                0x0002aeb0                ui_handle_wait_one_coil_ok
 .text.v_handle_wait_one_coil
                0x0002aecc       0xa8 ./src/spimis.o
                0x0002aecc                v_handle_wait_one_coil
 .text.timeout_init
                0x0002af74       0x24 ./src/spimis.o
                0x0002af74                timeout_init
 .text.uc_timeout_active
                0x0002af98       0x70 ./src/spimis.o
                0x0002af98                uc_timeout_active
 .text.mystrcpy
                0x0002b008       0x30 ./src/spimis.o
                0x0002b008                mystrcpy
 .text.vCommandSwitchBandella_Interrupt
                0x0002b038       0x14 ./src/spimis.o
                0x0002b038                vCommandSwitchBandella_Interrupt
 .text.vInitAD7327
                0x0002b04c       0xdc ./src/spimis.o
                0x0002b04c                vInitAD7327
 .text.vHaltReadCycleSensoreTaglio
                0x0002b128       0x18 ./src/spimis.o
                0x0002b128                vHaltReadCycleSensoreTaglio
 .text.vInitSensoreTaglio
                0x0002b140       0x7c ./src/spimis.o
                0x0002b140                vInitSensoreTaglio
 .text.vInitReadCycleSensoreTaglio
                0x0002b1bc       0x38 ./src/spimis.o
                0x0002b1bc                vInitReadCycleSensoreTaglio
 .text.vLockOperazioneLama
                0x0002b1f4       0x18 ./src/spimis.o
                0x0002b1f4                vLockOperazioneLama
 .text.vUnlockOperazioneLama
                0x0002b20c       0x14 ./src/spimis.o
                0x0002b20c                vUnlockOperazioneLama
 .text.vAttivaOperazioneLama
                0x0002b220      0x100 ./src/spimis.o
                0x0002b220                vAttivaOperazioneLama
 .text.ucIsAttivaOperazioneLama
                0x0002b320       0x34 ./src/spimis.o
                0x0002b320                ucIsAttivaOperazioneLama
 .text.ucRefreshAdchannels_Interrupt
                0x0002b354      0x1fc ./src/spimis.o
                0x0002b354                ucRefreshAdchannels_Interrupt
 .text.vReadAD7327
                0x0002b550      0x12c ./src/spimis.o
                0x0002b550                vReadAD7327
 .text.iReadCounter
                0x0002b67c       0x54 ./src/spimis.o
                0x0002b67c                iReadCounter
 .text.iAzzeraReadCounter_2
                0x0002b6d0       0x28 ./src/spimis.o
                0x0002b6d0                iAzzeraReadCounter_2
 .text.vInitPosizioneLamaTaglio
                0x0002b6f8       0x44 ./src/spimis.o
                0x0002b6f8                vInitPosizioneLamaTaglio
 .text.vSpeedTargetUrp_init
                0x0002b73c       0x20 ./src/spimis.o
                0x0002b73c                vSpeedTargetUrp_init
 .text.vSpeedTargetUrp_update
                0x0002b75c       0x9c ./src/spimis.o
                0x0002b75c                vSpeedTargetUrp_update
 .text.ulSpeedTargetUrp_get
                0x0002b7f8       0x10 ./src/spimis.o
                0x0002b7f8                ulSpeedTargetUrp_get
 .text.l_multiply_long_perc_dist
                0x0002b808       0x20 ./src/spimis.o
                0x0002b808                l_multiply_long_perc_dist
 .text.v_reset_stato_distanziatore
                0x0002b828       0x30 ./src/spimis.o
                0x0002b828                v_reset_stato_distanziatore
 .text.iReadCounter_2
                0x0002b858       0x80 ./src/spimis.o
                0x0002b858                iReadCounter_2
 .text.iInitReadCounter_2
                0x0002b8d8       0x2c ./src/spimis.o
                0x0002b8d8                iInitReadCounter_2
 .text.vHandleTaglioAsincrono_Distanziatore
                0x0002b904      0x12c ./src/spimis.o
                0x0002b904                vHandleTaglioAsincrono_Distanziatore
 .text.ui_separate_coil_during_cut
                0x0002ba30       0x2c ./src/spimis.o
                0x0002ba30                ui_separate_coil_during_cut
 .text.vHandleDistanziatore_Interrupt
                0x0002ba5c      0x4ec ./src/spimis.o
                0x0002ba5c                vHandleDistanziatore_Interrupt
 .text.vRefreshInputEdge
                0x0002bf48       0x60 ./src/spimis.o
                0x0002bf48                vRefreshInputEdge
 .text.v_reset_cutter_position
                0x0002bfa8       0x20 ./src/spimis.o
                0x0002bfa8                v_reset_cutter_position
 .text.IRQ_Handler_timer0
                0x0002bfc8     0x2048 ./src/spimis.o
                0x0002bfc8                IRQ_Handler_timer0
 .text.get_ul_timer_interrupt_count
                0x0002e010       0x10 ./src/spimis.o
                0x0002e010                get_ul_timer_interrupt_count
 .text.initTimer
                0x0002e020       0xd4 ./src/spimis.o
                0x0002e020                initTimer
 .text          0x0002e0f4        0x0 ./src/spiutils.o
 .text.mynatof  0x0002e0f4      0x148 ./src/spiutils.o
                0x0002e0f4                mynatof
 .text.SetDacValue
                0x0002e23c       0xb0 ./src/spiutils.o
                0x0002e23c                SetDacValue
 .text.DeleteCommessa
                0x0002e2ec       0xc8 ./src/spiutils.o
                0x0002e2ec                DeleteCommessa
 .text.SearchNextCommessa
                0x0002e3b4       0x24 ./src/spiutils.o
                0x0002e3b4                SearchNextCommessa
 .text.SearchPrevCommessa
                0x0002e3d8       0x24 ./src/spiutils.o
                0x0002e3d8                SearchPrevCommessa
 .text.vJumpToWindow
                0x0002e3fc       0x40 ./src/spiutils.o
                0x0002e3fc                vJumpToWindow
 .text.ucIsEmptyStackCaller
                0x0002e43c       0x18 ./src/spiutils.o
                0x0002e43c                ucIsEmptyStackCaller
 .text.vEmptyStackCaller
                0x0002e454       0x20 ./src/spiutils.o
                0x0002e454                vEmptyStackCaller
 .text.ucCallWindow
                0x0002e474       0x58 ./src/spiutils.o
                0x0002e474                ucCallWindow
 .text.ucReturnFromWindow
                0x0002e4cc       0x4c ./src/spiutils.o
                0x0002e4cc                ucReturnFromWindow
 .text.uiGetIdCurrentWindow
                0x0002e518       0x14 ./src/spiutils.o
                0x0002e518                uiGetIdCurrentWindow
 .text.uiGetStatusCurrentWindow
                0x0002e52c       0x20 ./src/spiutils.o
                0x0002e52c                uiGetStatusCurrentWindow
 .text.vSetStatusCurrentWindow
                0x0002e54c       0x20 ./src/spiutils.o
                0x0002e54c                vSetStatusCurrentWindow
 .text.ucSetWindowParam
                0x0002e56c       0x2c ./src/spiutils.o
                0x0002e56c                ucSetWindowParam
 .text.uiGetWindowParam
                0x0002e598       0x28 ./src/spiutils.o
                0x0002e598                uiGetWindowParam
 .text.uiGetActiveWindowParam
                0x0002e5c0       0x2c ./src/spiutils.o
                0x0002e5c0                uiGetActiveWindowParam
 .text.vSetActiveWindowParam
                0x0002e5ec       0x2c ./src/spiutils.o
                0x0002e5ec                vSetActiveWindowParam
 .text.vStrcpy_padBlank
                0x0002e618       0x5c ./src/spiutils.o
                0x0002e618                vStrcpy_padBlank
 .text.vStr_fillBlank
                0x0002e674       0x28 ./src/spiutils.o
                0x0002e674                vStr_fillBlank
 .text.vStrUpperCase
                0x0002e69c       0x28 ./src/spiutils.o
                0x0002e69c                vStrUpperCase
 .text.vStrcpy_trimBlank
                0x0002e6c4       0xc4 ./src/spiutils.o
                0x0002e6c4                vStrcpy_trimBlank
 .text.ucIsUmSensitive
                0x0002e788       0x38 ./src/spiutils.o
                0x0002e788                ucIsUmSensitive
 .text.ucT9_handle_button_pressed
                0x0002e7c0       0xc0 ./src/spiutils.o
                0x0002e7c0                ucT9_handle_button_pressed
 .text.ucPictureNumK_OnlyDigit_1_9_Ok
                0x0002e880       0x3c ./src/spiutils.o
                0x0002e880                ucPictureNumK_OnlyDigit_1_9_Ok
 .text.ucPictureNumK_DigitOk
                0x0002e8bc       0x60 ./src/spiutils.o
                0x0002e8bc                ucPictureNumK_DigitOk
 .text.ucPictureNumK_DecimalPointOk
                0x0002e91c       0x64 ./src/spiutils.o
                0x0002e91c                ucPictureNumK_DecimalPointOk
 .text.ucPictureNumK_IsNoModify
                0x0002e980       0x30 ./src/spiutils.o
                0x0002e980                ucPictureNumK_IsNoModify
 .text.uiCountEffectiveCharsInPasswordString
                0x0002e9b0       0x2c ./src/spiutils.o
                0x0002e9b0                uiCountEffectiveCharsInPasswordString
 .text.ucHW_Num_Keypad
                0x0002e9dc      0xbf4 ./src/spiutils.o
                0x0002e9dc                ucHW_Num_Keypad
 .text.ucIsValidHis
                0x0002f5d0       0x58 ./src/spiutils.o
                0x0002f5d0                ucIsValidHis
 .text.vValidateHis
                0x0002f628       0x14 ./src/spiutils.o
                0x0002f628                vValidateHis
 .text.vSetActiveNumberProductCode
                0x0002f63c       0x50 ./src/spiutils.o
                0x0002f63c                vSetActiveNumberProductCode
 .text.vInitializeHisFields
                0x0002f68c       0x78 ./src/spiutils.o
                0x0002f68c                vInitializeHisFields
 .text.vBuildHisCodeFromFields
                0x0002f704       0x44 ./src/spiutils.o
                0x0002f704                vBuildHisCodeFromFields
 .text.DatiInizioCommessa
                0x0002f748       0x10 ./src/spiutils.o
                0x0002f748                DatiInizioCommessa
 .text.vHandleEscFromMenu
                0x0002f758       0x1c ./src/spiutils.o
                0x0002f758                vHandleEscFromMenu
 .text.vDoTaglio
                0x0002f774       0x28 ./src/spiutils.o
                0x0002f774                vDoTaglio
 .text.ucHW_codiceProdotto
                0x0002f79c     0x1198 ./src/spiutils.o
                0x0002f79c                ucHW_codiceProdotto
 .text.ucIsLockedJob
                0x00030934       0x48 ./src/spiutils.o
                0x00030934                ucIsLockedJob
 .text.vInitInputEdge
                0x0003097c       0x20 ./src/spiutils.o
                0x0003097c                vInitInputEdge
 .text.ucDigitalInput_PositiveEdge
                0x0003099c       0x1c ./src/spiutils.o
                0x0003099c                ucDigitalInput_PositiveEdge
 .text.ucDigitalInput_AtHiLevel
                0x000309b8       0x18 ./src/spiutils.o
                0x000309b8                ucDigitalInput_AtHiLevel
 .text.ucDigitalInput_AtLowLevel
                0x000309d0       0x18 ./src/spiutils.o
                0x000309d0                ucDigitalInput_AtLowLevel
 .text.ucDigitalInput_NegativeEdge
                0x000309e8       0x1c ./src/spiutils.o
                0x000309e8                ucDigitalInput_NegativeEdge
 .text.vTrasferisciDaCommesseAlistaLavori
                0x00030a04      0x148 ./src/spiutils.o
                0x00030a04                vTrasferisciDaCommesseAlistaLavori
 .text.inpToOut
                0x00030b4c     0x1e6c ./src/spiutils.o
                0x00030b4c                inpToOut
 .text.vTrasferisciDaListaLavoriAcommesse
                0x000329b8      0x1e4 ./src/spiutils.o
                0x000329b8                vTrasferisciDaListaLavoriAcommesse
 .text.ucHW_listaLavori
                0x00032b9c      0x7d0 ./src/spiutils.o
                0x00032b9c                ucHW_listaLavori
 .text.ui_init_fpga_can_handle_wheel_inversion
                0x0003336c       0x3c ./src/spiutils.o
                0x0003336c                ui_init_fpga_can_handle_wheel_inversion
 .text.ui_zeroOK_reset_rotation_wheel_inversion
                0x000333a8       0x44 ./src/spiutils.o
                0x000333a8                ui_zeroOK_reset_rotation_wheel_inversion
 .text.ui_zeroOK_set_rotation_wheel_inversion
                0x000333ec       0x4c ./src/spiutils.o
                0x000333ec                ui_zeroOK_set_rotation_wheel_inversion
 .text.v_test_rotation_wheel_inversion
                0x00033438       0x34 ./src/spiutils.o
                0x00033438                v_test_rotation_wheel_inversion
 .text.v_init_rotation_wheel_inversion
                0x0003346c       0x44 ./src/spiutils.o
                0x0003346c                v_init_rotation_wheel_inversion
 .text          0x000334b0        0x0 ./src/spiwin2.o
 .text.mystricmp
                0x000334b0       0x5c ./src/spiwin2.o
                0x000334b0                mystricmp
 .text.vVerifyInsertCodiceProdotto
                0x0003350c       0x88 ./src/spiwin2.o
                0x0003350c                vVerifyInsertCodiceProdotto
 .text.ucAlignJobsRunningAndSelected
                0x00033594       0xc4 ./src/spiwin2.o
                0x00033594                ucAlignJobsRunningAndSelected
 .text.uiGetNumValidationCodeList
                0x00033658       0x10 ./src/spiwin2.o
                0x00033658                uiGetNumValidationCodeList
 .text.vCodelistTouched
                0x00033668       0x18 ./src/spiwin2.o