Archive member included because of file (symbol)

/usr/local/lpcxpresso_7.8.0_426/lpcxpresso/tools/bin/../lib/gcc/arm-none-eabi/4.9.3/../../../../arm-none-eabi/lib/libcr_c.a(memcpy.o)
                              ./src/Anybus.o (memcpy)
/usr/local/lpcxpresso_7.8.0_426/lpcxpresso/tools/bin/../lib/gcc/arm-none-eabi/4.9.3/../../../../arm-none-eabi/lib/libcr_c.a(memset.o)
                              ./src/Anybus.o (memset)
/usr/local/lpcxpresso_7.8.0_426/lpcxpresso/tools/bin/../lib/gcc/arm-none-eabi/4.9.3/../../../../arm-none-eabi/lib/libcr_c.a(alloc.o)
                              ./src/az4186_files.o (malloc)
/usr/local/lpcxpresso_7.8.0_426/lpcxpresso/tools/bin/../lib/gcc/arm-none-eabi/4.9.3/../../../../arm-none-eabi/lib/libcr_c.a(ctype.o)
                              ./src/az4186_eeprom_24c04.o (toupper)
/usr/local/lpcxpresso_7.8.0_426/lpcxpresso/tools/bin/../lib/gcc/arm-none-eabi/4.9.3/../../../../arm-none-eabi/lib/libcr_c.a(fabs.o)
                              ./src/popup.o (fabs)
/usr/local/lpcxpresso_7.8.0_426/lpcxpresso/tools/bin/../lib/gcc/arm-none-eabi/4.9.3/../../../../arm-none-eabi/lib/libcr_c.a(fpprintf.o)
                              ./src/Anybus.o (sprintf)
/usr/local/lpcxpresso_7.8.0_426/lpcxpresso/tools/bin/../lib/gcc/arm-none-eabi/4.9.3/../../../../arm-none-eabi/lib/libcr_c.a(memcmp.o)
                              ./src/az4186_program_codes.o (memcmp)
/usr/local/lpcxpresso_7.8.0_426/lpcxpresso/tools/bin/../lib/gcc/arm-none-eabi/4.9.3/../../../../arm-none-eabi/lib/libcr_c.a(printf.o)
                              /usr/local/lpcxpresso_7.8.0_426/lpcxpresso/tools/bin/../lib/gcc/arm-none-eabi/4.9.3/../../../../arm-none-eabi/lib/libcr_c.a(fpprintf.o) (__vfprintf)
/usr/local/lpcxpresso_7.8.0_426/lpcxpresso/tools/bin/../lib/gcc/arm-none-eabi/4.9.3/../../../../arm-none-eabi/lib/libcr_c.a(scanf.o)
                              ./src/params.o (sscanf)
/usr/local/lpcxpresso_7.8.0_426/lpcxpresso/tools/bin/../lib/gcc/arm-none-eabi/4.9.3/../../../../arm-none-eabi/lib/libcr_c.a(stdio.o)
                              /usr/local/lpcxpresso_7.8.0_426/lpcxpresso/tools/bin/../lib/gcc/arm-none-eabi/4.9.3/../../../../arm-none-eabi/lib/libcr_c.a(fpprintf.o) (__Ciob)
/usr/local/lpcxpresso_7.8.0_426/lpcxpresso/tools/bin/../lib/gcc/arm-none-eabi/4.9.3/../../../../arm-none-eabi/lib/libcr_c.a(stdlib.o)
                              ./src/az4186_emc.o (rand)
/usr/local/lpcxpresso_7.8.0_426/lpcxpresso/tools/bin/../lib/gcc/arm-none-eabi/4.9.3/../../../../arm-none-eabi/lib/libcr_c.a(strcat.o)
                              ./src/Anybus.o (strcat)
/usr/local/lpcxpresso_7.8.0_426/lpcxpresso/tools/bin/../lib/gcc/arm-none-eabi/4.9.3/../../../../arm-none-eabi/lib/libcr_c.a(strchr.o)
                              ./src/Anybus.o (strchr)
/usr/local/lpcxpresso_7.8.0_426/lpcxpresso/tools/bin/../lib/gcc/arm-none-eabi/4.9.3/../../../../arm-none-eabi/lib/libcr_c.a(strcmp.o)
                              ./src/az4186_eeprom_24c04.o (strcmp)
/usr/local/lpcxpresso_7.8.0_426/lpcxpresso/tools/bin/../lib/gcc/arm-none-eabi/4.9.3/../../../../arm-none-eabi/lib/libcr_c.a(strcpy.o)
                              ./src/Anybus.o (strcpy)
/usr/local/lpcxpresso_7.8.0_426/lpcxpresso/tools/bin/../lib/gcc/arm-none-eabi/4.9.3/../../../../arm-none-eabi/lib/libcr_c.a(strlen.o)
                              ./src/Anybus.o (strlen)
/usr/local/lpcxpresso_7.8.0_426/lpcxpresso/tools/bin/../lib/gcc/arm-none-eabi/4.9.3/../../../../arm-none-eabi/lib/libcr_c.a(strncat.o)
                              ./src/Anybus.o (strncat)
/usr/local/lpcxpresso_7.8.0_426/lpcxpresso/tools/bin/../lib/gcc/arm-none-eabi/4.9.3/../../../../arm-none-eabi/lib/libcr_c.a(strncmp.o)
                              ./src/Anybus.o (strncmp)
/usr/local/lpcxpresso_7.8.0_426/lpcxpresso/tools/bin/../lib/gcc/arm-none-eabi/4.9.3/../../../../arm-none-eabi/lib/libcr_c.a(strncpy.o)
                              ./src/Anybus.o (strncpy)
/usr/local/lpcxpresso_7.8.0_426/lpcxpresso/tools/bin/../lib/gcc/arm-none-eabi/4.9.3/../../../../arm-none-eabi/lib/libcr_c.a(strstr.o)
                              ./src/Anybus.o (strstr)
/usr/local/lpcxpresso_7.8.0_426/lpcxpresso/tools/bin/../lib/gcc/arm-none-eabi/4.9.3/../../../../arm-none-eabi/lib/libcr_c.a(ungetc.o)
                              /usr/local/lpcxpresso_7.8.0_426/lpcxpresso/tools/bin/../lib/gcc/arm-none-eabi/4.9.3/../../../../arm-none-eabi/lib/libcr_c.a(scanf.o) (ungetc)
/usr/local/lpcxpresso_7.8.0_426/lpcxpresso/tools/bin/../lib/gcc/arm-none-eabi/4.9.3/../../../../arm-none-eabi/lib/libcr_c.a(__fillbuf.o)
                              /usr/local/lpcxpresso_7.8.0_426/lpcxpresso/tools/bin/../lib/gcc/arm-none-eabi/4.9.3/../../../../arm-none-eabi/lib/libcr_c.a(scanf.o) (__filbuf)
/usr/local/lpcxpresso_7.8.0_426/lpcxpresso/tools/bin/../lib/gcc/arm-none-eabi/4.9.3/../../../../arm-none-eabi/lib/libcr_c.a(__init_alloc.o)
[...]
Memory Configuration

Name             Origin             Length             Attributes
MFlash512        0x00000000         0x0007e000         xr
Ram64            0x40000000         0x00010000         xrw
RAM_ETH_16       0x7fe00000         0x00004000         xrw
RAM_USB_16       0x7fd00000         0x00004000         xrw
RAM_RTC_2        0xe0084000         0x00000800         xrw
AZ4186_NVRAM     0x81000000         0x00008000         rw
*default*        0x00000000         0xffffffff

Linker script and memory map

LOAD ./src/Anybus.o
LOAD ./src/I2C_Master.o
LOAD ./src/az4186_can.o
LOAD ./src/az4186_dac.o
LOAD ./src/az4186_eeprom_24c04.o
LOAD ./src/az4186_emc.o
LOAD ./src/az4186_files.o
LOAD ./src/az4186_initHw.o
LOAD ./src/az4186_items.o
LOAD ./src/az4186_program_codes.o
LOAD ./src/az4186_temperature_compensation.o
LOAD ./src/az4186_window_temperature_compensation.o
LOAD ./src/codelist.o
LOAD ./src/crc32.o
LOAD ./src/crp.o
LOAD ./src/diskio.o
LOAD ./src/dma.o
LOAD ./src/emac.o
LOAD ./src/fat_time.o
LOAD ./src/file_list.o
LOAD ./src/gui.o
LOAD ./src/i2c.o
LOAD ./src/inverse_v1.o
LOAD ./src/lcd.o
LOAD ./src/main.o
LOAD ./src/mci.o
LOAD ./src/params.o
LOAD ./src/popup.o
LOAD ./src/rtcDS3231_newer.o
LOAD ./src/spi.o
LOAD ./src/spidbg.o
LOAD ./src/spiglb.o
LOAD ./src/spimis.o
LOAD ./src/spiutils.o
LOAD ./src/spiwin2.o
LOAD ./src/target.o
LOAD ./src/vdip.o
LOAD ./src/xxtea.o
LOAD ./ff9/src/option/ccsbcs.o
LOAD ./ff9/src/option/syscall.o
LOAD ./ff9/src/ff.o
LOAD ./CANopen_stack/LPC2388/CO_driver.o
LOAD ./CANopen_stack/LPC2388/co_od.o
LOAD ./CANopen_stack/CANopen.o
LOAD ./CANopen_stack/CO_Emergency.o
LOAD ./CANopen_stack/CO_HBconsumer.o
LOAD ./CANopen_stack/CO_NMT_Heartbeat.o
LOAD ./CANopen_stack/CO_PDO.o
LOAD ./CANopen_stack/CO_SDO.o
LOAD ./CANopen_stack/CO_SDOmaster.o
LOAD ./CANopen_stack/CO_SYNC.o
START GROUP
LOAD /usr/local/lpcxpresso_7.8.0_426/lpcxpresso/tools/bin/../lib/gcc/arm-none-eabi/4.9.3/../../../../arm-none-eabi/lib/libcr_nohost.a
LOAD /usr/local/lpcxpresso_7.8.0_426/lpcxpresso/tools/bin/../lib/gcc/arm-none-eabi/4.9.3/../../../../arm-none-eabi/lib/libcr_c.a
LOAD /usr/local/lpcxpresso_7.8.0_426/lpcxpresso/tools/bin/../lib/gcc/arm-none-eabi/4.9.3/libcr_eabihelpers.a
END GROUP
                0x0007e000                __top_MFlash512 = 0x7e000
                0x40010000                __top_Ram64 = 0x40010000
                0x7fe04000                __top_RAM_ETH_16 = 0x7fe04000
                0x7fd04000                __top_RAM_USB_16 = 0x7fd04000
                0xe0084800                __top_RAM_RTC_2 = 0xe0084800
                0x00000c00                _Minimum_Stack_Size = 0xc00
                0x00002000                _Minimum_Heap_Size = 0x2000
                0x00000000                PROVIDE (_start, 0x0)

user_fw_version
                0x00008000       0x2d
 user_fw_version
                0x00008000       0x2d ./src/main.o
                0x00008000                ucFirmwareVersion

MAIN_ENTRY_POINT
                0x00008100       0x64
 *(.MAIN_ENTRY_POINT)
 *(.text.main)
 MAIN_ENTRY_POINT
                0x00008100       0x64 ./src/main.o
                0x00008100                main

.text           0x00008168    0x4a84c
 *(.text*)
 .text          0x00008168        0x0 ./src/Anybus.o
 .text.ucInitDataProducer_productList
                0x00008168       0x24 ./src/Anybus.o
                0x00008168                ucInitDataProducer_productList
 .text.vUpdateAnybusLogString
                0x0000818c      0x124 ./src/Anybus.o
 .text.ucDataProducer_productList
                0x000082b0      0x278 ./src/Anybus.o
                0x000082b0                ucDataProducer_productList
 .text.ucInitDataConsumer_productList
                0x00008528       0x40 ./src/Anybus.o
                0x00008528                ucInitDataConsumer_productList
 .text.us_swap_bytes
                0x00008568       0x14 ./src/Anybus.o
                0x00008568                us_swap_bytes
 .text.vUartAnybus_Init
                0x0000857c       0x20 ./src/Anybus.o
                0x0000857c                vUartAnybus_Init
 .text.uiUartAnybus_getRxByte
                0x0000859c       0x3c ./src/Anybus.o
                0x0000859c                uiUartAnybus_getRxByte
 .text.ucUartAnybus_PostTxCommand
                0x000085d8       0x28 ./src/Anybus.o
                0x000085d8                ucUartAnybus_PostTxCommand
 .text.vUartAnybus_RefreshStatus
                0x00008600       0x6c ./src/Anybus.o
                0x00008600                vUartAnybus_RefreshStatus
 .text.vUartAnybus_Handle
                0x0000866c      0x128 ./src/Anybus.o
                0x0000866c                vUartAnybus_Handle
 .text.uiModbus_Crc
                0x00008794       0x44 ./src/Anybus.o
                0x00008794                uiModbus_Crc
 .text.puc_assign_us_swapped_bytes
                0x000087d8       0x14 ./src/Anybus.o
                0x000087d8                puc_assign_us_swapped_bytes
 .text.ucAnybus_TxMessageBusy
                0x000087ec       0x1c ./src/Anybus.o
                0x000087ec                ucAnybus_TxMessageBusy
 .text.ucAnybus_TxMessageOk
                0x00008808       0x1c ./src/Anybus.o
                0x00008808                ucAnybus_TxMessageOk
 .text.vAnybusTxRx_Init
                0x00008824       0x24 ./src/Anybus.o
                0x00008824                vAnybusTxRx_Init
 .text.ucPostAnybusMessage_updateParameter
                0x00008848       0xdc ./src/Anybus.o
                0x00008848                ucPostAnybusMessage_updateParameter
 .text.ucPostAnybusMessage_generalParameterWrite
                0x00008924       0x38 ./src/Anybus.o
                0x00008924                ucPostAnybusMessage_generalParameterWrite
 .text.ucPostAnybusMessage_generalParameterRead
                0x0000895c       0x38 ./src/Anybus.o
                0x0000895c                ucPostAnybusMessage_generalParameterRead
 .text.ucCreateApplicationParameter
                0x00008994      0x1c0 ./src/Anybus.o
                0x00008994                ucCreateApplicationParameter
 .text.ucAnybus_FileWrite
                0x00008b54       0xa0 ./src/Anybus.o
                0x00008b54                ucAnybus_FileWrite
 .text.ucAnybus_FileRead
                0x00008bf4       0x7c ./src/Anybus.o
                0x00008bf4                ucAnybus_FileRead
 .text.ucAnybus_FileClose
                0x00008c70       0x6c ./src/Anybus.o
                0x00008c70                ucAnybus_FileClose
 .text.ucAnybus_FileOpen
                0x00008cdc       0x98 ./src/Anybus.o
                0x00008cdc                ucAnybus_FileOpen
 .text.ucAnybus_FileDelete
                0x00008d74       0x84 ./src/Anybus.o
                0x00008d74                ucAnybus_FileDelete
 .text.vReinitTimers_AnybusTxRx
                0x00008df8       0x30 ./src/Anybus.o
                0x00008df8                vReinitTimers_AnybusTxRx
 .text.pucAnybus_GetReadRegMsgBody
                0x00008e28        0xc ./src/Anybus.o
                0x00008e28                pucAnybus_GetReadRegMsgBody
 .text.vAnybusTxRx_Handle
                0x00008e34      0x834 ./src/Anybus.o
                0x00008e34                vAnybusTxRx_Handle
 .text.uiCanIAcceptRemoteControl
                0x00009668       0x94 ./src/Anybus.o
                0x00009668                uiCanIAcceptRemoteControl
 .text.pcGetAnybusMacAddress
                0x000096fc        0xc ./src/Anybus.o
                0x000096fc                pcGetAnybusMacAddress
 .text.pcSkipBlank
                0x00009708       0x30 ./src/Anybus.o
                0x00009708                pcSkipBlank
 .text.pcFindBlank
                0x00009738       0x30 ./src/Anybus.o
                0x00009738                pcFindBlank
 .text.pcFindChar
                0x00009768       0x28 ./src/Anybus.o
                0x00009768                pcFindChar
 .text.ucDataConsumer_productList
                0x00009790      0x508 ./src/Anybus.o
                0x00009790                ucDataConsumer_productList
 .text.ucInitDataProducer_productArchive
                0x00009c98       0x4c ./src/Anybus.o
                0x00009c98                ucInitDataProducer_productArchive
 .text.ucDataProducer_productArchive
                0x00009ce4      0x30c ./src/Anybus.o
                0x00009ce4                ucDataProducer_productArchive
 .text.vUpdateAnybusStartString
                0x00009ff0       0xb0 ./src/Anybus.o
                0x00009ff0                vUpdateAnybusStartString
 .text.vUpdateAnybusProductionString
                0x0000a0a0       0xb0 ./src/Anybus.o
                0x0000a0a0                vUpdateAnybusProductionString
 .text.vUpdateAnybusEndProductionString
                0x0000a150       0xb0 ./src/Anybus.o
                0x0000a150                vUpdateAnybusEndProductionString
 .text.vAnybusSprintProductionString
                0x0000a200       0x94 ./src/Anybus.o
                0x0000a200                vAnybusSprintProductionString
 .text.vLog_production_log
                0x0000a294       0x98 ./src/Anybus.o
                0x0000a294                vLog_production_log
 .text.vLogStartProduzione
                0x0000a32c       0xc4 ./src/Anybus.o
                0x0000a32c                vLogStartProduzione
 .text.vLogStopProduzione
                0x0000a3f0       0xa0 ./src/Anybus.o
                0x0000a3f0                vLogStopProduzione
 .text.vLogEndProduzione
                0x0000a490       0x80 ./src/Anybus.o
                0x0000a490                vLogEndProduzione
 .text.vLogAlarm
                0x0000a510       0xc4 ./src/Anybus.o
                0x0000a510                vLogAlarm
 .text.ucRemoteCommandRunning
                0x0000a5d4       0x10 ./src/Anybus.o
                0x0000a5d4                ucRemoteCommandRunning
 .text.ucRemoteCommandAsking
                0x0000a5e4       0x10 ./src/Anybus.o
                0x0000a5e4                ucRemoteCommandAsking
 .text.vRemoteCommandsFlagsInit
                0x0000a5f4       0x24 ./src/Anybus.o
                0x0000a5f4                vRemoteCommandsFlagsInit
 .text.vRemoteCommandAskingSet
                0x0000a618       0x3c ./src/Anybus.o
                0x0000a618                vRemoteCommandAskingSet
 .text.vRemoteCommandAskingReply
                0x0000a654       0x44 ./src/Anybus.o
                0x0000a654                vRemoteCommandAskingReply
 .text.vInitStructSuspendAnybusOp
                0x0000a698       0x20 ./src/Anybus.o
                0x0000a698                vInitStructSuspendAnybusOp
 .text.vHMA_init
                0x0000a6b8       0xa4 ./src/Anybus.o
                0x0000a6b8                vHMA_init
 .text.uiHasBeenAckRequestSuspendAnybusOp
                0x0000a75c       0x14 ./src/Anybus.o
                0x0000a75c                uiHasBeenAckRequestSuspendAnybusOp
 .text.uiHasBeenRequestSuspendAnybusOp
                0x0000a770       0x18 ./src/Anybus.o
                0x0000a770                uiHasBeenRequestSuspendAnybusOp
 .text.uiRequestSuspendAnybusOp
                0x0000a788       0x24 ./src/Anybus.o
                0x0000a788                uiRequestSuspendAnybusOp
 .text.uiSignalSuspendAnybusOp
                0x0000a7ac       0x20 ./src/Anybus.o
                0x0000a7ac                uiSignalSuspendAnybusOp
 .text.vHMA_handle
                0x0000a7cc     0x1410 ./src/Anybus.o
                0x0000a7cc                vHMA_handle
 .text          0x0000bbdc        0x0 ./src/I2C_Master.o
 .text.ucWaitI2Cbus
                0x0000bbdc       0xf4 ./src/I2C_Master.o
                0x0000bbdc                ucWaitI2Cbus
 .text.vSignalI2Cbus
                0x0000bcd0        0x4 ./src/I2C_Master.o
                0x0000bcd0                vSignalI2Cbus
 .text.SendByteMax519
                0x0000bcd4       0x94 ./src/I2C_Master.o
                0x0000bcd4                SendByteMax519
 .text.ucSendCommandPosTaglioMax519_Interrupt
                0x0000bd68       0xa0 ./src/I2C_Master.o
                0x0000bd68                ucSendCommandPosTaglioMax519_Interrupt
 .text.ucSendCommandPosTaglioMax519_Main
                0x0000be08       0x84 ./src/I2C_Master.o
                0x0000be08                ucSendCommandPosTaglioMax519_Main
 .text.vInitI2c
                0x0000be8c       0x24 ./src/I2C_Master.o
                0x0000be8c                vInitI2c
 .text          0x0000beb0        0x0 ./src/az4186_can.o
 .text.IRQ_Handler_canopen_timer0
                0x0000beb0       0x68 ./src/az4186_can.o
 .text.ui_init_canbus.part.0
                0x0000bf18      0x1b4 ./src/az4186_can.o
 .text.ui_init_canbus
                0x0000c0cc       0x18 ./src/az4186_can.o
                0x0000c0cc                ui_init_canbus
 .text.CAN_set_acceptance_filter_lookup
                0x0000c0e4       0xac ./src/az4186_can.o
                0x0000c0e4                CAN_set_acceptance_filter_lookup
 .text.CAN_set_acceptance_filter
                0x0000c190       0x90 ./src/az4186_can.o
                0x0000c190                CAN_set_acceptance_filter
 .text.dw_can1_send_message
                0x0000c220       0xc4 ./src/az4186_can.o
                0x0000c220                dw_can1_send_message
 .text.dw_can2_send_message
                0x0000c2e4       0xcc ./src/az4186_can.o
                0x0000c2e4                dw_can2_send_message
 .text.ui_can_test
                0x0000c3b0      0x150 ./src/az4186_can.o
                0x0000c3b0                ui_can_test
 .text.CAN1callback
                0x0000c500       0x2c ./src/az4186_can.o
                0x0000c500                CAN1callback
 .text.CAN_ISR_Rx1
                0x0000c52c       0xc8 ./src/az4186_can.o
                0x0000c52c                CAN_ISR_Rx1
 .text.CAN2callback
                0x0000c5f4       0x2c ./src/az4186_can.o
                0x0000c5f4                CAN2callback
 .text.CAN_ISR_Rx2
                0x0000c620       0xc8 ./src/az4186_can.o
                0x0000c620                CAN_ISR_Rx2
 .text.CAN_irq_handler
                0x0000c6e8       0xac ./src/az4186_can.o
                0x0000c6e8                CAN_irq_handler
 .text.ui_write_canopen_parameter
                0x0000c794       0x88 ./src/az4186_can.o
                0x0000c794                ui_write_canopen_parameter
 .text.ui_check_end_of_parameter_write
                0x0000c81c       0x90 ./src/az4186_can.o
                0x0000c81c                ui_check_end_of_parameter_write
 .text.ui_set_canopen_analog_input_refresh_period_ms
                0x0000c8ac       0x34 ./src/az4186_can.o
                0x0000c8ac                ui_set_canopen_analog_input_refresh_period_ms
 .text.ui_set_canopen_analog_input_type
                0x0000c8e0       0x30 ./src/az4186_can.o
                0x0000c8e0                ui_set_canopen_analog_input_type
 .text.ui_set_canopen_analog_input_type_2
                0x0000c910       0x34 ./src/az4186_can.o
                0x0000c910                ui_set_canopen_analog_input_type_2
 .text.v_request_data
                0x0000c944       0x48 ./src/az4186_can.o
                0x0000c944                v_request_data
 .text.v_canopen_nodes_operational
                0x0000c98c       0x88 ./src/az4186_can.o
                0x0000c98c                v_canopen_nodes_operational
 .text.v_canopen_init_timer0
                0x0000ca14       0x7c ./src/az4186_can.o
                0x0000ca14                v_canopen_init_timer0
 .text.ul_timer_difference_init
                0x0000ca90       0x18 ./src/az4186_can.o
                0x0000ca90                ul_timer_difference_init
 .text.ul_timer_difference_update_ms
                0x0000caa8       0x24 ./src/az4186_can.o
                0x0000caa8                ul_timer_difference_update_ms
 .text.ui_get_canopen_temperature
                0x0000cacc       0x7c ./src/az4186_can.o
                0x0000cacc                ui_get_canopen_temperature
 .text.ui_get_canopen_temperature_cold_junction
                0x0000cb48       0x54 ./src/az4186_can.o
                0x0000cb48                ui_get_canopen_temperature_cold_junction
 .text.ul_get_canbus_living_counter
                0x0000cb9c       0x10 ./src/az4186_can.o
                0x0000cb9c                ul_get_canbus_living_counter
 .text.v_update_screen
                0x0000cbac      0x264 ./src/az4186_can.o
                0x0000cbac                v_update_screen
 .text.v_init_canopen_init_seq
                0x0000ce10       0x20 ./src/az4186_can.o
                0x0000ce10                v_init_canopen_init_seq
 .text.v_handle_canopen_init_seq
                0x0000ce30      0x130 ./src/az4186_can.o
                0x0000ce30                v_handle_canopen_init_seq
 .text.canopen_init
                0x0000cf60       0x3c ./src/az4186_can.o
                0x0000cf60                canopen_init
 .text.CO_ODF_1010
                0x0000cf9c        0x8 ./src/az4186_can.o
                0x0000cf9c                CO_ODF_1010
 .text.CO_ODF_1011
                0x0000cfa4        0x8 ./src/az4186_can.o
                0x0000cfa4                CO_ODF_1011
 .text.ODF_testDomain
                0x0000cfac        0x8 ./src/az4186_can.o
                0x0000cfac                ODF_testDomain
 .text.ui_canopen_init
                0x0000cfb4       0x1c ./src/az4186_can.o
                0x0000cfb4                ui_canopen_init
 .text.ui_canopen_process
                0x0000cfd0       0x34 ./src/az4186_can.o
                0x0000cfd0                ui_canopen_process
 .text.v_process_canopen_rpdo
                0x0000d004       0x1c ./src/az4186_can.o
                0x0000d004                v_process_canopen_rpdo
 .text.v_process_canopen_tpdo
                0x0000d020       0x1c ./src/az4186_can.o
                0x0000d020                v_process_canopen_tpdo
 .text.ui_canopen_test
                0x0000d03c       0x94 ./src/az4186_can.o
                0x0000d03c                ui_canopen_test
 .text          0x0000d0d0        0x0 ./src/az4186_dac.o
 .text.vUpdateDacPortValue
                0x0000d0d0       0x38 ./src/az4186_dac.o
                0x0000d0d0                vUpdateDacPortValue
 .text.v_dac_set_output_value
                0x0000d108       0x18 ./src/az4186_dac.o
                0x0000d108                v_dac_set_output_value
 .text.vTestDac
                0x0000d120       0x28 ./src/az4186_dac.o
                0x0000d120                vTestDac
 .text.ui_read_dac_selected_portata
                0x0000d148       0x10 ./src/az4186_dac.o
                0x0000d148                ui_read_dac_selected_portata
 .text.v_dac_init
                0x0000d158       0x2c ./src/az4186_dac.o
                0x0000d158                v_dac_init
 .text          0x0000d184        0x0 ./src/az4186_eeprom_24c04.o
 .text.ui_num_element_in_eeprom_queue
                0x0000d184       0x20 ./src/az4186_eeprom_24c04.o
                0x0000d184                ui_num_element_in_eeprom_queue
 .text.ui_is_full_eeprom_queue
                0x0000d1a4       0x1c ./src/az4186_eeprom_24c04.o
                0x0000d1a4                ui_is_full_eeprom_queue
 .text.ui_is_empty_eeprom_queue
                0x0000d1c0       0x18 ./src/az4186_eeprom_24c04.o
                0x0000d1c0                ui_is_empty_eeprom_queue
 .text.ui_save_eeprom
                0x0000d1d8       0x88 ./src/az4186_eeprom_24c04.o
                0x0000d1d8                ui_save_eeprom
 .text.v_eeprom_set_address
                0x0000d260       0x78 ./src/az4186_eeprom_24c04.o
                0x0000d260                v_eeprom_set_address
 .text.v_eeprom_read_bytes
                0x0000d2d8       0x5c ./src/az4186_eeprom_24c04.o
                0x0000d2d8                v_eeprom_read_bytes
 .text.v_eeprom_write_bytes
                0x0000d334       0xd4 ./src/az4186_eeprom_24c04.o
                0x0000d334                v_eeprom_write_bytes
 .text.ui_eeprom_verify_signature
                0x0000d408       0x4c ./src/az4186_eeprom_24c04.o
                0x0000d408                ui_eeprom_verify_signature
 .text.v_eeprom_write_signature
                0x0000d454       0x44 ./src/az4186_eeprom_24c04.o
                0x0000d454                v_eeprom_write_signature
 .text.v_init_eeprom
                0x0000d498       0x20 ./src/az4186_eeprom_24c04.o
                0x0000d498                v_init_eeprom
 .text.v_erase_eeprom_datum
                0x0000d4b8       0xf4 ./src/az4186_eeprom_24c04.o
                0x0000d4b8                v_erase_eeprom_datum
 .text.v_save_eeprom_datum
                0x0000d5ac       0xf8 ./src/az4186_eeprom_24c04.o
                0x0000d5ac                v_save_eeprom_datum
 .text.ui_read_eeprom_datum
                0x0000d6a4      0x110 ./src/az4186_eeprom_24c04.o
                0x0000d6a4                ui_read_eeprom_datum
 .text.ui_update_eeprom_datum
                0x0000d7b4       0x84 ./src/az4186_eeprom_24c04.o
                0x0000d7b4                ui_update_eeprom_datum
 .text.ui_load_from_eeprom_datum
                0x0000d838       0xb8 ./src/az4186_eeprom_24c04.o
                0x0000d838                ui_load_from_eeprom_datum
 .text.ui_load_from_eeprom_all_data
                0x0000d8f0       0x38 ./src/az4186_eeprom_24c04.o
                0x0000d8f0                ui_load_from_eeprom_all_data
 .text.ui_save_to_eeprom_all_data
                0x0000d928       0x44 ./src/az4186_eeprom_24c04.o
                0x0000d928                ui_save_to_eeprom_all_data
 .text.v_format_eeprom
                0x0000d96c       0x58 ./src/az4186_eeprom_24c04.o
                0x0000d96c                v_format_eeprom
 .text.ui_save_encrypted_param
                0x0000d9c4      0x1f8 ./src/az4186_eeprom_24c04.o
                0x0000d9c4                ui_save_encrypted_param
 .text.v_handle_eeprom
                0x0000dbbc       0x98 ./src/az4186_eeprom_24c04.o
                0x0000dbbc                v_handle_eeprom
 .text          0x0000dc54        0x0 ./src/az4186_emc.o
 .text.ui_enable_external_ram
                0x0000dc54       0x3c ./src/az4186_emc.o
                0x0000dc54                ui_enable_external_ram
 .text.vEMC_az4186_fpga_init
                0x0000dc90       0xdc ./src/az4186_emc.o
                0x0000dc90                vEMC_az4186_fpga_init
 .text.ui_ext_ram_destructive_rw_test
                0x0000dd6c      0x330 ./src/az4186_emc.o
                0x0000dd6c                ui_ext_ram_destructive_rw_test
 .text.ui_ext_ram_retention_test
                0x0000e09c      0x128 ./src/az4186_emc.o
                0x0000e09c                ui_ext_ram_retention_test
 .text          0x0000e1c4        0x0 ./src/az4186_files.o
 .text.ui_write_single_object_file
                0x0000e1c4       0x6c ./src/az4186_files.o
 .text.ui_explore_dir.part.0
                0x0000e230       0x5c ./src/az4186_files.o
 .text.ui_read_single_object_file
                0x0000e28c       0x6c ./src/az4186_files.o
                0x0000e28c                ui_read_single_object_file
 .text.fileSystem_uiEqualJollyFileName
                0x0000e2f8      0x120 ./src/az4186_files.o
                0x0000e2f8                fileSystem_uiEqualJollyFileName
 .text.ui_file_copy
                0x0000e418       0x7c ./src/az4186_files.o
                0x0000e418                ui_file_copy
 .text.ui_f_copy
                0x0000e494       0x7c ./src/az4186_files.o
                0x0000e494                ui_f_copy
 .text.ui_explore_dir
                0x0000e510       0x60 ./src/az4186_files.o
                0x0000e510                ui_explore_dir
 .text.v_find_info_backup
                0x0000e570       0x58 ./src/az4186_files.o
                0x0000e570                v_find_info_backup
 .text.ui_restore_file
                0x0000e5c8       0xb8 ./src/az4186_files.o
                0x0000e5c8                ui_restore_file
 .text.ui_backup_file
                0x0000e680      0x298 ./src/az4186_files.o
                0x0000e680                ui_backup_file
 .text.ui_write_lcd_calibration_file
                0x0000e918       0x34 ./src/az4186_files.o
                0x0000e918                ui_write_lcd_calibration_file
 .text.ui_read_lcd_calibration_file
                0x0000e94c       0x18 ./src/az4186_files.o
                0x0000e94c                ui_read_lcd_calibration_file
 .text.ui_write_macparams_file
                0x0000e964       0x34 ./src/az4186_files.o
                0x0000e964                ui_write_macparams_file
 .text.ui_read_macparams_file
                0x0000e998       0x18 ./src/az4186_files.o
                0x0000e998                ui_read_macparams_file
 .text.pRead_private_parameter
                0x0000e9b0       0x68 ./src/az4186_files.o
                0x0000e9b0                pRead_private_parameter
 .text.pWrite_private_parameter
                0x0000ea18       0x88 ./src/az4186_files.o
                0x0000ea18                pWrite_private_parameter
 .text.pRead_custom_string20
                0x0000eaa0       0x98 ./src/az4186_files.o
                0x0000eaa0                pRead_custom_string20
 .text.pWrite_custom_string20
                0x0000eb38       0x8c ./src/az4186_files.o
                0x0000eb38                pWrite_custom_string20
 .text.pRead_custom_string40
                0x0000ebc4       0x90 ./src/az4186_files.o
                0x0000ebc4                pRead_custom_string40
 .text.pWrite_custom_string40
                0x0000ec54       0x8c ./src/az4186_files.o
                0x0000ec54                pWrite_custom_string40
 .text.ui_test_backup_restore
                0x0000ece0      0x128 ./src/az4186_files.o
                0x0000ece0                ui_test_backup_restore
 .text          0x0000ee08        0x0 ./src/az4186_initHw.o
 .text.disableIRQ
                0x0000ee08       0x3c ./src/az4186_initHw.o
                0x0000ee08                disableIRQ
 .text.restoreIRQ
                0x0000ee44       0x34 ./src/az4186_initHw.o
                0x0000ee44                restoreIRQ
 .text.enableIRQ
                0x0000ee78       0x34 ./src/az4186_initHw.o
                0x0000ee78                enableIRQ
 .text.vInitDataAndBssSections
                0x0000eeac       0x4c ./src/az4186_initHw.o
                0x0000eeac                vInitDataAndBssSections
 .text.v_wait_microseconds
                0x0000eef8       0x20 ./src/az4186_initHw.o
                0x0000eef8                v_wait_microseconds
 .text.vAZ4186_InitHwStuff
                0x0000ef18       0x7c ./src/az4186_initHw.o
                0x0000ef18                vAZ4186_InitHwStuff
 .text.v_reset_az4186
                0x0000ef94       0x48 ./src/az4186_initHw.o
                0x0000ef94                v_reset_az4186
 .text          0x0000efdc        0x0 ./src/az4186_items.o
 .text          0x0000efdc        0x0 ./src/az4186_program_codes.o
 .text.ui_check_version_of_product_codes_file
                0x0000efdc      0x2b0 ./src/az4186_program_codes.o
                0x0000efdc                ui_check_version_of_product_codes_file
 .text.ui_register_product_codes
                0x0000f28c       0x58 ./src/az4186_program_codes.o
                0x0000f28c                ui_register_product_codes
 .text.ui_product_file_read_body
                0x0000f2e4       0x6c ./src/az4186_program_codes.o
                0x0000f2e4                ui_product_file_read_body
 .text.ui_product_file_write_body
                0x0000f350       0x6c ./src/az4186_program_codes.o
                0x0000f350                ui_product_file_write_body
 .text.move_prg_pointer_retcode
                0x0000f3bc       0x98 ./src/az4186_program_codes.o
                0x0000f3bc                move_prg_pointer_retcode
 .text.ucCmpCodiciProgrammaJolly
                0x0000f454       0x48 ./src/az4186_program_codes.o
                0x0000f454                ucCmpCodiciProgrammaJolly
 .text.ucSearchCodiceProgramma
                0x0000f49c      0x178 ./src/az4186_program_codes.o
                0x0000f49c                ucSearchCodiceProgramma
 .text.uiGetActPrg
                0x0000f614       0x10 ./src/az4186_program_codes.o
                0x0000f614                uiGetActPrg
 .text.uiGetRunningPrg
                0x0000f624       0x10 ./src/az4186_program_codes.o
                0x0000f624                uiGetRunningPrg
 .text.uiSetActPrg
                0x0000f634       0x50 ./src/az4186_program_codes.o
                0x0000f634                uiSetActPrg
 .text.uiSetRunningPrg
                0x0000f684       0x44 ./src/az4186_program_codes.o
                0x0000f684                uiSetRunningPrg
 .text.ucSaveRunningPrg
                0x0000f6c8       0x5c ./src/az4186_program_codes.o
                0x0000f6c8                ucSaveRunningPrg
 .text.ucSaveActPrg
                0x0000f724       0x70 ./src/az4186_program_codes.o
                0x0000f724                ucSaveActPrg
 .text.v_add_default_product_code
                0x0000f794      0x110 ./src/az4186_program_codes.o
                0x0000f794                v_add_default_product_code
 .text.vInitProgramList
                0x0000f8a4       0x6c ./src/az4186_program_codes.o
                0x0000f8a4                vInitProgramList
 .text.InsertPrg
                0x0000f910       0x78 ./src/az4186_program_codes.o
                0x0000f910                InsertPrg
 .text.DeleteProgramma
                0x0000f988      0x12c ./src/az4186_program_codes.o
                0x0000f988                DeleteProgramma
 .text.v_empty_product_codes_list
                0x0000fab4       0x20 ./src/az4186_program_codes.o
                0x0000fab4                v_empty_product_codes_list
 .text.test_product_codes
                0x0000fad4      0x140 ./src/az4186_program_codes.o
                0x0000fad4                test_product_codes
 .text          0x0000fc14        0x0 ./src/az4186_temperature_compensation.o
 .text.ui_alarm_reading_temperature
                0x0000fc14       0x10 ./src/az4186_temperature_compensation.o
                0x0000fc14                ui_alarm_reading_temperature
 .text.ui_temperature_compensation_warmup_finished
                0x0000fc24       0x1c ./src/az4186_temperature_compensation.o
                0x0000fc24                ui_temperature_compensation_warmup_finished
 .text.ui_update_first_temperature_filter
                0x0000fc40      0x158 ./src/az4186_temperature_compensation.o
                0x0000fc40                ui_update_first_temperature_filter
 .text.v_initialize_temperature_compensation
                0x0000fd98       0x20 ./src/az4186_temperature_compensation.o
                0x0000fd98                v_initialize_temperature_compensation
 .text.v_handle_temperature_compensation
                0x0000fdb8      0x194 ./src/az4186_temperature_compensation.o
                0x0000fdb8                v_handle_temperature_compensation
 .text.v_set_alfa_factor
                0x0000ff4c       0x80 ./src/az4186_temperature_compensation.o
                0x0000ff4c                v_set_alfa_factor
 .text.ui_temperature_compensation_valid
                0x0000ffcc       0x10 ./src/az4186_temperature_compensation.o
                0x0000ffcc                ui_temperature_compensation_valid
 .text.i_ro_compensate_temperature
                0x0000ffdc       0xc8 ./src/az4186_temperature_compensation.o
                0x0000ffdc                i_ro_compensate_temperature
 .text.i_get_last_temperature_compensation_permille_used
                0x000100a4       0x10 ./src/az4186_temperature_compensation.o
                0x000100a4                i_get_last_temperature_compensation_permille_used
 .text.ui_get_averaged_compensation_temperature_celsius
                0x000100b4       0x9c ./src/az4186_temperature_compensation.o
                0x000100b4                ui_get_averaged_compensation_temperature_celsius
 .text.f_get_temperature_from_normalized_one
                0x00010150       0x34 ./src/az4186_temperature_compensation.o
                0x00010150                f_get_temperature_from_normalized_one
 .text.f_get_alfa_factor
                0x00010184       0x10 ./src/az4186_temperature_compensation.o
                0x00010184                f_get_alfa_factor
 .text.v_get_temperature_compensation_stats
                0x00010194       0x4c ./src/az4186_temperature_compensation.o
                0x00010194                v_get_temperature_compensation_stats
 .text.ui_get_temperature_compensated_resistance
                0x000101e0       0x64 ./src/az4186_temperature_compensation.o
                0x000101e0                ui_get_temperature_compensated_resistance
 .text          0x00010244        0x0 ./src/az4186_window_temperature_compensation.o
 .text.ui_is_valid_temp_calibration_point_on_act_prg.part.0
                0x00010244       0x58 ./src/az4186_window_temperature_compensation.o
 .text.ui_is_valid_temp_calibration_point_on_act_prg
                0x0001029c       0x10 ./src/az4186_window_temperature_compensation.o
                0x0001029c                ui_is_valid_temp_calibration_point_on_act_prg
 .text.ucHW_temperature_compensation_params
                0x000102ac      0x780 ./src/az4186_window_temperature_compensation.o
                0x000102ac                ucHW_temperature_compensation_params
 .text          0x00010a2c        0x0 ./src/codelist.o
 .text.uiLimitCommRpm
                0x00010a2c      0x378 ./src/codelist.o
                0x00010a2c                uiLimitCommRpm
 .text.vStringLangCopy
                0x00010da4       0xb4 ./src/codelist.o
                0x00010da4                vStringLangCopy
 .text.pucStringLang
                0x00010e58       0x90 ./src/codelist.o
                0x00010e58                pucStringLang
 .text.vString40LangCopy
                0x00010ee8       0xac ./src/codelist.o
                0x00010ee8                vString40LangCopy
 .text.ucHW_listaCodici
                0x00010f94      0x46c ./src/codelist.o
                0x00010f94                ucHW_listaCodici
 .text          0x00011400        0x0 ./src/crc32.o
 .text.crc32_init
                0x00011400        0xc ./src/crc32.o
                0x00011400                crc32_init
 .text.crc32_add
                0x0001140c       0x3c ./src/crc32.o
                0x0001140c                crc32_add
 .text.crc32_end
                0x00011448       0x10 ./src/crc32.o
                0x00011448                crc32_end
 .text.crc32_bfr
                0x00011458       0x40 ./src/crc32.o
                0x00011458                crc32_bfr
 .text.do_crc_behav
                0x00011498       0xbc ./src/crc32.o
                0x00011498                do_crc_behav
 .text.Set_HashValue
                0x00011554       0x50 ./src/crc32.o
                0x00011554                Set_HashValue
 .text          0x000115a4        0x0 ./src/crp.o
 .text          0x000115a4        0x0 ./src/diskio.o
 .text.wait_ready
                0x000115a4       0x48 ./src/diskio.o
 .text.v_generate_diag_alarm
                0x000115ec       0x34 ./src/diskio.o
 .text.uiSD_Initialize
                0x00011620       0xac ./src/diskio.o
                0x00011620                uiSD_Initialize
 .text.disk_initialize
                0x000116cc       0xd4 ./src/diskio.o
                0x000116cc                disk_initialize
 .text.disk_status
                0x000117a0       0x1c ./src/diskio.o
                0x000117a0                disk_status
 .text.disk_read
                0x000117bc       0xe0 ./src/diskio.o
                0x000117bc                disk_read
 .text.disk_write
                0x0001189c      0x12c ./src/diskio.o
                0x0001189c                disk_write
 .text.disk_ioctl
                0x000119c8       0x88 ./src/diskio.o
                0x000119c8                disk_ioctl
 .text.disk_timerproc
                0x00011a50       0x3c ./src/diskio.o
                0x00011a50                disk_timerproc
 .text.ucHasBeenFile_Modified
                0x00011a8c       0x40 ./src/diskio.o
                0x00011a8c                ucHasBeenFile_Modified
 .text.ucSignalFile_Modified
                0x00011acc       0x54 ./src/diskio.o
                0x00011acc                ucSignalFile_Modified
 .text          0x00011b20        0x0 ./src/dma.o
 .text.DMAHandler
                0x00011b20       0x68 ./src/dma.o
                0x00011b20                DMAHandler
 .text.DMA_Init
                0x00011b88       0x70 ./src/dma.o
                0x00011b88                DMA_Init
 .text.DMA_Move
                0x00011bf8      0x138 ./src/dma.o
                0x00011bf8                DMA_Move
 .text          0x00011d30        0x0 ./src/emac.o
 .text.EMAC_TxEnable
                0x00011d30       0x18 ./src/emac.o
                0x00011d30                EMAC_TxEnable
 .text.EMAC_TxDisable
                0x00011d48       0x18 ./src/emac.o
                0x00011d48                EMAC_TxDisable
 .text.EMAC_RxEnable
                0x00011d60       0x24 ./src/emac.o
                0x00011d60                EMAC_RxEnable
 .text.EMAC_RxDisable
                0x00011d84       0x24 ./src/emac.o
                0x00011d84                EMAC_RxDisable
 .text.WritePHY
                0x00011da8       0x2c ./src/emac.o
                0x00011da8                WritePHY
 .text.ReadPHY  0x00011dd4       0x34 ./src/emac.o
                0x00011dd4                ReadPHY
 .text.find_phy
                0x00011e08       0x70 ./src/emac.o
                0x00011e08                find_phy
 .text.EMACTxDescriptorInit
                0x00011e78       0x88 ./src/emac.o
                0x00011e78                EMACTxDescriptorInit
 .text.EMACRxDescriptorInit
                0x00011f00       0x88 ./src/emac.o
                0x00011f00                EMACRxDescriptorInit
 .text.EMACInit
                0x00011f88      0x528 ./src/emac.o
                0x00011f88                EMACInit
 .text.EMACReceiveFractions
                0x000124b0       0x98 ./src/emac.o
                0x000124b0                EMACReceiveFractions
 .text.EMACReceive
                0x00012548       0x90 ./src/emac.o
                0x00012548                EMACReceive
 .text.EMACHandler
                0x000125d8      0x1a0 ./src/emac.o
                0x000125d8                EMACHandler
 .text.EMACSend
                0x00012778      0x128 ./src/emac.o
                0x00012778                EMACSend
 .text.az4186_emac_init
                0x000128a0       0x70 ./src/emac.o
                0x000128a0                az4186_emac_init
 .text.az4186_emac_loop
                0x00012910      0x220 ./src/emac.o
                0x00012910                az4186_emac_loop
 .text          0x00012b30        0x0 ./src/fat_time.o
 .text.get_fattime
                0x00012b30       0x60 ./src/fat_time.o
                0x00012b30                get_fattime
 .text          0x00012b90        0x0 ./src/file_list.o
 .text.ui_file_list_crc
                0x00012b90       0x9c ./src/file_list.o
                0x00012b90                ui_file_list_crc
 .text.ui_get_header_body_size_file_list
                0x00012c2c       0xac ./src/file_list.o
                0x00012c2c                ui_get_header_body_size_file_list
 .text.open_file_list
                0x00012cd8      0x160 ./src/file_list.o
                0x00012cd8                open_file_list
 .text.create_file_list
                0x00012e38      0x144 ./src/file_list.o
                0x00012e38                create_file_list
 .text.file_list_find_element
                0x00012f7c      0x1a0 ./src/file_list.o
                0x00012f7c                file_list_find_element
 .text.insert_file_list
                0x0001311c      0x2b8 ./src/file_list.o
                0x0001311c                insert_file_list
 .text.delete_file_list
                0x000133d4      0x23c ./src/file_list.o
                0x000133d4                delete_file_list
 .text.walk_file_list
                0x00013610      0x280 ./src/file_list.o
                0x00013610                walk_file_list
 .text.close_file_list
                0x00013890       0x14 ./src/file_list.o
                0x00013890                close_file_list
 .text.v_init_file_list_registry
                0x000138a4       0x24 ./src/file_list.o
                0x000138a4                v_init_file_list_registry
 .text.file_list_register
                0x000138c8       0xa8 ./src/file_list.o
                0x000138c8                file_list_register
 .text.insert_reg_file_list
                0x00013970       0x6c ./src/file_list.o
                0x00013970                insert_reg_file_list
 .text.delete_reg_file_list
                0x000139dc       0x4c ./src/file_list.o
                0x000139dc                delete_reg_file_list
 .text.v_close_reg_file_list
                0x00013a28       0x3c ./src/file_list.o
                0x00013a28                v_close_reg_file_list
 .text.ul_reg_file_cur_id
                0x00013a64       0x60 ./src/file_list.o
                0x00013a64                ul_reg_file_cur_id
 .text.walk_reg_file_list
                0x00013ac4      0x138 ./src/file_list.o
                0x00013ac4                walk_reg_file_list
 .text.v_test_file_list
                0x00013bfc      0x1c0 ./src/file_list.o
                0x00013bfc                v_test_file_list
 .text          0x00013dbc        0x0 ./src/gui.o
 .text.ucNewKeyPressed
                0x00013dbc       0x10 ./src/gui.o
                0x00013dbc                ucNewKeyPressed
 .text.ucGetKeyPressed
                0x00013dcc       0x18 ./src/gui.o
                0x00013dcc                ucGetKeyPressed
 .text.uiPixelDistance
                0x00013de4       0x10 ./src/gui.o
                0x00013de4                uiPixelDistance
 .text.vInitTextOnDisplayQueue
                0x00013df4       0x1c ./src/gui.o
                0x00013df4                vInitTextOnDisplayQueue
 .text.vInitLcdTable
                0x00013e10       0x2c ./src/gui.o
                0x00013e10                vInitLcdTable
 .text.ucNextLcdId
                0x00013e3c       0x48 ./src/gui.o
                0x00013e3c                ucNextLcdId
 .text.ucFreeLcdId
                0x00013e84       0x44 ./src/gui.o
                0x00013e84                ucFreeLcdId
 .text.ucDeleteTextOnDisplayQueue
                0x00013ec8       0x84 ./src/gui.o
                0x00013ec8                ucDeleteTextOnDisplayQueue
 .text.ucResetTextOnDisplayQueue
                0x00013f4c       0x3c ./src/gui.o
                0x00013f4c                ucResetTextOnDisplayQueue
 .text.myexit   0x00013f88        0x4 ./src/gui.o
                0x00013f88                myexit
 .text.ucInsertTextOnDisplayQueue
                0x00013f8c      0x100 ./src/gui.o
                0x00013f8c                ucInsertTextOnDisplayQueue
 .text.vRemapTextOnQueue
                0x0001408c        0x4 ./src/gui.o
                0x0001408c                vRemapTextOnQueue
 .text.vCalcAreaTouchScreenTesto
                0x00014090       0xe8 ./src/gui.o
                0x00014090                vCalcAreaTouchScreenTesto
 .text.ucVerifyTouchOnTesto
                0x00014178       0x78 ./src/gui.o
                0x00014178                ucVerifyTouchOnTesto
 .text.ucTextOnDisplay
                0x000141f0       0x64 ./src/gui.o
                0x000141f0                ucTextOnDisplay
 .text.ucBitmap40x25OnDisplay
                0x00014254       0x8c ./src/gui.o
                0x00014254                ucBitmap40x25OnDisplay
 .text.vMapTesto
                0x000142e0      0x5e4 ./src/gui.o
                0x000142e0                vMapTesto
 .text.ucRenderTextOnVideo
                0x000148c4       0x74 ./src/gui.o
                0x000148c4                ucRenderTextOnVideo
 .text.vInitImmagine
                0x00014938       0x1c ./src/gui.o
                0x00014938                vInitImmagine
 .text.vForceRefreshImmagine
                0x00014954       0x1c ./src/gui.o
                0x00014954                vForceRefreshImmagine
 .text.ucClearScreen
                0x00014970       0x28 ./src/gui.o
                0x00014970                ucClearScreen
 .text.vCaricaImmagine
                0x00014998       0x10 ./src/gui.o
                0x00014998                vCaricaImmagine
 .text.ucImmagineCambiata
                0x000149a8       0x1c ./src/gui.o
                0x000149a8                ucImmagineCambiata
 .text.vResetTextSettings
                0x000149c4       0x24 ./src/gui.o
                0x000149c4                vResetTextSettings
 .text.vCloseLCD
                0x000149e8        0x4 ./src/gui.o
                0x000149e8                vCloseLCD
 .text.vInitKbd
                0x000149ec      0x10c ./src/gui.o
                0x000149ec                vInitKbd
 .text.vInitLcd
                0x00014af8       0xc8 ./src/gui.o
                0x00014af8                vInitLcd
 .text.vCtrlPressedButtons
                0x00014bc0       0x5c ./src/gui.o
                0x00014bc0                vCtrlPressedButtons
 .text.vSelectFont
                0x00014c1c       0x10 ./src/gui.o
                0x00014c1c                vSelectFont
 .text.vSelectTextColor
                0x00014c2c       0x10 ./src/gui.o
                0x00014c2c                vSelectTextColor
 .text.vSelectBackColor
                0x00014c3c       0x10 ./src/gui.o
                0x00014c3c                vSelectBackColor
 .text.ucPrintStaticText_MediumFont_Color
                0x00014c4c       0x58 ./src/gui.o
                0x00014c4c                ucPrintStaticText_MediumFont_Color
 .text.ucPrintSmallText_ColNames
                0x00014ca4       0x54 ./src/gui.o
                0x00014ca4                ucPrintSmallText_ColNames
 .text.ucPrintSmallText_ColNames_BackColor
                0x00014cf8       0x54 ./src/gui.o
                0x00014cf8                ucPrintSmallText_ColNames_BackColor
 .text.ucPrintTitleButton
                0x00014d4c      0x160 ./src/gui.o
                0x00014d4c                ucPrintTitleButton
 .text.ucPrintBitmapButton
                0x00014eac       0x98 ./src/gui.o
                0x00014eac                ucPrintBitmapButton
 .text.ucPrintStaticButton
                0x00014f44       0xec ./src/gui.o
                0x00014f44                ucPrintStaticButton
 .text.ucSearchFieldButtonPressed
                0x00015030       0x58 ./src/gui.o
                0x00015030                ucSearchFieldButtonPressed
 .text.ucPrintFieldButton
                0x00015088       0xe8 ./src/gui.o
                0x00015088                ucPrintFieldButton
 .text.ucPrintCursorText
                0x00015170       0x8c ./src/gui.o
                0x00015170                ucPrintCursorText
 .text.ucPrintTextTouch
                0x000151fc       0x60 ./src/gui.o
                0x000151fc                ucPrintTextTouch
 .text.vCalcCoeffsLcdCalibration
                0x0001525c      0x308 ./src/gui.o
                0x0001525c                vCalcCoeffsLcdCalibration
 .text.ucCalcCrcLcdCalibra
                0x00015564       0x30 ./src/gui.o
                0x00015564                ucCalcCrcLcdCalibra
 .text.vSaveCoeffsLcdCalibration
                0x00015594       0x30 ./src/gui.o
                0x00015594                vSaveCoeffsLcdCalibration
 .text.vLoadCoeffsLcdCalibration
                0x000155c4       0x60 ./src/gui.o
                0x000155c4                vLoadCoeffsLcdCalibration
 .text.vLinearizzaPosLcd
                0x00015624      0x264 ./src/gui.o
                0x00015624                vLinearizzaPosLcd
 .text.ucCtrlTouch
                0x00015888       0xd0 ./src/gui.o
                0x00015888                ucCtrlTouch
 .text.ucBackGroundCtrlLcd
                0x00015958       0x18 ./src/gui.o
                0x00015958                ucBackGroundCtrlLcd
 .text.vCalibraLcd
                0x00015970      0x308 ./src/gui.o
                0x00015970                vCalibraLcd
 .text.vEnableCalibraLcd
                0x00015c78       0x10 ./src/gui.o
                0x00015c78                vEnableCalibraLcd
 .text.vVisualizeSplashScreen
                0x00015c88       0x2c ./src/gui.o
                0x00015c88                vVisualizeSplashScreen
 .text.ucVisualizeSplashScreen
                0x00015cb4       0x90 ./src/gui.o
                0x00015cb4                ucVisualizeSplashScreen
 .text.vRefreshLcd
                0x00015d44      0x27c ./src/gui.o
                0x00015d44                vRefreshLcd
 .text          0x00015fc0        0x0 ./src/i2c.o
 .text.I2C0MasterHandler
                0x00015fc0      0x2d4 ./src/i2c.o
                0x00015fc0                I2C0MasterHandler
 .text.ui_get_i2c_alarm_subcode
                0x00016294       0x10 ./src/i2c.o
                0x00016294                ui_get_i2c_alarm_subcode
 .text.ui_clear_i2c_alarm_subcode
                0x000162a4       0x14 ./src/i2c.o
                0x000162a4                ui_clear_i2c_alarm_subcode
 .text.v_generate_alarm_i2c_bus
                0x000162b8       0x40 ./src/i2c.o
                0x000162b8                v_generate_alarm_i2c_bus
 .text.v_signal_accessing_eeprom_i2c
                0x000162f8       0x10 ./src/i2c.o
                0x000162f8                v_signal_accessing_eeprom_i2c
 .text.I2CStart
                0x00016308       0x70 ./src/i2c.o
                0x00016308                I2CStart
 .text.I2CStop  0x00016378       0x60 ./src/i2c.o
                0x00016378                I2CStop
 .text.I2CInit  0x000163d8       0xb4 ./src/i2c.o
                0x000163d8                I2CInit
 .text.I2CEngine
                0x0001648c       0xd0 ./src/i2c.o
                0x0001648c                I2CEngine
 .text.I2CStart_noWait
                0x0001655c       0x20 ./src/i2c.o
                0x0001655c                I2CStart_noWait
 .text.I2CEngine_Start
                0x0001657c       0x5c ./src/i2c.o
                0x0001657c                I2CEngine_Start
 .text.v_i2c_engine_reset
                0x000165d8       0x44 ./src/i2c.o
                0x000165d8                v_i2c_engine_reset
 .text.I2CEngine_isEnded
                0x0001661c       0x18 ./src/i2c.o
                0x0001661c                I2CEngine_isEnded
 .text.v_verify_unlock_i2c_bus
                0x00016634        0x4 ./src/i2c.o
                0x00016634                v_verify_unlock_i2c_bus
 .text          0x00016638        0x0 ./src/inverse_v1.o
 .text.cofactor_ij_v1
                0x00016638      0x190 ./src/inverse_v1.o
                0x00016638                cofactor_ij_v1
 .text.cofactor_v1
                0x000167c8       0x4c ./src/inverse_v1.o
                0x000167c8                cofactor_v1
 .text.determinant_v1
                0x00016814       0x44 ./src/inverse_v1.o
                0x00016814                determinant_v1
 .text.transpose_v1
                0x00016858       0x40 ./src/inverse_v1.o
                0x00016858                transpose_v1
 .text.mul_v1   0x00016898       0x50 ./src/inverse_v1.o
                0x00016898                mul_v1
 .text.inverse_v1
                0x000168e8       0x5c ./src/inverse_v1.o
                0x000168e8                inverse_v1
 .text.vMultiplyMatrix4x4_Vector
                0x00016944       0x60 ./src/inverse_v1.o
                0x00016944                vMultiplyMatrix4x4_Vector
 .text.vSolve4x4System
                0x000169a4       0x38 ./src/inverse_v1.o
                0x000169a4                vSolve4x4System
 .text          0x000169dc        0x0 ./src/lcd.o
 .text.ucTouchScreenPressed
                0x000169dc       0x18 ./src/lcd.o
                0x000169dc                ucTouchScreenPressed
 .text.vLCD_Init
                0x000169f4       0x48 ./src/lcd.o
                0x000169f4                vLCD_Init
 .text.LCD_SpiAccess
                0x00016a3c       0x38 ./src/lcd.o
                0x00016a3c                LCD_SpiAccess
 .text.ucTouchedScreen
                0x00016a74      0x138 ./src/lcd.o
                0x00016a74                ucTouchedScreen
 .text.vResetIntLCD_spi
                0x00016bac       0x1c ./src/lcd.o
                0x00016bac                vResetIntLCD_spi
 .text.TFT_write
                0x00016bc8        0xc ./src/lcd.o
                0x00016bc8                TFT_write
 .text.TFT_read
                0x00016bd4        0xc ./src/lcd.o
                0x00016bd4                TFT_read
 .text.v_signal_timeout_wating_lcd_int
                0x00016be0       0x18 ./src/lcd.o
                0x00016be0                v_signal_timeout_wating_lcd_int
 .text.LCD_wait_FPGA_done
                0x00016bf8       0x8c ./src/lcd.o
                0x00016bf8                LCD_wait_FPGA_done
 .text.FPGA_done
                0x00016c84        0x4 ./src/lcd.o
                0x00016c84                FPGA_done
 .text.Beep     0x00016c88        0x8 ./src/lcd.o
                0x00016c88                Beep
 .text.LCD_Beep
                0x00016c90        0x4 ./src/lcd.o
                0x00016c90                LCD_Beep
 .text.Change_bank
                0x00016c94       0x24 ./src/lcd.o
                0x00016c94                Change_bank
 .text.LCD_toggle_bank
                0x00016cb8       0x1c ./src/lcd.o
                0x00016cb8                LCD_toggle_bank
 .text.Read_image_from_flash
                0x00016cd4      0x100 ./src/lcd.o
                0x00016cd4                Read_image_from_flash
 .text.LCD_LoadImageOnBackgroundBank
                0x00016dd4        0x4 ./src/lcd.o
                0x00016dd4                LCD_LoadImageOnBackgroundBank
 .text.vWriteBMPelement
                0x00016dd8       0xd4 ./src/lcd.o
                0x00016dd8                vWriteBMPelement
 .text.ucMapDisplayChar
                0x00016eac       0x18 ./src/lcd.o
                0x00016eac                ucMapDisplayChar
 .text.vWriteIconElement
                0x00016ec4      0x170 ./src/lcd.o
                0x00016ec4                vWriteIconElement
 .text.vWriteIconElement_N
                0x00017034      0x198 ./src/lcd.o
                0x00017034                vWriteIconElement_N
 .text.vInitListDisplayElements
                0x000171cc       0x54 ./src/lcd.o
                0x000171cc                vInitListDisplayElements
 .text.ucTroppoPienaListaLcd
                0x00017220       0x20 ./src/lcd.o
                0x00017220                ucTroppoPienaListaLcd
 .text.vResetIconsAndBitmap
                0x00017240        0x4 ./src/lcd.o
                0x00017240                vResetIconsAndBitmap
 .text.vCloseListDisplayElements
                0x00017244       0xa0 ./src/lcd.o
                0x00017244                vCloseListDisplayElements
 .text.invio_lista
                0x000172e4       0x60 ./src/lcd.o
                0x000172e4                invio_lista
 .text.vSelect8bitTouch
                0x00017344        0x8 ./src/lcd.o
                0x00017344                vSelect8bitTouch
 .text.applicazione_lista
                0x0001734c       0x14 ./src/lcd.o
                0x0001734c                applicazione_lista
 .text.lettura_versione_FW
                0x00017360       0x30 ./src/lcd.o
                0x00017360                lettura_versione_FW
 .text          0x00017390        0x0 ./src/main.o
 .text.vInitializeTheDacValues
                0x00017390       0x2c ./src/main.o
                0x00017390                vInitializeTheDacValues
 .text.vWaitBootFpga
                0x000173bc      0x14c ./src/main.o
                0x000173bc                vWaitBootFpga
 .text.vPrintSmallTesto_Red
                0x00017508       0x44 ./src/main.o
                0x00017508                vPrintSmallTesto_Red
 .text.vRefreshScreen_Startup
                0x0001754c       0x28 ./src/main.o
                0x0001754c                vRefreshScreen_Startup
 .text.v_print_msg
                0x00017574       0x18 ./src/main.o
                0x00017574                v_print_msg
 .text          0x0001758c        0x0 ./src/mci.o
 .text.ulGetPclk.part.4
                0x0001758c       0x70 ./src/mci.o
 .text.MCI_TXEnable
                0x000175fc       0x2c ./src/mci.o
                0x000175fc                MCI_TXEnable
 .text.MCI_TXDisable
                0x00017628       0x2c ./src/mci.o
                0x00017628                MCI_TXDisable
 .text.MCI_RXEnable
                0x00017654       0x2c ./src/mci.o
                0x00017654                MCI_RXEnable
 .text.MCI_RXDisable
                0x00017680       0x2c ./src/mci.o
                0x00017680                MCI_RXDisable
 .text.MCI_CmdProcess
                0x000176ac       0xd0 ./src/mci.o
                0x000176ac                MCI_CmdProcess
 .text.MCI_DataErrorProcess
                0x0001777c       0xd0 ./src/mci.o
                0x0001777c                MCI_DataErrorProcess
 .text.MCI_DATA_END_InterruptService
                0x0001784c       0xa8 ./src/mci.o
                0x0001784c                MCI_DATA_END_InterruptService
 .text.MCI_FIFOInterruptService
                0x000178f4       0x18 ./src/mci.o
                0x000178f4                MCI_FIFOInterruptService
 .text.MCI_IRQHandler
                0x0001790c       0xa4 ./src/mci.o
                0x0001790c                MCI_IRQHandler
 .text.ulGetPclk
                0x000179b0       0x14 ./src/mci.o
                0x000179b0                ulGetPclk
 .text.MCI_Set_MCIClock
                0x000179c4       0x78 ./src/mci.o
                0x000179c4                MCI_Set_MCIClock
 .text.MCI_Init
                0x00017a3c      0x124 ./src/mci.o
                0x00017a3c                MCI_Init
 .text.MCI_SendCmd
                0x00017b60       0xc0 ./src/mci.o
                0x00017b60                MCI_SendCmd
 .text.MCI_GetCmdResp
                0x00017c20      0x11c ./src/mci.o
                0x00017c20                MCI_GetCmdResp
 .text.MCI_Go_Idle_State
                0x00017d3c       0x24 ./src/mci.o
                0x00017d3c                MCI_Go_Idle_State
 .text.MCI_Send_OP_Cond
                0x00017d60       0x6c ./src/mci.o
                0x00017d60                MCI_Send_OP_Cond
 .text.MCI_Send_ACMD
                0x00017dcc       0x8c ./src/mci.o
                0x00017dcc                MCI_Send_ACMD
 .text.MCI_Send_ACMD_OP_Cond
                0x00017e58       0xc8 ./src/mci.o
                0x00017e58                MCI_Send_ACMD_OP_Cond
 .text.ui_send_cmd8
                0x00017f20       0x58 ./src/mci.o
                0x00017f20                ui_send_cmd8
 .text.MCI_CardInit
                0x00017f78       0x78 ./src/mci.o
                0x00017f78                MCI_CardInit
 .text.MCI_Check_CID
                0x00017ff0       0x5c ./src/mci.o
                0x00017ff0                MCI_Check_CID
 .text.MCI_Set_Address
                0x0001804c       0x9c ./src/mci.o
                0x0001804c                MCI_Set_Address
 .text.vSaveCSD_reg
                0x000180e8       0x24 ./src/mci.o
                0x000180e8                vSaveCSD_reg
 .text.vCalcSD_capacity
                0x0001810c      0x108 ./src/mci.o
                0x0001810c                vCalcSD_capacity
 .text.MCI_Send_CSD
                0x00018214       0xa0 ./src/mci.o
                0x00018214                MCI_Send_CSD
 .text.MCI_Select_Card
                0x000182b4       0xa4 ./src/mci.o
                0x000182b4                MCI_Select_Card
 .text.MCI_Send_Status
                0x00018358       0x90 ./src/mci.o
                0x00018358                MCI_Send_Status
 .text.MCI_CheckStatus
                0x000183e8       0x30 ./src/mci.o
                0x000183e8                MCI_CheckStatus
 .text.MCI_Set_BlockLen
                0x00018418       0x88 ./src/mci.o
                0x00018418                MCI_Set_BlockLen
 .text.MCI_Send_ACMD_Bus_Width
                0x000184a0       0x88 ./src/mci.o
                0x000184a0                MCI_Send_ACMD_Bus_Width
 .text.SD_Set_BusWidth
                0x00018528       0x58 ./src/mci.o
                0x00018528                SD_Set_BusWidth
 .text.MCI_Send_Stop
                0x00018580       0x7c ./src/mci.o
                0x00018580                MCI_Send_Stop
 .text.MCI_Send_Write_Block
                0x000185fc       0xa0 ./src/mci.o
                0x000185fc                MCI_Send_Write_Block
 .text.MCI_Send_Write_Multiple_Block
                0x0001869c       0xa0 ./src/mci.o
                0x0001869c                MCI_Send_Write_Multiple_Block
 .text.MCI_Write_Multiple_Block
                0x0001873c      0x120 ./src/mci.o
                0x0001873c                MCI_Write_Multiple_Block
 .text.MCI_Send_Read_Block
                0x0001885c       0xa0 ./src/mci.o
                0x0001885c                MCI_Send_Read_Block
 .text.MCI_Write_Block
                0x000188fc       0xbc ./src/mci.o
                0x000188fc                MCI_Write_Block
 .text.MCI_Read_Block
                0x000189b8       0xb8 ./src/mci.o
                0x000189b8                MCI_Read_Block
 .text          0x00018a70        0x0 ./src/params.o
 .text.vSetHRE_potentiometer.part.2
                0x00018a70       0x90 ./src/params.o
 .text.v_reset_spindle_and_wheel_dac
                0x00018b00       0x5c ./src/params.o
                0x00018b00                v_reset_spindle_and_wheel_dac
 .text.uc_format_str_len_mult_16
                0x00018b5c       0xb8 ./src/params.o
                0x00018b5c                uc_format_str_len_mult_16
 .text.v_init_read_bytes_from_vdip
                0x00018c14       0x20 ./src/params.o
                0x00018c14                v_init_read_bytes_from_vdip
 .text.uc_read_a_byte_from_vdip
                0x00018c34      0x14c ./src/params.o
                0x00018c34                uc_read_a_byte_from_vdip
 .text.set_check_tangled_wire_params_default
                0x00018d80       0x6c ./src/params.o
                0x00018d80                set_check_tangled_wire_params_default
 .text.iSaveMachineParsOnFile_GetExitCode
                0x00018dec       0x10 ./src/params.o
                0x00018dec                iSaveMachineParsOnFile_GetExitCode
 .text.fSaveMachineParsOnFile_GetEstimatedDonePerc
                0x00018dfc       0x10 ./src/params.o
                0x00018dfc                fSaveMachineParsOnFile_GetEstimatedDonePerc
 .text.vInitMachineParsOnFile_Stati
                0x00018e0c       0x2c ./src/params.o
                0x00018e0c                vInitMachineParsOnFile_Stati
 .text.ui_send_vdip_string
                0x00018e38      0x2d8 ./src/params.o
                0x00018e38                ui_send_vdip_string
 .text.ucSaveMachineParsOnFile_Stati
                0x00019110      0xc00 ./src/params.o
                0x00019110                ucSaveMachineParsOnFile_Stati
 .text.ucLoadCodiciProdottoOnFile_Stati
                0x00019d10      0x810 ./src/params.o
                0x00019d10                ucLoadCodiciProdottoOnFile_Stati
 .text.ucLoadParMacOnFile_Stati
                0x0001a520      0x854 ./src/params.o
                0x0001a520                ucLoadParMacOnFile_Stati
 .text.ucLoadCustomLanguage_Stati
                0x0001ad74      0x448 ./src/params.o
                0x0001ad74                ucLoadCustomLanguage_Stati
 .text.vSetNumK_to_ask_password
                0x0001b1bc       0x58 ./src/params.o
                0x0001b1bc                vSetNumK_to_ask_password
 .text.vSetNumK_to_ask_password_super_user
                0x0001b214       0x80 ./src/params.o
                0x0001b214                vSetNumK_to_ask_password_super_user
 .text.ucVerifyPasswordCorrect
                0x0001b294       0x48 ./src/params.o
                0x0001b294                ucVerifyPasswordCorrect
 .text.ucVerifyPasswordSuperUserCorrect
                0x0001b2dc       0x24 ./src/params.o
                0x0001b2dc                ucVerifyPasswordSuperUserCorrect
 .text.ucCalcWireLengthMetersForJobList
                0x0001b300      0x1a4 ./src/params.o
                0x0001b300                ucCalcWireLengthMetersForJobList
 .text.vAddStandardButtons
                0x0001b4a4       0xa0 ./src/params.o
                0x0001b4a4                vAddStandardButtons
 .text.ucHW_LoadCodiciProdotto
                0x0001b544      0x414 ./src/params.o
                0x0001b544                ucHW_LoadCodiciProdotto
 .text.ucHW_ResetCodiciProdotto
                0x0001b958      0x320 ./src/params.o
                0x0001b958                ucHW_ResetCodiciProdotto
 .text.ucHW_LoadCustomLanguage
                0x0001bc78      0x3fc ./src/params.o
                0x0001bc78                ucHW_LoadCustomLanguage
 .text.ucHW_LoadParsMac
                0x0001c074      0x434 ./src/params.o
                0x0001c074                ucHW_LoadParsMac
 .text.ucHW_SaveParams
                0x0001c4a8      0x490 ./src/params.o
                0x0001c4a8                ucHW_SaveParams
 .text.ucHW_DataOra
                0x0001c938      0x384 ./src/params.o
                0x0001c938                ucHW_DataOra
 .text.vAddStandardButtonsOk
                0x0001ccbc       0xa0 ./src/params.o
                0x0001ccbc                vAddStandardButtonsOk
 .text.f_convert_perc_dist_to_float_0_100
                0x0001cd5c       0x50 ./src/params.o
                0x0001cd5c                f_convert_perc_dist_to_float_0_100
 .text.us_convert_float_0_100_to_perc_dist
                0x0001cdac       0x74 ./src/params.o
                0x0001cdac                us_convert_float_0_100_to_perc_dist
 .text.v_convert_dist_values
                0x0001ce20      0x3e4 ./src/params.o
                0x0001ce20                v_convert_dist_values
 .text.ucHW_Distanziatore
                0x0001d204      0xb30 ./src/params.o
                0x0001d204                ucHW_Distanziatore
 .text.vInizializzaCodiceProdotto
                0x0001dd34       0xe8 ./src/params.o
                0x0001dd34                vInizializzaCodiceProdotto
 .text.vHRE_init
                0x0001de1c       0x20 ./src/params.o
                0x0001de1c                vHRE_init
 .text.vResetWindows
                0x0001de3c      0x140 ./src/params.o
                0x0001de3c                vResetWindows
 .text.vSetHRE_potentiometer
                0x0001df7c       0x80 ./src/params.o
                0x0001df7c                vSetHRE_potentiometer
 .text.vSelectHRE_potentiometer
                0x0001dffc       0xa4 ./src/params.o
                0x0001dffc                vSelectHRE_potentiometer
 .text.v_init_handling_encoder_grinding
                0x0001e0a0       0x48 ./src/params.o
 .text.ucHW_spindle_grinding
                0x0001e0e8      0x464 ./src/params.o
                0x0001e0e8                ucHW_spindle_grinding
 .text.ucGetSelectHRE_potentiometer
                0x0001e54c       0x20 ./src/params.o
                0x0001e54c                ucGetSelectHRE_potentiometer
 .text.iGetHRE_potentiometer
                0x0001e56c       0x18 ./src/params.o
                0x0001e56c                iGetHRE_potentiometer
 .text.vDisableHRE_potentiometer
                0x0001e584       0x14 ./src/params.o
                0x0001e584                vDisableHRE_potentiometer
 .text.vHandleHRE
                0x0001e598      0x28c ./src/params.o
                0x0001e598                vHandleHRE
 .text.iGetHRE_setting
                0x0001e824       0x98 ./src/params.o
                0x0001e824                iGetHRE_setting
 .text.vSaltaSuPaginaProduzione
                0x0001e8bc       0x18 ./src/params.o
                0x0001e8bc                vSaltaSuPaginaProduzione
 .text.ucIAmSpindleGrinding
                0x0001e8d4       0x1c ./src/params.o
                0x0001e8d4                ucIAmSpindleGrinding
 .text.ucIamInLogProduzione
                0x0001e8f0       0x1c ./src/params.o
                0x0001e8f0                ucIamInLogProduzione
 .text.ucIamInTaraturaStatica
                0x0001e90c       0x30 ./src/params.o
                0x0001e90c                ucIamInTaraturaStatica
 .text.ucIamInTaraturaDinamica
                0x0001e93c       0x34 ./src/params.o
                0x0001e93c                ucIamInTaraturaDinamica
 .text          0x0001e970        0x0 ./src/popup.o
 .text.f_calc_res_spezzone
                0x0001e970       0x44 ./src/popup.o
                0x0001e970                f_calc_res_spezzone
 .text.us_calc_portata_dinamica_per_resistenza
                0x0001e9b4       0x58 ./src/popup.o
                0x0001e9b4                us_calc_portata_dinamica_per_resistenza
 .text.f_calc_res_spec_filo
                0x0001ea0c       0x9c ./src/popup.o
                0x0001ea0c                f_calc_res_spec_filo
 .text.ucHW_MainMenu
                0x0001eaa8      0x274 ./src/popup.o
                0x0001eaa8                ucHW_MainMenu
 .text.ucHW_YesNo
                0x0001ed1c      0x284 ./src/popup.o
                0x0001ed1c                ucHW_YesNo
 .text.ValidatePrg
                0x0001efa0      0x240 ./src/popup.o
                0x0001efa0                ValidatePrg
 .text.ucNeedToClosePopupWindow
                0x0001f1e0       0x44 ./src/popup.o
                0x0001f1e0                ucNeedToClosePopupWindow
 .text.ucHandlePopupWindow
                0x0001f224     0x12fc ./src/popup.o
                0x0001f224                ucHandlePopupWindow
 .text.ucEnableStartLavorazione
                0x00020520       0x10 ./src/popup.o
                0x00020520                ucEnableStartLavorazione
 .text.ucIsDisabledStartLavorazione
                0x00020530       0x18 ./src/popup.o
                0x00020530                ucIsDisabledStartLavorazione
 .text          0x00020548        0x0 ./src/rtcDS3231_newer.o
 .text.i2c_Master_Xmit.part.0
                0x00020548       0x40 ./src/rtcDS3231_newer.o
 .text.i2c_Master_Rcv.part.1
                0x00020588       0x58 ./src/rtcDS3231_newer.o
 .text.i2c_Master_Xmit
                0x000205e0        0xc ./src/rtcDS3231_newer.o
                0x000205e0                i2c_Master_Xmit
 .text.i2c_Master_Rcv
                0x000205ec        0xc ./src/rtcDS3231_newer.o
                0x000205ec                i2c_Master_Rcv
 .text.vReadStatusTempRTC_DS3231
                0x000205f8       0xf4 ./src/rtcDS3231_newer.o
                0x000205f8                vReadStatusTempRTC_DS3231
 .text.vResetOSF_RTC_DS3231
                0x000206ec       0x6c ./src/rtcDS3231_newer.o
                0x000206ec                vResetOSF_RTC_DS3231
 .text.vReadTimeBytesRTC_DS3231
                0x00020758      0x11c ./src/rtcDS3231_newer.o
                0x00020758                vReadTimeBytesRTC_DS3231
 .text.vWriteTimeBytesRTC_DS3231
                0x00020874      0x184 ./src/rtcDS3231_newer.o
                0x00020874                vWriteTimeBytesRTC_DS3231
 .text.vInit_RtcDS3231
                0x000209f8       0x10 ./src/rtcDS3231_newer.o
                0x000209f8                vInit_RtcDS3231
 .text          0x00020a08        0x0 ./src/spi.o
 .text.vUpdateValoriTaratura
                0x00020a08      0x4a4 ./src/spi.o
                0x00020a08                vUpdateValoriTaratura
 .text.fCalcCoeffCorr
                0x00020eac       0x90 ./src/spi.o
                0x00020eac                fCalcCoeffCorr
 .text.vCalcAnticipoPretaglio
                0x00020f3c      0x1e0 ./src/spi.o
                0x00020f3c                vCalcAnticipoPretaglio
 .text.menuOperation
                0x0002111c       0x14 ./src/spi.o
                0x0002111c                menuOperation
 .text.update_crc
                0x00021130       0x34 ./src/spi.o
                0x00021130                update_crc
 .text.ucCalcCrcMacParams
                0x00021164       0xb0 ./src/spi.o
                0x00021164                ucCalcCrcMacParams
 .text.vSaveMacParms
                0x00021214       0x30 ./src/spi.o
                0x00021214                vSaveMacParms
 .text.vCtrlSaveMacParms
                0x00021244       0x20 ./src/spi.o
                0x00021244                vCtrlSaveMacParms
 .text.ucFillStructDist
                0x00021264      0x45c ./src/spi.o
                0x00021264                ucFillStructDist
 .text.ucFillProgramStructDist
                0x000216c0      0x14c ./src/spi.o
                0x000216c0                ucFillProgramStructDist
 .text.request_spindle_stop
                0x0002180c       0x18 ./src/spi.o
                0x0002180c                request_spindle_stop
 .text.upd7Seg  0x00021824      0x9e0 ./src/spi.o
                0x00021824                upd7Seg
 .text.updInp   0x00022204      0x524 ./src/spi.o
                0x00022204                updInp
 .text.vSetBitOutputsHi
                0x00022728       0x44 ./src/spi.o
                0x00022728                vSetBitOutputsHi
 .text.vResetBitOutputsHi
                0x0002276c       0x40 ./src/spi.o
                0x0002276c                vResetBitOutputsHi
 .text.vInitBandella
                0x000227ac       0x5c ./src/spi.o
                0x000227ac                vInitBandella
 .text.vCommandSwitchBandella
                0x00022808       0x14 ./src/spi.o
                0x00022808                vCommandSwitchBandella
 .text.vHandleBandella
                0x0002281c      0x150 ./src/spi.o
                0x0002281c                vHandleBandella
 .text.TxCommessa
                0x0002296c        0x4 ./src/spi.o
                0x0002296c                TxCommessa
 .text.vWaitStartupFpga
                0x00022970       0x3c ./src/spi.o
                0x00022970                vWaitStartupFpga
 .text.uiPrepareDescTempComp_ProductionLog
                0x000229ac       0xc4 ./src/spi.o
                0x000229ac                uiPrepareDescTempComp_ProductionLog
 .text.vPrepareDesc_ProductionLog
                0x00022a70      0x598 ./src/spi.o
                0x00022a70                vPrepareDesc_ProductionLog
 .text.vForceLcdRefresh
                0x00023008       0x14 ./src/spi.o
                0x00023008                vForceLcdRefresh
 .text.ucLcdRefreshTimeoutReset
                0x0002301c       0x24 ./src/spi.o
                0x0002301c                ucLcdRefreshTimeoutReset
 .text.ucLcdRefreshTimeoutExpired
                0x00023040       0x84 ./src/spi.o
                0x00023040                ucLcdRefreshTimeoutExpired
 .text.ucLcdRefreshTimeoutEnable
                0x000230c4       0x3c ./src/spi.o
                0x000230c4                ucLcdRefreshTimeoutEnable
 .text.uiLcdRefreshTimeout_GetAct
                0x00023100       0x18 ./src/spi.o
                0x00023100                uiLcdRefreshTimeout_GetAct
 .text.ucNeedToRefreshLcd
                0x00023118       0x60 ./src/spi.o
                0x00023118                ucNeedToRefreshLcd
 .text.ucResetTheButton
                0x00023178       0x38 ./src/spi.o
                0x00023178                ucResetTheButton
 .text.ucHasBeenPressedButton
                0x000231b0       0x3c ./src/spi.o
                0x000231b0                ucHasBeenPressedButton
 .text.ucHasBeenTouchedButton
                0x000231ec       0x38 ./src/spi.o
                0x000231ec                ucHasBeenTouchedButton
 .text.ucCreateTheButton
                0x00023224       0x30 ./src/spi.o
                0x00023224                ucCreateTheButton
 .text.ucHW_LogProduzione
                0x00023254      0x3dc ./src/spi.o
                0x00023254                ucHW_LogProduzione
 .text.ucIdxCharButtonPressed
                0x00023630       0x18 ./src/spi.o
                0x00023630                ucIdxCharButtonPressed
 .text.ucFieldButtonPressed
                0x00023648       0x18 ./src/spi.o
                0x00023648                ucFieldButtonPressed
 .text.vSetFieldButtonPressed
                0x00023660       0x18 ./src/spi.o
                0x00023660                vSetFieldButtonPressed
 .text.ucTheButtonIsPressed
                0x00023678       0x34 ./src/spi.o
                0x00023678                ucTheButtonIsPressed
 .text.us_is_button_pressed
                0x000236ac       0x1c ./src/spi.o
                0x000236ac                us_is_button_pressed
 .text.vClearButtonPressed
                0x000236c8       0x14 ./src/spi.o
                0x000236c8                vClearButtonPressed
 .text.vSignalButtonPressed
                0x000236dc       0x40 ./src/spi.o
                0x000236dc                vSignalButtonPressed
 .text.vHandleButtons
                0x0002371c       0xec ./src/spi.o
                0x0002371c                vHandleButtons
 .text.vRefreshLcdStrings
                0x00023808       0xe8 ./src/spi.o
                0x00023808                vRefreshLcdStrings
 .text.vSetTextRigaColonna
                0x000238f0       0x24 ./src/spi.o
                0x000238f0                vSetTextRigaColonna
 .text.vSetCursorOn
                0x00023914       0x1c ./src/spi.o
                0x00023914                vSetCursorOn
 .text.vPrintDirectString
                0x00023930       0x50 ./src/spi.o
                0x00023930                vPrintDirectString
 .text.vPrintDirectChar
                0x00023980       0x3c ./src/spi.o
                0x00023980                vPrintDirectChar
 .text.startEdit
                0x000239bc       0xac ./src/spi.o
                0x000239bc                startEdit
 .text.updLcd   0x00023a68      0x138 ./src/spi.o
                0x00023a68                updLcd
 .text.updOut   0x00023ba0      0x12c ./src/spi.o
                0x00023ba0                updOut
 .text.vInitActPrg
                0x00023ccc       0x64 ./src/spi.o
                0x00023ccc                vInitActPrg
 .text.vHandleBackgroundNandFlash
                0x00023d30        0x4 ./src/spi.o
                0x00023d30                vHandleBackgroundNandFlash
 .text.vValidateTabFornitori
                0x00023d34       0x60 ./src/spi.o
                0x00023d34                vValidateTabFornitori
 .text.vSearchFirstComm
                0x00023d94       0x54 ./src/spi.o
                0x00023d94                vSearchFirstComm
 .text.mynatoi  0x00023de8       0x58 ./src/spi.o
                0x00023de8                mynatoi
 .text.AdjustVelPeriferica
                0x00023e40      0x240 ./src/spi.o
                0x00023e40                AdjustVelPeriferica
 .text.InsertTheProgram
                0x00024080      0x1f8 ./src/spi.o
                0x00024080                InsertTheProgram
 .text.vAggiornaPosizioneColtello
                0x00024278      0x15c ./src/spi.o
                0x00024278                vAggiornaPosizioneColtello
 .text.WriteOnDacByPot
                0x000243d4       0xc4 ./src/spi.o
                0x000243d4                WriteOnDacByPot
 .text.SetPotenziometri
                0x00024498      0x2c8 ./src/spi.o
                0x00024498                SetPotenziometri
 .text.vMacParmsAtDefaultValue
                0x00024760      0x1f4 ./src/spi.o
                0x00024760                vMacParmsAtDefaultValue
 .text.vLoadMacParms
                0x00024954       0x90 ./src/spi.o
                0x00024954                vLoadMacParms
 .text.ValidateMacParms
                0x000249e4      0x324 ./src/spi.o
                0x000249e4                ValidateMacParms
 .text.init     0x00024d08      0x6b4 ./src/spi.o
                0x00024d08                init
 .text.spi_main
                0x000253bc       0xbc ./src/spi.o
                0x000253bc                spi_main
 .text          0x00025478        0x0 ./src/spidbg.o
 .text.ucHW_setupProduzione
                0x00025478     0x2a24 ./src/spidbg.o
                0x00025478                ucHW_setupProduzione
 .text.vGetValueParametro
                0x00027e9c      0x114 ./src/spidbg.o
                0x00027e9c                vGetValueParametro
 .text.vSetValueParametro
                0x00027fb0       0xf8 ./src/spidbg.o
                0x00027fb0                vSetValueParametro
 .text.vRefresh_IPM_values
                0x000280a8      0x144 ./src/spidbg.o
                0x000280a8                vRefresh_IPM_values
 .text.ucHW_ParametriMacchina
                0x000281ec      0x9e8 ./src/spidbg.o
                0x000281ec                ucHW_ParametriMacchina
 .text.ucHW_Fornitori
                0x00028bd4      0x3d4 ./src/spidbg.o
                0x00028bd4                ucHW_Fornitori
 .text.vPrintTesto
                0x00028fa8       0x44 ./src/spidbg.o
                0x00028fa8                vPrintTesto
 .text.vRefreshScreen
                0x00028fec       0x28 ./src/spidbg.o
                0x00028fec                vRefreshScreen
 .text.vPrintMessage
                0x00029014       0x38 ./src/spidbg.o
                0x00029014                vPrintMessage
 .text.vResetRamAndReboot
                0x0002904c       0xe4 ./src/spidbg.o
                0x0002904c                vResetRamAndReboot
 .text.ucHW_Utilities
                0x00029130      0x404 ./src/spidbg.o
                0x00029130                ucHW_Utilities
 .text.vHandleButtonsRegulation
                0x00029534      0x234 ./src/spidbg.o
                0x00029534                vHandleButtonsRegulation
 .text.ucHW_InAnalog
                0x00029768      0x2c8 ./src/spidbg.o
                0x00029768                ucHW_InAnalog
 .text.ucHW_OutAnalog
                0x00029a30      0x23c ./src/spidbg.o
                0x00029a30                ucHW_OutAnalog
 .text.ucHW_Indig
                0x00029c6c      0x218 ./src/spidbg.o
                0x00029c6c                ucHW_Indig
 .text.ucHW_Outdig
                0x00029e84      0x47c ./src/spidbg.o
                0x00029e84                ucHW_Outdig
 .text.ucHW_IngressiEncoder
                0x0002a300      0x1e0 ./src/spidbg.o
                0x0002a300                ucHW_IngressiEncoder
 .text.ucHW_Taratura_Portata
                0x0002a4e0      0x624 ./src/spidbg.o
                0x0002a4e0                ucHW_Taratura_Portata
 .text.ucHW_Taratura_Portata_1_4
                0x0002ab04      0x24c ./src/spidbg.o
                0x0002ab04                ucHW_Taratura_Portata_1_4
 .text.ucHW_Taratura_Misura_Dyn_Or_Stat
                0x0002ad50      0x248 ./src/spidbg.o
                0x0002ad50                ucHW_Taratura_Misura_Dyn_Or_Stat
 .text.ucHW_SelezionaTaratura
                0x0002af98      0x2f8 ./src/spidbg.o
                0x0002af98                ucHW_SelezionaTaratura
 .text.ucHW_Info
                0x0002b290      0x134 ./src/spidbg.o
                0x0002b290                ucHW_Info
 .text.v_preset_for_program_param_input
                0x0002b3c4       0xec ./src/spidbg.o
                0x0002b3c4                v_preset_for_program_param_input
 .text.ucHW_ViewCodiceProdotto
                0x0002b4b0      0x6ac ./src/spidbg.o
                0x0002b4b0                ucHW_ViewCodiceProdotto
 .text.ucHandleWindows
                0x0002bb5c      0x2ac ./src/spidbg.o
                0x0002bb5c                ucHandleWindows
 .text          0x0002be08        0x0 ./src/spiglb.o
 .text          0x0002be08        0x0 ./src/spimis.o
 .text.v_init_handle_wait_one_coil
                0x0002be08       0x20 ./src/spimis.o
                0x0002be08                v_init_handle_wait_one_coil
 .text.ui_handle_wait_one_coil_ok
                0x0002be28       0x1c ./src/spimis.o
                0x0002be28                ui_handle_wait_one_coil_ok
 .text.v_handle_wait_one_coil
                0x0002be44       0xa8 ./src/spimis.o
                0x0002be44                v_handle_wait_one_coil
 .text.timeout_init
                0x0002beec       0x24 ./src/spimis.o
                0x0002beec                timeout_init
 .text.uc_timeout_active
                0x0002bf10       0x70 ./src/spimis.o
                0x0002bf10                uc_timeout_active
 .text.mystrcpy
                0x0002bf80       0x30 ./src/spimis.o
                0x0002bf80                mystrcpy
 .text.vCommandSwitchBandella_Interrupt
                0x0002bfb0       0x14 ./src/spimis.o
                0x0002bfb0                vCommandSwitchBandella_Interrupt
 .text.vInitAD7327
                0x0002bfc4       0xdc ./src/spimis.o
                0x0002bfc4                vInitAD7327
 .text.vHaltReadCycleSensoreTaglio
                0x0002c0a0       0x18 ./src/spimis.o
                0x0002c0a0                vHaltReadCycleSensoreTaglio
 .text.vInitSensoreTaglio
                0x0002c0b8       0x7c ./src/spimis.o
                0x0002c0b8                vInitSensoreTaglio
 .text.vInitReadCycleSensoreTaglio
                0x0002c134       0x38 ./src/spimis.o
                0x0002c134                vInitReadCycleSensoreTaglio
 .text.vLockOperazioneLama
                0x0002c16c       0x18 ./src/spimis.o
                0x0002c16c                vLockOperazioneLama
 .text.vUnlockOperazioneLama
                0x0002c184       0x14 ./src/spimis.o
                0x0002c184                vUnlockOperazioneLama
 .text.vAttivaOperazioneLama
                0x0002c198      0x100 ./src/spimis.o
                0x0002c198                vAttivaOperazioneLama
 .text.ucIsAttivaOperazioneLama
                0x0002c298       0x34 ./src/spimis.o
                0x0002c298                ucIsAttivaOperazioneLama
 .text.ucRefreshAdchannels_Interrupt
                0x0002c2cc      0x1fc ./src/spimis.o
                0x0002c2cc                ucRefreshAdchannels_Interrupt
 .text.vReadAD7327
                0x0002c4c8      0x12c ./src/spimis.o
                0x0002c4c8                vReadAD7327
 .text.iReadCounter
                0x0002c5f4       0x54 ./src/spimis.o
                0x0002c5f4                iReadCounter
 .text.iAzzeraReadCounter_2
                0x0002c648       0x28 ./src/spimis.o
                0x0002c648                iAzzeraReadCounter_2
 .text.vInitPosizioneLamaTaglio
                0x0002c670       0x44 ./src/spimis.o
                0x0002c670                vInitPosizioneLamaTaglio
 .text.vSpeedTargetUrp_init
                0x0002c6b4       0x20 ./src/spimis.o
                0x0002c6b4                vSpeedTargetUrp_init
 .text.vSpeedTargetUrp_update
                0x0002c6d4       0x9c ./src/spimis.o
                0x0002c6d4                vSpeedTargetUrp_update
 .text.ulSpeedTargetUrp_get
                0x0002c770       0x10 ./src/spimis.o
                0x0002c770                ulSpeedTargetUrp_get
 .text.l_multiply_long_perc_dist
                0x0002c780       0x20 ./src/spimis.o
                0x0002c780                l_multiply_long_perc_dist
 .text.v_reset_stato_distanziatore
                0x0002c7a0       0x30 ./src/spimis.o
                0x0002c7a0                v_reset_stato_distanziatore
 .text.iReadCounter_2
                0x0002c7d0       0x80 ./src/spimis.o
                0x0002c7d0                iReadCounter_2
 .text.iInitReadCounter_2
                0x0002c850       0x2c ./src/spimis.o
                0x0002c850                iInitReadCounter_2
 .text.vHandleTaglioAsincrono_Distanziatore
                0x0002c87c      0x12c ./src/spimis.o
                0x0002c87c                vHandleTaglioAsincrono_Distanziatore
 .text.ui_separate_coil_during_cut
                0x0002c9a8       0x2c ./src/spimis.o
                0x0002c9a8                ui_separate_coil_during_cut
 .text.vHandleDistanziatore_Interrupt
                0x0002c9d4      0x4ec ./src/spimis.o
                0x0002c9d4                vHandleDistanziatore_Interrupt
 .text.vRefreshInputEdge
                0x0002cec0       0x60 ./src/spimis.o
                0x0002cec0                vRefreshInputEdge
 .text.v_reset_cutter_position
                0x0002cf20       0x20 ./src/spimis.o
                0x0002cf20                v_reset_cutter_position
 .text.IRQ_Handler_timer0
                0x0002cf40     0x2048 ./src/spimis.o
                0x0002cf40                IRQ_Handler_timer0
 .text.get_ul_timer_interrupt_count
                0x0002ef88       0x10 ./src/spimis.o
                0x0002ef88                get_ul_timer_interrupt_count
 .text.initTimer
                0x0002ef98       0xd4 ./src/spimis.o
                0x0002ef98                initTimer
 .text          0x0002f06c        0x0 ./src/spiutils.o
 .text.mynatof  0x0002f06c      0x148 ./src/spiutils.o
                0x0002f06c                mynatof
 .text.SetDacValue
                0x0002f1b4       0xb0 ./src/spiutils.o
                0x0002f1b4                SetDacValue
 .text.DeleteCommessa
                0x0002f264       0xc8 ./src/spiutils.o
                0x0002f264                DeleteCommessa
 .text.SearchNextCommessa
                0x0002f32c       0x24 ./src/spiutils.o
                0x0002f32c                SearchNextCommessa
 .text.SearchPrevCommessa
                0x0002f350       0x24 ./src/spiutils.o
                0x0002f350                SearchPrevCommessa
 .text.vJumpToWindow
                0x0002f374       0x40 ./src/spiutils.o
                0x0002f374                vJumpToWindow
 .text.ucIsEmptyStackCaller
                0x0002f3b4       0x18 ./src/spiutils.o
                0x0002f3b4                ucIsEmptyStackCaller
 .text.vEmptyStackCaller
                0x0002f3cc       0x20 ./src/spiutils.o
                0x0002f3cc                vEmptyStackCaller
 .text.ucCallWindow
                0x0002f3ec       0x58 ./src/spiutils.o
                0x0002f3ec                ucCallWindow
 .text.ucReturnFromWindow
                0x0002f444       0x4c ./src/spiutils.o
                0x0002f444                ucReturnFromWindow
 .text.uiGetIdCurrentWindow
                0x0002f490       0x14 ./src/spiutils.o
                0x0002f490                uiGetIdCurrentWindow
 .text.uiGetStatusCurrentWindow
                0x0002f4a4       0x20 ./src/spiutils.o
                0x0002f4a4                uiGetStatusCurrentWindow
 .text.vSetStatusCurrentWindow
                0x0002f4c4       0x20 ./src/spiutils.o
                0x0002f4c4                vSetStatusCurrentWindow
 .text.ucSetWindowParam
                0x0002f4e4       0x2c ./src/spiutils.o
                0x0002f4e4                ucSetWindowParam
 .text.uiGetWindowParam
                0x0002f510       0x28 ./src/spiutils.o
                0x0002f510                uiGetWindowParam
 .text.uiGetActiveWindowParam
                0x0002f538       0x2c ./src/spiutils.o
                0x0002f538                uiGetActiveWindowParam
 .text.vSetActiveWindowParam
                0x0002f564       0x2c ./src/spiutils.o
                0x0002f564                vSetActiveWindowParam
 .text.vStrcpy_padBlank
                0x0002f590       0x5c ./src/spiutils.o
                0x0002f590                vStrcpy_padBlank
 .text.vStr_fillBlank
                0x0002f5ec       0x28 ./src/spiutils.o
                0x0002f5ec                vStr_fillBlank
 .text.vStrUpperCase
                0x0002f614       0x28 ./src/spiutils.o
                0x0002f614                vStrUpperCase
 .text.vStrcpy_trimBlank
                0x0002f63c       0xc4 ./src/spiutils.o
                0x0002f63c                vStrcpy_trimBlank
 .text.ucIsUmSensitive
                0x0002f700       0x38 ./src/spiutils.o
                0x0002f700                ucIsUmSensitive
 .text.ucT9_handle_button_pressed
                0x0002f738       0xc0 ./src/spiutils.o
                0x0002f738                ucT9_handle_button_pressed
 .text.ucPictureNumK_OnlyDigit_1_9_Ok
                0x0002f7f8       0x3c ./src/spiutils.o
                0x0002f7f8                ucPictureNumK_OnlyDigit_1_9_Ok
 .text.ucPictureNumK_DigitOk
                0x0002f834       0x60 ./src/spiutils.o
                0x0002f834                ucPictureNumK_DigitOk
 .text.ucPictureNumK_DecimalPointOk
                0x0002f894       0x64 ./src/spiutils.o
                0x0002f894                ucPictureNumK_DecimalPointOk
 .text.ucPictureNumK_IsNoModify
                0x0002f8f8       0x30 ./src/spiutils.o
                0x0002f8f8                ucPictureNumK_IsNoModify
 .text.uiCountEffectiveCharsInPasswordString
                0x0002f928       0x2c ./src/spiutils.o
                0x0002f928                uiCountEffectiveCharsInPasswordString
 .text.ucHW_Num_Keypad
                0x0002f954      0xbf4 ./src/spiutils.o
                0x0002f954                ucHW_Num_Keypad
 .text.ucIsValidHis
                0x00030548       0x58 ./src/spiutils.o
                0x00030548                ucIsValidHis
 .text.vValidateHis
                0x000305a0       0x14 ./src/spiutils.o
                0x000305a0                vValidateHis
 .text.vSetActiveNumberProductCode
                0x000305b4       0x50 ./src/spiutils.o
                0x000305b4                vSetActiveNumberProductCode
 .text.vInitializeHisFields
                0x00030604       0x78 ./src/spiutils.o
                0x00030604                vInitializeHisFields
 .text.vBuildHisCodeFromFields
                0x0003067c       0x44 ./src/spiutils.o
                0x0003067c                vBuildHisCodeFromFields
 .text.DatiInizioCommessa
                0x000306c0       0x10 ./src/spiutils.o
                0x000306c0                DatiInizioCommessa
 .text.vHandleEscFromMenu
                0x000306d0       0x1c ./src/spiutils.o
                0x000306d0                vHandleEscFromMenu
 .text.vDoTaglio
                0x000306ec       0x28 ./src/spiutils.o
                0x000306ec                vDoTaglio
 .text.ucHW_codiceProdotto
                0x00030714     0x1198 ./src/spiutils.o
                0x00030714                ucHW_codiceProdotto
 .text.ucIsLockedJob
                0x000318ac       0x48 ./src/spiutils.o
                0x000318ac                ucIsLockedJob
 .text.vInitInputEdge
                0x000318f4       0x20 ./src/spiutils.o